js/thirdparty/stellar/stellar-sdk.min.js:2: ERROR - [JSC_PARSE_ERROR] Parse error. '(' expected
!function(e,t){"object"==typeof exports&&"object"==typeof module?module.exports=t():"function"==typeof define&&define.amd?define("StellarSdk",[],t):"object"==typeof exports?exports.StellarSdk=t():e.StellarSdk=t()}(self,(()=>(()=>{var e={6263:function(e){var t;t=()=>(()=>{var e={899:(e,t,r)=>{const n=r(10);e.exports=n},10:(e,t,r)=>{"use strict";r.r(t),r.d(t,{Array:()=>M,Bool:()=>I,Double:()=>P,Enum:()=>q,Float:()=>x,Hyper:()=>T,Int:()=>w,LargeInt:()=>E,Opaque:()=>L,Option:()=>D,Quadruple:()=>R,Reference:()=>K,String:()=>j,Struct:()=>H,Union:()=>X,UnsignedHyper:()=>A,UnsignedInt:()=>O,VarArray:()=>F,VarOpaque:()=>U,Void:()=>V,config:()=>te});class n extends TypeError{constructor(e){super(`XDR Write Error: ${e}`)}}class o extends TypeError{constructor(e){super(`XDR Read Error: ${e}`)}}class i extends TypeError{constructor(e){super(`XDR Type Definition Error: ${e}`)}}class a extends i{constructor(){super("method not implemented, it should be overloaded in the descendant class.")}}var s=r(764).lW;class u{constructor(e){if(!s.isBuffer(e)){if(!(e instanceof Array))throw new o("source not specified");e=s.from(e)}this._buffer=e,this._length=e.length,this._index=0}_buffer;_length;_index;get eof(){return this._index===this._length}advance(e){const t=this._index;if(this._index+=e,this._length<this._index)throw new o("attempt to read outside the boundary of the buffer");const r=4-(e%4||4);if(r>0){for(let e=0;e<r;e++)if(0!==this._buffer[this._index+e])throw new o("invalid padding");this._index+=r}return t}rewind(){this._index=0}read(e){const t=this.advance(e);return this._buffer.subarray(t,t+e)}readInt32BE(){return this._buffer.readInt32BE(this.advance(4))}readUInt32BE(){return this._buffer.readUInt32BE(this.advance(4))}readBigInt64BE(){return this._buffer.readBigInt64BE(this.advance(8))}readBigUInt64BE(){return this._buffer.readBigUInt64BE(this.advance(8))}readFloatBE(){return this._buffer.readFloatBE(this.advance(4))}readDoubleBE(){return this._buffer.readDoubleBE(this.advance(8))}ensureInputConsumed(){if(this._index!==this._length)throw new o("invalid XDR contract typecast - source buffer not entirely consumed")}}var c=r(764).lW;const l=8192;class f{constructor(e){"number"==typeof e?e=c.allocUnsafe(e):e instanceof c||(e=c.allocUnsafe(l)),this._buffer=e,this._length=e.length}_buffer;_length;_index=0;alloc(e){const t=this._index;return this._index+=e,this._length<this._index&&this.resize(this._index),t}resize(e){const t=Math.ceil(e/l)*l,r=c.allocUnsafe(t);this._buffer.copy(r,0,0,this._length),this._buffer=r,this._length=t}finalize(){return this._buffer.subarray(0,this._index)}toArray(){return[...this.finalize()]}write(e,t){if("string"==typeof e){const r=this.alloc(t);this._buffer.write(e,r,"utf8")}else{e instanceof c||(e=c.from(e));const r=this.alloc(t);e.copy(this._buffer,r,0,t)}const r=4-(t%4||4);if(r>0){const e=this.alloc(r);this._buffer.fill(0,e,this._index)}}writeInt32BE(e){const t=this.alloc(4);this._buffer.writeInt32BE(e,t)}writeUInt32BE(e){const t=this.alloc(4);this._buffer.writeUInt32BE(e,t)}writeBigInt64BE(e){const t=this.alloc(8);this._buffer.writeBigInt64BE(e,t)}writeBigUInt64BE(e){const t=this.alloc(8);this._buffer.writeBigUInt64BE(e,t)}writeFloatBE(e){const t=this.alloc(4);this._buffer.writeFloatBE(e,t)}writeDoubleBE(e){const t=this.alloc(8);this._buffer.writeDoubleBE(e,t)}static bufferChunkSize=l}var p=r(764).lW;class d{toXDR(e="raw"){if(!this.write)return this.constructor.toXDR(this,e);const t=new f;return this.write(this,t),v(t.finalize(),e)}fromXDR(e,t="raw"){if(!this.read)return this.constructor.fromXDR(e,t);const r=new u(g(e,t)),n=this.read(r);return r.ensureInputConsumed(),n}validateXDR(e,t="raw"){try{return this.fromXDR(e,t),!0}catch(e){return!1}}static toXDR(e,t="raw"){const r=new f;return this.write(e,r),v(r.finalize(),t)}static fromXDR(e,t="raw"){const r=new u(g(e,t)),n=this.read(r);return r.ensureInputConsumed(),n}static validateXDR(e,t="raw"){try{return this.fromXDR(e,t),!0}catch(e){return!1}}}class h extends d{static read(e){throw new a}static write(e,t){throw new a}static isValid(e){return!1}}class y extends d{isValid(e){return!1}}class m extends TypeError{constructor(e){super(`Invalid format ${e}, must be one of "raw", "hex", "base64"`)}}function v(e,t){switch(t){case"raw":return e;case"hex":return e.toString("hex");case"base64":return e.toString("base64");default:throw new m(t)}}function g(e,t){switch(t){case"raw":return e;case"hex":return p.from(e,"hex");case"base64":return p.from(e,"base64");default:throw new m(t)}}const b=2147483647;class w extends h{static read(e){return e.readInt32BE()}static write(e,t){if("number"!=typeof e)throw new n("not a number");if((0|e)!==e)throw new n("invalid i32 value");t.writeInt32BE(e)}static isValid(e){return"number"==typeof e&&(0|e)===e&&e>=-2147483648&&e<=b}}function S(e,t,r){if("bigint"!=typeof e)throw new TypeError("Expected bigint 'value', got "+typeof e);const n=t/r;if(1===n)return[e];if(r<32||r>128||2!==n&&4!==n&&8!==n)throw new TypeError(`invalid bigint (${e}) and slice size (${t} -> ${r}) combination`);const o=BigInt(r),i=new Array(n);for(let t=0;t<n;t++)i[t]=BigInt.asIntN(r,e),e>>=o;return i}function _(e,t){if(t)return[0n,(1n<<BigInt(e))-1n];const r=1n<<BigInt(e-1);return[0n-r,r-1n]}w.MAX_VALUE=b,w.MIN_VALUE=2147483648;class E extends h{constructor(e){super(),this._value=function(e,t,r){e instanceof Array?e.length&&e[0]instanceof Array&&(e=e[0]):e=[e];const n=t/e.length;switch(n){case 32:case 64:case 128:case 256:break;default:throw new RangeError(`expected slices to fit in 32/64/128/256 bits, got ${e}`)}try{for(let t=0;t<e.length;t++)"bigint"!=typeof e[t]&&(e[t]=BigInt(e[t].valueOf()))}catch(t){throw new TypeError(`expected bigint-like values, got: ${e} (${t})`)}if(r&&1===e.length&&e[0]<0n)throw new RangeError(`expected a positive value, got: ${e}`);let o=BigInt.asUintN(n,e[0]);for(let t=1;t<e.length;t++)o|=BigInt.asUintN(n,e[t])<<BigInt(t*n);r||(o=BigInt.asIntN(t,o));const[i,a]=_(t,r);if(o>=i&&o<=a)return o;throw new TypeError(`bigint values [${e}] for ${function(e,t){return`${t?"u":"i"}${e}`}(t,r)} out of range [${i}, ${a}]: ${o}`)}(e,this.size,this.unsigned)}get unsigned(){throw new a}get size(){throw new a}slice(e){return S(this._value,this.size,e)}toString(){return this._value.toString()}toJSON(){return{_value:this._value.toString()}}toBigInt(){return BigInt(this._value)}static read(e){const{size:t}=this.prototype;return 64===t?new this(e.readBigUInt64BE()):new this(...Array.from({length:t/64},(()=>e.readBigUInt64BE())).reverse())}static write(e,t){if(e instanceof this)e=e._value;else if("bigint"!=typeof e||e>this.MAX_VALUE||e<this.MIN_VALUE)throw new n(`${e} is not a ${this.name}`);const{unsigned:r,size:o}=this.prototype;if(64===o)r?t.writeBigUInt64BE(e):t.writeBigInt64BE(e);else for(const n of S(e,o,64).reverse())r?t.writeBigUInt64BE(n):t.writeBigInt64BE(n)}static isValid(e){return"bigint"==typeof e||e instanceof this}static fromString(e){return new this(e)}static MAX_VALUE=0n;static MIN_VALUE=0n;static defineIntBoundaries(){const[e,t]=_(this.prototype.size,this.prototype.unsigned);this.MIN_VALUE=e,this.MAX_VALUE=t}}class T extends E{constructor(...e){super(e)}get low(){return Number(0xffffffffn&this._value)<<0}get high(){return Number(this._value>>32n)>>0}get size(){return 64}get unsigned(){return!1}static fromBits(e,t){return new this(e,t)}}T.defineIntBoundaries();const k=4294967295;class O extends h{static read(e){return e.readUInt32BE()}static write(e,t){if("number"!=typeof e||!(e>=0&&e<=k)||e%1!=0)throw new n("invalid u32 value");t.writeUInt32BE(e)}static isValid(e){return"number"==typeof e&&e%1==0&&e>=0&&e<=k}}O.MAX_VALUE=k,O.MIN_VALUE=0;class A extends E{constructor(...e){super(e)}get low(){return Number(0xffffffffn&this._value)<<0}get high(){return Number(this._value>>32n)>>0}get size(){return 64}get unsigned(){return!0}static fromBits(e,t){return new this(e,t)}}A.defineIntBoundaries();class x extends h{static read(e){return e.readFloatBE()}static write(e,t){if("number"!=typeof e)throw new n("not a number");t.writeFloatBE(e)}static isValid(e){return"number"==typeof e}}class P extends h{static read(e){return e.readDoubleBE()}static write(e,t){if("number"!=typeof e)throw new n("not a number");t.writeDoubleBE(e)}static isValid(e){return"number"==typeof e}}class R extends h{static read(){throw new i("quadruple not supported")}static write(){throw new i("quadruple not supported")}static isValid(){return!1}}class I extends h{static read(e){const t=w.read(e);switch(t){case 0:return!1;case 1:return!0;default:throw new o(`got ${t} when trying to read a bool`)}}static write(e,t){const r=e?1:0;w.write(r,t)}static isValid(e){return"boolean"==typeof e}}var C=r(764).lW;class j extends y{constructor(e=O.MAX_VALUE){super(),this._maxLength=e}read(e){const t=O.read(e);if(t>this._maxLength)throw new o(`saw ${t} length String, max allowed is ${this._maxLength}`);return e.read(t)}readString(e){return this.read(e).toString("utf8")}write(e,t){const r="string"==typeof e?C.byteLength(e,"utf8"):e.length;if(r>this._maxLength)throw new n(`got ${e.length} bytes, max allowed is ${this._maxLength}`);O.write(r,t),t.write(e,r)}isValid(e){return"string"==typeof e?C.byteLength(e,"utf8")<=this._maxLength:!!(e instanceof Array||C.isBuffer(e))&&e.length<=this._maxLength}}var B=r(764).lW;class L extends y{constructor(e){super(),this._length=e}read(e){return e.read(this._length)}write(e,t){const{length:r}=e;if(r!==this._length)throw new n(`got ${e.length} bytes, expected ${this._length}`);t.write(e,r)}isValid(e){return B.isBuffer(e)&&e.length===this._length}}var N=r(764).lW;class U extends y{constructor(e=O.MAX_VALUE){super(),this._maxLength=e}read(e){const t=O.read(e);if(t>this._maxLength)throw new o(`saw ${t} length VarOpaque, max allowed is ${this._maxLength}`);return e.read(t)}write(e,t){const{length:r}=e;if(e.length>this._maxLength)throw new n(`got ${e.length} bytes, max allowed is ${this._maxLength}`);O.write(r,t),t.write(e,r)}isValid(e){return N.isBuffer(e)&&e.length<=this._maxLength}}class M extends y{constructor(e,t){super(),this._childType=e,this._length=t}read(e){const t=new r.g.Array(this._length);for(let r=0;r<this._length;r++)t[r]=this._childType.read(e);return t}write(e,t){if(!(e instanceof r.g.Array))throw new n("value is not array");if(e.length!==this._length)throw new n(`got array of size ${e.length}, expected ${this._length}`);for(const r of e)this._childType.write(r,t)}isValid(e){if(!(e instanceof r.g.Array)||e.length!==this._length)return!1;for(const t of e)if(!this._childType.isValid(t))return!1;return!0}}class F extends y{constructor(e,t=O.MAX_VALUE){super(),this._childType=e,this._maxLength=t}read(e){const t=O.read(e);if(t>this._maxLength)throw new o(`saw ${t} length VarArray, max allowed is ${this._maxLength}`);const r=new Array(t);for(let n=0;n<t;n++)r[n]=this._childType.read(e);return r}write(e,t){if(!(e instanceof Array))throw new n("value is not array");if(e.length>this._maxLength)throw new n(`got array of size ${e.length}, max allowed is ${this._maxLength}`);O.write(e.length,t);for(const r of e)this._childType.write(r,t)}isValid(e){if(!(e instanceof Array)||e.length>this._maxLength)return!1;for(const t of e)if(!this._childType.isValid(t))return!1;return!0}}class D extends h{constructor(e){super(),this._childType=e}read(e){if(I.read(e))return this._childType.read(e)}write(e,t){const r=null!=e;I.write(r,t),r&&this._childType.write(e,t)}isValid(e){return null==e||this._childType.isValid(e)}}class V extends h{static read(){}static write(e){if(void 0!==e)throw new n("trying to write value to a void slot")}static isValid(e){return void 0===e}}class q extends h{constructor(e,t){super(),this.name=e,this.value=t}static read(e){const t=w.read(e),r=this._byValue[t];if(void 0===r)throw new o(`unknown ${this.enumName} member for value ${t}`);return r}static write(e,t){if(!(e instanceof this))throw new n(`unknown ${e} is not a ${this.enumName}`);w.write(e.value,t)}static isValid(e){return e instanceof this}static members(){return this._members}static values(){return Object.values(this._members)}static fromName(e){const t=this._members[e];if(!t)throw new TypeError(`${e} is not a member of ${this.enumName}`);return t}static fromValue(e){const t=this._byValue[e];if(void 0===t)throw new TypeError(`${e} is not a value of any member of ${this.enumName}`);return t}static create(e,t,r){const n=class extends q{};n.enumName=t,e.results[t]=n,n._members={},n._byValue={};for(const[e,t]of Object.entries(r)){const r=new n(e,t);n._members[e]=r,n._byValue[t]=r,n[e]=()=>r}return n}}class K extends h{resolve(){throw new i('"resolve" method should be implemented in the descendant class')}}class H extends h{constructor(e){super(),this._attributes=e||{}}static read(e){const t={};for(const[r,n]of this._fields)t[r]=n.read(e);return new this(t)}static write(e,t){if(!(e instanceof this))throw new n(`${e} is not a ${this.structName}`);for(const[r,n]of this._fields){const o=e._attributes[r];n.write(o,t)}}static isValid(e){return e instanceof this}static create(e,t,r){const n=class extends H{};n.structName=t,e.results[t]=n;const o=new Array(r.length);for(let t=0;t<r.length;t++){const i=r[t],a=i[0];let s=i[1];s instanceof K&&(s=s.resolve(e)),o[t]=[a,s],n.prototype[a]=z(a)}return n._fields=o,n}}function z(e){return function(t){return void 0!==t&&(this._attributes[e]=t),this._attributes[e]}}class X extends y{constructor(e,t){super(),this.set(e,t)}set(e,t){"string"==typeof e&&(e=this.constructor._switchOn.fromName(e)),this._switch=e;const r=this.constructor.armForSwitch(this._switch);this._arm=r,this._armType=r===V?V:this.constructor._arms[r],this._value=t}get(e=this._arm){if(this._arm!==V&&this._arm!==e)throw new TypeError(`${e} not set`);return this._value}switch(){return this._switch}arm(){return this._arm}armType(){return this._armType}value(){return this._value}static armForSwitch(e){const t=this._switches.get(e);if(void 0!==t)return t;if(this._defaultArm)return this._defaultArm;throw new TypeError(`Bad union switch: ${e}`)}static armTypeForArm(e){return e===V?V:this._arms[e]}static read(e){const t=this._switchOn.read(e),r=this.armForSwitch(t),n=r===V?V:this._arms[r];let o;return o=void 0!==n?n.read(e):r.read(e),new this(t,o)}static write(e,t){if(!(e instanceof this))throw new n(`${e} is not a ${this.unionName}`);this._switchOn.write(e.switch(),t),e.armType().write(e.value(),t)}static isValid(e){return e instanceof this}static create(e,t,r){const n=class extends X{};n.unionName=t,e.results[t]=n,r.switchOn instanceof K?n._switchOn=r.switchOn.resolve(e):n._switchOn=r.switchOn,n._switches=new Map,n._arms={};let o=r.defaultArm;o instanceof K&&(o=o.resolve(e)),n._defaultArm=o;for(const[e,t]of r.switches){const r="string"==typeof e?n._switchOn.fromName(e):e;n._switches.set(r,t)}if(void 0!==n._switchOn.values)for(const e of n._switchOn.values())n[e.name]=function(t){return new n(e,t)},n.prototype[e.name]=function(t){return this.set(e,t)};if(r.arms)for(const[t,o]of Object.entries(r.arms))n._arms[t]=o instanceof K?o.resolve(e):o,o!==V&&(n.prototype[t]=function(){return this.get(t)});return n}}class $ extends K{constructor(e){super(),this.name=e}resolve(e){return e.definitions[this.name].resolve(e)}}class W extends K{constructor(e,t,r=!1){super(),this.childReference=e,this.length=t,this.variable=r}resolve(e){let t=this.childReference,r=this.length;return t instanceof K&&(t=t.resolve(e)),r instanceof K&&(r=r.resolve(e)),this.variable?new F(t,r):new M(t,r)}}class G extends K{constructor(e){super(),this.childReference=e,this.name=e.name}resolve(e){let t=this.childReference;return t instanceof K&&(t=t.resolve(e)),new D(t)}}class Q extends K{constructor(e,t){super(),this.sizedType=e,this.length=t}resolve(e){let t=this.length;return t instanceof K&&(t=t.resolve(e)),new this.sizedType(t)}}class Y{constructor(e,t,r){this.constructor=e,this.name=t,this.config=r}resolve(e){return this.name in e.results?e.results[this.name]:this.constructor(e,this.name,this.config)}}function J(e,t,r){return r instanceof K&&(r=r.resolve(e)),e.results[t]=r,r}function Z(e,t,r){return e.results[t]=r,r}class ee{constructor(e){this._destination=e,this._definitions={}}enum(e,t){const r=new Y(q.create,e,t);this.define(e,r)}struct(e,t){const r=new Y(H.create,e,t);this.define(e,r)}union(e,t){const r=new Y(X.create,e,t);this.define(e,r)}typedef(e,t){const r=new Y(J,e,t);this.define(e,r)}const(e,t){const r=new Y(Z,e,t);this.define(e,r)}void(){return V}bool(){return I}int(){return w}hyper(){return T}uint(){return O}uhyper(){return A}float(){return x}double(){return P}quadruple(){return R}string(e){return new Q(j,e)}opaque(e){return new Q(L,e)}varOpaque(e){return new Q(U,e)}array(e,t){return new W(e,t)}varArray(e,t){return new W(e,t,!0)}option(e){return new G(e)}define(e,t){if(void 0!==this._destination[e])throw new i(`${e} is already defined`);this._definitions[e]=t}lookup(e){return new $(e)}resolve(){for(const e of Object.values(this._definitions))e.resolve({definitions:this._definitions,results:this._destination})}}function te(e,t={}){if(e){const r=new ee(t);e(r),r.resolve()}return t}},742:(e,t)=>{"use strict";t.byteLength=function(e){var t=s(e),r=t[0],n=t[1];return 3*(r+n)/4-n},t.toByteArray=function(e){var t,r,i=s(e),a=i[0],u=i[1],c=new o(function(e,t,r){return 3*(t+r)/4-r}(0,a,u)),l=0,f=u>0?a-4:a;for(r=0;r<f;r+=4)t=n[e.charCodeAt(r)]<<18|n[e.charCodeAt(r+1)]<<12|n[e.charCodeAt(r+2)]<<6|n[e.charCodeAt(r+3)],c[l++]=t>>16&255,c[l++]=t>>8&255,c[l++]=255&t;return 2===u&&(t=n[e.charCodeAt(r)]<<2|n[e.charCodeAt(r+1)]>>4,c[l++]=255&t),1===u&&(t=n[e.charCodeAt(r)]<<10|n[e.charCodeAt(r+1)]<<4|n[e.charCodeAt(r+2)]>>2,c[l++]=t>>8&255,c[l++]=255&t),c},t.fromByteArray=function(e){for(var t,n=e.length,o=n%3,i=[],a=16383,s=0,c=n-o;s<c;s+=a)i.push(u(e,s,s+a>c?c:s+a));return 1===o?(t=e[n-1],i.push(r[t>>2]+r[t<<4&63]+"==")):2===o&&(t=(e[n-2]<<8)+e[n-1],i.push(r[t>>10]+r[t>>4&63]+r[t<<2&63]+"=")),i.join("")};for(var r=[],n=[],o="undefined"!=typeof Uint8Array?Uint8Array:Array,i="ABCDEFGHIJKLMNOPQRSTUVWXYZabcdefghijklmnopqrstuvwxyz0123456789+/",a=0;a<64;++a)r[a]=i[a],n[i.charCodeAt(a)]=a;function s(e){var t=e.length;if(t%4>0)throw new Error("Invalid string. Length must be a multiple of 4");var r=e.indexOf("=");return-1===r&&(r=t),[r,r===t?0:4-r%4]}function u(e,t,n){for(var o,i,a=[],s=t;s<n;s+=3)o=(e[s]<<16&16711680)+(e[s+1]<<8&65280)+(255&e[s+2]),a.push(r[(i=o)>>18&63]+r[i>>12&63]+r[i>>6&63]+r[63&i]);return a.join("")}n["-".charCodeAt(0)]=62,n["_".charCodeAt(0)]=63},764:(e,t,r)=>{"use strict";const n=r(742),o=r(645),i="function"==typeof Symbol&&"function"==typeof Symbol.for?Symbol.for("nodejs.util.inspect.custom"):null;t.lW=u,t.h2=50;const a=2147483647;function s(e){if(e>a)throw new RangeError('The value "'+e+'" is invalid for option "size"');const t=new Uint8Array(e);return Object.setPrototypeOf(t,u.prototype),t}function u(e,t,r){if("number"==typeof e){if("string"==typeof t)throw new TypeError('The "string" argument must be of type string. Received type number');return f(e)}return c(e,t,r)}function c(e,t,r){if("string"==typeof e)return function(e,t){if("string"==typeof t&&""!==t||(t="utf8"),!u.isEncoding(t))throw new TypeError("Unknown encoding: "+t);const r=0|y(e,t);let n=s(r);const o=n.write(e,t);return o!==r&&(n=n.slice(0,o)),n}(e,t);if(ArrayBuffer.isView(e))return function(e){if(G(e,Uint8Array)){const t=new Uint8Array(e);return d(t.buffer,t.byteOffset,t.byteLength)}return p(e)}(e);if(null==e)throw new TypeError("The first argument must be one of type string, Buffer, ArrayBuffer, Array, or Array-like Object. Received type "+typeof e);if(G(e,ArrayBuffer)||e&&G(e.buffer,ArrayBuffer))return d(e,t,r);if("undefined"!=typeof SharedArrayBuffer&&(G(e,SharedArrayBuffer)||e&&G(e.buffer,SharedArrayBuffer)))return d(e,t,r);if("number"==typeof e)throw new TypeError('The "value" argument must not be of type number. Received type number');const n=e.valueOf&&e.valueOf();if(null!=n&&n!==e)return u.from(n,t,r);const o=function(e){if(u.isBuffer(e)){const t=0|h(e.length),r=s(t);return 0===r.length||e.copy(r,0,0,t),r}return void 0!==e.length?"number"!=typeof e.length||Q(e.length)?s(0):p(e):"Buffer"===e.type&&Array.isArray(e.data)?p(e.data):void 0}(e);if(o)return o;if("undefined"!=typeof Symbol&&null!=Symbol.toPrimitive&&"function"==typeof e[Symbol.toPrimitive])return u.from(e[Symbol.toPrimitive]("string"),t,r);throw new TypeError("The first argument must be one of type string, Buffer, ArrayBuffer, Array, or Array-like Object. Received type "+typeof e)}function l(e){if("number"!=typeof e)throw new TypeError('"size" argument must be of type number');if(e<0)throw new RangeError('The value "'+e+'" is invalid for option "size"')}function f(e){return l(e),s(e<0?0:0|h(e))}function p(e){const t=e.length<0?0:0|h(e.length),r=s(t);for(let n=0;n<t;n+=1)r[n]=255&e[n];return r}function d(e,t,r){if(t<0||e.byteLength<t)throw new RangeError('"offset" is outside of buffer bounds');if(e.byteLength<t+(r||0))throw new RangeError('"length" is outside of buffer bounds');let n;return n=void 0===t&&void 0===r?new Uint8Array(e):void 0===r?new Uint8Array(e,t):new Uint8Array(e,t,r),Object.setPrototypeOf(n,u.prototype),n}function h(e){if(e>=a)throw new RangeError("Attempt to allocate Buffer larger than maximum size: 0x"+a.toString(16)+" bytes");return 0|e}function y(e,t){if(u.isBuffer(e))return e.length;if(ArrayBuffer.isView(e)||G(e,ArrayBuffer))return e.byteLength;if("string"!=typeof e)throw new TypeError('The "string" argument must be one of type string, Buffer, or ArrayBuffer. Received type '+typeof e);const r=e.length,n=arguments.length>2&&!0===arguments[2];if(!n&&0===r)return 0;let o=!1;for(;;)switch(t){case"ascii":case"latin1":case"binary":return r;case"utf8":case"utf-8":return X(e).length;case"ucs2":case"ucs-2":case"utf16le":case"utf-16le":return 2*r;case"hex":return r>>>1;case"base64":return $(e).length;default:if(o)return n?-1:X(e).length;t=(""+t).toLowerCase(),o=!0}}function m(e,t,r){let n=!1;if((void 0===t||t<0)&&(t=0),t>this.length)return"";if((void 0===r||r>this.length)&&(r=this.length),r<=0)return"";if((r>>>=0)<=(t>>>=0))return"";for(e||(e="utf8");;)switch(e){case"hex":return R(this,t,r);case"utf8":case"utf-8":return O(this,t,r);case"ascii":return x(this,t,r);case"latin1":case"binary":return P(this,t,r);case"base64":return k(this,t,r);case"ucs2":case"ucs-2":case"utf16le":case"utf-16le":return I(this,t,r);default:if(n)throw new TypeError("Unknown encoding: "+e);e=(e+"").toLowerCase(),n=!0}}function v(e,t,r){const n=e[t];e[t]=e[r],e[r]=n}function g(e,t,r,n,o){if(0===e.length)return-1;if("string"==typeof r?(n=r,r=0):r>2147483647?r=2147483647:r<-2147483648&&(r=-2147483648),Q(r=+r)&&(r=o?0:e.length-1),r<0&&(r=e.length+r),r>=e.length){if(o)return-1;r=e.length-1}else if(r<0){if(!o)return-1;r=0}if("string"==typeof t&&(t=u.from(t,n)),u.isBuffer(t))return 0===t.length?-1:b(e,t,r,n,o);if("number"==typeof t)return t&=255,"function"==typeof Uint8Array.prototype.indexOf?o?Uint8Array.prototype.indexOf.call(e,t,r):Uint8Array.prototype.lastIndexOf.call(e,t,r):b(e,[t],r,n,o);throw new TypeError("val must be string, number or Buffer")}function b(e,t,r,n,o){let i,a=1,s=e.length,u=t.length;if(void 0!==n&&("ucs2"===(n=String(n).toLowerCase())||"ucs-2"===n||"utf16le"===n||"utf-16le"===n)){if(e.length<2||t.length<2)return-1;a=2,s/=2,u/=2,r/=2}function c(e,t){return 1===a?e[t]:e.readUInt16BE(t*a)}if(o){let n=-1;for(i=r;i<s;i++)if(c(e,i)===c(t,-1===n?0:i-n)){if(-1===n&&(n=i),i-n+1===u)return n*a}else-1!==n&&(i-=i-n),n=-1}else for(r+u>s&&(r=s-u),i=r;i>=0;i--){let r=!0;for(let n=0;n<u;n++)if(c(e,i+n)!==c(t,n)){r=!1;break}if(r)return i}return-1}function w(e,t,r,n){r=Number(r)||0;const o=e.length-r;n?(n=Number(n))>o&&(n=o):n=o;const i=t.length;let a;for(n>i/2&&(n=i/2),a=0;a<n;++a){const n=parseInt(t.substr(2*a,2),16);if(Q(n))return a;e[r+a]=n}return a}function S(e,t,r,n){return W(X(t,e.length-r),e,r,n)}function _(e,t,r,n){return W(function(e){const t=[];for(let r=0;r<e.length;++r)t.push(255&e.charCodeAt(r));return t}(t),e,r,n)}function E(e,t,r,n){return W($(t),e,r,n)}function T(e,t,r,n){return W(function(e,t){let r,n,o;const i=[];for(let a=0;a<e.length&&!((t-=2)<0);++a)r=e.charCodeAt(a),n=r>>8,o=r%256,i.push(o),i.push(n);return i}(t,e.length-r),e,r,n)}function k(e,t,r){return 0===t&&r===e.length?n.fromByteArray(e):n.fromByteArray(e.slice(t,r))}function O(e,t,r){r=Math.min(e.length,r);const n=[];let o=t;for(;o<r;){const t=e[o];let i=null,a=t>239?4:t>223?3:t>191?2:1;if(o+a<=r){let r,n,s,u;switch(a){case 1:t<128&&(i=t);break;case 2:r=e[o+1],128==(192&r)&&(u=(31&t)<<6|63&r,u>127&&(i=u));break;case 3:r=e[o+1],n=e[o+2],128==(192&r)&&128==(192&n)&&(u=(15&t)<<12|(63&r)<<6|63&n,u>2047&&(u<55296||u>57343)&&(i=u));break;case 4:r=e[o+1],n=e[o+2],s=e[o+3],128==(192&r)&&128==(192&n)&&128==(192&s)&&(u=(15&t)<<18|(63&r)<<12|(63&n)<<6|63&s,u>65535&&u<1114112&&(i=u))}}null===i?(i=65533,a=1):i>65535&&(i-=65536,n.push(i>>>10&1023|55296),i=56320|1023&i),n.push(i),o+=a}return function(e){const t=e.length;if(t<=A)return String.fromCharCode.apply(String,e);let r="",n=0;for(;n<t;)r+=String.fromCharCode.apply(String,e.slice(n,n+=A));return r}(n)}u.TYPED_ARRAY_SUPPORT=function(){try{const e=new Uint8Array(1),t={foo:function(){return 42}};return Object.setPrototypeOf(t,Uint8Array.prototype),Object.setPrototypeOf(e,t),42===e.foo()}catch(e){return!1}}(),u.TYPED_ARRAY_SUPPORT||"undefined"==typeof console||"function"!=typeof console.error||console.error("This browser lacks typed array (Uint8Array) support which is required by `buffer` v5.x. Use `buffer` v4.x if you require old browser support."),Object.defineProperty(u.prototype,"parent",{enumerable:!0,get:function(){if(u.isBuffer(this))return this.buffer}}),Object.defineProperty(u.prototype,"offset",{enumerable:!0,get:function(){if(u.isBuffer(this))return this.byteOffset}}),u.poolSize=8192,u.from=function(e,t,r){return c(e,t,r)},Object.setPrototypeOf(u.prototype,Uint8Array.prototype),Object.setPrototypeOf(u,Uint8Array),u.alloc=function(e,t,r){return function(e,t,r){return l(e),e<=0?s(e):void 0!==t?"string"==typeof r?s(e).fill(t,r):s(e).fill(t):s(e)}(e,t,r)},u.allocUnsafe=function(e){return f(e)},u.allocUnsafeSlow=function(e){return f(e)},u.isBuffer=function(e){return null!=e&&!0===e._isBuffer&&e!==u.prototype},u.compare=function(e,t){if(G(e,Uint8Array)&&(e=u.from(e,e.offset,e.byteLength)),G(t,Uint8Array)&&(t=u.from(t,t.offset,t.byteLength)),!u.isBuffer(e)||!u.isBuffer(t))throw new TypeError('The "buf1", "buf2" arguments must be one of type Buffer or Uint8Array');if(e===t)return 0;let r=e.length,n=t.length;for(let o=0,i=Math.min(r,n);o<i;++o)if(e[o]!==t[o]){r=e[o],n=t[o];break}return r<n?-1:n<r?1:0},u.isEncoding=function(e){switch(String(e).toLowerCase()){case"hex":case"utf8":case"utf-8":case"ascii":case"latin1":case"binary":case"base64":case"ucs2":case"ucs-2":case"utf16le":case"utf-16le":return!0;default:return!1}},u.concat=function(e,t){if(!Array.isArray(e))throw new TypeError('"list" argument must be an Array of Buffers');if(0===e.length)return u.alloc(0);let r;if(void 0===t)for(t=0,r=0;r<e.length;++r)t+=e[r].length;const n=u.allocUnsafe(t);let o=0;for(r=0;r<e.length;++r){let t=e[r];if(G(t,Uint8Array))o+t.length>n.length?(u.isBuffer(t)||(t=u.from(t)),t.copy(n,o)):Uint8Array.prototype.set.call(n,t,o);else{if(!u.isBuffer(t))throw new TypeError('"list" argument must be an Array of Buffers');t.copy(n,o)}o+=t.length}return n},u.byteLength=y,u.prototype._isBuffer=!0,u.prototype.swap16=function(){const e=this.length;if(e%2!=0)throw new RangeError("Buffer size must be a multiple of 16-bits");for(let t=0;t<e;t+=2)v(this,t,t+1);return this},u.prototype.swap32=function(){const e=this.length;if(e%4!=0)throw new RangeError("Buffer size must be a multiple of 32-bits");for(let t=0;t<e;t+=4)v(this,t,t+3),v(this,t+1,t+2);return this},u.prototype.swap64=function(){const e=this.length;if(e%8!=0)throw new RangeError("Buffer size must be a multiple of 64-bits");for(let t=0;t<e;t+=8)v(this,t,t+7),v(this,t+1,t+6),v(this,t+2,t+5),v(this,t+3,t+4);return this},u.prototype.toString=function(){const e=this.length;return 0===e?"":0===arguments.length?O(this,0,e):m.apply(this,arguments)},u.prototype.toLocaleString=u.prototype.toString,u.prototype.equals=function(e){if(!u.isBuffer(e))throw new TypeError("Argument must be a Buffer");return this===e||0===u.compare(this,e)},u.prototype.inspect=function(){let e="";const r=t.h2;return e=this.toString("hex",0,r).replace(/(.{2})/g,"$1 ").trim(),this.length>r&&(e+=" ... "),"<Buffer "+e+">"},i&&(u.prototype[i]=u.prototype.inspect),u.prototype.compare=function(e,t,r,n,o){if(G(e,Uint8Array)&&(e=u.from(e,e.offset,e.byteLength)),!u.isBuffer(e))throw new TypeError('The "target" argument must be one of type Buffer or Uint8Array. Received type '+typeof e);if(void 0===t&&(t=0),void 0===r&&(r=e?e.length:0),void 0===n&&(n=0),void 0===o&&(o=this.length),t<0||r>e.length||n<0||o>this.length)throw new RangeError("out of range index");if(n>=o&&t>=r)return 0;if(n>=o)return-1;if(t>=r)return 1;if(this===e)return 0;let i=(o>>>=0)-(n>>>=0),a=(r>>>=0)-(t>>>=0);const s=Math.min(i,a),c=this.slice(n,o),l=e.slice(t,r);for(let e=0;e<s;++e)if(c[e]!==l[e]){i=c[e],a=l[e];break}return i<a?-1:a<i?1:0},u.prototype.includes=function(e,t,r){return-1!==this.indexOf(e,t,r)},u.prototype.indexOf=function(e,t,r){return g(this,e,t,r,!0)},u.prototype.lastIndexOf=function(e,t,r){return g(this,e,t,r,!1)},u.prototype.write=function(e,t,r,n){if(void 0===t)n="utf8",r=this.length,t=0;else if(void 0===r&&"string"==typeof t)n=t,r=this.length,t=0;else{if(!isFinite(t))throw new Error("Buffer.write(string, encoding, offset[, length]) is no longer supported");t>>>=0,isFinite(r)?(r>>>=0,void 0===n&&(n="utf8")):(n=r,r=void 0)}const o=this.length-t;if((void 0===r||r>o)&&(r=o),e.length>0&&(r<0||t<0)||t>this.length)throw new RangeError("Attempt to write outside buffer bounds");n||(n="utf8");let i=!1;for(;;)switch(n){case"hex":return w(this,e,t,r);case"utf8":case"utf-8":return S(this,e,t,r);case"ascii":case"latin1":case"binary":return _(this,e,t,r);case"base64":return E(this,e,t,r);case"ucs2":case"ucs-2":case"utf16le":case"utf-16le":return T(this,e,t,r);default:if(i)throw new TypeError("Unknown encoding: "+n);n=(""+n).toLowerCase(),i=!0}},u.prototype.toJSON=function(){return{type:"Buffer",data:Array.prototype.slice.call(this._arr||this,0)}};const A=4096;function x(e,t,r){let n="";r=Math.min(e.length,r);for(let o=t;o<r;++o)n+=String.fromCharCode(127&e[o]);return n}function P(e,t,r){let n="";r=Math.min(e.length,r);for(let o=t;o<r;++o)n+=String.fromCharCode(e[o]);return n}function R(e,t,r){const n=e.length;(!t||t<0)&&(t=0),(!r||r<0||r>n)&&(r=n);let o="";for(let n=t;n<r;++n)o+=Y[e[n]];return o}function I(e,t,r){const n=e.slice(t,r);let o="";for(let e=0;e<n.length-1;e+=2)o+=String.fromCharCode(n[e]+256*n[e+1]);return o}function C(e,t,r){if(e%1!=0||e<0)throw new RangeError("offset is not uint");if(e+t>r)throw new RangeError("Trying to access beyond buffer length")}function j(e,t,r,n,o,i){if(!u.isBuffer(e))throw new TypeError('"buffer" argument must be a Buffer instance');if(t>o||t<i)throw new RangeError('"value" argument is out of bounds');if(r+n>e.length)throw new RangeError("Index out of range")}function B(e,t,r,n,o){q(t,n,o,e,r,7);let i=Number(t&BigInt(4294967295));e[r++]=i,i>>=8,e[r++]=i,i>>=8,e[r++]=i,i>>=8,e[r++]=i;let a=Number(t>>BigInt(32)&BigInt(4294967295));return e[r++]=a,a>>=8,e[r++]=a,a>>=8,e[r++]=a,a>>=8,e[r++]=a,r}function L(e,t,r,n,o){q(t,n,o,e,r,7);let i=Number(t&BigInt(4294967295));e[r+7]=i,i>>=8,e[r+6]=i,i>>=8,e[r+5]=i,i>>=8,e[r+4]=i;let a=Number(t>>BigInt(32)&BigInt(4294967295));return e[r+3]=a,a>>=8,e[r+2]=a,a>>=8,e[r+1]=a,a>>=8,e[r]=a,r+8}function N(e,t,r,n,o,i){if(r+n>e.length)throw new RangeError("Index out of range");if(r<0)throw new RangeError("Index out of range")}function U(e,t,r,n,i){return t=+t,r>>>=0,i||N(e,0,r,4),o.write(e,t,r,n,23,4),r+4}function M(e,t,r,n,i){return t=+t,r>>>=0,i||N(e,0,r,8),o.write(e,t,r,n,52,8),r+8}u.prototype.slice=function(e,t){const r=this.length;(e=~~e)<0?(e+=r)<0&&(e=0):e>r&&(e=r),(t=void 0===t?r:~~t)<0?(t+=r)<0&&(t=0):t>r&&(t=r),t<e&&(t=e);const n=this.subarray(e,t);return Object.setPrototypeOf(n,u.prototype),n},u.prototype.readUintLE=u.prototype.readUIntLE=function(e,t,r){e>>>=0,t>>>=0,r||C(e,t,this.length);let n=this[e],o=1,i=0;for(;++i<t&&(o*=256);)n+=this[e+i]*o;return n},u.prototype.readUintBE=u.prototype.readUIntBE=function(e,t,r){e>>>=0,t>>>=0,r||C(e,t,this.length);let n=this[e+--t],o=1;for(;t>0&&(o*=256);)n+=this[e+--t]*o;return n},u.prototype.readUint8=u.prototype.readUInt8=function(e,t){return e>>>=0,t||C(e,1,this.length),this[e]},u.prototype.readUint16LE=u.prototype.readUInt16LE=function(e,t){return e>>>=0,t||C(e,2,this.length),this[e]|this[e+1]<<8},u.prototype.readUint16BE=u.prototype.readUInt16BE=function(e,t){return e>>>=0,t||C(e,2,this.length),this[e]<<8|this[e+1]},u.prototype.readUint32LE=u.prototype.readUInt32LE=function(e,t){return e>>>=0,t||C(e,4,this.length),(this[e]|this[e+1]<<8|this[e+2]<<16)+16777216*this[e+3]},u.prototype.readUint32BE=u.prototype.readUInt32BE=function(e,t){return e>>>=0,t||C(e,4,this.length),16777216*this[e]+(this[e+1]<<16|this[e+2]<<8|this[e+3])},u.prototype.readBigUInt64LE=J((function(e){K(e>>>=0,"offset");const t=this[e],r=this[e+7];void 0!==t&&void 0!==r||H(e,this.length-8);const n=t+256*this[++e]+65536*this[++e]+this[++e]*2**24,o=this[++e]+256*this[++e]+65536*this[++e]+r*2**24;return BigInt(n)+(BigInt(o)<<BigInt(32))})),u.prototype.readBigUInt64BE=J((function(e){K(e>>>=0,"offset");const t=this[e],r=this[e+7];void 0!==t&&void 0!==r||H(e,this.length-8);const n=t*2**24+65536*this[++e]+256*this[++e]+this[++e],o=this[++e]*2**24+65536*this[++e]+256*this[++e]+r;return(BigInt(n)<<BigInt(32))+BigInt(o)})),u.prototype.readIntLE=function(e,t,r){e>>>=0,t>>>=0,r||C(e,t,this.length);let n=this[e],o=1,i=0;for(;++i<t&&(o*=256);)n+=this[e+i]*o;return o*=128,n>=o&&(n-=Math.pow(2,8*t)),n},u.prototype.readIntBE=function(e,t,r){e>>>=0,t>>>=0,r||C(e,t,this.length);let n=t,o=1,i=this[e+--n];for(;n>0&&(o*=256);)i+=this[e+--n]*o;return o*=128,i>=o&&(i-=Math.pow(2,8*t)),i},u.prototype.readInt8=function(e,t){return e>>>=0,t||C(e,1,this.length),128&this[e]?-1*(255-this[e]+1):this[e]},u.prototype.readInt16LE=function(e,t){e>>>=0,t||C(e,2,this.length);const r=this[e]|this[e+1]<<8;return 32768&r?4294901760|r:r},u.prototype.readInt16BE=function(e,t){e>>>=0,t||C(e,2,this.length);const r=this[e+1]|this[e]<<8;return 32768&r?4294901760|r:r},u.prototype.readInt32LE=function(e,t){return e>>>=0,t||C(e,4,this.length),this[e]|this[e+1]<<8|this[e+2]<<16|this[e+3]<<24},u.prototype.readInt32BE=function(e,t){return e>>>=0,t||C(e,4,this.length),this[e]<<24|this[e+1]<<16|this[e+2]<<8|this[e+3]},u.prototype.readBigInt64LE=J((function(e){K(e>>>=0,"offset");const t=this[e],r=this[e+7];void 0!==t&&void 0!==r||H(e,this.length-8);const n=this[e+4]+256*this[e+5]+65536*this[e+6]+(r<<24);return(BigInt(n)<<BigInt(32))+BigInt(t+256*this[++e]+65536*this[++e]+this[++e]*2**24)})),u.prototype.readBigInt64BE=J((function(e){K(e>>>=0,"offset");const t=this[e],r=this[e+7];void 0!==t&&void 0!==r||H(e,this.length-8);const n=(t<<24)+65536*this[++e]+256*this[++e]+this[++e];return(BigInt(n)<<BigInt(32))+BigInt(this[++e]*2**24+65536*this[++e]+256*this[++e]+r)})),u.prototype.readFloatLE=function(e,t){return e>>>=0,t||C(e,4,this.length),o.read(this,e,!0,23,4)},u.prototype.readFloatBE=function(e,t){return e>>>=0,t||C(e,4,this.length),o.read(this,e,!1,23,4)},u.prototype.readDoubleLE=function(e,t){return e>>>=0,t||C(e,8,this.length),o.read(this,e,!0,52,8)},u.prototype.readDoubleBE=function(e,t){return e>>>=0,t||C(e,8,this.length),o.read(this,e,!1,52,8)},u.prototype.writeUintLE=u.prototype.writeUIntLE=function(e,t,r,n){e=+e,t>>>=0,r>>>=0,n||j(this,e,t,r,Math.pow(2,8*r)-1,0);let o=1,i=0;for(this[t]=255&e;++i<r&&(o*=256);)this[t+i]=e/o&255;return t+r},u.prototype.writeUintBE=u.prototype.writeUIntBE=function(e,t,r,n){e=+e,t>>>=0,r>>>=0,n||j(this,e,t,r,Math.pow(2,8*r)-1,0);let o=r-1,i=1;for(this[t+o]=255&e;--o>=0&&(i*=256);)this[t+o]=e/i&255;return t+r},u.prototype.writeUint8=u.prototype.writeUInt8=function(e,t,r){return e=+e,t>>>=0,r||j(this,e,t,1,255,0),this[t]=255&e,t+1},u.prototype.writeUint16LE=u.prototype.writeUInt16LE=function(e,t,r){return e=+e,t>>>=0,r||j(this,e,t,2,65535,0),this[t]=255&e,this[t+1]=e>>>8,t+2},u.prototype.writeUint16BE=u.prototype.writeUInt16BE=function(e,t,r){return e=+e,t>>>=0,r||j(this,e,t,2,65535,0),this[t]=e>>>8,this[t+1]=255&e,t+2},u.prototype.writeUint32LE=u.prototype.writeUInt32LE=function(e,t,r){return e=+e,t>>>=0,r||j(this,e,t,4,4294967295,0),this[t+3]=e>>>24,this[t+2]=e>>>16,this[t+1]=e>>>8,this[t]=255&e,t+4},u.prototype.writeUint32BE=u.prototype.writeUInt32BE=function(e,t,r){return e=+e,t>>>=0,r||j(this,e,t,4,4294967295,0),this[t]=e>>>24,this[t+1]=e>>>16,this[t+2]=e>>>8,this[t+3]=255&e,t+4},u.prototype.writeBigUInt64LE=J((function(e,t=0){return B(this,e,t,BigInt(0),BigInt("0xffffffffffffffff"))})),u.prototype.writeBigUInt64BE=J((function(e,t=0){return L(this,e,t,BigInt(0),BigInt("0xffffffffffffffff"))})),u.prototype.writeIntLE=function(e,t,r,n){if(e=+e,t>>>=0,!n){const n=Math.pow(2,8*r-1);j(this,e,t,r,n-1,-n)}let o=0,i=1,a=0;for(this[t]=255&e;++o<r&&(i*=256);)e<0&&0===a&&0!==this[t+o-1]&&(a=1),this[t+o]=(e/i>>0)-a&255;return t+r},u.prototype.writeIntBE=function(e,t,r,n){if(e=+e,t>>>=0,!n){const n=Math.pow(2,8*r-1);j(this,e,t,r,n-1,-n)}let o=r-1,i=1,a=0;for(this[t+o]=255&e;--o>=0&&(i*=256);)e<0&&0===a&&0!==this[t+o+1]&&(a=1),this[t+o]=(e/i>>0)-a&255;return t+r},u.prototype.writeInt8=function(e,t,r){return e=+e,t>>>=0,r||j(this,e,t,1,127,-128),e<0&&(e=255+e+1),this[t]=255&e,t+1},u.prototype.writeInt16LE=function(e,t,r){return e=+e,t>>>=0,r||j(this,e,t,2,32767,-32768),this[t]=255&e,this[t+1]=e>>>8,t+2},u.prototype.writeInt16BE=function(e,t,r){return e=+e,t>>>=0,r||j(this,e,t,2,32767,-32768),this[t]=e>>>8,this[t+1]=255&e,t+2},u.prototype.writeInt32LE=function(e,t,r){return e=+e,t>>>=0,r||j(this,e,t,4,2147483647,-2147483648),this[t]=255&e,this[t+1]=e>>>8,this[t+2]=e>>>16,this[t+3]=e>>>24,t+4},u.prototype.writeInt32BE=function(e,t,r){return e=+e,t>>>=0,r||j(this,e,t,4,2147483647,-2147483648),e<0&&(e=4294967295+e+1),this[t]=e>>>24,this[t+1]=e>>>16,this[t+2]=e>>>8,this[t+3]=255&e,t+4},u.prototype.writeBigInt64LE=J((function(e,t=0){return B(this,e,t,-BigInt("0x8000000000000000"),BigInt("0x7fffffffffffffff"))})),u.prototype.writeBigInt64BE=J((function(e,t=0){return L(this,e,t,-BigInt("0x8000000000000000"),BigInt("0x7fffffffffffffff"))})),u.prototype.writeFloatLE=function(e,t,r){return U(this,e,t,!0,r)},u.prototype.writeFloatBE=function(e,t,r){return U(this,e,t,!1,r)},u.prototype.writeDoubleLE=function(e,t,r){return M(this,e,t,!0,r)},u.prototype.writeDoubleBE=function(e,t,r){return M(this,e,t,!1,r)},u.prototype.copy=function(e,t,r,n){if(!u.isBuffer(e))throw new TypeError("argument should be a Buffer");if(r||(r=0),n||0===n||(n=this.length),t>=e.length&&(t=e.length),t||(t=0),n>0&&n<r&&(n=r),n===r)return 0;if(0===e.length||0===this.length)return 0;if(t<0)throw new RangeError("targetStart out of bounds");if(r<0||r>=this.length)throw new RangeError("Index out of range");if(n<0)throw new RangeError("sourceEnd out of bounds");n>this.length&&(n=this.length),e.length-t<n-r&&(n=e.length-t+r);const o=n-r;return this===e&&"function"==typeof Uint8Array.prototype.copyWithin?this.copyWithin(t,r,n):Uint8Array.prototype.set.call(e,this.subarray(r,n),t),o},u.prototype.fill=function(e,t,r,n){if("string"==typeof e){if("string"==typeof t?(n=t,t=0,r=this.length):"string"==typeof r&&(n=r,r=this.length),void 0!==n&&"string"!=typeof n)throw new TypeError("encoding must be a string");if("string"==typeof n&&!u.isEncoding(n))throw new TypeError("Unknown encoding: "+n);if(1===e.length){const t=e.charCodeAt(0);("utf8"===n&&t<128||"latin1"===n)&&(e=t)}}else"number"==typeof e?e&=255:"boolean"==typeof e&&(e=Number(e));if(t<0||this.length<t||this.length<r)throw new RangeError("Out of range index");if(r<=t)return this;let o;if(t>>>=0,r=void 0===r?this.length:r>>>0,e||(e=0),"number"==typeof e)for(o=t;o<r;++o)this[o]=e;else{const i=u.isBuffer(e)?e:u.from(e,n),a=i.length;if(0===a)throw new TypeError('The value "'+e+'" is invalid for argument "value"');for(o=0;o<r-t;++o)this[o+t]=i[o%a]}return this};const F={};function D(e,t,r){F[e]=class extends r{constructor(){super(),Object.defineProperty(this,"message",{value:t.apply(this,arguments),writable:!0,configurable:!0}),this.name=`${this.name} [${e}]`,this.stack,delete this.name}get code(){return e}set code(e){Object.defineProperty(this,"code",{configurable:!0,enumerable:!0,value:e,writable:!0})}toString(){return`${this.name} [${e}]: ${this.message}`}}}function V(e){let t="",r=e.length;const n="-"===e[0]?1:0;for(;r>=n+4;r-=3)t=`_${e.slice(r-3,r)}${t}`;return`${e.slice(0,r)}${t}`}function q(e,t,r,n,o,i){if(e>r||e<t){const n="bigint"==typeof t?"n":"";let o;throw o=i>3?0===t||t===BigInt(0)?`>= 0${n} and < 2${n} ** ${8*(i+1)}${n}`:`>= -(2${n} ** ${8*(i+1)-1}${n}) and < 2 ** ${8*(i+1)-1}${n}`:`>= ${t}${n} and <= ${r}${n}`,new F.ERR_OUT_OF_RANGE("value",o,e)}!function(e,t,r){K(t,"offset"),void 0!==e[t]&&void 0!==e[t+r]||H(t,e.length-(r+1))}(n,o,i)}function K(e,t){if("number"!=typeof e)throw new F.ERR_INVALID_ARG_TYPE(t,"number",e)}function H(e,t,r){if(Math.floor(e)!==e)throw K(e,r),new F.ERR_OUT_OF_RANGE(r||"offset","an integer",e);if(t<0)throw new F.ERR_BUFFER_OUT_OF_BOUNDS;throw new F.ERR_OUT_OF_RANGE(r||"offset",`>= ${r?1:0} and <= ${t}`,e)}D("ERR_BUFFER_OUT_OF_BOUNDS",(function(e){return e?`${e} is outside of buffer bounds`:"Attempt to access memory outside buffer bounds"}),RangeError),D("ERR_INVALID_ARG_TYPE",(function(e,t){return`The "${e}" argument must be of type number. Received type ${typeof t}`}),TypeError),D("ERR_OUT_OF_RANGE",(function(e,t,r){let n=`The value of "${e}" is out of range.`,o=r;return Number.isInteger(r)&&Math.abs(r)>2**32?o=V(String(r)):"bigint"==typeof r&&(o=String(r),(r>BigInt(2)**BigInt(32)||r<-(BigInt(2)**BigInt(32)))&&(o=V(o)),o+="n"),n+=` It must be ${t}. Received ${o}`,n}),RangeError);const z=/[^+/0-9A-Za-z-_]/g;function X(e,t){let r;t=t||1/0;const n=e.length;let o=null;const i=[];for(let a=0;a<n;++a){if(r=e.charCodeAt(a),r>55295&&r<57344){if(!o){if(r>56319){(t-=3)>-1&&i.push(239,191,189);continue}if(a+1===n){(t-=3)>-1&&i.push(239,191,189);continue}o=r;continue}if(r<56320){(t-=3)>-1&&i.push(239,191,189),o=r;continue}r=65536+(o-55296<<10|r-56320)}else o&&(t-=3)>-1&&i.push(239,191,189);if(o=null,r<128){if((t-=1)<0)break;i.push(r)}else if(r<2048){if((t-=2)<0)break;i.push(r>>6|192,63&r|128)}else if(r<65536){if((t-=3)<0)break;i.push(r>>12|224,r>>6&63|128,63&r|128)}else{if(!(r<1114112))throw new Error("Invalid code point");if((t-=4)<0)break;i.push(r>>18|240,r>>12&63|128,r>>6&63|128,63&r|128)}}return i}function $(e){return n.toByteArray(function(e){if((e=(e=e.split("=")[0]).trim().replace(z,"")).length<2)return"";for(;e.length%4!=0;)e+="=";return e}(e))}function W(e,t,r,n){let o;for(o=0;o<n&&!(o+r>=t.length||o>=e.length);++o)t[o+r]=e[o];return o}function G(e,t){return e instanceof t||null!=e&&null!=e.constructor&&null!=e.constructor.name&&e.constructor.name===t.name}function Q(e){return e!=e}const Y=function(){const e="0123456789abcdef",t=new Array(256);for(let r=0;r<16;++r){const n=16*r;for(let o=0;o<16;++o)t[n+o]=e[r]+e[o]}return t}();function J(e){return"undefined"==typeof BigInt?Z:e}function Z(){throw new Error("BigInt not supported")}},645:(e,t)=>{t.read=function(e,t,r,n,o){var i,a,s=8*o-n-1,u=(1<<s)-1,c=u>>1,l=-7,f=r?o-1:0,p=r?-1:1,d=e[t+f];for(f+=p,i=d&(1<<-l)-1,d>>=-l,l+=s;l>0;i=256*i+e[t+f],f+=p,l-=8);for(a=i&(1<<-l)-1,i>>=-l,l+=n;l>0;a=256*a+e[t+f],f+=p,l-=8);if(0===i)i=1-c;else{if(i===u)return a?NaN:1/0*(d?-1:1);a+=Math.pow(2,n),i-=c}return(d?-1:1)*a*Math.pow(2,i-n)},t.write=function(e,t,r,n,o,i){var a,s,u,c=8*i-o-1,l=(1<<c)-1,f=l>>1,p=23===o?Math.pow(2,-24)-Math.pow(2,-77):0,d=n?0:i-1,h=n?1:-1,y=t<0||0===t&&1/t<0?1:0;for(t=Math.abs(t),isNaN(t)||t===1/0?(s=isNaN(t)?1:0,a=l):(a=Math.floor(Math.log(t)/Math.LN2),t*(u=Math.pow(2,-a))<1&&(a--,u*=2),(t+=a+f>=1?p/u:p*Math.pow(2,1-f))*u>=2&&(a++,u/=2),a+f>=l?(s=0,a=l):a+f>=1?(s=(t*u-1)*Math.pow(2,o),a+=f):(s=t*Math.pow(2,f-1)*Math.pow(2,o),a=0));o>=8;e[r+d]=255&s,d+=h,s/=256,o-=8);for(a=a<<o|s,c+=o;c>0;e[r+d]=255&a,d+=h,a/=256,c-=8);e[r+d-h]|=128*y}}},t={};function r(n){var o=t[n];if(void 0!==o)return o.exports;var i=t[n]={exports:{}};return e[n](i,i.exports,r),i.exports}return r.d=(e,t)=>{for(var n in t)r.o(t,n)&&!r.o(e,n)&&Object.defineProperty(e,n,{enumerable:!0,get:t[n]})},r.g=function(){if("object"==typeof globalThis)return globalThis;try{return this||new Function("return this")()}catch(e){if("object"==typeof window)return window}}(),r.o=(e,t)=>Object.prototype.hasOwnProperty.call(e,t),r.r=e=>{"undefined"!=typeof Symbol&&Symbol.toStringTag&&Object.defineProperty(e,Symbol.toStringTag,{value:"Module"}),Object.defineProperty(e,"__esModule",{value:!0})},r(899)})(),e.exports=t()},3217:(e,t,r)=>{"use strict";Object.defineProperty(t,"__esModule",{value:!0}),t.Account=void 0;var n,o=(n=r(4431))&&n.__esModule?n:{default:n},i=r(8385);function a(e){return a="function"==typeof Symbol&&"symbol"==typeof Symbol.iterator?function(e){return typeof e}:function(e){return e&&"function"==typeof Symbol&&e.constructor===Symbol&&e!==Symbol.prototype?"symbol":typeof e},a(e)}function s(e,t){for(var r=0;r<t.length;r++){var n=t[r];n.enumerable=n.enumerable||!1,n.configurable=!0,"value"in n&&(n.writable=!0),Object.defineProperty(e,u(n.key),n)}}function u(e){var t=function(e,t){if("object"!=a(e)||!e)return e;var r=e[Symbol.toPrimitive];if(void 0!==r){var n=r.call(e,t||"default");if("object"!=a(n))return n;throw new TypeError("@@toPrimitive must return a primitive value.")}return("string"===t?String:Number)(e)}(e,"string");return"symbol"==a(t)?t:String(t)}t.Account=function(){function e(t,r){if(function(e,t){if(!(e instanceof t))throw new TypeError("Cannot call a class as a function")}(this,e),i.StrKey.isValidMed25519PublicKey(t))throw new Error("accountId is an M-address; use MuxedAccount instead");if(!i.StrKey.isValidEd25519PublicKey(t))throw new Error("accountId is invalid");if("string"!=typeof r)throw new Error("sequence must be of type string");this._accountId=t,this.sequence=new o.default(r)}var t,r,n;return t=e,(r=[{key:"accountId",value:function(){return this._accountId}},{key:"sequenceNumber",value:function(){return this.sequence.toString()}},{key:"incrementSequenceNumber",value:function(){this.sequence=this.sequence.plus(1)}}])&&s(t.prototype,r),n&&s(t,n),Object.defineProperty(t,"prototype",{writable:!1}),e}()},3471:(e,t,r)=>{"use strict";Object.defineProperty(t,"__esModule",{value:!0}),t.Address=void 0;var n,o=r(8385),i=(n=r(4081))&&n.__esModule?n:{default:n};function a(e){return a="function"==typeof Symbol&&"symbol"==typeof Symbol.iterator?function(e){return typeof e}:function(e){return e&&"function"==typeof Symbol&&e.constructor===Symbol&&e!==Symbol.prototype?"symbol":typeof e},a(e)}function s(e,t){for(var r=0;r<t.length;r++){var n=t[r];n.enumerable=n.enumerable||!1,n.configurable=!0,"value"in n&&(n.writable=!0),Object.defineProperty(e,u(n.key),n)}}function u(e){var t=function(e,t){if("object"!=a(e)||!e)return e;var r=e[Symbol.toPrimitive];if(void 0!==r){var n=r.call(e,t||"default");if("object"!=a(n))return n;throw new TypeError("@@toPrimitive must return a primitive value.")}return("string"===t?String:Number)(e)}(e,"string");return"symbol"==a(t)?t:String(t)}t.Address=function(){function e(t){if(function(e,t){if(!(e instanceof t))throw new TypeError("Cannot call a class as a function")}(this,e),o.StrKey.isValidEd25519PublicKey(t))this._type="account",this._key=o.StrKey.decodeEd25519PublicKey(t);else{if(!o.StrKey.isValidContract(t))throw new Error("Unsupported address type");this._type="contract",this._key=o.StrKey.decodeContract(t)}}var t,r,n;return t=e,n=[{key:"fromString",value:function(t){return new e(t)}},{key:"account",value:function(t){return new e(o.StrKey.encodeEd25519PublicKey(t))}},{key:"contract",value:function(t){return new e(o.StrKey.encodeContract(t))}},{key:"fromScVal",value:function(t){return e.fromScAddress(t.address())}},{key:"fromScAddress",value:function(t){switch(t.switch()){case i.default.ScAddressType.scAddressTypeAccount():return e.account(t.accountId().ed25519());case i.default.ScAddressType.scAddressTypeContract():return e.contract(t.contractId());default:throw new Error("Unsupported address type")}}}],(r=[{key:"toString",value:function(){switch(this._type){case"account":return o.StrKey.encodeEd25519PublicKey(this._key);case"contract":return o.StrKey.encodeContract(this._key);default:throw new Error("Unsupported address type")}}},{key:"toScVal",value:function(){return i.default.ScVal.scvAddress(this.toScAddress())}},{key:"toScAddress",value:function(){switch(this._type){case"account":return i.default.ScAddress.scAddressTypeAccount(i.default.PublicKey.publicKeyTypeEd25519(this._key));case"contract":return i.default.ScAddress.scAddressTypeContract(this._key);default:throw new Error("Unsupported address type")}}},{key:"toBuffer",value:function(){return this._key}}])&&s(t.prototype,r),n&&s(t,n),Object.defineProperty(t,"prototype",{writable:!1}),e}()},3469:(e,t,r)=>{"use strict";var n=r(8764).Buffer;Object.defineProperty(t,"__esModule",{value:!0}),t.Asset=void 0;var o,i=r(6006),a=(o=r(4081))&&o.__esModule?o:{default:o},s=r(6437),u=r(8385),c=r(9622);function l(e){return l="function"==typeof Symbol&&"symbol"==typeof Symbol.iterator?function(e){return typeof e}:function(e){return e&&"function"==typeof Symbol&&e.constructor===Symbol&&e!==Symbol.prototype?"symbol":typeof e},l(e)}function f(e,t){for(var r=0;r<t.length;r++){var n=t[r];n.enumerable=n.enumerable||!1,n.configurable=!0,"value"in n&&(n.writable=!0),Object.defineProperty(e,p(n.key),n)}}function p(e){var t=function(e,t){if("object"!=l(e)||!e)return e;var r=e[Symbol.toPrimitive];if(void 0!==r){var n=r.call(e,t||"default");if("object"!=l(n))return n;throw new TypeError("@@toPrimitive must return a primitive value.")}return("string"===t?String:Number)(e)}(e,"string");return"symbol"==l(t)?t:String(t)}t.Asset=function(){function e(t,r){if(function(e,t){if(!(e instanceof t))throw new TypeError("Cannot call a class as a function")}(this,e),!/^[a-zA-Z0-9]{1,12}$/.test(t))throw new Error("Asset code is invalid (maximum alphanumeric, 12 characters at max)");if("xlm"!==String(t).toLowerCase()&&!r)throw new Error("Issuer cannot be null");if(r&&!u.StrKey.isValidEd25519PublicKey(r))throw new Error("Issuer is invalid");"xlm"===String(t).toLowerCase()?this.code="XLM":this.code=t,this.issuer=r}var t,r,o;return t=e,r=[{key:"toXDRObject",value:function(){return this._toXDRObject(a.default.Asset)}},{key:"toChangeTrustXDRObject",value:function(){return this._toXDRObject(a.default.ChangeTrustAsset)}},{key:"toTrustLineXDRObject",value:function(){return this._toXDRObject(a.default.TrustLineAsset)}},{key:"contractId",value:function(e){var t=(0,c.hash)(n.from(e)),r=a.default.HashIdPreimage.envelopeTypeContractId(new a.default.HashIdPreimageContractId({networkId:t,contractIdPreimage:a.default.ContractIdPreimage.contractIdPreimageFromAsset(this.toXDRObject())}));return u.StrKey.encodeContract((0,c.hash)(r.toXDR()))}},{key:"_toXDRObject",value:function(){var e,t,r=arguments.length>0&&void 0!==arguments[0]?arguments[0]:a.default.Asset;if(this.isNative())return r.assetTypeNative();this.code.length<=4?(e=a.default.AlphaNum4,t="assetTypeCreditAlphanum4"):(e=a.default.AlphaNum12,t="assetTypeCreditAlphanum12");var n=this.code.length<=4?4:12;return new r(t,new e({assetCode:this.code.padEnd(n,"\0"),issuer:s.Keypair.fromPublicKey(this.issuer).xdrAccountId()}))}},{key:"getCode",value:function(){if(void 0!==this.code)return String(this.code)}},{key:"getIssuer",value:function(){if(void 0!==this.issuer)return String(this.issuer)}},{key:"getAssetType",value:function(){switch(this.getRawAssetType()){case a.default.AssetType.assetTypeNative():return"native";case a.default.AssetType.assetTypeCreditAlphanum4():return"credit_alphanum4";case a.default.AssetType.assetTypeCreditAlphanum12():return"credit_alphanum12";default:return"unknown"}}},{key:"getRawAssetType",value:function(){return this.isNative()?a.default.AssetType.assetTypeNative():this.code.length<=4?a.default.AssetType.assetTypeCreditAlphanum4():a.default.AssetType.assetTypeCreditAlphanum12()}},{key:"isNative",value:function(){return!this.issuer}},{key:"equals",value:function(e){return this.code===e.getCode()&&this.issuer===e.getIssuer()}},{key:"toString",value:function(){return this.isNative()?"native":"".concat(this.getCode(),":").concat(this.getIssuer())}}],o=[{key:"native",value:function(){return new e("XLM")}},{key:"fromOperation",value:function(e){var t,r;switch(e.switch()){case a.default.AssetType.assetTypeNative():return this.native();case a.default.AssetType.assetTypeCreditAlphanum4():t=e.alphaNum4();case a.default.AssetType.assetTypeCreditAlphanum12():return t=t||e.alphaNum12(),r=u.StrKey.encodeEd25519PublicKey(t.issuer().ed25519()),new this((0,i.trimEnd)(t.assetCode(),"\0"),r);default:throw new Error("Invalid asset type: ".concat(e.switch().name))}}},{key:"compare",value:function(t,r){if(!(t&&t instanceof e))throw new Error("assetA is invalid");if(!(r&&r instanceof e))throw new Error("assetB is invalid");if(t.equals(r))return 0;var n=t.getRawAssetType().value,o=r.getRawAssetType().value;if(n!==o)return n<o?-1:1;var i=d(t.getCode(),r.getCode());return 0!==i?i:d(t.getIssuer(),r.getIssuer())}}],r&&f(t.prototype,r),o&&f(t,o),Object.defineProperty(t,"prototype",{writable:!1}),e}();function d(e,t){return n.compare(n.from(e,"ascii"),n.from(t,"ascii"))}},1687:(e,t,r)=>{"use strict";var n=r(8764).Buffer;Object.defineProperty(t,"__esModule",{value:!0}),t.authorizeEntry=y,t.authorizeInvocation=function(e,t,r){var n=arguments.length>3&&void 0!==arguments[3]?arguments[3]:"",o=arguments.length>4&&void 0!==arguments[4]?arguments[4]:u.Networks.FUTURENET,s=a.Keypair.random().rawPublicKey(),c=new i.default.Int64((p=s,p.subarray(0,8).reduce((function(e,t){return e<<8|t}),0))),f=n||e.publicKey();var p;if(!f)throw new Error("authorizeInvocation requires publicKey parameter");return y(new i.default.SorobanAuthorizationEntry({rootInvocation:r,credentials:i.default.SorobanCredentials.sorobanCredentialsAddress(new i.default.SorobanAddressCredentials({address:new l.Address(f).toScAddress(),nonce:c,signatureExpirationLedger:0,signature:i.default.ScVal.scvVec([])}))}),e,t,o)};var o,i=(o=r(4081))&&o.__esModule?o:{default:o},a=r(6437),s=r(8385),u=r(2844),c=r(9622),l=r(3471),f=r(5567);function p(e){return p="function"==typeof Symbol&&"symbol"==typeof Symbol.iterator?function(e){return typeof e}:function(e){return e&&"function"==typeof Symbol&&e.constructor===Symbol&&e!==Symbol.prototype?"symbol":typeof e},p(e)}function d(){d=function(){return t};var e,t={},r=Object.prototype,n=r.hasOwnProperty,o=Object.defineProperty||function(e,t,r){e[t]=r.value},i="function"==typeof Symbol?Symbol:{},a=i.iterator||"@@iterator",s=i.asyncIterator||"@@asyncIterator",u=i.toStringTag||"@@toStringTag";function c(e,t,r){return Object.defineProperty(e,t,{value:r,enumerable:!0,configurable:!0,writable:!0}),e[t]}try{c({},"")}catch(e){c=function(e,t,r){return e[t]=r}}function l(e,t,r,n){var i=t&&t.prototype instanceof b?t:b,a=Object.create(i.prototype),s=new C(n||[]);return o(a,"_invoke",{value:x(e,r,s)}),a}function f(e,t,r){try{return{type:"normal",arg:e.call(t,r)}}catch(e){return{type:"throw",arg:e}}}t.wrap=l;var h="suspendedStart",y="suspendedYield",m="executing",v="completed",g={};function b(){}function w(){}function S(){}var _={};c(_,a,(function(){return this}));var E=Object.getPrototypeOf,T=E&&E(E(j([])));T&&T!==r&&n.call(T,a)&&(_=T);var k=S.prototype=b.prototype=Object.create(_);function O(e){["next","throw","return"].forEach((function(t){c(e,t,(function(e){return this._invoke(t,e)}))}))}function A(e,t){function r(o,i,a,s){var u=f(e[o],e,i);if("throw"!==u.type){var c=u.arg,l=c.value;return l&&"object"==p(l)&&n.call(l,"__await")?t.resolve(l.__await).then((function(e){r("next",e,a,s)}),(function(e){r("throw",e,a,s)})):t.resolve(l).then((function(e){c.value=e,a(c)}),(function(e){return r("throw",e,a,s)}))}s(u.arg)}var i;o(this,"_invoke",{value:function(e,n){function o(){return new t((function(t,o){r(e,n,t,o)}))}return i=i?i.then(o,o):o()}})}function x(t,r,n){var o=h;return function(i,a){if(o===m)throw new Error("Generator is already running");if(o===v){if("throw"===i)throw a;return{value:e,done:!0}}for(n.method=i,n.arg=a;;){var s=n.delegate;if(s){var u=P(s,n);if(u){if(u===g)continue;return u}}if("next"===n.method)n.sent=n._sent=n.arg;else if("throw"===n.method){if(o===h)throw o=v,n.arg;n.dispatchException(n.arg)}else"return"===n.method&&n.abrupt("return",n.arg);o=m;var c=f(t,r,n);if("normal"===c.type){if(o=n.done?v:y,c.arg===g)continue;return{value:c.arg,done:n.done}}"throw"===c.type&&(o=v,n.method="throw",n.arg=c.arg)}}}function P(t,r){var n=r.method,o=t.iterator[n];if(o===e)return r.delegate=null,"throw"===n&&t.iterator.return&&(r.method="return",r.arg=e,P(t,r),"throw"===r.method)||"return"!==n&&(r.method="throw",r.arg=new TypeError("The iterator does not provide a '"+n+"' method")),g;var i=f(o,t.iterator,r.arg);if("throw"===i.type)return r.method="throw",r.arg=i.arg,r.delegate=null,g;var a=i.arg;return a?a.done?(r[t.resultName]=a.value,r.next=t.nextLoc,"return"!==r.method&&(r.method="next",r.arg=e),r.delegate=null,g):a:(r.method="throw",r.arg=new TypeError("iterator result is not an object"),r.delegate=null,g)}function R(e){var t={tryLoc:e[0]};1 in e&&(t.catchLoc=e[1]),2 in e&&(t.finallyLoc=e[2],t.afterLoc=e[3]),this.tryEntries.push(t)}function I(e){var t=e.completion||{};t.type="normal",delete t.arg,e.completion=t}function C(e){this.tryEntries=[{tryLoc:"root"}],e.forEach(R,this),this.reset(!0)}function j(t){if(t||""===t){var r=t[a];if(r)return r.call(t);if("function"==typeof t.next)return t;if(!isNaN(t.length)){var o=-1,i=function r(){for(;++o<t.length;)if(n.call(t,o))return r.value=t[o],r.done=!1,r;return r.value=e,r.done=!0,r};return i.next=i}}throw new TypeError(p(t)+" is not iterable")}return w.prototype=S,o(k,"constructor",{value:S,configurable:!0}),o(S,"constructor",{value:w,configurable:!0}),w.displayName=c(S,u,"GeneratorFunction"),t.isGeneratorFunction=function(e){var t="function"==typeof e&&e.constructor;return!!t&&(t===w||"GeneratorFunction"===(t.displayName||t.name))},t.mark=function(e){return Object.setPrototypeOf?Object.setPrototypeOf(e,S):(e.__proto__=S,c(e,u,"GeneratorFunction")),e.prototype=Object.create(k),e},t.awrap=function(e){return{__await:e}},O(A.prototype),c(A.prototype,s,(function(){return this})),t.AsyncIterator=A,t.async=function(e,r,n,o,i){void 0===i&&(i=Promise);var a=new A(l(e,r,n,o),i);return t.isGeneratorFunction(r)?a:a.next().then((function(e){return e.done?e.value:a.next()}))},O(k),c(k,u,"Generator"),c(k,a,(function(){return this})),c(k,"toString",(function(){return"[object Generator]"})),t.keys=function(e){var t=Object(e),r=[];for(var n in t)r.push(n);return r.reverse(),function e(){for(;r.length;){var n=r.pop();if(n in t)return e.value=n,e.done=!1,e}return e.done=!0,e}},t.values=j,C.prototype={constructor:C,reset:function(t){if(this.prev=0,this.next=0,this.sent=this._sent=e,this.done=!1,this.delegate=null,this.method="next",this.arg=e,this.tryEntries.forEach(I),!t)for(var r in this)"t"===r.charAt(0)&&n.call(this,r)&&!isNaN(+r.slice(1))&&(this[r]=e)},stop:function(){this.done=!0;var e=this.tryEntries[0].completion;if("throw"===e.type)throw e.arg;return this.rval},dispatchException:function(t){if(this.done)throw t;var r=this;function o(n,o){return s.type="throw",s.arg=t,r.next=n,o&&(r.method="next",r.arg=e),!!o}for(var i=this.tryEntries.length-1;i>=0;--i){var a=this.tryEntries[i],s=a.completion;if("root"===a.tryLoc)return o("end");if(a.tryLoc<=this.prev){var u=n.call(a,"catchLoc"),c=n.call(a,"finallyLoc");if(u&&c){if(this.prev<a.catchLoc)return o(a.catchLoc,!0);if(this.prev<a.finallyLoc)return o(a.finallyLoc)}else if(u){if(this.prev<a.catchLoc)return o(a.catchLoc,!0)}else{if(!c)throw new Error("try statement without catch or finally");if(this.prev<a.finallyLoc)return o(a.finallyLoc)}}}},abrupt:function(e,t){for(var r=this.tryEntries.length-1;r>=0;--r){var o=this.tryEntries[r];if(o.tryLoc<=this.prev&&n.call(o,"finallyLoc")&&this.prev<o.finallyLoc){var i=o;break}}i&&("break"===e||"continue"===e)&&i.tryLoc<=t&&t<=i.finallyLoc&&(i=null);var a=i?i.completion:{};return a.type=e,a.arg=t,i?(this.method="next",this.next=i.finallyLoc,g):this.complete(a)},complete:function(e,t){if("throw"===e.type)throw e.arg;return"break"===e.type||"continue"===e.type?this.next=e.arg:"return"===e.type?(this.rval=this.arg=e.arg,this.method="return",this.next="end"):"normal"===e.type&&t&&(this.next=t),g},finish:function(e){for(var t=this.tryEntries.length-1;t>=0;--t){var r=this.tryEntries[t];if(r.finallyLoc===e)return this.complete(r.completion,r.afterLoc),I(r),g}},catch:function(e){for(var t=this.tryEntries.length-1;t>=0;--t){var r=this.tryEntries[t];if(r.tryLoc===e){var n=r.completion;if("throw"===n.type){var o=n.arg;I(r)}return o}}throw new Error("illegal catch attempt")},delegateYield:function(t,r,n){return this.delegate={iterator:j(t),resultName:r,nextLoc:n},"next"===this.method&&(this.arg=e),g}},t}function h(e,t,r,n,o,i,a){try{var s=e[i](a),u=s.value}catch(e){return void r(e)}s.done?t(u):Promise.resolve(u).then(n,o)}function y(e,t,r){return m.apply(this,arguments)}function m(){var e;return e=d().mark((function e(t,r,o){var p,h,y,m,v,g,b,w,S,_=arguments;return d().wrap((function(e){for(;;)switch(e.prev=e.next){case 0:if(p=_.length>3&&void 0!==_[3]?_[3]:u.Networks.FUTURENET,t.credentials().switch().value===i.default.SorobanCredentialsType.sorobanCredentialsAddress().value){e.next=3;break}return e.abrupt("return",t);case 3:if(h=i.default.SorobanAuthorizationEntry.fromXDR(t.toXDR()),(y=h.credentials().address()).signatureExpirationLedger(o),m=(0,c.hash)(n.from(p)),v=i.default.HashIdPreimage.envelopeTypeSorobanAuthorization(new i.default.HashIdPreimageSorobanAuthorization({networkId:m,nonce:y.nonce(),invocation:h.rootInvocation(),signatureExpirationLedger:y.signatureExpirationLedger()})),g=(0,c.hash)(v.toXDR()),"function"!=typeof r){e.next=17;break}return e.t0=n,e.next=13,r(v);case 13:e.t1=e.sent,b=e.t0.from.call(e.t0,e.t1),e.next=18;break;case 17:b=n.from(r.sign(g));case 18:if(w=l.Address.fromScAddress(y.address()).toString(),a.Keypair.fromPublicKey(w).verify(g,b)){e.next=21;break}throw new Error("signature doesn't match payload");case 21:return S=(0,f.nativeToScVal)({public_key:s.StrKey.decodeEd25519PublicKey(w),signature:b},{type:{public_key:["symbol",null],signature:["symbol",null]}}),y.signature(i.default.ScVal.scvVec([S])),e.abrupt("return",h);case 24:case"end":return e.stop()}}),e)})),m=function(){var t=this,r=arguments;return new Promise((function(n,o){var i=e.apply(t,r);function a(e){h(i,n,o,a,s,"next",e)}function s(e){h(i,n,o,a,s,"throw",e)}a(void 0)}))},m.apply(this,arguments)}},1842:(e,t,r)=>{"use strict";Object.defineProperty(t,"__esModule",{value:!0}),t.Claimant=void 0;var n,o=(n=r(4081))&&n.__esModule?n:{default:n},i=r(6437),a=r(8385);function s(e){return s="function"==typeof Symbol&&"symbol"==typeof Symbol.iterator?function(e){return typeof e}:function(e){return e&&"function"==typeof Symbol&&e.constructor===Symbol&&e!==Symbol.prototype?"symbol":typeof e},s(e)}function u(e,t){for(var r=0;r<t.length;r++){var n=t[r];n.enumerable=n.enumerable||!1,n.configurable=!0,"value"in n&&(n.writable=!0),Object.defineProperty(e,c(n.key),n)}}function c(e){var t=function(e,t){if("object"!=s(e)||!e)return e;var r=e[Symbol.toPrimitive];if(void 0!==r){var n=r.call(e,t||"default");if("object"!=s(n))return n;throw new TypeError("@@toPrimitive must return a primitive value.")}return("string"===t?String:Number)(e)}(e,"string");return"symbol"==s(t)?t:String(t)}t.Claimant=function(){function e(t,r){if(function(e,t){if(!(e instanceof t))throw new TypeError("Cannot call a class as a function")}(this,e),t&&!a.StrKey.isValidEd25519PublicKey(t))throw new Error("Destination is invalid");if(this._destination=t,r){if(!(r instanceof o.default.ClaimPredicate))throw new Error("Predicate should be an xdr.ClaimPredicate");this._predicate=r}else this._predicate=o.default.ClaimPredicate.claimPredicateUnconditional()}var t,r,n;return t=e,n=[{key:"predicateUnconditional",value:function(){return o.default.ClaimPredicate.claimPredicateUnconditional()}},{key:"predicateAnd",value:function(e,t){if(!(e instanceof o.default.ClaimPredicate))throw new Error("left Predicate should be an xdr.ClaimPredicate");if(!(t instanceof o.default.ClaimPredicate))throw new Error("right Predicate should be an xdr.ClaimPredicate");return o.default.ClaimPredicate.claimPredicateAnd([e,t])}},{key:"predicateOr",value:function(e,t){if(!(e instanceof o.default.ClaimPredicate))throw new Error("left Predicate should be an xdr.ClaimPredicate");if(!(t instanceof o.default.ClaimPredicate))throw new Error("right Predicate should be an xdr.ClaimPredicate");return o.default.ClaimPredicate.claimPredicateOr([e,t])}},{key:"predicateNot",value:function(e){if(!(e instanceof o.default.ClaimPredicate))throw new Error("right Predicate should be an xdr.ClaimPredicate");return o.default.ClaimPredicate.claimPredicateNot(e)}},{key:"predicateBeforeAbsoluteTime",value:function(e){return o.default.ClaimPredicate.claimPredicateBeforeAbsoluteTime(o.default.Int64.fromString(e))}},{key:"predicateBeforeRelativeTime",value:function(e){return o.default.ClaimPredicate.claimPredicateBeforeRelativeTime(o.default.Int64.fromString(e))}},{key:"fromXDR",value:function(e){var t;if(e.switch()===o.default.ClaimantType.claimantTypeV0())return t=e.v0(),new this(a.StrKey.encodeEd25519PublicKey(t.destination().ed25519()),t.predicate());throw new Error("Invalid claimant type: ".concat(e.switch().name))}}],(r=[{key:"toXDRObject",value:function(){var e=new o.default.ClaimantV0({destination:i.Keypair.fromPublicKey(this._destination).xdrAccountId(),predicate:this._predicate});return o.default.Claimant.claimantTypeV0(e)}},{key:"destination",get:function(){return this._destination},set:function(e){throw new Error("Claimant is immutable")}},{key:"predicate",get:function(){return this._predicate},set:function(e){throw new Error("Claimant is immutable")}}])&&u(t.prototype,r),n&&u(t,n),Object.defineProperty(t,"prototype",{writable:!1}),e}()},5618:(e,t,r)=>{"use strict";Object.defineProperty(t,"__esModule",{value:!0}),t.Contract=void 0;var n,o=r(3471),i=r(4585),a=(n=r(4081))&&n.__esModule?n:{default:n},s=r(8385);function u(e){return u="function"==typeof Symbol&&"symbol"==typeof Symbol.iterator?function(e){return typeof e}:function(e){return e&&"function"==typeof Symbol&&e.constructor===Symbol&&e!==Symbol.prototype?"symbol":typeof e},u(e)}function c(e,t){for(var r=0;r<t.length;r++){var n=t[r];n.enumerable=n.enumerable||!1,n.configurable=!0,"value"in n&&(n.writable=!0),Object.defineProperty(e,l(n.key),n)}}function l(e){var t=function(e,t){if("object"!=u(e)||!e)return e;var r=e[Symbol.toPrimitive];if(void 0!==r){var n=r.call(e,t||"default");if("object"!=u(n))return n;throw new TypeError("@@toPrimitive must return a primitive value.")}return("string"===t?String:Number)(e)}(e,"string");return"symbol"==u(t)?t:String(t)}t.Contract=function(){function e(t){!function(e,t){if(!(e instanceof t))throw new TypeError("Cannot call a class as a function")}(this,e);try{this._id=s.StrKey.decodeContract(t)}catch(e){throw new Error("Invalid contract ID: ".concat(t))}}var t,r,n;return t=e,r=[{key:"contractId",value:function(){return s.StrKey.encodeContract(this._id)}},{key:"toString",value:function(){return this.contractId()}},{key:"address",value:function(){return o.Address.contract(this._id)}},{key:"call",value:function(e){for(var t=arguments.length,r=new Array(t>1?t-1:0),n=1;n<t;n++)r[n-1]=arguments[n];return i.Operation.invokeContractFunction({contract:this.address().toString(),function:e,args:r})}},{key:"getFootprint",value:function(){return a.default.LedgerKey.contractData(new a.default.LedgerKeyContractData({contract:this.address().toScAddress(),key:a.default.ScVal.scvLedgerKeyContractInstance(),durability:a.default.ContractDataDurability.persistent()}))}}],r&&c(t.prototype,r),n&&c(t,n),Object.defineProperty(t,"prototype",{writable:!1}),e}()},3761:(e,t,r)=>{"use strict";Object.defineProperty(t,"__esModule",{value:!0}),t.humanizeEvents=function(e){return e.map((function(e){return e instanceof o.default.DiagnosticEvent?f(e.event()):f(e)}))};var n,o=(n=r(4081))&&n.__esModule?n:{default:n},i=r(8385),a=r(5567);function s(e){return s="function"==typeof Symbol&&"symbol"==typeof Symbol.iterator?function(e){return typeof e}:function(e){return e&&"function"==typeof Symbol&&e.constructor===Symbol&&e!==Symbol.prototype?"symbol":typeof e},s(e)}function u(e,t){var r=Object.keys(e);if(Object.getOwnPropertySymbols){var n=Object.getOwnPropertySymbols(e);t&&(n=n.filter((function(t){return Object.getOwnPropertyDescriptor(e,t).enumerable}))),r.push.apply(r,n)}return r}function c(e){for(var t=1;t<arguments.length;t++){var r=null!=arguments[t]?arguments[t]:{};t%2?u(Object(r),!0).forEach((function(t){l(e,t,r[t])})):Object.getOwnPropertyDescriptors?Object.defineProperties(e,Object.getOwnPropertyDescriptors(r)):u(Object(r)).forEach((function(t){Object.defineProperty(e,t,Object.getOwnPropertyDescriptor(r,t))}))}return e}function l(e,t,r){var n;return n=function(e,t){if("object"!=s(e)||!e)return e;var r=e[Symbol.toPrimitive];if(void 0!==r){var n=r.call(e,t||"default");if("object"!=s(n))return n;throw new TypeError("@@toPrimitive must return a primitive value.")}return("string"===t?String:Number)(e)}(t,"string"),(t="symbol"==s(n)?n:String(n))in e?Object.defineProperty(e,t,{value:r,enumerable:!0,configurable:!0,writable:!0}):e[t]=r,e}function f(e){return c(c({},null!=e.contractId()&&{contractId:i.StrKey.encodeContract(e.contractId())}),{},{type:e.type().name,topics:e.body().value().topics().map((function(e){return(0,a.scValToNative)(e)})),data:(0,a.scValToNative)(e.body().value().data())})}},1462:(e,t,r)=>{"use strict";var n=r(8764).Buffer;function o(e){return o="function"==typeof Symbol&&"symbol"==typeof Symbol.iterator?function(e){return typeof e}:function(e){return e&&"function"==typeof Symbol&&e.constructor===Symbol&&e!==Symbol.prototype?"symbol":typeof e},o(e)}Object.defineProperty(t,"__esModule",{value:!0}),t.FeeBumpTransaction=void 0;var i,a=(i=r(4081))&&i.__esModule?i:{default:i},s=r(9622),u=r(1388),c=r(1065),l=r(6880);function f(e,t){for(var r=0;r<t.length;r++){var n=t[r];n.enumerable=n.enumerable||!1,n.configurable=!0,"value"in n&&(n.writable=!0),Object.defineProperty(e,p(n.key),n)}}function p(e){var t=function(e,t){if("object"!=o(e)||!e)return e;var r=e[Symbol.toPrimitive];if(void 0!==r){var n=r.call(e,t||"default");if("object"!=o(n))return n;throw new TypeError("@@toPrimitive must return a primitive value.")}return("string"===t?String:Number)(e)}(e,"string");return"symbol"==o(t)?t:String(t)}function d(e,t,r){return t=y(t),function(e,t){if(t&&("object"===o(t)||"function"==typeof t))return t;if(void 0!==t)throw new TypeError("Derived constructors may only return object or undefined");return function(e){if(void 0===e)throw new ReferenceError("this hasn't been initialised - super() hasn't been called");return e}(e)}(e,h()?Reflect.construct(t,r||[],y(e).constructor):t.apply(e,r))}function h(){try{var e=!Boolean.prototype.valueOf.call(Reflect.construct(Boolean,[],(function(){})))}catch(e){}return(h=function(){return!!e})()}function y(e){return y=Object.setPrototypeOf?Object.getPrototypeOf.bind():function(e){return e.__proto__||Object.getPrototypeOf(e)},y(e)}function m(e,t){return m=Object.setPrototypeOf?Object.setPrototypeOf.bind():function(e,t){return e.__proto__=t,e},m(e,t)}t.FeeBumpTransaction=function(e){function t(e,r){var o;if(function(e,t){if(!(e instanceof t))throw new TypeError("Cannot call a class as a function")}(this,t),"string"==typeof e){var i=n.from(e,"base64");e=a.default.TransactionEnvelope.fromXDR(i)}var s=e.switch();if(s!==a.default.EnvelopeType.envelopeTypeTxFeeBump())throw new Error("Invalid TransactionEnvelope: expected an envelopeTypeTxFeeBump but received an ".concat(s.name,"."));var c=e.value(),f=c.tx(),p=f.fee().toString();o=d(this,t,[f,(c.signatures()||[]).slice(),p,r]);var h=a.default.TransactionEnvelope.envelopeTypeTx(f.innerTx().v1());return o._feeSource=(0,l.encodeMuxedAccountToAddress)(o.tx.feeSource()),o._innerTransaction=new u.Transaction(h,r),o}var r,o,i;return function(e,t){if("function"!=typeof t&&null!==t)throw new TypeError("Super expression must either be null or a function");e.prototype=Object.create(t&&t.prototype,{constructor:{value:e,writable:!0,configurable:!0}}),Object.defineProperty(e,"prototype",{writable:!1}),t&&m(e,t)}(t,e),r=t,(o=[{key:"innerTransaction",get:function(){return this._innerTransaction}},{key:"operations",get:function(){return this._innerTransaction.operations}},{key:"feeSource",get:function(){return this._feeSource}},{key:"signatureBase",value:function(){var e=new a.default.TransactionSignaturePayloadTaggedTransaction.envelopeTypeTxFeeBump(this.tx);return new a.default.TransactionSignaturePayload({networkId:a.default.Hash.fromXDR((0,s.hash)(this.networkPassphrase)),taggedTransaction:e}).toXDR()}},{key:"toEnvelope",value:function(){var e=new a.default.FeeBumpTransactionEnvelope({tx:a.default.FeeBumpTransaction.fromXDR(this.tx.toXDR()),signatures:this.signatures.slice()});return new a.default.TransactionEnvelope.envelopeTypeTxFeeBump(e)}}])&&f(r.prototype,o),i&&f(r,i),Object.defineProperty(r,"prototype",{writable:!1}),t}(c.TransactionBase)},7701:(e,t,r)=>{"use strict";function n(e){return n="function"==typeof Symbol&&"symbol"==typeof Symbol.iterator?function(e){return typeof e}:function(e){return e&&"function"==typeof Symbol&&e.constructor===Symbol&&e!==Symbol.prototype?"symbol":typeof e},n(e)}function o(e){if("function"!=typeof WeakMap)return null;var t=new WeakMap,r=new WeakMap;return(o=function(e){return e?r:t})(e)}Object.defineProperty(t,"__esModule",{value:!0}),t.default=void 0;var i=function(e,t){if(!t&&e&&e.__esModule)return e;if(null===e||"object"!=n(e)&&"function"!=typeof e)return{default:e};var r=o(t);if(r&&r.has(e))return r.get(e);var i={__proto__:null},a=Object.defineProperty&&Object.getOwnPropertyDescriptor;for(var s in e)if("default"!==s&&Object.prototype.hasOwnProperty.call(e,s)){var u=a?Object.getOwnPropertyDescriptor(e,s):null;u&&(u.get||u.set)?Object.defineProperty(i,s,u):i[s]=e[s]}return i.default=e,r&&r.set(e,i),i}(r(6263)).config((function(e){var t=1024;e.typedef("Value",e.varOpaque()),e.struct("ScpBallot",[["counter",e.lookup("Uint32")],["value",e.lookup("Value")]]),e.enum("ScpStatementType",{scpStPrepare:0,scpStConfirm:1,scpStExternalize:2,scpStNominate:3}),e.struct("ScpNomination",[["quorumSetHash",e.lookup("Hash")],["votes",e.varArray(e.lookup("Value"),2147483647)],["accepted",e.varArray(e.lookup("Value"),2147483647)]]),e.struct("ScpStatementPrepare",[["quorumSetHash",e.lookup("Hash")],["ballot",e.lookup("ScpBallot")],["prepared",e.option(e.lookup("ScpBallot"))],["preparedPrime",e.option(e.lookup("ScpBallot"))],["nC",e.lookup("Uint32")],["nH",e.lookup("Uint32")]]),e.struct("ScpStatementConfirm",[["ballot",e.lookup("ScpBallot")],["nPrepared",e.lookup("Uint32")],["nCommit",e.lookup("Uint32")],["nH",e.lookup("Uint32")],["quorumSetHash",e.lookup("Hash")]]),e.struct("ScpStatementExternalize",[["commit",e.lookup("ScpBallot")],["nH",e.lookup("Uint32")],["commitQuorumSetHash",e.lookup("Hash")]]),e.union("ScpStatementPledges",{switchOn:e.lookup("ScpStatementType"),switchName:"type",switches:[["scpStPrepare","prepare"],["scpStConfirm","confirm"],["scpStExternalize","externalize"],["scpStNominate","nominate"]],arms:{prepare:e.lookup("ScpStatementPrepare"),confirm:e.lookup("ScpStatementConfirm"),externalize:e.lookup("ScpStatementExternalize"),nominate:e.lookup("ScpNomination")}}),e.struct("ScpStatement",[["nodeId",e.lookup("NodeId")],["slotIndex",e.lookup("Uint64")],["pledges",e.lookup("ScpStatementPledges")]]),e.struct("ScpEnvelope",[["statement",e.lookup("ScpStatement")],["signature",e.lookup("Signature")]]),e.struct("ScpQuorumSet",[["threshold",e.lookup("Uint32")],["validators",e.varArray(e.lookup("NodeId"),2147483647)],["innerSets",e.varArray(e.lookup("ScpQuorumSet"),2147483647)]]),e.typedef("Thresholds",e.opaque(4)),e.typedef("String32",e.string(32)),e.typedef("String64",e.string(64)),e.typedef("SequenceNumber",e.lookup("Int64")),e.typedef("DataValue",e.varOpaque(64)),e.typedef("PoolId",e.lookup("Hash")),e.typedef("AssetCode4",e.opaque(4)),e.typedef("AssetCode12",e.opaque(12)),e.enum("AssetType",{assetTypeNative:0,assetTypeCreditAlphanum4:1,assetTypeCreditAlphanum12:2,assetTypePoolShare:3}),e.union("AssetCode",{switchOn:e.lookup("AssetType"),switchName:"type",switches:[["assetTypeCreditAlphanum4","assetCode4"],["assetTypeCreditAlphanum12","assetCode12"]],arms:{assetCode4:e.lookup("AssetCode4"),assetCode12:e.lookup("AssetCode12")}}),e.struct("AlphaNum4",[["assetCode",e.lookup("AssetCode4")],["issuer",e.lookup("AccountId")]]),e.struct("AlphaNum12",[["assetCode",e.lookup("AssetCode12")],["issuer",e.lookup("AccountId")]]),e.union("Asset",{switchOn:e.lookup("AssetType"),switchName:"type",switches:[["assetTypeNative",e.void()],["assetTypeCreditAlphanum4","alphaNum4"],["assetTypeCreditAlphanum12","alphaNum12"]],arms:{alphaNum4:e.lookup("AlphaNum4"),alphaNum12:e.lookup("AlphaNum12")}}),e.struct("Price",[["n",e.lookup("Int32")],["d",e.lookup("Int32")]]),e.struct("Liabilities",[["buying",e.lookup("Int64")],["selling",e.lookup("Int64")]]),e.enum("ThresholdIndices",{thresholdMasterWeight:0,thresholdLow:1,thresholdMed:2,thresholdHigh:3}),e.enum("LedgerEntryType",{account:0,trustline:1,offer:2,data:3,claimableBalance:4,liquidityPool:5,contractData:6,contractCode:7,configSetting:8,ttl:9}),e.struct("Signer",[["key",e.lookup("SignerKey")],["weight",e.lookup("Uint32")]]),e.enum("AccountFlags",{authRequiredFlag:1,authRevocableFlag:2,authImmutableFlag:4,authClawbackEnabledFlag:8}),e.const("MASK_ACCOUNT_FLAGS",7),e.const("MASK_ACCOUNT_FLAGS_V17",15),e.const("MAX_SIGNERS",20),e.typedef("SponsorshipDescriptor",e.option(e.lookup("AccountId"))),e.struct("AccountEntryExtensionV3",[["ext",e.lookup("ExtensionPoint")],["seqLedger",e.lookup("Uint32")],["seqTime",e.lookup("TimePoint")]]),e.union("AccountEntryExtensionV2Ext",{switchOn:e.int(),switchName:"v",switches:[[0,e.void()],[3,"v3"]],arms:{v3:e.lookup("AccountEntryExtensionV3")}}),e.struct("AccountEntryExtensionV2",[["numSponsored",e.lookup("Uint32")],["numSponsoring",e.lookup("Uint32")],["signerSponsoringIDs",e.varArray(e.lookup("SponsorshipDescriptor"),e.lookup("MAX_SIGNERS"))],["ext",e.lookup("AccountEntryExtensionV2Ext")]]),e.union("AccountEntryExtensionV1Ext",{switchOn:e.int(),switchName:"v",switches:[[0,e.void()],[2,"v2"]],arms:{v2:e.lookup("AccountEntryExtensionV2")}}),e.struct("AccountEntryExtensionV1",[["liabilities",e.lookup("Liabilities")],["ext",e.lookup("AccountEntryExtensionV1Ext")]]),e.union("AccountEntryExt",{switchOn:e.int(),switchName:"v",switches:[[0,e.void()],[1,"v1"]],arms:{v1:e.lookup("AccountEntryExtensionV1")}}),e.struct("AccountEntry",[["accountId",e.lookup("AccountId")],["balance",e.lookup("Int64")],["seqNum",e.lookup("SequenceNumber")],["numSubEntries",e.lookup("Uint32")],["inflationDest",e.option(e.lookup("AccountId"))],["flags",e.lookup("Uint32")],["homeDomain",e.lookup("String32")],["thresholds",e.lookup("Thresholds")],["signers",e.varArray(e.lookup("Signer"),e.lookup("MAX_SIGNERS"))],["ext",e.lookup("AccountEntryExt")]]),e.enum("TrustLineFlags",{authorizedFlag:1,authorizedToMaintainLiabilitiesFlag:2,trustlineClawbackEnabledFlag:4}),e.const("MASK_TRUSTLINE_FLAGS",1),e.const("MASK_TRUSTLINE_FLAGS_V13",3),e.const("MASK_TRUSTLINE_FLAGS_V17",7),e.enum("LiquidityPoolType",{liquidityPoolConstantProduct:0}),e.union("TrustLineAsset",{switchOn:e.lookup("AssetType"),switchName:"type",switches:[["assetTypeNative",e.void()],["assetTypeCreditAlphanum4","alphaNum4"],["assetTypeCreditAlphanum12","alphaNum12"],["assetTypePoolShare","liquidityPoolId"]],arms:{alphaNum4:e.lookup("AlphaNum4"),alphaNum12:e.lookup("AlphaNum12"),liquidityPoolId:e.lookup("PoolId")}}),e.union("TrustLineEntryExtensionV2Ext",{switchOn:e.int(),switchName:"v",switches:[[0,e.void()]],arms:{}}),e.struct("TrustLineEntryExtensionV2",[["liquidityPoolUseCount",e.lookup("Int32")],["ext",e.lookup("TrustLineEntryExtensionV2Ext")]]),e.union("TrustLineEntryV1Ext",{switchOn:e.int(),switchName:"v",switches:[[0,e.void()],[2,"v2"]],arms:{v2:e.lookup("TrustLineEntryExtensionV2")}}),e.struct("TrustLineEntryV1",[["liabilities",e.lookup("Liabilities")],["ext",e.lookup("TrustLineEntryV1Ext")]]),e.union("TrustLineEntryExt",{switchOn:e.int(),switchName:"v",switches:[[0,e.void()],[1,"v1"]],arms:{v1:e.lookup("TrustLineEntryV1")}}),e.struct("TrustLineEntry",[["accountId",e.lookup("AccountId")],["asset",e.lookup("TrustLineAsset")],["balance",e.lookup("Int64")],["limit",e.lookup("Int64")],["flags",e.lookup("Uint32")],["ext",e.lookup("TrustLineEntryExt")]]),e.enum("OfferEntryFlags",{passiveFlag:1}),e.const("MASK_OFFERENTRY_FLAGS",1),e.union("OfferEntryExt",{switchOn:e.int(),switchName:"v",switches:[[0,e.void()]],arms:{}}),e.struct("OfferEntry",[["sellerId",e.lookup("AccountId")],["offerId",e.lookup("Int64")],["selling",e.lookup("Asset")],["buying",e.lookup("Asset")],["amount",e.lookup("Int64")],["price",e.lookup("Price")],["flags",e.lookup("Uint32")],["ext",e.lookup("OfferEntryExt")]]),e.union("DataEntryExt",{switchOn:e.int(),switchName:"v",switches:[[0,e.void()]],arms:{}}),e.struct("DataEntry",[["accountId",e.lookup("AccountId")],["dataName",e.lookup("String64")],["dataValue",e.lookup("DataValue")],["ext",e.lookup("DataEntryExt")]]),e.enum("ClaimPredicateType",{claimPredicateUnconditional:0,claimPredicateAnd:1,claimPredicateOr:2,claimPredicateNot:3,claimPredicateBeforeAbsoluteTime:4,claimPredicateBeforeRelativeTime:5}),e.union("ClaimPredicate",{switchOn:e.lookup("ClaimPredicateType"),switchName:"type",switches:[["claimPredicateUnconditional",e.void()],["claimPredicateAnd","andPredicates"],["claimPredicateOr","orPredicates"],["claimPredicateNot","notPredicate"],["claimPredicateBeforeAbsoluteTime","absBefore"],["claimPredicateBeforeRelativeTime","relBefore"]],arms:{andPredicates:e.varArray(e.lookup("ClaimPredicate"),2),orPredicates:e.varArray(e.lookup("ClaimPredicate"),2),notPredicate:e.option(e.lookup("ClaimPredicate")),absBefore:e.lookup("Int64"),relBefore:e.lookup("Int64")}}),e.enum("ClaimantType",{claimantTypeV0:0}),e.struct("ClaimantV0",[["destination",e.lookup("AccountId")],["predicate",e.lookup("ClaimPredicate")]]),e.union("Claimant",{switchOn:e.lookup("ClaimantType"),switchName:"type",switches:[["claimantTypeV0","v0"]],arms:{v0:e.lookup("ClaimantV0")}}),e.enum("ClaimableBalanceIdType",{claimableBalanceIdTypeV0:0}),e.union("ClaimableBalanceId",{switchOn:e.lookup("ClaimableBalanceIdType"),switchName:"type",switches:[["claimableBalanceIdTypeV0","v0"]],arms:{v0:e.lookup("Hash")}}),e.enum("ClaimableBalanceFlags",{claimableBalanceClawbackEnabledFlag:1}),e.const("MASK_CLAIMABLE_BALANCE_FLAGS",1),e.union("ClaimableBalanceEntryExtensionV1Ext",{switchOn:e.int(),switchName:"v",switches:[[0,e.void()]],arms:{}}),e.struct("ClaimableBalanceEntryExtensionV1",[["ext",e.lookup("ClaimableBalanceEntryExtensionV1Ext")],["flags",e.lookup("Uint32")]]),e.union("ClaimableBalanceEntryExt",{switchOn:e.int(),switchName:"v",switches:[[0,e.void()],[1,"v1"]],arms:{v1:e.lookup("ClaimableBalanceEntryExtensionV1")}}),e.struct("ClaimableBalanceEntry",[["balanceId",e.lookup("ClaimableBalanceId")],["claimants",e.varArray(e.lookup("Claimant"),10)],["asset",e.lookup("Asset")],["amount",e.lookup("Int64")],["ext",e.lookup("ClaimableBalanceEntryExt")]]),e.struct("LiquidityPoolConstantProductParameters",[["assetA",e.lookup("Asset")],["assetB",e.lookup("Asset")],["fee",e.lookup("Int32")]]),e.struct("LiquidityPoolEntryConstantProduct",[["params",e.lookup("LiquidityPoolConstantProductParameters")],["reserveA",e.lookup("Int64")],["reserveB",e.lookup("Int64")],["totalPoolShares",e.lookup("Int64")],["poolSharesTrustLineCount",e.lookup("Int64")]]),e.union("LiquidityPoolEntryBody",{switchOn:e.lookup("LiquidityPoolType"),switchName:"type",switches:[["liquidityPoolConstantProduct","constantProduct"]],arms:{constantProduct:e.lookup("LiquidityPoolEntryConstantProduct")}}),e.struct("LiquidityPoolEntry",[["liquidityPoolId",e.lookup("PoolId")],["body",e.lookup("LiquidityPoolEntryBody")]]),e.enum("ContractDataDurability",{temporary:0,persistent:1}),e.struct("ContractDataEntry",[["ext",e.lookup("ExtensionPoint")],["contract",e.lookup("ScAddress")],["key",e.lookup("ScVal")],["durability",e.lookup("ContractDataDurability")],["val",e.lookup("ScVal")]]),e.struct("ContractCodeEntry",[["ext",e.lookup("ExtensionPoint")],["hash",e.lookup("Hash")],["code",e.varOpaque()]]),e.struct("TtlEntry",[["keyHash",e.lookup("Hash")],["liveUntilLedgerSeq",e.lookup("Uint32")]]),e.union("LedgerEntryExtensionV1Ext",{switchOn:e.int(),switchName:"v",switches:[[0,e.void()]],arms:{}}),e.struct("LedgerEntryExtensionV1",[["sponsoringId",e.lookup("SponsorshipDescriptor")],["ext",e.lookup("LedgerEntryExtensionV1Ext")]]),e.union("LedgerEntryData",{switchOn:e.lookup("LedgerEntryType"),switchName:"type",switches:[["account","account"],["trustline","trustLine"],["offer","offer"],["data","data"],["claimableBalance","claimableBalance"],["liquidityPool","liquidityPool"],["contractData","contractData"],["contractCode","contractCode"],["configSetting","configSetting"],["ttl","ttl"]],arms:{account:e.lookup("AccountEntry"),trustLine:e.lookup("TrustLineEntry"),offer:e.lookup("OfferEntry"),data:e.lookup("DataEntry"),claimableBalance:e.lookup("ClaimableBalanceEntry"),liquidityPool:e.lookup("LiquidityPoolEntry"),contractData:e.lookup("ContractDataEntry"),contractCode:e.lookup("ContractCodeEntry"),configSetting:e.lookup("ConfigSettingEntry"),ttl:e.lookup("TtlEntry")}}),e.union("LedgerEntryExt",{switchOn:e.int(),switchName:"v",switches:[[0,e.void()],[1,"v1"]],arms:{v1:e.lookup("LedgerEntryExtensionV1")}}),e.struct("LedgerEntry",[["lastModifiedLedgerSeq",e.lookup("Uint32")],["data",e.lookup("LedgerEntryData")],["ext",e.lookup("LedgerEntryExt")]]),e.struct("LedgerKeyAccount",[["accountId",e.lookup("AccountId")]]),e.struct("LedgerKeyTrustLine",[["accountId",e.lookup("AccountId")],["asset",e.lookup("TrustLineAsset")]]),e.struct("LedgerKeyOffer",[["sellerId",e.lookup("AccountId")],["offerId",e.lookup("Int64")]]),e.struct("LedgerKeyData",[["accountId",e.lookup("AccountId")],["dataName",e.lookup("String64")]]),e.struct("LedgerKeyClaimableBalance",[["balanceId",e.lookup("ClaimableBalanceId")]]),e.struct("LedgerKeyLiquidityPool",[["liquidityPoolId",e.lookup("PoolId")]]),e.struct("LedgerKeyContractData",[["contract",e.lookup("ScAddress")],["key",e.lookup("ScVal")],["durability",e.lookup("ContractDataDurability")]]),e.struct("LedgerKeyContractCode",[["hash",e.lookup("Hash")]]),e.struct("LedgerKeyConfigSetting",[["configSettingId",e.lookup("ConfigSettingId")]]),e.struct("LedgerKeyTtl",[["keyHash",e.lookup("Hash")]]),e.union("LedgerKey",{switchOn:e.lookup("LedgerEntryType"),switchName:"type",switches:[["account","account"],["trustline","trustLine"],["offer","offer"],["data","data"],["claimableBalance","claimableBalance"],["liquidityPool","liquidityPool"],["contractData","contractData"],["contractCode","contractCode"],["configSetting","configSetting"],["ttl","ttl"]],arms:{account:e.lookup("LedgerKeyAccount"),trustLine:e.lookup("LedgerKeyTrustLine"),offer:e.lookup("LedgerKeyOffer"),data:e.lookup("LedgerKeyData"),claimableBalance:e.lookup("LedgerKeyClaimableBalance"),liquidityPool:e.lookup("LedgerKeyLiquidityPool"),contractData:e.lookup("LedgerKeyContractData"),contractCode:e.lookup("LedgerKeyContractCode"),configSetting:e.lookup("LedgerKeyConfigSetting"),ttl:e.lookup("LedgerKeyTtl")}}),e.enum("EnvelopeType",{envelopeTypeTxV0:0,envelopeTypeScp:1,envelopeTypeTx:2,envelopeTypeAuth:3,envelopeTypeScpvalue:4,envelopeTypeTxFeeBump:5,envelopeTypeOpId:6,envelopeTypePoolRevokeOpId:7,envelopeTypeContractId:8,envelopeTypeSorobanAuthorization:9}),e.typedef("UpgradeType",e.varOpaque(128)),e.enum("StellarValueType",{stellarValueBasic:0,stellarValueSigned:1}),e.struct("LedgerCloseValueSignature",[["nodeId",e.lookup("NodeId")],["signature",e.lookup("Signature")]]),e.union("StellarValueExt",{switchOn:e.lookup("StellarValueType"),switchName:"v",switches:[["stellarValueBasic",e.void()],["stellarValueSigned","lcValueSignature"]],arms:{lcValueSignature:e.lookup("LedgerCloseValueSignature")}}),e.struct("StellarValue",[["txSetHash",e.lookup("Hash")],["closeTime",e.lookup("TimePoint")],["upgrades",e.varArray(e.lookup("UpgradeType"),6)],["ext",e.lookup("StellarValueExt")]]),e.const("MASK_LEDGER_HEADER_FLAGS",7),e.enum("LedgerHeaderFlags",{disableLiquidityPoolTradingFlag:1,disableLiquidityPoolDepositFlag:2,disableLiquidityPoolWithdrawalFlag:4}),e.union("LedgerHeaderExtensionV1Ext",{switchOn:e.int(),switchName:"v",switches:[[0,e.void()]],arms:{}}),e.struct("LedgerHeaderExtensionV1",[["flags",e.lookup("Uint32")],["ext",e.lookup("LedgerHeaderExtensionV1Ext")]]),e.union("LedgerHeaderExt",{switchOn:e.int(),switchName:"v",switches:[[0,e.void()],[1,"v1"]],arms:{v1:e.lookup("LedgerHeaderExtensionV1")}}),e.struct("LedgerHeader",[["ledgerVersion",e.lookup("Uint32")],["previousLedgerHash",e.lookup("Hash")],["scpValue",e.lookup("StellarValue")],["txSetResultHash",e.lookup("Hash")],["bucketListHash",e.lookup("Hash")],["ledgerSeq",e.lookup("Uint32")],["totalCoins",e.lookup("Int64")],["feePool",e.lookup("Int64")],["inflationSeq",e.lookup("Uint32")],["idPool",e.lookup("Uint64")],["baseFee",e.lookup("Uint32")],["baseReserve",e.lookup("Uint32")],["maxTxSetSize",e.lookup("Uint32")],["skipList",e.array(e.lookup("Hash"),4)],["ext",e.lookup("LedgerHeaderExt")]]),e.enum("LedgerUpgradeType",{ledgerUpgradeVersion:1,ledgerUpgradeBaseFee:2,ledgerUpgradeMaxTxSetSize:3,ledgerUpgradeBaseReserve:4,ledgerUpgradeFlags:5,ledgerUpgradeConfig:6,ledgerUpgradeMaxSorobanTxSetSize:7}),e.struct("ConfigUpgradeSetKey",[["contractId",e.lookup("Hash")],["contentHash",e.lookup("Hash")]]),e.union("LedgerUpgrade",{switchOn:e.lookup("LedgerUpgradeType"),switchName:"type",switches:[["ledgerUpgradeVersion","newLedgerVersion"],["ledgerUpgradeBaseFee","newBaseFee"],["ledgerUpgradeMaxTxSetSize","newMaxTxSetSize"],["ledgerUpgradeBaseReserve","newBaseReserve"],["ledgerUpgradeFlags","newFlags"],["ledgerUpgradeConfig","newConfig"],["ledgerUpgradeMaxSorobanTxSetSize","newMaxSorobanTxSetSize"]],arms:{newLedgerVersion:e.lookup("Uint32"),newBaseFee:e.lookup("Uint32"),newMaxTxSetSize:e.lookup("Uint32"),newBaseReserve:e.lookup("Uint32"),newFlags:e.lookup("Uint32"),newConfig:e.lookup("ConfigUpgradeSetKey"),newMaxSorobanTxSetSize:e.lookup("Uint32")}}),e.struct("ConfigUpgradeSet",[["updatedEntry",e.varArray(e.lookup("ConfigSettingEntry"),2147483647)]]),e.enum("BucketEntryType",{metaentry:-1,liveentry:0,deadentry:1,initentry:2}),e.union("BucketMetadataExt",{switchOn:e.int(),switchName:"v",switches:[[0,e.void()]],arms:{}}),e.struct("BucketMetadata",[["ledgerVersion",e.lookup("Uint32")],["ext",e.lookup("BucketMetadataExt")]]),e.union("BucketEntry",{switchOn:e.lookup("BucketEntryType"),switchName:"type",switches:[["liveentry","liveEntry"],["initentry","liveEntry"],["deadentry","deadEntry"],["metaentry","metaEntry"]],arms:{liveEntry:e.lookup("LedgerEntry"),deadEntry:e.lookup("LedgerKey"),metaEntry:e.lookup("BucketMetadata")}}),e.enum("TxSetComponentType",{txsetCompTxsMaybeDiscountedFee:0}),e.struct("TxSetComponentTxsMaybeDiscountedFee",[["baseFee",e.option(e.lookup("Int64"))],["txes",e.varArray(e.lookup("TransactionEnvelope"),2147483647)]]),e.union("TxSetComponent",{switchOn:e.lookup("TxSetComponentType"),switchName:"type",switches:[["txsetCompTxsMaybeDiscountedFee","txsMaybeDiscountedFee"]],arms:{txsMaybeDiscountedFee:e.lookup("TxSetComponentTxsMaybeDiscountedFee")}}),e.union("TransactionPhase",{switchOn:e.int(),switchName:"v",switches:[[0,"v0Components"]],arms:{v0Components:e.varArray(e.lookup("TxSetComponent"),2147483647)}}),e.struct("TransactionSet",[["previousLedgerHash",e.lookup("Hash")],["txes",e.varArray(e.lookup("TransactionEnvelope"),2147483647)]]),e.struct("TransactionSetV1",[["previousLedgerHash",e.lookup("Hash")],["phases",e.varArray(e.lookup("TransactionPhase"),2147483647)]]),e.union("GeneralizedTransactionSet",{switchOn:e.int(),switchName:"v",switches:[[1,"v1TxSet"]],arms:{v1TxSet:e.lookup("TransactionSetV1")}}),e.struct("TransactionResultPair",[["transactionHash",e.lookup("Hash")],["result",e.lookup("TransactionResult")]]),e.struct("TransactionResultSet",[["results",e.varArray(e.lookup("TransactionResultPair"),2147483647)]]),e.union("TransactionHistoryEntryExt",{switchOn:e.int(),switchName:"v",switches:[[0,e.void()],[1,"generalizedTxSet"]],arms:{generalizedTxSet:e.lookup("GeneralizedTransactionSet")}}),e.struct("TransactionHistoryEntry",[["ledgerSeq",e.lookup("Uint32")],["txSet",e.lookup("TransactionSet")],["ext",e.lookup("TransactionHistoryEntryExt")]]),e.union("TransactionHistoryResultEntryExt",{switchOn:e.int(),switchName:"v",switches:[[0,e.void()]],arms:{}}),e.struct("TransactionHistoryResultEntry",[["ledgerSeq",e.lookup("Uint32")],["txResultSet",e.lookup("TransactionResultSet")],["ext",e.lookup("TransactionHistoryResultEntryExt")]]),e.union("LedgerHeaderHistoryEntryExt",{switchOn:e.int(),switchName:"v",switches:[[0,e.void()]],arms:{}}),e.struct("LedgerHeaderHistoryEntry",[["hash",e.lookup("Hash")],["header",e.lookup("LedgerHeader")],["ext",e.lookup("LedgerHeaderHistoryEntryExt")]]),e.struct("LedgerScpMessages",[["ledgerSeq",e.lookup("Uint32")],["messages",e.varArray(e.lookup("ScpEnvelope"),2147483647)]]),e.struct("ScpHistoryEntryV0",[["quorumSets",e.varArray(e.lookup("ScpQuorumSet"),2147483647)],["ledgerMessages",e.lookup("LedgerScpMessages")]]),e.union("ScpHistoryEntry",{switchOn:e.int(),switchName:"v",switches:[[0,"v0"]],arms:{v0:e.lookup("ScpHistoryEntryV0")}}),e.enum("LedgerEntryChangeType",{ledgerEntryCreated:0,ledgerEntryUpdated:1,ledgerEntryRemoved:2,ledgerEntryState:3}),e.union("LedgerEntryChange",{switchOn:e.lookup("LedgerEntryChangeType"),switchName:"type",switches:[["ledgerEntryCreated","created"],["ledgerEntryUpdated","updated"],["ledgerEntryRemoved","removed"],["ledgerEntryState","state"]],arms:{created:e.lookup("LedgerEntry"),updated:e.lookup("LedgerEntry"),removed:e.lookup("LedgerKey"),state:e.lookup("LedgerEntry")}}),e.typedef("LedgerEntryChanges",e.varArray(e.lookup("LedgerEntryChange"),2147483647)),e.struct("OperationMeta",[["changes",e.lookup("LedgerEntryChanges")]]),e.struct("TransactionMetaV1",[["txChanges",e.lookup("LedgerEntryChanges")],["operations",e.varArray(e.lookup("OperationMeta"),2147483647)]]),e.struct("TransactionMetaV2",[["txChangesBefore",e.lookup("LedgerEntryChanges")],["operations",e.varArray(e.lookup("OperationMeta"),2147483647)],["txChangesAfter",e.lookup("LedgerEntryChanges")]]),e.enum("ContractEventType",{system:0,contract:1,diagnostic:2}),e.struct("ContractEventV0",[["topics",e.varArray(e.lookup("ScVal"),2147483647)],["data",e.lookup("ScVal")]]),e.union("ContractEventBody",{switchOn:e.int(),switchName:"v",switches:[[0,"v0"]],arms:{v0:e.lookup("ContractEventV0")}}),e.struct("ContractEvent",[["ext",e.lookup("ExtensionPoint")],["contractId",e.option(e.lookup("Hash"))],["type",e.lookup("ContractEventType")],["body",e.lookup("ContractEventBody")]]),e.struct("DiagnosticEvent",[["inSuccessfulContractCall",e.bool()],["event",e.lookup("ContractEvent")]]),e.struct("SorobanTransactionMeta",[["ext",e.lookup("ExtensionPoint")],["events",e.varArray(e.lookup("ContractEvent"),2147483647)],["returnValue",e.lookup("ScVal")],["diagnosticEvents",e.varArray(e.lookup("DiagnosticEvent"),2147483647)]]),e.struct("TransactionMetaV3",[["ext",e.lookup("ExtensionPoint")],["txChangesBefore",e.lookup("LedgerEntryChanges")],["operations",e.varArray(e.lookup("OperationMeta"),2147483647)],["txChangesAfter",e.lookup("LedgerEntryChanges")],["sorobanMeta",e.option(e.lookup("SorobanTransactionMeta"))]]),e.struct("InvokeHostFunctionSuccessPreImage",[["returnValue",e.lookup("ScVal")],["events",e.varArray(e.lookup("ContractEvent"),2147483647)]]),e.union("TransactionMeta",{switchOn:e.int(),switchName:"v",switches:[[0,"operations"],[1,"v1"],[2,"v2"],[3,"v3"]],arms:{operations:e.varArray(e.lookup("OperationMeta"),2147483647),v1:e.lookup("TransactionMetaV1"),v2:e.lookup("TransactionMetaV2"),v3:e.lookup("TransactionMetaV3")}}),e.struct("TransactionResultMeta",[["result",e.lookup("TransactionResultPair")],["feeProcessing",e.lookup("LedgerEntryChanges")],["txApplyProcessing",e.lookup("TransactionMeta")]]),e.struct("UpgradeEntryMeta",[["upgrade",e.lookup("LedgerUpgrade")],["changes",e.lookup("LedgerEntryChanges")]]),e.struct("LedgerCloseMetaV0",[["ledgerHeader",e.lookup("LedgerHeaderHistoryEntry")],["txSet",e.lookup("TransactionSet")],["txProcessing",e.varArray(e.lookup("TransactionResultMeta"),2147483647)],["upgradesProcessing",e.varArray(e.lookup("UpgradeEntryMeta"),2147483647)],["scpInfo",e.varArray(e.lookup("ScpHistoryEntry"),2147483647)]]),e.struct("LedgerCloseMetaV1",[["ext",e.lookup("ExtensionPoint")],["ledgerHeader",e.lookup("LedgerHeaderHistoryEntry")],["txSet",e.lookup("GeneralizedTransactionSet")],["txProcessing",e.varArray(e.lookup("TransactionResultMeta"),2147483647)],["upgradesProcessing",e.varArray(e.lookup("UpgradeEntryMeta"),2147483647)],["scpInfo",e.varArray(e.lookup("ScpHistoryEntry"),2147483647)],["totalByteSizeOfBucketList",e.lookup("Uint64")],["evictedTemporaryLedgerKeys",e.varArray(e.lookup("LedgerKey"),2147483647)],["evictedPersistentLedgerEntries",e.varArray(e.lookup("LedgerEntry"),2147483647)]]),e.union("LedgerCloseMeta",{switchOn:e.int(),switchName:"v",switches:[[0,"v0"],[1,"v1"]],arms:{v0:e.lookup("LedgerCloseMetaV0"),v1:e.lookup("LedgerCloseMetaV1")}}),e.enum("ErrorCode",{errMisc:0,errData:1,errConf:2,errAuth:3,errLoad:4}),e.struct("Error",[["code",e.lookup("ErrorCode")],["msg",e.string(100)]]),e.struct("SendMore",[["numMessages",e.lookup("Uint32")]]),e.struct("SendMoreExtended",[["numMessages",e.lookup("Uint32")],["numBytes",e.lookup("Uint32")]]),e.struct("AuthCert",[["pubkey",e.lookup("Curve25519Public")],["expiration",e.lookup("Uint64")],["sig",e.lookup("Signature")]]),e.struct("Hello",[["ledgerVersion",e.lookup("Uint32")],["overlayVersion",e.lookup("Uint32")],["overlayMinVersion",e.lookup("Uint32")],["networkId",e.lookup("Hash")],["versionStr",e.string(100)],["listeningPort",e.int()],["peerId",e.lookup("NodeId")],["cert",e.lookup("AuthCert")],["nonce",e.lookup("Uint256")]]),e.const("AUTH_MSG_FLAG_FLOW_CONTROL_BYTES_REQUESTED",200),e.struct("Auth",[["flags",e.int()]]),e.enum("IpAddrType",{iPv4:0,iPv6:1}),e.union("PeerAddressIp",{switchOn:e.lookup("IpAddrType"),switchName:"type",switches:[["iPv4","ipv4"],["iPv6","ipv6"]],arms:{ipv4:e.opaque(4),ipv6:e.opaque(16)}}),e.struct("PeerAddress",[["ip",e.lookup("PeerAddressIp")],["port",e.lookup("Uint32")],["numFailures",e.lookup("Uint32")]]),e.enum("MessageType",{errorMsg:0,auth:2,dontHave:3,getPeers:4,peers:5,getTxSet:6,txSet:7,generalizedTxSet:17,transaction:8,getScpQuorumset:9,scpQuorumset:10,scpMessage:11,getScpState:12,hello:13,surveyRequest:14,surveyResponse:15,sendMore:16,sendMoreExtended:20,floodAdvert:18,floodDemand:19}),e.struct("DontHave",[["type",e.lookup("MessageType")],["reqHash",e.lookup("Uint256")]]),e.enum("SurveyMessageCommandType",{surveyTopology:0}),e.enum("SurveyMessageResponseType",{surveyTopologyResponseV0:0,surveyTopologyResponseV1:1}),e.struct("SurveyRequestMessage",[["surveyorPeerId",e.lookup("NodeId")],["surveyedPeerId",e.lookup("NodeId")],["ledgerNum",e.lookup("Uint32")],["encryptionKey",e.lookup("Curve25519Public")],["commandType",e.lookup("SurveyMessageCommandType")]]),e.struct("SignedSurveyRequestMessage",[["requestSignature",e.lookup("Signature")],["request",e.lookup("SurveyRequestMessage")]]),e.typedef("EncryptedBody",e.varOpaque(64e3)),e.struct("SurveyResponseMessage",[["surveyorPeerId",e.lookup("NodeId")],["surveyedPeerId",e.lookup("NodeId")],["ledgerNum",e.lookup("Uint32")],["commandType",e.lookup("SurveyMessageCommandType")],["encryptedBody",e.lookup("EncryptedBody")]]),e.struct("SignedSurveyResponseMessage",[["responseSignature",e.lookup("Signature")],["response",e.lookup("SurveyResponseMessage")]]),e.struct("PeerStats",[["id",e.lookup("NodeId")],["versionStr",e.string(100)],["messagesRead",e.lookup("Uint64")],["messagesWritten",e.lookup("Uint64")],["bytesRead",e.lookup("Uint64")],["bytesWritten",e.lookup("Uint64")],["secondsConnected",e.lookup("Uint64")],["uniqueFloodBytesRecv",e.lookup("Uint64")],["duplicateFloodBytesRecv",e.lookup("Uint64")],["uniqueFetchBytesRecv",e.lookup("Uint64")],["duplicateFetchBytesRecv",e.lookup("Uint64")],["uniqueFloodMessageRecv",e.lookup("Uint64")],["duplicateFloodMessageRecv",e.lookup("Uint64")],["uniqueFetchMessageRecv",e.lookup("Uint64")],["duplicateFetchMessageRecv",e.lookup("Uint64")]]),e.typedef("PeerStatList",e.varArray(e.lookup("PeerStats"),25)),e.struct("TopologyResponseBodyV0",[["inboundPeers",e.lookup("PeerStatList")],["outboundPeers",e.lookup("PeerStatList")],["totalInboundPeerCount",e.lookup("Uint32")],["totalOutboundPeerCount",e.lookup("Uint32")]]),e.struct("TopologyResponseBodyV1",[["inboundPeers",e.lookup("PeerStatList")],["outboundPeers",e.lookup("PeerStatList")],["totalInboundPeerCount",e.lookup("Uint32")],["totalOutboundPeerCount",e.lookup("Uint32")],["maxInboundPeerCount",e.lookup("Uint32")],["maxOutboundPeerCount",e.lookup("Uint32")]]),e.union("SurveyResponseBody",{switchOn:e.lookup("SurveyMessageResponseType"),switchName:"type",switches:[["surveyTopologyResponseV0","topologyResponseBodyV0"],["surveyTopologyResponseV1","topologyResponseBodyV1"]],arms:{topologyResponseBodyV0:e.lookup("TopologyResponseBodyV0"),topologyResponseBodyV1:e.lookup("TopologyResponseBodyV1")}}),e.const("TX_ADVERT_VECTOR_MAX_SIZE",1e3),e.typedef("TxAdvertVector",e.varArray(e.lookup("Hash"),e.lookup("TX_ADVERT_VECTOR_MAX_SIZE"))),e.struct("FloodAdvert",[["txHashes",e.lookup("TxAdvertVector")]]),e.const("TX_DEMAND_VECTOR_MAX_SIZE",1e3),e.typedef("TxDemandVector",e.varArray(e.lookup("Hash"),e.lookup("TX_DEMAND_VECTOR_MAX_SIZE"))),e.struct("FloodDemand",[["txHashes",e.lookup("TxDemandVector")]]),e.union("StellarMessage",{switchOn:e.lookup("MessageType"),switchName:"type",switches:[["errorMsg","error"],["hello","hello"],["auth","auth"],["dontHave","dontHave"],["getPeers",e.void()],["peers","peers"],["getTxSet","txSetHash"],["txSet","txSet"],["generalizedTxSet","generalizedTxSet"],["transaction","transaction"],["surveyRequest","signedSurveyRequestMessage"],["surveyResponse","signedSurveyResponseMessage"],["getScpQuorumset","qSetHash"],["scpQuorumset","qSet"],["scpMessage","envelope"],["getScpState","getScpLedgerSeq"],["sendMore","sendMoreMessage"],["sendMoreExtended","sendMoreExtendedMessage"],["floodAdvert","floodAdvert"],["floodDemand","floodDemand"]],arms:{error:e.lookup("Error"),hello:e.lookup("Hello"),auth:e.lookup("Auth"),dontHave:e.lookup("DontHave"),peers:e.varArray(e.lookup("PeerAddress"),100),txSetHash:e.lookup("Uint256"),txSet:e.lookup("TransactionSet"),generalizedTxSet:e.lookup("GeneralizedTransactionSet"),transaction:e.lookup("TransactionEnvelope"),signedSurveyRequestMessage:e.lookup("SignedSurveyRequestMessage"),signedSurveyResponseMessage:e.lookup("SignedSurveyResponseMessage"),qSetHash:e.lookup("Uint256"),qSet:e.lookup("ScpQuorumSet"),envelope:e.lookup("ScpEnvelope"),getScpLedgerSeq:e.lookup("Uint32"),sendMoreMessage:e.lookup("SendMore"),sendMoreExtendedMessage:e.lookup("SendMoreExtended"),floodAdvert:e.lookup("FloodAdvert"),floodDemand:e.lookup("FloodDemand")}}),e.struct("AuthenticatedMessageV0",[["sequence",e.lookup("Uint64")],["message",e.lookup("StellarMessage")],["mac",e.lookup("HmacSha256Mac")]]),e.union("AuthenticatedMessage",{switchOn:e.lookup("Uint32"),switchName:"v",switches:[[0,"v0"]],arms:{v0:e.lookup("AuthenticatedMessageV0")}}),e.const("MAX_OPS_PER_TX",100),e.union("LiquidityPoolParameters",{switchOn:e.lookup("LiquidityPoolType"),switchName:"type",switches:[["liquidityPoolConstantProduct","constantProduct"]],arms:{constantProduct:e.lookup("LiquidityPoolConstantProductParameters")}}),e.struct("MuxedAccountMed25519",[["id",e.lookup("Uint64")],["ed25519",e.lookup("Uint256")]]),e.union("MuxedAccount",{switchOn:e.lookup("CryptoKeyType"),switchName:"type",switches:[["keyTypeEd25519","ed25519"],["keyTypeMuxedEd25519","med25519"]],arms:{ed25519:e.lookup("Uint256"),med25519:e.lookup("MuxedAccountMed25519")}}),e.struct("DecoratedSignature",[["hint",e.lookup("SignatureHint")],["signature",e.lookup("Signature")]]),e.enum("OperationType",{createAccount:0,payment:1,pathPaymentStrictReceive:2,manageSellOffer:3,createPassiveSellOffer:4,setOptions:5,changeTrust:6,allowTrust:7,accountMerge:8,inflation:9,manageData:10,bumpSequence:11,manageBuyOffer:12,pathPaymentStrictSend:13,createClaimableBalance:14,claimClaimableBalance:15,beginSponsoringFutureReserves:16,endSponsoringFutureReserves:17,revokeSponsorship:18,clawback:19,clawbackClaimableBalance:20,setTrustLineFlags:21,liquidityPoolDeposit:22,liquidityPoolWithdraw:23,invokeHostFunction:24,extendFootprintTtl:25,restoreFootprint:26}),e.struct("CreateAccountOp",[["destination",e.lookup("AccountId")],["startingBalance",e.lookup("Int64")]]),e.struct("PaymentOp",[["destination",e.lookup("MuxedAccount")],["asset",e.lookup("Asset")],["amount",e.lookup("Int64")]]),e.struct("PathPaymentStrictReceiveOp",[["sendAsset",e.lookup("Asset")],["sendMax",e.lookup("Int64")],["destination",e.lookup("MuxedAccount")],["destAsset",e.lookup("Asset")],["destAmount",e.lookup("Int64")],["path",e.varArray(e.lookup("Asset"),5)]]),e.struct("PathPaymentStrictSendOp",[["sendAsset",e.lookup("Asset")],["sendAmount",e.lookup("Int64")],["destination",e.lookup("MuxedAccount")],["destAsset",e.lookup("Asset")],["destMin",e.lookup("Int64")],["path",e.varArray(e.lookup("Asset"),5)]]),e.struct("ManageSellOfferOp",[["selling",e.lookup("Asset")],["buying",e.lookup("Asset")],["amount",e.lookup("Int64")],["price",e.lookup("Price")],["offerId",e.lookup("Int64")]]),e.struct("ManageBuyOfferOp",[["selling",e.lookup("Asset")],["buying",e.lookup("Asset")],["buyAmount",e.lookup("Int64")],["price",e.lookup("Price")],["offerId",e.lookup("Int64")]]),e.struct("CreatePassiveSellOfferOp",[["selling",e.lookup("Asset")],["buying",e.lookup("Asset")],["amount",e.lookup("Int64")],["price",e.lookup("Price")]]),e.struct("SetOptionsOp",[["inflationDest",e.option(e.lookup("AccountId"))],["clearFlags",e.option(e.lookup("Uint32"))],["setFlags",e.option(e.lookup("Uint32"))],["masterWeight",e.option(e.lookup("Uint32"))],["lowThreshold",e.option(e.lookup("Uint32"))],["medThreshold",e.option(e.lookup("Uint32"))],["highThreshold",e.option(e.lookup("Uint32"))],["homeDomain",e.option(e.lookup("String32"))],["signer",e.option(e.lookup("Signer"))]]),e.union("ChangeTrustAsset",{switchOn:e.lookup("AssetType"),switchName:"type",switches:[["assetTypeNative",e.void()],["assetTypeCreditAlphanum4","alphaNum4"],["assetTypeCreditAlphanum12","alphaNum12"],["assetTypePoolShare","liquidityPool"]],arms:{alphaNum4:e.lookup("AlphaNum4"),alphaNum12:e.lookup("AlphaNum12"),liquidityPool:e.lookup("LiquidityPoolParameters")}}),e.struct("ChangeTrustOp",[["line",e.lookup("ChangeTrustAsset")],["limit",e.lookup("Int64")]]),e.struct("AllowTrustOp",[["trustor",e.lookup("AccountId")],["asset",e.lookup("AssetCode")],["authorize",e.lookup("Uint32")]]),e.struct("ManageDataOp",[["dataName",e.lookup("String64")],["dataValue",e.option(e.lookup("DataValue"))]]),e.struct("BumpSequenceOp",[["bumpTo",e.lookup("SequenceNumber")]]),e.struct("CreateClaimableBalanceOp",[["asset",e.lookup("Asset")],["amount",e.lookup("Int64")],["claimants",e.varArray(e.lookup("Claimant"),10)]]),e.struct("ClaimClaimableBalanceOp",[["balanceId",e.lookup("ClaimableBalanceId")]]),e.struct("BeginSponsoringFutureReservesOp",[["sponsoredId",e.lookup("AccountId")]]),e.enum("RevokeSponsorshipType",{revokeSponsorshipLedgerEntry:0,revokeSponsorshipSigner:1}),e.struct("RevokeSponsorshipOpSigner",[["accountId",e.lookup("AccountId")],["signerKey",e.lookup("SignerKey")]]),e.union("RevokeSponsorshipOp",{switchOn:e.lookup("RevokeSponsorshipType"),switchName:"type",switches:[["revokeSponsorshipLedgerEntry","ledgerKey"],["revokeSponsorshipSigner","signer"]],arms:{ledgerKey:e.lookup("LedgerKey"),signer:e.lookup("RevokeSponsorshipOpSigner")}}),e.struct("ClawbackOp",[["asset",e.lookup("Asset")],["from",e.lookup("MuxedAccount")],["amount",e.lookup("Int64")]]),e.struct("ClawbackClaimableBalanceOp",[["balanceId",e.lookup("ClaimableBalanceId")]]),e.struct("SetTrustLineFlagsOp",[["trustor",e.lookup("AccountId")],["asset",e.lookup("Asset")],["clearFlags",e.lookup("Uint32")],["setFlags",e.lookup("Uint32")]]),e.const("LIQUIDITY_POOL_FEE_V18",30),e.struct("LiquidityPoolDepositOp",[["liquidityPoolId",e.lookup("PoolId")],["maxAmountA",e.lookup("Int64")],["maxAmountB",e.lookup("Int64")],["minPrice",e.lookup("Price")],["maxPrice",e.lookup("Price")]]),e.struct("LiquidityPoolWithdrawOp",[["liquidityPoolId",e.lookup("PoolId")],["amount",e.lookup("Int64")],["minAmountA",e.lookup("Int64")],["minAmountB",e.lookup("Int64")]]),e.enum("HostFunctionType",{hostFunctionTypeInvokeContract:0,hostFunctionTypeCreateContract:1,hostFunctionTypeUploadContractWasm:2}),e.enum("ContractIdPreimageType",{contractIdPreimageFromAddress:0,contractIdPreimageFromAsset:1}),e.struct("ContractIdPreimageFromAddress",[["address",e.lookup("ScAddress")],["salt",e.lookup("Uint256")]]),e.union("ContractIdPreimage",{switchOn:e.lookup("ContractIdPreimageType"),switchName:"type",switches:[["contractIdPreimageFromAddress","fromAddress"],["contractIdPreimageFromAsset","fromAsset"]],arms:{fromAddress:e.lookup("ContractIdPreimageFromAddress"),fromAsset:e.lookup("Asset")}}),e.struct("CreateContractArgs",[["contractIdPreimage",e.lookup("ContractIdPreimage")],["executable",e.lookup("ContractExecutable")]]),e.struct("InvokeContractArgs",[["contractAddress",e.lookup("ScAddress")],["functionName",e.lookup("ScSymbol")],["args",e.varArray(e.lookup("ScVal"),2147483647)]]),e.union("HostFunction",{switchOn:e.lookup("HostFunctionType"),switchName:"type",switches:[["hostFunctionTypeInvokeContract","invokeContract"],["hostFunctionTypeCreateContract","createContract"],["hostFunctionTypeUploadContractWasm","wasm"]],arms:{invokeContract:e.lookup("InvokeContractArgs"),createContract:e.lookup("CreateContractArgs"),wasm:e.varOpaque()}}),e.enum("SorobanAuthorizedFunctionType",{sorobanAuthorizedFunctionTypeContractFn:0,sorobanAuthorizedFunctionTypeCreateContractHostFn:1}),e.union("SorobanAuthorizedFunction",{switchOn:e.lookup("SorobanAuthorizedFunctionType"),switchName:"type",switches:[["sorobanAuthorizedFunctionTypeContractFn","contractFn"],["sorobanAuthorizedFunctionTypeCreateContractHostFn","createContractHostFn"]],arms:{contractFn:e.lookup("InvokeContractArgs"),createContractHostFn:e.lookup("CreateContractArgs")}}),e.struct("SorobanAuthorizedInvocation",[["function",e.lookup("SorobanAuthorizedFunction")],["subInvocations",e.varArray(e.lookup("SorobanAuthorizedInvocation"),2147483647)]]),e.struct("SorobanAddressCredentials",[["address",e.lookup("ScAddress")],["nonce",e.lookup("Int64")],["signatureExpirationLedger",e.lookup("Uint32")],["signature",e.lookup("ScVal")]]),e.enum("SorobanCredentialsType",{sorobanCredentialsSourceAccount:0,sorobanCredentialsAddress:1}),e.union("SorobanCredentials",{switchOn:e.lookup("SorobanCredentialsType"),switchName:"type",switches:[["sorobanCredentialsSourceAccount",e.void()],["sorobanCredentialsAddress","address"]],arms:{address:e.lookup("SorobanAddressCredentials")}}),e.struct("SorobanAuthorizationEntry",[["credentials",e.lookup("SorobanCredentials")],["rootInvocation",e.lookup("SorobanAuthorizedInvocation")]]),e.struct("InvokeHostFunctionOp",[["hostFunction",e.lookup("HostFunction")],["auth",e.varArray(e.lookup("SorobanAuthorizationEntry"),2147483647)]]),e.struct("ExtendFootprintTtlOp",[["ext",e.lookup("ExtensionPoint")],["extendTo",e.lookup("Uint32")]]),e.struct("RestoreFootprintOp",[["ext",e.lookup("ExtensionPoint")]]),e.union("OperationBody",{switchOn:e.lookup("OperationType"),switchName:"type",switches:[["createAccount","createAccountOp"],["payment","paymentOp"],["pathPaymentStrictReceive","pathPaymentStrictReceiveOp"],["manageSellOffer","manageSellOfferOp"],["createPassiveSellOffer","createPassiveSellOfferOp"],["setOptions","setOptionsOp"],["changeTrust","changeTrustOp"],["allowTrust","allowTrustOp"],["accountMerge","destination"],["inflation",e.void()],["manageData","manageDataOp"],["bumpSequence","bumpSequenceOp"],["manageBuyOffer","manageBuyOfferOp"],["pathPaymentStrictSend","pathPaymentStrictSendOp"],["createClaimableBalance","createClaimableBalanceOp"],["claimClaimableBalance","claimClaimableBalanceOp"],["beginSponsoringFutureReserves","beginSponsoringFutureReservesOp"],["endSponsoringFutureReserves",e.void()],["revokeSponsorship","revokeSponsorshipOp"],["clawback","clawbackOp"],["clawbackClaimableBalance","clawbackClaimableBalanceOp"],["setTrustLineFlags","setTrustLineFlagsOp"],["liquidityPoolDeposit","liquidityPoolDepositOp"],["liquidityPoolWithdraw","liquidityPoolWithdrawOp"],["invokeHostFunction","invokeHostFunctionOp"],["extendFootprintTtl","extendFootprintTtlOp"],["restoreFootprint","restoreFootprintOp"]],arms:{createAccountOp:e.lookup("CreateAccountOp"),paymentOp:e.lookup("PaymentOp"),pathPaymentStrictReceiveOp:e.lookup("PathPaymentStrictReceiveOp"),manageSellOfferOp:e.lookup("ManageSellOfferOp"),createPassiveSellOfferOp:e.lookup("CreatePassiveSellOfferOp"),setOptionsOp:e.lookup("SetOptionsOp"),changeTrustOp:e.lookup("ChangeTrustOp"),allowTrustOp:e.lookup("AllowTrustOp"),destination:e.lookup("MuxedAccount"),manageDataOp:e.lookup("ManageDataOp"),bumpSequenceOp:e.lookup("BumpSequenceOp"),manageBuyOfferOp:e.lookup("ManageBuyOfferOp"),pathPaymentStrictSendOp:e.lookup("PathPaymentStrictSendOp"),createClaimableBalanceOp:e.lookup("CreateClaimableBalanceOp"),claimClaimableBalanceOp:e.lookup("ClaimClaimableBalanceOp"),beginSponsoringFutureReservesOp:e.lookup("BeginSponsoringFutureReservesOp"),revokeSponsorshipOp:e.lookup("RevokeSponsorshipOp"),clawbackOp:e.lookup("ClawbackOp"),clawbackClaimableBalanceOp:e.lookup("ClawbackClaimableBalanceOp"),setTrustLineFlagsOp:e.lookup("SetTrustLineFlagsOp"),liquidityPoolDepositOp:e.lookup("LiquidityPoolDepositOp"),liquidityPoolWithdrawOp:e.lookup("LiquidityPoolWithdrawOp"),invokeHostFunctionOp:e.lookup("InvokeHostFunctionOp"),extendFootprintTtlOp:e.lookup("ExtendFootprintTtlOp"),restoreFootprintOp:e.lookup("RestoreFootprintOp")}}),e.struct("Operation",[["sourceAccount",e.option(e.lookup("MuxedAccount"))],["body",e.lookup("OperationBody")]]),e.struct("HashIdPreimageOperationId",[["sourceAccount",e.lookup("AccountId")],["seqNum",e.lookup("SequenceNumber")],["opNum",e.lookup("Uint32")]]),e.struct("HashIdPreimageRevokeId",[["sourceAccount",e.lookup("AccountId")],["seqNum",e.lookup("SequenceNumber")],["opNum",e.lookup("Uint32")],["liquidityPoolId",e.lookup("PoolId")],["asset",e.lookup("Asset")]]),e.struct("HashIdPreimageContractId",[["networkId",e.lookup("Hash")],["contractIdPreimage",e.lookup("ContractIdPreimage")]]),e.struct("HashIdPreimageSorobanAuthorization",[["networkId",e.lookup("Hash")],["nonce",e.lookup("Int64")],["signatureExpirationLedger",e.lookup("Uint32")],["invocation",e.lookup("SorobanAuthorizedInvocation")]]),e.union("HashIdPreimage",{switchOn:e.lookup("EnvelopeType"),switchName:"type",switches:[["envelopeTypeOpId","operationId"],["envelopeTypePoolRevokeOpId","revokeId"],["envelopeTypeContractId","contractId"],["envelopeTypeSorobanAuthorization","sorobanAuthorization"]],arms:{operationId:e.lookup("HashIdPreimageOperationId"),revokeId:e.lookup("HashIdPreimageRevokeId"),contractId:e.lookup("HashIdPreimageContractId"),sorobanAuthorization:e.lookup("HashIdPreimageSorobanAuthorization")}}),e.enum("MemoType",{memoNone:0,memoText:1,memoId:2,memoHash:3,memoReturn:4}),e.union("Memo",{switchOn:e.lookup("MemoType"),switchName:"type",switches:[["memoNone",e.void()],["memoText","text"],["memoId","id"],["memoHash","hash"],["memoReturn","retHash"]],arms:{text:e.string(28),id:e.lookup("Uint64"),hash:e.lookup("Hash"),retHash:e.lookup("Hash")}}),e.struct("TimeBounds",[["minTime",e.lookup("TimePoint")],["maxTime",e.lookup("TimePoint")]]),e.struct("LedgerBounds",[["minLedger",e.lookup("Uint32")],["maxLedger",e.lookup("Uint32")]]),e.struct("PreconditionsV2",[["timeBounds",e.option(e.lookup("TimeBounds"))],["ledgerBounds",e.option(e.lookup("LedgerBounds"))],["minSeqNum",e.option(e.lookup("SequenceNumber"))],["minSeqAge",e.lookup("Duration")],["minSeqLedgerGap",e.lookup("Uint32")],["extraSigners",e.varArray(e.lookup("SignerKey"),2)]]),e.enum("PreconditionType",{precondNone:0,precondTime:1,precondV2:2}),e.union("Preconditions",{switchOn:e.lookup("PreconditionType"),switchName:"type",switches:[["precondNone",e.void()],["precondTime","timeBounds"],["precondV2","v2"]],arms:{timeBounds:e.lookup("TimeBounds"),v2:e.lookup("PreconditionsV2")}}),e.struct("LedgerFootprint",[["readOnly",e.varArray(e.lookup("LedgerKey"),2147483647)],["readWrite",e.varArray(e.lookup("LedgerKey"),2147483647)]]),e.struct("SorobanResources",[["footprint",e.lookup("LedgerFootprint")],["instructions",e.lookup("Uint32")],["readBytes",e.lookup("Uint32")],["writeBytes",e.lookup("Uint32")]]),e.struct("SorobanTransactionData",[["ext",e.lookup("ExtensionPoint")],["resources",e.lookup("SorobanResources")],["resourceFee",e.lookup("Int64")]]),e.union("TransactionV0Ext",{switchOn:e.int(),switchName:"v",switches:[[0,e.void()]],arms:{}}),e.struct("TransactionV0",[["sourceAccountEd25519",e.lookup("Uint256")],["fee",e.lookup("Uint32")],["seqNum",e.lookup("SequenceNumber")],["timeBounds",e.option(e.lookup("TimeBounds"))],["memo",e.lookup("Memo")],["operations",e.varArray(e.lookup("Operation"),e.lookup("MAX_OPS_PER_TX"))],["ext",e.lookup("TransactionV0Ext")]]),e.struct("TransactionV0Envelope",[["tx",e.lookup("TransactionV0")],["signatures",e.varArray(e.lookup("DecoratedSignature"),20)]]),e.union("TransactionExt",{switchOn:e.int(),switchName:"v",switches:[[0,e.void()],[1,"sorobanData"]],arms:{sorobanData:e.lookup("SorobanTransactionData")}}),e.struct("Transaction",[["sourceAccount",e.lookup("MuxedAccount")],["fee",e.lookup("Uint32")],["seqNum",e.lookup("SequenceNumber")],["cond",e.lookup("Preconditions")],["memo",e.lookup("Memo")],["operations",e.varArray(e.lookup("Operation"),e.lookup("MAX_OPS_PER_TX"))],["ext",e.lookup("TransactionExt")]]),e.struct("TransactionV1Envelope",[["tx",e.lookup("Transaction")],["signatures",e.varArray(e.lookup("DecoratedSignature"),20)]]),e.union("FeeBumpTransactionInnerTx",{switchOn:e.lookup("EnvelopeType"),switchName:"type",switches:[["envelopeTypeTx","v1"]],arms:{v1:e.lookup("TransactionV1Envelope")}}),e.union("FeeBumpTransactionExt",{switchOn:e.int(),switchName:"v",switches:[[0,e.void()]],arms:{}}),e.struct("FeeBumpTransaction",[["feeSource",e.lookup("MuxedAccount")],["fee",e.lookup("Int64")],["innerTx",e.lookup("FeeBumpTransactionInnerTx")],["ext",e.lookup("FeeBumpTransactionExt")]]),e.struct("FeeBumpTransactionEnvelope",[["tx",e.lookup("FeeBumpTransaction")],["signatures",e.varArray(e.lookup("DecoratedSignature"),20)]]),e.union("TransactionEnvelope",{switchOn:e.lookup("EnvelopeType"),switchName:"type",switches:[["envelopeTypeTxV0","v0"],["envelopeTypeTx","v1"],["envelopeTypeTxFeeBump","feeBump"]],arms:{v0:e.lookup("TransactionV0Envelope"),v1:e.lookup("TransactionV1Envelope"),feeBump:e.lookup("FeeBumpTransactionEnvelope")}}),e.union("TransactionSignaturePayloadTaggedTransaction",{switchOn:e.lookup("EnvelopeType"),switchName:"type",switches:[["envelopeTypeTx","tx"],["envelopeTypeTxFeeBump","feeBump"]],arms:{tx:e.lookup("Transaction"),feeBump:e.lookup("FeeBumpTransaction")}}),e.struct("TransactionSignaturePayload",[["networkId",e.lookup("Hash")],["taggedTransaction",e.lookup("TransactionSignaturePayloadTaggedTransaction")]]),e.enum("ClaimAtomType",{claimAtomTypeV0:0,claimAtomTypeOrderBook:1,claimAtomTypeLiquidityPool:2}),e.struct("ClaimOfferAtomV0",[["sellerEd25519",e.lookup("Uint256")],["offerId",e.lookup("Int64")],["assetSold",e.lookup("Asset")],["amountSold",e.lookup("Int64")],["assetBought",e.lookup("Asset")],["amountBought",e.lookup("Int64")]]),e.struct("ClaimOfferAtom",[["sellerId",e.lookup("AccountId")],["offerId",e.lookup("Int64")],["assetSold",e.lookup("Asset")],["amountSold",e.lookup("Int64")],["assetBought",e.lookup("Asset")],["amountBought",e.lookup("Int64")]]),e.struct("ClaimLiquidityAtom",[["liquidityPoolId",e.lookup("PoolId")],["assetSold",e.lookup("Asset")],["amountSold",e.lookup("Int64")],["assetBought",e.lookup("Asset")],["amountBought",e.lookup("Int64")]]),e.union("ClaimAtom",{switchOn:e.lookup("ClaimAtomType"),switchName:"type",switches:[["claimAtomTypeV0","v0"],["claimAtomTypeOrderBook","orderBook"],["claimAtomTypeLiquidityPool","liquidityPool"]],arms:{v0:e.lookup("ClaimOfferAtomV0"),orderBook:e.lookup("ClaimOfferAtom"),liquidityPool:e.lookup("ClaimLiquidityAtom")}}),e.enum("CreateAccountResultCode",{createAccountSuccess:0,createAccountMalformed:-1,createAccountUnderfunded:-2,createAccountLowReserve:-3,createAccountAlreadyExist:-4}),e.union("CreateAccountResult",{switchOn:e.lookup("CreateAccountResultCode"),switchName:"code",switches:[["createAccountSuccess",e.void()],["createAccountMalformed",e.void()],["createAccountUnderfunded",e.void()],["createAccountLowReserve",e.void()],["createAccountAlreadyExist",e.void()]],arms:{}}),e.enum("PaymentResultCode",{paymentSuccess:0,paymentMalformed:-1,paymentUnderfunded:-2,paymentSrcNoTrust:-3,paymentSrcNotAuthorized:-4,paymentNoDestination:-5,paymentNoTrust:-6,paymentNotAuthorized:-7,paymentLineFull:-8,paymentNoIssuer:-9}),e.union("PaymentResult",{switchOn:e.lookup("PaymentResultCode"),switchName:"code",switches:[["paymentSuccess",e.void()],["paymentMalformed",e.void()],["paymentUnderfunded",e.void()],["paymentSrcNoTrust",e.void()],["paymentSrcNotAuthorized",e.void()],["paymentNoDestination",e.void()],["paymentNoTrust",e.void()],["paymentNotAuthorized",e.void()],["paymentLineFull",e.void()],["paymentNoIssuer",e.void()]],arms:{}}),e.enum("PathPaymentStrictReceiveResultCode",{pathPaymentStrictReceiveSuccess:0,pathPaymentStrictReceiveMalformed:-1,pathPaymentStrictReceiveUnderfunded:-2,pathPaymentStrictReceiveSrcNoTrust:-3,pathPaymentStrictReceiveSrcNotAuthorized:-4,pathPaymentStrictReceiveNoDestination:-5,pathPaymentStrictReceiveNoTrust:-6,pathPaymentStrictReceiveNotAuthorized:-7,pathPaymentStrictReceiveLineFull:-8,pathPaymentStrictReceiveNoIssuer:-9,pathPaymentStrictReceiveTooFewOffers:-10,pathPaymentStrictReceiveOfferCrossSelf:-11,pathPaymentStrictReceiveOverSendmax:-12}),e.struct("SimplePaymentResult",[["destination",e.lookup("AccountId")],["asset",e.lookup("Asset")],["amount",e.lookup("Int64")]]),e.struct("PathPaymentStrictReceiveResultSuccess",[["offers",e.varArray(e.lookup("ClaimAtom"),2147483647)],["last",e.lookup("SimplePaymentResult")]]),e.union("PathPaymentStrictReceiveResult",{switchOn:e.lookup("PathPaymentStrictReceiveResultCode"),switchName:"code",switches:[["pathPaymentStrictReceiveSuccess","success"],["pathPaymentStrictReceiveMalformed",e.void()],["pathPaymentStrictReceiveUnderfunded",e.void()],["pathPaymentStrictReceiveSrcNoTrust",e.void()],["pathPaymentStrictReceiveSrcNotAuthorized",e.void()],["pathPaymentStrictReceiveNoDestination",e.void()],["pathPaymentStrictReceiveNoTrust",e.void()],["pathPaymentStrictReceiveNotAuthorized",e.void()],["pathPaymentStrictReceiveLineFull",e.void()],["pathPaymentStrictReceiveNoIssuer","noIssuer"],["pathPaymentStrictReceiveTooFewOffers",e.void()],["pathPaymentStrictReceiveOfferCrossSelf",e.void()],["pathPaymentStrictReceiveOverSendmax",e.void()]],arms:{success:e.lookup("PathPaymentStrictReceiveResultSuccess"),noIssuer:e.lookup("Asset")}}),e.enum("PathPaymentStrictSendResultCode",{pathPaymentStrictSendSuccess:0,pathPaymentStrictSendMalformed:-1,pathPaymentStrictSendUnderfunded:-2,pathPaymentStrictSendSrcNoTrust:-3,pathPaymentStrictSendSrcNotAuthorized:-4,pathPaymentStrictSendNoDestination:-5,pathPaymentStrictSendNoTrust:-6,pathPaymentStrictSendNotAuthorized:-7,pathPaymentStrictSendLineFull:-8,pathPaymentStrictSendNoIssuer:-9,pathPaymentStrictSendTooFewOffers:-10,pathPaymentStrictSendOfferCrossSelf:-11,pathPaymentStrictSendUnderDestmin:-12}),e.struct("PathPaymentStrictSendResultSuccess",[["offers",e.varArray(e.lookup("ClaimAtom"),2147483647)],["last",e.lookup("SimplePaymentResult")]]),e.union("PathPaymentStrictSendResult",{switchOn:e.lookup("PathPaymentStrictSendResultCode"),switchName:"code",switches:[["pathPaymentStrictSendSuccess","success"],["pathPaymentStrictSendMalformed",e.void()],["pathPaymentStrictSendUnderfunded",e.void()],["pathPaymentStrictSendSrcNoTrust",e.void()],["pathPaymentStrictSendSrcNotAuthorized",e.void()],["pathPaymentStrictSendNoDestination",e.void()],["pathPaymentStrictSendNoTrust",e.void()],["pathPaymentStrictSendNotAuthorized",e.void()],["pathPaymentStrictSendLineFull",e.void()],["pathPaymentStrictSendNoIssuer","noIssuer"],["pathPaymentStrictSendTooFewOffers",e.void()],["pathPaymentStrictSendOfferCrossSelf",e.void()],["pathPaymentStrictSendUnderDestmin",e.void()]],arms:{success:e.lookup("PathPaymentStrictSendResultSuccess"),noIssuer:e.lookup("Asset")}}),e.enum("ManageSellOfferResultCode",{manageSellOfferSuccess:0,manageSellOfferMalformed:-1,manageSellOfferSellNoTrust:-2,manageSellOfferBuyNoTrust:-3,manageSellOfferSellNotAuthorized:-4,manageSellOfferBuyNotAuthorized:-5,manageSellOfferLineFull:-6,manageSellOfferUnderfunded:-7,manageSellOfferCrossSelf:-8,manageSellOfferSellNoIssuer:-9,manageSellOfferBuyNoIssuer:-10,manageSellOfferNotFound:-11,manageSellOfferLowReserve:-12}),e.enum("ManageOfferEffect",{manageOfferCreated:0,manageOfferUpdated:1,manageOfferDeleted:2}),e.union("ManageOfferSuccessResultOffer",{switchOn:e.lookup("ManageOfferEffect"),switchName:"effect",switches:[["manageOfferCreated","offer"],["manageOfferUpdated","offer"],["manageOfferDeleted",e.void()]],arms:{offer:e.lookup("OfferEntry")}}),e.struct("ManageOfferSuccessResult",[["offersClaimed",e.varArray(e.lookup("ClaimAtom"),2147483647)],["offer",e.lookup("ManageOfferSuccessResultOffer")]]),e.union("ManageSellOfferResult",{switchOn:e.lookup("ManageSellOfferResultCode"),switchName:"code",switches:[["manageSellOfferSuccess","success"],["manageSellOfferMalformed",e.void()],["manageSellOfferSellNoTrust",e.void()],["manageSellOfferBuyNoTrust",e.void()],["manageSellOfferSellNotAuthorized",e.void()],["manageSellOfferBuyNotAuthorized",e.void()],["manageSellOfferLineFull",e.void()],["manageSellOfferUnderfunded",e.void()],["manageSellOfferCrossSelf",e.void()],["manageSellOfferSellNoIssuer",e.void()],["manageSellOfferBuyNoIssuer",e.void()],["manageSellOfferNotFound",e.void()],["manageSellOfferLowReserve",e.void()]],arms:{success:e.lookup("ManageOfferSuccessResult")}}),e.enum("ManageBuyOfferResultCode",{manageBuyOfferSuccess:0,manageBuyOfferMalformed:-1,manageBuyOfferSellNoTrust:-2,manageBuyOfferBuyNoTrust:-3,manageBuyOfferSellNotAuthorized:-4,manageBuyOfferBuyNotAuthorized:-5,manageBuyOfferLineFull:-6,manageBuyOfferUnderfunded:-7,manageBuyOfferCrossSelf:-8,manageBuyOfferSellNoIssuer:-9,manageBuyOfferBuyNoIssuer:-10,manageBuyOfferNotFound:-11,manageBuyOfferLowReserve:-12}),e.union("ManageBuyOfferResult",{switchOn:e.lookup("ManageBuyOfferResultCode"),switchName:"code",switches:[["manageBuyOfferSuccess","success"],["manageBuyOfferMalformed",e.void()],["manageBuyOfferSellNoTrust",e.void()],["manageBuyOfferBuyNoTrust",e.void()],["manageBuyOfferSellNotAuthorized",e.void()],["manageBuyOfferBuyNotAuthorized",e.void()],["manageBuyOfferLineFull",e.void()],["manageBuyOfferUnderfunded",e.void()],["manageBuyOfferCrossSelf",e.void()],["manageBuyOfferSellNoIssuer",e.void()],["manageBuyOfferBuyNoIssuer",e.void()],["manageBuyOfferNotFound",e.void()],["manageBuyOfferLowReserve",e.void()]],arms:{success:e.lookup("ManageOfferSuccessResult")}}),e.enum("SetOptionsResultCode",{setOptionsSuccess:0,setOptionsLowReserve:-1,setOptionsTooManySigners:-2,setOptionsBadFlags:-3,setOptionsInvalidInflation:-4,setOptionsCantChange:-5,setOptionsUnknownFlag:-6,setOptionsThresholdOutOfRange:-7,setOptionsBadSigner:-8,setOptionsInvalidHomeDomain:-9,setOptionsAuthRevocableRequired:-10}),e.union("SetOptionsResult",{switchOn:e.lookup("SetOptionsResultCode"),switchName:"code",switches:[["setOptionsSuccess",e.void()],["setOptionsLowReserve",e.void()],["setOptionsTooManySigners",e.void()],["setOptionsBadFlags",e.void()],["setOptionsInvalidInflation",e.void()],["setOptionsCantChange",e.void()],["setOptionsUnknownFlag",e.void()],["setOptionsThresholdOutOfRange",e.void()],["setOptionsBadSigner",e.void()],["setOptionsInvalidHomeDomain",e.void()],["setOptionsAuthRevocableRequired",e.void()]],arms:{}}),e.enum("ChangeTrustResultCode",{changeTrustSuccess:0,changeTrustMalformed:-1,changeTrustNoIssuer:-2,changeTrustInvalidLimit:-3,changeTrustLowReserve:-4,changeTrustSelfNotAllowed:-5,changeTrustTrustLineMissing:-6,changeTrustCannotDelete:-7,changeTrustNotAuthMaintainLiabilities:-8}),e.union("ChangeTrustResult",{switchOn:e.lookup("ChangeTrustResultCode"),switchName:"code",switches:[["changeTrustSuccess",e.void()],["changeTrustMalformed",e.void()],["changeTrustNoIssuer",e.void()],["changeTrustInvalidLimit",e.void()],["changeTrustLowReserve",e.void()],["changeTrustSelfNotAllowed",e.void()],["changeTrustTrustLineMissing",e.void()],["changeTrustCannotDelete",e.void()],["changeTrustNotAuthMaintainLiabilities",e.void()]],arms:{}}),e.enum("AllowTrustResultCode",{allowTrustSuccess:0,allowTrustMalformed:-1,allowTrustNoTrustLine:-2,allowTrustTrustNotRequired:-3,allowTrustCantRevoke:-4,allowTrustSelfNotAllowed:-5,allowTrustLowReserve:-6}),e.union("AllowTrustResult",{switchOn:e.lookup("AllowTrustResultCode"),switchName:"code",switches:[["allowTrustSuccess",e.void()],["allowTrustMalformed",e.void()],["allowTrustNoTrustLine",e.void()],["allowTrustTrustNotRequired",e.void()],["allowTrustCantRevoke",e.void()],["allowTrustSelfNotAllowed",e.void()],["allowTrustLowReserve",e.void()]],arms:{}}),e.enum("AccountMergeResultCode",{accountMergeSuccess:0,accountMergeMalformed:-1,accountMergeNoAccount:-2,accountMergeImmutableSet:-3,accountMergeHasSubEntries:-4,accountMergeSeqnumTooFar:-5,accountMergeDestFull:-6,accountMergeIsSponsor:-7}),e.union("AccountMergeResult",{switchOn:e.lookup("AccountMergeResultCode"),switchName:"code",switches:[["accountMergeSuccess","sourceAccountBalance"],["accountMergeMalformed",e.void()],["accountMergeNoAccount",e.void()],["accountMergeImmutableSet",e.void()],["accountMergeHasSubEntries",e.void()],["accountMergeSeqnumTooFar",e.void()],["accountMergeDestFull",e.void()],["accountMergeIsSponsor",e.void()]],arms:{sourceAccountBalance:e.lookup("Int64")}}),e.enum("InflationResultCode",{inflationSuccess:0,inflationNotTime:-1}),e.struct("InflationPayout",[["destination",e.lookup("AccountId")],["amount",e.lookup("Int64")]]),e.union("InflationResult",{switchOn:e.lookup("InflationResultCode"),switchName:"code",switches:[["inflationSuccess","payouts"],["inflationNotTime",e.void()]],arms:{payouts:e.varArray(e.lookup("InflationPayout"),2147483647)}}),e.enum("ManageDataResultCode",{manageDataSuccess:0,manageDataNotSupportedYet:-1,manageDataNameNotFound:-2,manageDataLowReserve:-3,manageDataInvalidName:-4}),e.union("ManageDataResult",{switchOn:e.lookup("ManageDataResultCode"),switchName:"code",switches:[["manageDataSuccess",e.void()],["manageDataNotSupportedYet",e.void()],["manageDataNameNotFound",e.void()],["manageDataLowReserve",e.void()],["manageDataInvalidName",e.void()]],arms:{}}),e.enum("BumpSequenceResultCode",{bumpSequenceSuccess:0,bumpSequenceBadSeq:-1}),e.union("BumpSequenceResult",{switchOn:e.lookup("BumpSequenceResultCode"),switchName:"code",switches:[["bumpSequenceSuccess",e.void()],["bumpSequenceBadSeq",e.void()]],arms:{}}),e.enum("CreateClaimableBalanceResultCode",{createClaimableBalanceSuccess:0,createClaimableBalanceMalformed:-1,createClaimableBalanceLowReserve:-2,createClaimableBalanceNoTrust:-3,createClaimableBalanceNotAuthorized:-4,createClaimableBalanceUnderfunded:-5}),e.union("CreateClaimableBalanceResult",{switchOn:e.lookup("CreateClaimableBalanceResultCode"),switchName:"code",switches:[["createClaimableBalanceSuccess","balanceId"],["createClaimableBalanceMalformed",e.void()],["createClaimableBalanceLowReserve",e.void()],["createClaimableBalanceNoTrust",e.void()],["createClaimableBalanceNotAuthorized",e.void()],["createClaimableBalanceUnderfunded",e.void()]],arms:{balanceId:e.lookup("ClaimableBalanceId")}}),e.enum("ClaimClaimableBalanceResultCode",{claimClaimableBalanceSuccess:0,claimClaimableBalanceDoesNotExist:-1,claimClaimableBalanceCannotClaim:-2,claimClaimableBalanceLineFull:-3,claimClaimableBalanceNoTrust:-4,claimClaimableBalanceNotAuthorized:-5}),e.union("ClaimClaimableBalanceResult",{switchOn:e.lookup("ClaimClaimableBalanceResultCode"),switchName:"code",switches:[["claimClaimableBalanceSuccess",e.void()],["claimClaimableBalanceDoesNotExist",e.void()],["claimClaimableBalanceCannotClaim",e.void()],["claimClaimableBalanceLineFull",e.void()],["claimClaimableBalanceNoTrust",e.void()],["claimClaimableBalanceNotAuthorized",e.void()]],arms:{}}),e.enum("BeginSponsoringFutureReservesResultCode",{beginSponsoringFutureReservesSuccess:0,beginSponsoringFutureReservesMalformed:-1,beginSponsoringFutureReservesAlreadySponsored:-2,beginSponsoringFutureReservesRecursive:-3}),e.union("BeginSponsoringFutureReservesResult",{switchOn:e.lookup("BeginSponsoringFutureReservesResultCode"),switchName:"code",switches:[["beginSponsoringFutureReservesSuccess",e.void()],["beginSponsoringFutureReservesMalformed",e.void()],["beginSponsoringFutureReservesAlreadySponsored",e.void()],["beginSponsoringFutureReservesRecursive",e.void()]],arms:{}}),e.enum("EndSponsoringFutureReservesResultCode",{endSponsoringFutureReservesSuccess:0,endSponsoringFutureReservesNotSponsored:-1}),e.union("EndSponsoringFutureReservesResult",{switchOn:e.lookup("EndSponsoringFutureReservesResultCode"),switchName:"code",switches:[["endSponsoringFutureReservesSuccess",e.void()],["endSponsoringFutureReservesNotSponsored",e.void()]],arms:{}}),e.enum("RevokeSponsorshipResultCode",{revokeSponsorshipSuccess:0,revokeSponsorshipDoesNotExist:-1,revokeSponsorshipNotSponsor:-2,revokeSponsorshipLowReserve:-3,revokeSponsorshipOnlyTransferable:-4,revokeSponsorshipMalformed:-5}),e.union("RevokeSponsorshipResult",{switchOn:e.lookup("RevokeSponsorshipResultCode"),switchName:"code",switches:[["revokeSponsorshipSuccess",e.void()],["revokeSponsorshipDoesNotExist",e.void()],["revokeSponsorshipNotSponsor",e.void()],["revokeSponsorshipLowReserve",e.void()],["revokeSponsorshipOnlyTransferable",e.void()],["revokeSponsorshipMalformed",e.void()]],arms:{}}),e.enum("ClawbackResultCode",{clawbackSuccess:0,clawbackMalformed:-1,clawbackNotClawbackEnabled:-2,clawbackNoTrust:-3,clawbackUnderfunded:-4}),e.union("ClawbackResult",{switchOn:e.lookup("ClawbackResultCode"),switchName:"code",switches:[["clawbackSuccess",e.void()],["clawbackMalformed",e.void()],["clawbackNotClawbackEnabled",e.void()],["clawbackNoTrust",e.void()],["clawbackUnderfunded",e.void()]],arms:{}}),e.enum("ClawbackClaimableBalanceResultCode",{clawbackClaimableBalanceSuccess:0,clawbackClaimableBalanceDoesNotExist:-1,clawbackClaimableBalanceNotIssuer:-2,clawbackClaimableBalanceNotClawbackEnabled:-3}),e.union("ClawbackClaimableBalanceResult",{switchOn:e.lookup("ClawbackClaimableBalanceResultCode"),switchName:"code",switches:[["clawbackClaimableBalanceSuccess",e.void()],["clawbackClaimableBalanceDoesNotExist",e.void()],["clawbackClaimableBalanceNotIssuer",e.void()],["clawbackClaimableBalanceNotClawbackEnabled",e.void()]],arms:{}}),e.enum("SetTrustLineFlagsResultCode",{setTrustLineFlagsSuccess:0,setTrustLineFlagsMalformed:-1,setTrustLineFlagsNoTrustLine:-2,setTrustLineFlagsCantRevoke:-3,setTrustLineFlagsInvalidState:-4,setTrustLineFlagsLowReserve:-5}),e.union("SetTrustLineFlagsResult",{switchOn:e.lookup("SetTrustLineFlagsResultCode"),switchName:"code",switches:[["setTrustLineFlagsSuccess",e.void()],["setTrustLineFlagsMalformed",e.void()],["setTrustLineFlagsNoTrustLine",e.void()],["setTrustLineFlagsCantRevoke",e.void()],["setTrustLineFlagsInvalidState",e.void()],["setTrustLineFlagsLowReserve",e.void()]],arms:{}}),e.enum("LiquidityPoolDepositResultCode",{liquidityPoolDepositSuccess:0,liquidityPoolDepositMalformed:-1,liquidityPoolDepositNoTrust:-2,liquidityPoolDepositNotAuthorized:-3,liquidityPoolDepositUnderfunded:-4,liquidityPoolDepositLineFull:-5,liquidityPoolDepositBadPrice:-6,liquidityPoolDepositPoolFull:-7}),e.union("LiquidityPoolDepositResult",{switchOn:e.lookup("LiquidityPoolDepositResultCode"),switchName:"code",switches:[["liquidityPoolDepositSuccess",e.void()],["liquidityPoolDepositMalformed",e.void()],["liquidityPoolDepositNoTrust",e.void()],["liquidityPoolDepositNotAuthorized",e.void()],["liquidityPoolDepositUnderfunded",e.void()],["liquidityPoolDepositLineFull",e.void()],["liquidityPoolDepositBadPrice",e.void()],["liquidityPoolDepositPoolFull",e.void()]],arms:{}}),e.enum("LiquidityPoolWithdrawResultCode",{liquidityPoolWithdrawSuccess:0,liquidityPoolWithdrawMalformed:-1,liquidityPoolWithdrawNoTrust:-2,liquidityPoolWithdrawUnderfunded:-3,liquidityPoolWithdrawLineFull:-4,liquidityPoolWithdrawUnderMinimum:-5}),e.union("LiquidityPoolWithdrawResult",{switchOn:e.lookup("LiquidityPoolWithdrawResultCode"),switchName:"code",switches:[["liquidityPoolWithdrawSuccess",e.void()],["liquidityPoolWithdrawMalformed",e.void()],["liquidityPoolWithdrawNoTrust",e.void()],["liquidityPoolWithdrawUnderfunded",e.void()],["liquidityPoolWithdrawLineFull",e.void()],["liquidityPoolWithdrawUnderMinimum",e.void()]],arms:{}}),e.enum("InvokeHostFunctionResultCode",{invokeHostFunctionSuccess:0,invokeHostFunctionMalformed:-1,invokeHostFunctionTrapped:-2,invokeHostFunctionResourceLimitExceeded:-3,invokeHostFunctionEntryArchived:-4,invokeHostFunctionInsufficientRefundableFee:-5}),e.union("InvokeHostFunctionResult",{switchOn:e.lookup("InvokeHostFunctionResultCode"),switchName:"code",switches:[["invokeHostFunctionSuccess","success"],["invokeHostFunctionMalformed",e.void()],["invokeHostFunctionTrapped",e.void()],["invokeHostFunctionResourceLimitExceeded",e.void()],["invokeHostFunctionEntryArchived",e.void()],["invokeHostFunctionInsufficientRefundableFee",e.void()]],arms:{success:e.lookup("Hash")}}),e.enum("ExtendFootprintTtlResultCode",{extendFootprintTtlSuccess:0,extendFootprintTtlMalformed:-1,extendFootprintTtlResourceLimitExceeded:-2,extendFootprintTtlInsufficientRefundableFee:-3}),e.union("ExtendFootprintTtlResult",{switchOn:e.lookup("ExtendFootprintTtlResultCode"),switchName:"code",switches:[["extendFootprintTtlSuccess",e.void()],["extendFootprintTtlMalformed",e.void()],["extendFootprintTtlResourceLimitExceeded",e.void()],["extendFootprintTtlInsufficientRefundableFee",e.void()]],arms:{}}),e.enum("RestoreFootprintResultCode",{restoreFootprintSuccess:0,restoreFootprintMalformed:-1,restoreFootprintResourceLimitExceeded:-2,restoreFootprintInsufficientRefundableFee:-3}),e.union("RestoreFootprintResult",{switchOn:e.lookup("RestoreFootprintResultCode"),switchName:"code",switches:[["restoreFootprintSuccess",e.void()],["restoreFootprintMalformed",e.void()],["restoreFootprintResourceLimitExceeded",e.void()],["restoreFootprintInsufficientRefundableFee",e.void()]],arms:{}}),e.enum("OperationResultCode",{opInner:0,opBadAuth:-1,opNoAccount:-2,opNotSupported:-3,opTooManySubentries:-4,opExceededWorkLimit:-5,opTooManySponsoring:-6}),e.union("OperationResultTr",{switchOn:e.lookup("OperationType"),switchName:"type",switches:[["createAccount","createAccountResult"],["payment","paymentResult"],["pathPaymentStrictReceive","pathPaymentStrictReceiveResult"],["manageSellOffer","manageSellOfferResult"],["createPassiveSellOffer","createPassiveSellOfferResult"],["setOptions","setOptionsResult"],["changeTrust","changeTrustResult"],["allowTrust","allowTrustResult"],["accountMerge","accountMergeResult"],["inflation","inflationResult"],["manageData","manageDataResult"],["bumpSequence","bumpSeqResult"],["manageBuyOffer","manageBuyOfferResult"],["pathPaymentStrictSend","pathPaymentStrictSendResult"],["createClaimableBalance","createClaimableBalanceResult"],["claimClaimableBalance","claimClaimableBalanceResult"],["beginSponsoringFutureReserves","beginSponsoringFutureReservesResult"],["endSponsoringFutureReserves","endSponsoringFutureReservesResult"],["revokeSponsorship","revokeSponsorshipResult"],["clawback","clawbackResult"],["clawbackClaimableBalance","clawbackClaimableBalanceResult"],["setTrustLineFlags","setTrustLineFlagsResult"],["liquidityPoolDeposit","liquidityPoolDepositResult"],["liquidityPoolWithdraw","liquidityPoolWithdrawResult"],["invokeHostFunction","invokeHostFunctionResult"],["extendFootprintTtl","extendFootprintTtlResult"],["restoreFootprint","restoreFootprintResult"]],arms:{createAccountResult:e.lookup("CreateAccountResult"),paymentResult:e.lookup("PaymentResult"),pathPaymentStrictReceiveResult:e.lookup("PathPaymentStrictReceiveResult"),manageSellOfferResult:e.lookup("ManageSellOfferResult"),createPassiveSellOfferResult:e.lookup("ManageSellOfferResult"),setOptionsResult:e.lookup("SetOptionsResult"),changeTrustResult:e.lookup("ChangeTrustResult"),allowTrustResult:e.lookup("AllowTrustResult"),accountMergeResult:e.lookup("AccountMergeResult"),inflationResult:e.lookup("InflationResult"),manageDataResult:e.lookup("ManageDataResult"),bumpSeqResult:e.lookup("BumpSequenceResult"),manageBuyOfferResult:e.lookup("ManageBuyOfferResult"),pathPaymentStrictSendResult:e.lookup("PathPaymentStrictSendResult"),createClaimableBalanceResult:e.lookup("CreateClaimableBalanceResult"),claimClaimableBalanceResult:e.lookup("ClaimClaimableBalanceResult"),beginSponsoringFutureReservesResult:e.lookup("BeginSponsoringFutureReservesResult"),endSponsoringFutureReservesResult:e.lookup("EndSponsoringFutureReservesResult"),revokeSponsorshipResult:e.lookup("RevokeSponsorshipResult"),clawbackResult:e.lookup("ClawbackResult"),clawbackClaimableBalanceResult:e.lookup("ClawbackClaimableBalanceResult"),setTrustLineFlagsResult:e.lookup("SetTrustLineFlagsResult"),liquidityPoolDepositResult:e.lookup("LiquidityPoolDepositResult"),liquidityPoolWithdrawResult:e.lookup("LiquidityPoolWithdrawResult"),invokeHostFunctionResult:e.lookup("InvokeHostFunctionResult"),extendFootprintTtlResult:e.lookup("ExtendFootprintTtlResult"),restoreFootprintResult:e.lookup("RestoreFootprintResult")}}),e.union("OperationResult",{switchOn:e.lookup("OperationResultCode"),switchName:"code",switches:[["opInner","tr"],["opBadAuth",e.void()],["opNoAccount",e.void()],["opNotSupported",e.void()],["opTooManySubentries",e.void()],["opExceededWorkLimit",e.void()],["opTooManySponsoring",e.void()]],arms:{tr:e.lookup("OperationResultTr")}}),e.enum("TransactionResultCode",{txFeeBumpInnerSuccess:1,txSuccess:0,txFailed:-1,txTooEarly:-2,txTooLate:-3,txMissingOperation:-4,txBadSeq:-5,txBadAuth:-6,txInsufficientBalance:-7,txNoAccount:-8,txInsufficientFee:-9,txBadAuthExtra:-10,txInternalError:-11,txNotSupported:-12,txFeeBumpInnerFailed:-13,txBadSponsorship:-14,txBadMinSeqAgeOrGap:-15,txMalformed:-16,txSorobanInvalid:-17}),e.union("InnerTransactionResultResult",{switchOn:e.lookup("TransactionResultCode"),switchName:"code",switches:[["txSuccess","results"],["txFailed","results"],["txTooEarly",e.void()],["txTooLate",e.void()],["txMissingOperation",e.void()],["txBadSeq",e.void()],["txBadAuth",e.void()],["txInsufficientBalance",e.void()],["txNoAccount",e.void()],["txInsufficientFee",e.void()],["txBadAuthExtra",e.void()],["txInternalError",e.void()],["txNotSupported",e.void()],["txBadSponsorship",e.void()],["txBadMinSeqAgeOrGap",e.void()],["txMalformed",e.void()],["txSorobanInvalid",e.void()]],arms:{results:e.varArray(e.lookup("OperationResult"),2147483647)}}),e.union("InnerTransactionResultExt",{switchOn:e.int(),switchName:"v",switches:[[0,e.void()]],arms:{}}),e.struct("InnerTransactionResult",[["feeCharged",e.lookup("Int64")],["result",e.lookup("InnerTransactionResultResult")],["ext",e.lookup("InnerTransactionResultExt")]]),e.struct("InnerTransactionResultPair",[["transactionHash",e.lookup("Hash")],["result",e.lookup("InnerTransactionResult")]]),e.union("TransactionResultResult",{switchOn:e.lookup("TransactionResultCode"),switchName:"code",switches:[["txFeeBumpInnerSuccess","innerResultPair"],["txFeeBumpInnerFailed","innerResultPair"],["txSuccess","results"],["txFailed","results"],["txTooEarly",e.void()],["txTooLate",e.void()],["txMissingOperation",e.void()],["txBadSeq",e.void()],["txBadAuth",e.void()],["txInsufficientBalance",e.void()],["txNoAccount",e.void()],["txInsufficientFee",e.void()],["txBadAuthExtra",e.void()],["txInternalError",e.void()],["txNotSupported",e.void()],["txBadSponsorship",e.void()],["txBadMinSeqAgeOrGap",e.void()],["txMalformed",e.void()],["txSorobanInvalid",e.void()]],arms:{innerResultPair:e.lookup("InnerTransactionResultPair"),results:e.varArray(e.lookup("OperationResult"),2147483647)}}),e.union("TransactionResultExt",{switchOn:e.int(),switchName:"v",switches:[[0,e.void()]],arms:{}}),e.struct("TransactionResult",[["feeCharged",e.lookup("Int64")],["result",e.lookup("TransactionResultResult")],["ext",e.lookup("TransactionResultExt")]]),e.typedef("Hash",e.opaque(32)),e.typedef("Uint256",e.opaque(32)),e.typedef("Uint32",e.uint()),e.typedef("Int32",e.int()),e.typedef("Uint64",e.uhyper()),e.typedef("Int64",e.hyper()),e.typedef("TimePoint",e.lookup("Uint64")),e.typedef("Duration",e.lookup("Uint64")),e.union("ExtensionPoint",{switchOn:e.int(),switchName:"v",switches:[[0,e.void()]],arms:{}}),e.enum("CryptoKeyType",{keyTypeEd25519:0,keyTypePreAuthTx:1,keyTypeHashX:2,keyTypeEd25519SignedPayload:3,keyTypeMuxedEd25519:256}),e.enum("PublicKeyType",{publicKeyTypeEd25519:0}),e.enum("SignerKeyType",{signerKeyTypeEd25519:0,signerKeyTypePreAuthTx:1,signerKeyTypeHashX:2,signerKeyTypeEd25519SignedPayload:3}),e.union("PublicKey",{switchOn:e.lookup("PublicKeyType"),switchName:"type",switches:[["publicKeyTypeEd25519","ed25519"]],arms:{ed25519:e.lookup("Uint256")}}),e.struct("SignerKeyEd25519SignedPayload",[["ed25519",e.lookup("Uint256")],["payload",e.varOpaque(64)]]),e.union("SignerKey",{switchOn:e.lookup("SignerKeyType"),switchName:"type",switches:[["signerKeyTypeEd25519","ed25519"],["signerKeyTypePreAuthTx","preAuthTx"],["signerKeyTypeHashX","hashX"],["signerKeyTypeEd25519SignedPayload","ed25519SignedPayload"]],arms:{ed25519:e.lookup("Uint256"),preAuthTx:e.lookup("Uint256"),hashX:e.lookup("Uint256"),ed25519SignedPayload:e.lookup("SignerKeyEd25519SignedPayload")}}),e.typedef("Signature",e.varOpaque(64)),e.typedef("SignatureHint",e.opaque(4)),e.typedef("NodeId",e.lookup("PublicKey")),e.typedef("AccountId",e.lookup("PublicKey")),e.struct("Curve25519Secret",[["key",e.opaque(32)]]),e.struct("Curve25519Public",[["key",e.opaque(32)]]),e.struct("HmacSha256Key",[["key",e.opaque(32)]]),e.struct("HmacSha256Mac",[["mac",e.opaque(32)]]),e.enum("ScValType",{scvBool:0,scvVoid:1,scvError:2,scvU32:3,scvI32:4,scvU64:5,scvI64:6,scvTimepoint:7,scvDuration:8,scvU128:9,scvI128:10,scvU256:11,scvI256:12,scvBytes:13,scvString:14,scvSymbol:15,scvVec:16,scvMap:17,scvAddress:18,scvContractInstance:19,scvLedgerKeyContractInstance:20,scvLedgerKeyNonce:21}),e.enum("ScErrorType",{sceContract:0,sceWasmVm:1,sceContext:2,sceStorage:3,sceObject:4,sceCrypto:5,sceEvents:6,sceBudget:7,sceValue:8,sceAuth:9}),e.enum("ScErrorCode",{scecArithDomain:0,scecIndexBounds:1,scecInvalidInput:2,scecMissingValue:3,scecExistingValue:4,scecExceededLimit:5,scecInvalidAction:6,scecInternalError:7,scecUnexpectedType:8,scecUnexpectedSize:9}),e.union("ScError",{switchOn:e.lookup("ScErrorType"),switchName:"type",switches:[["sceContract","contractCode"],["sceWasmVm","code"],["sceContext","code"],["sceStorage","code"],["sceObject","code"],["sceCrypto","code"],["sceEvents","code"],["sceBudget","code"],["sceValue","code"],["sceAuth","code"]],arms:{contractCode:e.lookup("Uint32"),code:e.lookup("ScErrorCode")}}),e.struct("UInt128Parts",[["hi",e.lookup("Uint64")],["lo",e.lookup("Uint64")]]),e.struct("Int128Parts",[["hi",e.lookup("Int64")],["lo",e.lookup("Uint64")]]),e.struct("UInt256Parts",[["hiHi",e.lookup("Uint64")],["hiLo",e.lookup("Uint64")],["loHi",e.lookup("Uint64")],["loLo",e.lookup("Uint64")]]),e.struct("Int256Parts",[["hiHi",e.lookup("Int64")],["hiLo",e.lookup("Uint64")],["loHi",e.lookup("Uint64")],["loLo",e.lookup("Uint64")]]),e.enum("ContractExecutableType",{contractExecutableWasm:0,contractExecutableStellarAsset:1}),e.union("ContractExecutable",{switchOn:e.lookup("ContractExecutableType"),switchName:"type",switches:[["contractExecutableWasm","wasmHash"],["contractExecutableStellarAsset",e.void()]],arms:{wasmHash:e.lookup("Hash")}}),e.enum("ScAddressType",{scAddressTypeAccount:0,scAddressTypeContract:1}),e.union("ScAddress",{switchOn:e.lookup("ScAddressType"),switchName:"type",switches:[["scAddressTypeAccount","accountId"],["scAddressTypeContract","contractId"]],arms:{accountId:e.lookup("AccountId"),contractId:e.lookup("Hash")}}),e.const("SCSYMBOL_LIMIT",32),e.typedef("ScVec",e.varArray(e.lookup("ScVal"),2147483647)),e.typedef("ScMap",e.varArray(e.lookup("ScMapEntry"),2147483647)),e.typedef("ScBytes",e.varOpaque()),e.typedef("ScString",e.string()),e.typedef("ScSymbol",e.string(32)),e.struct("ScNonceKey",[["nonce",e.lookup("Int64")]]),e.struct("ScContractInstance",[["executable",e.lookup("ContractExecutable")],["storage",e.option(e.lookup("ScMap"))]]),e.union("ScVal",{switchOn:e.lookup("ScValType"),switchName:"type",switches:[["scvBool","b"],["scvVoid",e.void()],["scvError","error"],["scvU32","u32"],["scvI32","i32"],["scvU64","u64"],["scvI64","i64"],["scvTimepoint","timepoint"],["scvDuration","duration"],["scvU128","u128"],["scvI128","i128"],["scvU256","u256"],["scvI256","i256"],["scvBytes","bytes"],["scvString","str"],["scvSymbol","sym"],["scvVec","vec"],["scvMap","map"],["scvAddress","address"],["scvLedgerKeyContractInstance",e.void()],["scvLedgerKeyNonce","nonceKey"],["scvContractInstance","instance"]],arms:{b:e.bool(),error:e.lookup("ScError"),u32:e.lookup("Uint32"),i32:e.lookup("Int32"),u64:e.lookup("Uint64"),i64:e.lookup("Int64"),timepoint:e.lookup("TimePoint"),duration:e.lookup("Duration"),u128:e.lookup("UInt128Parts"),i128:e.lookup("Int128Parts"),u256:e.lookup("UInt256Parts"),i256:e.lookup("Int256Parts"),bytes:e.lookup("ScBytes"),str:e.lookup("ScString"),sym:e.lookup("ScSymbol"),vec:e.option(e.lookup("ScVec")),map:e.option(e.lookup("ScMap")),address:e.lookup("ScAddress"),nonceKey:e.lookup("ScNonceKey"),instance:e.lookup("ScContractInstance")}}),e.struct("ScMapEntry",[["key",e.lookup("ScVal")],["val",e.lookup("ScVal")]]),e.enum("ScEnvMetaKind",{scEnvMetaKindInterfaceVersion:0}),e.union("ScEnvMetaEntry",{switchOn:e.lookup("ScEnvMetaKind"),switchName:"kind",switches:[["scEnvMetaKindInterfaceVersion","interfaceVersion"]],arms:{interfaceVersion:e.lookup("Uint64")}}),e.struct("ScMetaV0",[["key",e.string()],["val",e.string()]]),e.enum("ScMetaKind",{scMetaV0:0}),e.union("ScMetaEntry",{switchOn:e.lookup("ScMetaKind"),switchName:"kind",switches:[["scMetaV0","v0"]],arms:{v0:e.lookup("ScMetaV0")}}),e.const("SC_SPEC_DOC_LIMIT",1024),e.enum("ScSpecType",{scSpecTypeVal:0,scSpecTypeBool:1,scSpecTypeVoid:2,scSpecTypeError:3,scSpecTypeU32:4,scSpecTypeI32:5,scSpecTypeU64:6,scSpecTypeI64:7,scSpecTypeTimepoint:8,scSpecTypeDuration:9,scSpecTypeU128:10,scSpecTypeI128:11,scSpecTypeU256:12,scSpecTypeI256:13,scSpecTypeBytes:14,scSpecTypeString:16,scSpecTypeSymbol:17,scSpecTypeAddress:19,scSpecTypeOption:1e3,scSpecTypeResult:1001,scSpecTypeVec:1002,scSpecTypeMap:1004,scSpecTypeTuple:1005,scSpecTypeBytesN:1006,scSpecTypeUdt:2e3}),e.struct("ScSpecTypeOption",[["valueType",e.lookup("ScSpecTypeDef")]]),e.struct("ScSpecTypeResult",[["okType",e.lookup("ScSpecTypeDef")],["errorType",e.lookup("ScSpecTypeDef")]]),e.struct("ScSpecTypeVec",[["elementType",e.lookup("ScSpecTypeDef")]]),e.struct("ScSpecTypeMap",[["keyType",e.lookup("ScSpecTypeDef")],["valueType",e.lookup("ScSpecTypeDef")]]),e.struct("ScSpecTypeTuple",[["valueTypes",e.varArray(e.lookup("ScSpecTypeDef"),12)]]),e.struct("ScSpecTypeBytesN",[["n",e.lookup("Uint32")]]),e.struct("ScSpecTypeUdt",[["name",e.string(60)]]),e.union("ScSpecTypeDef",{switchOn:e.lookup("ScSpecType"),switchName:"type",switches:[["scSpecTypeVal",e.void()],["scSpecTypeBool",e.void()],["scSpecTypeVoid",e.void()],["scSpecTypeError",e.void()],["scSpecTypeU32",e.void()],["scSpecTypeI32",e.void()],["scSpecTypeU64",e.void()],["scSpecTypeI64",e.void()],["scSpecTypeTimepoint",e.void()],["scSpecTypeDuration",e.void()],["scSpecTypeU128",e.void()],["scSpecTypeI128",e.void()],["scSpecTypeU256",e.void()],["scSpecTypeI256",e.void()],["scSpecTypeBytes",e.void()],["scSpecTypeString",e.void()],["scSpecTypeSymbol",e.void()],["scSpecTypeAddress",e.void()],["scSpecTypeOption","option"],["scSpecTypeResult","result"],["scSpecTypeVec","vec"],["scSpecTypeMap","map"],["scSpecTypeTuple","tuple"],["scSpecTypeBytesN","bytesN"],["scSpecTypeUdt","udt"]],arms:{option:e.lookup("ScSpecTypeOption"),result:e.lookup("ScSpecTypeResult"),vec:e.lookup("ScSpecTypeVec"),map:e.lookup("ScSpecTypeMap"),tuple:e.lookup("ScSpecTypeTuple"),bytesN:e.lookup("ScSpecTypeBytesN"),udt:e.lookup("ScSpecTypeUdt")}}),e.struct("ScSpecUdtStructFieldV0",[["doc",e.string(t)],["name",e.string(30)],["type",e.lookup("ScSpecTypeDef")]]),e.struct("ScSpecUdtStructV0",[["doc",e.string(t)],["lib",e.string(80)],["name",e.string(60)],["fields",e.varArray(e.lookup("ScSpecUdtStructFieldV0"),40)]]),e.struct("ScSpecUdtUnionCaseVoidV0",[["doc",e.string(t)],["name",e.string(60)]]),e.struct("ScSpecUdtUnionCaseTupleV0",[["doc",e.string(t)],["name",e.string(60)],["type",e.varArray(e.lookup("ScSpecTypeDef"),12)]]),e.enum("ScSpecUdtUnionCaseV0Kind",{scSpecUdtUnionCaseVoidV0:0,scSpecUdtUnionCaseTupleV0:1}),e.union("ScSpecUdtUnionCaseV0",{switchOn:e.lookup("ScSpecUdtUnionCaseV0Kind"),switchName:"kind",switches:[["scSpecUdtUnionCaseVoidV0","voidCase"],["scSpecUdtUnionCaseTupleV0","tupleCase"]],arms:{voidCase:e.lookup("ScSpecUdtUnionCaseVoidV0"),tupleCase:e.lookup("ScSpecUdtUnionCaseTupleV0")}}),e.struct("ScSpecUdtUnionV0",[["doc",e.string(t)],["lib",e.string(80)],["name",e.string(60)],["cases",e.varArray(e.lookup("ScSpecUdtUnionCaseV0"),50)]]),e.struct("ScSpecUdtEnumCaseV0",[["doc",e.string(t)],["name",e.string(60)],["value",e.lookup("Uint32")]]),e.struct("ScSpecUdtEnumV0",[["doc",e.string(t)],["lib",e.string(80)],["name",e.string(60)],["cases",e.varArray(e.lookup("ScSpecUdtEnumCaseV0"),50)]]),e.struct("ScSpecUdtErrorEnumCaseV0",[["doc",e.string(t)],["name",e.string(60)],["value",e.lookup("Uint32")]]),e.struct("ScSpecUdtErrorEnumV0",[["doc",e.string(t)],["lib",e.string(80)],["name",e.string(60)],["cases",e.varArray(e.lookup("ScSpecUdtErrorEnumCaseV0"),50)]]),e.struct("ScSpecFunctionInputV0",[["doc",e.string(t)],["name",e.string(30)],["type",e.lookup("ScSpecTypeDef")]]),e.struct("ScSpecFunctionV0",[["doc",e.string(t)],["name",e.lookup("ScSymbol")],["inputs",e.varArray(e.lookup("ScSpecFunctionInputV0"),10)],["outputs",e.varArray(e.lookup("ScSpecTypeDef"),1)]]),e.enum("ScSpecEntryKind",{scSpecEntryFunctionV0:0,scSpecEntryUdtStructV0:1,scSpecEntryUdtUnionV0:2,scSpecEntryUdtEnumV0:3,scSpecEntryUdtErrorEnumV0:4}),e.union("ScSpecEntry",{switchOn:e.lookup("ScSpecEntryKind"),switchName:"kind",switches:[["scSpecEntryFunctionV0","functionV0"],["scSpecEntryUdtStructV0","udtStructV0"],["scSpecEntryUdtUnionV0","udtUnionV0"],["scSpecEntryUdtEnumV0","udtEnumV0"],["scSpecEntryUdtErrorEnumV0","udtErrorEnumV0"]],arms:{functionV0:e.lookup("ScSpecFunctionV0"),udtStructV0:e.lookup("ScSpecUdtStructV0"),udtUnionV0:e.lookup("ScSpecUdtUnionV0"),udtEnumV0:e.lookup("ScSpecUdtEnumV0"),udtErrorEnumV0:e.lookup("ScSpecUdtErrorEnumV0")}}),e.struct("ConfigSettingContractExecutionLanesV0",[["ledgerMaxTxCount",e.lookup("Uint32")]]),e.struct("ConfigSettingContractComputeV0",[["ledgerMaxInstructions",e.lookup("Int64")],["txMaxInstructions",e.lookup("Int64")],["feeRatePerInstructionsIncrement",e.lookup("Int64")],["txMemoryLimit",e.lookup("Uint32")]]),e.struct("ConfigSettingContractLedgerCostV0",[["ledgerMaxReadLedgerEntries",e.lookup("Uint32")],["ledgerMaxReadBytes",e.lookup("Uint32")],["ledgerMaxWriteLedgerEntries",e.lookup("Uint32")],["ledgerMaxWriteBytes",e.lookup("Uint32")],["txMaxReadLedgerEntries",e.lookup("Uint32")],["txMaxReadBytes",e.lookup("Uint32")],["txMaxWriteLedgerEntries",e.lookup("Uint32")],["txMaxWriteBytes",e.lookup("Uint32")],["feeReadLedgerEntry",e.lookup("Int64")],["feeWriteLedgerEntry",e.lookup("Int64")],["feeRead1Kb",e.lookup("Int64")],["bucketListTargetSizeBytes",e.lookup("Int64")],["writeFee1KbBucketListLow",e.lookup("Int64")],["writeFee1KbBucketListHigh",e.lookup("Int64")],["bucketListWriteFeeGrowthFactor",e.lookup("Uint32")]]),e.struct("ConfigSettingContractHistoricalDataV0",[["feeHistorical1Kb",e.lookup("Int64")]]),e.struct("ConfigSettingContractEventsV0",[["txMaxContractEventsSizeBytes",e.lookup("Uint32")],["feeContractEvents1Kb",e.lookup("Int64")]]),e.struct("ConfigSettingContractBandwidthV0",[["ledgerMaxTxsSizeBytes",e.lookup("Uint32")],["txMaxSizeBytes",e.lookup("Uint32")],["feeTxSize1Kb",e.lookup("Int64")]]),e.enum("ContractCostType",{wasmInsnExec:0,memAlloc:1,memCpy:2,memCmp:3,dispatchHostFunction:4,visitObject:5,valSer:6,valDeser:7,computeSha256Hash:8,computeEd25519PubKey:9,verifyEd25519Sig:10,vmInstantiation:11,vmCachedInstantiation:12,invokeVmFunction:13,computeKeccak256Hash:14,computeEcdsaSecp256k1Sig:15,recoverEcdsaSecp256k1Key:16,int256AddSub:17,int256Mul:18,int256Div:19,int256Pow:20,int256Shift:21,chaCha20DrawBytes:22}),e.struct("ContractCostParamEntry",[["ext",e.lookup("ExtensionPoint")],["constTerm",e.lookup("Int64")],["linearTerm",e.lookup("Int64")]]),e.struct("StateArchivalSettings",[["maxEntryTtl",e.lookup("Uint32")],["minTemporaryTtl",e.lookup("Uint32")],["minPersistentTtl",e.lookup("Uint32")],["persistentRentRateDenominator",e.lookup("Int64")],["tempRentRateDenominator",e.lookup("Int64")],["maxEntriesToArchive",e.lookup("Uint32")],["bucketListSizeWindowSampleSize",e.lookup("Uint32")],["evictionScanSize",e.lookup("Uint64")],["startingEvictionScanLevel",e.lookup("Uint32")]]),e.struct("EvictionIterator",[["bucketListLevel",e.lookup("Uint32")],["isCurrBucket",e.bool()],["bucketFileOffset",e.lookup("Uint64")]]),e.const("CONTRACT_COST_COUNT_LIMIT",1024),e.typedef("ContractCostParams",e.varArray(e.lookup("ContractCostParamEntry"),e.lookup("CONTRACT_COST_COUNT_LIMIT"))),e.enum("ConfigSettingId",{configSettingContractMaxSizeBytes:0,configSettingContractComputeV0:1,configSettingContractLedgerCostV0:2,configSettingContractHistoricalDataV0:3,configSettingContractEventsV0:4,configSettingContractBandwidthV0:5,configSettingContractCostParamsCpuInstructions:6,configSettingContractCostParamsMemoryBytes:7,configSettingContractDataKeySizeBytes:8,configSettingContractDataEntrySizeBytes:9,configSettingStateArchival:10,configSettingContractExecutionLanes:11,configSettingBucketlistSizeWindow:12,configSettingEvictionIterator:13}),e.union("ConfigSettingEntry",{switchOn:e.lookup("ConfigSettingId"),switchName:"configSettingId",switches:[["configSettingContractMaxSizeBytes","contractMaxSizeBytes"],["configSettingContractComputeV0","contractCompute"],["configSettingContractLedgerCostV0","contractLedgerCost"],["configSettingContractHistoricalDataV0","contractHistoricalData"],["configSettingContractEventsV0","contractEvents"],["configSettingContractBandwidthV0","contractBandwidth"],["configSettingContractCostParamsCpuInstructions","contractCostParamsCpuInsns"],["configSettingContractCostParamsMemoryBytes","contractCostParamsMemBytes"],["configSettingContractDataKeySizeBytes","contractDataKeySizeBytes"],["configSettingContractDataEntrySizeBytes","contractDataEntrySizeBytes"],["configSettingStateArchival","stateArchivalSettings"],["configSettingContractExecutionLanes","contractExecutionLanes"],["configSettingBucketlistSizeWindow","bucketListSizeWindow"],["configSettingEvictionIterator","evictionIterator"]],arms:{contractMaxSizeBytes:e.lookup("Uint32"),contractCompute:e.lookup("ConfigSettingContractComputeV0"),contractLedgerCost:e.lookup("ConfigSettingContractLedgerCostV0"),contractHistoricalData:e.lookup("ConfigSettingContractHistoricalDataV0"),contractEvents:e.lookup("ConfigSettingContractEventsV0"),contractBandwidth:e.lookup("ConfigSettingContractBandwidthV0"),contractCostParamsCpuInsns:e.lookup("ContractCostParams"),contractCostParamsMemBytes:e.lookup("ContractCostParams"),contractDataKeySizeBytes:e.lookup("Uint32"),contractDataEntrySizeBytes:e.lookup("Uint32"),stateArchivalSettings:e.lookup("StateArchivalSettings"),contractExecutionLanes:e.lookup("ConfigSettingContractExecutionLanesV0"),bucketListSizeWindow:e.varArray(e.lookup("Uint64"),2147483647),evictionIterator:e.lookup("EvictionIterator")}})}));t.default=i},9396:(e,t,r)=>{"use strict";var n=r(8764).Buffer;Object.defineProperty(t,"__esModule",{value:!0}),t.LiquidityPoolFeeV18=void 0,t.getLiquidityPoolId=function(e){var t=arguments.length>1&&void 0!==arguments[1]?arguments[1]:{};if("constant_product"!==e)throw new Error("liquidityPoolType is invalid");var r=t.assetA,o=t.assetB,c=t.fee;if(!(r&&r instanceof a.Asset))throw new Error("assetA is invalid");if(!(o&&o instanceof a.Asset))throw new Error("assetB is invalid");if(!c||c!==u)throw new Error("fee is invalid");if(-1!==a.Asset.compare(r,o))throw new Error("Assets are not in lexicographic order");var l=i.default.LiquidityPoolType.liquidityPoolConstantProduct().toXDR(),f=new i.default.LiquidityPoolConstantProductParameters({assetA:r.toXDRObject(),assetB:o.toXDRObject(),fee:c}).toXDR(),p=n.concat([l,f]);return(0,s.hash)(p)};var o,i=(o=r(4081))&&o.__esModule?o:{default:o},a=r(3469),s=r(9622);var u=t.LiquidityPoolFeeV18=30},9622:(e,t,r)=>{"use strict";Object.defineProperty(t,"__esModule",{value:!0}),t.hash=function(e){var t=new n.sha256;return t.update(e,"utf8"),t.digest()};var n=r(9072)},4172:(e,t,r)=>{"use strict";Object.defineProperty(t,"__esModule",{value:!0});var n={xdr:!0,hash:!0,sign:!0,verify:!0,FastSigning:!0,getLiquidityPoolId:!0,LiquidityPoolFeeV18:!0,Keypair:!0,UnsignedHyper:!0,Hyper:!0,TransactionBase:!0,Transaction:!0,FeeBumpTransaction:!0,TransactionBuilder:!0,TimeoutInfinite:!0,BASE_FEE:!0,Asset:!0,LiquidityPoolAsset:!0,LiquidityPoolId:!0,Operation:!0,AuthRequiredFlag:!0,AuthRevocableFlag:!0,AuthImmutableFlag:!0,AuthClawbackEnabledFlag:!0,Account:!0,MuxedAccount:!0,Claimant:!0,Networks:!0,StrKey:!0,SignerKey:!0,Soroban:!0,decodeAddressToMuxedAccount:!0,encodeMuxedAccountToAddress:!0,extractBaseAddress:!0,encodeMuxedAccount:!0,Contract:!0,Address:!0};Object.defineProperty(t,"Account",{enumerable:!0,get:function(){return w.Account}}),Object.defineProperty(t,"Address",{enumerable:!0,get:function(){return P.Address}}),Object.defineProperty(t,"Asset",{enumerable:!0,get:function(){return y.Asset}}),Object.defineProperty(t,"AuthClawbackEnabledFlag",{enumerable:!0,get:function(){return g.AuthClawbackEnabledFlag}}),Object.defineProperty(t,"AuthImmutableFlag",{enumerable:!0,get:function(){return g.AuthImmutableFlag}}),Object.defineProperty(t,"AuthRequiredFlag",{enumerable:!0,get:function(){return g.AuthRequiredFlag}}),Object.defineProperty(t,"AuthRevocableFlag",{enumerable:!0,get:function(){return g.AuthRevocableFlag}}),Object.defineProperty(t,"BASE_FEE",{enumerable:!0,get:function(){return h.BASE_FEE}}),Object.defineProperty(t,"Claimant",{enumerable:!0,get:function(){return _.Claimant}}),Object.defineProperty(t,"Contract",{enumerable:!0,get:function(){return x.Contract}}),Object.defineProperty(t,"FastSigning",{enumerable:!0,get:function(){return s.FastSigning}}),Object.defineProperty(t,"FeeBumpTransaction",{enumerable:!0,get:function(){return d.FeeBumpTransaction}}),Object.defineProperty(t,"Hyper",{enumerable:!0,get:function(){return l.Hyper}}),Object.defineProperty(t,"Keypair",{enumerable:!0,get:function(){return c.Keypair}}),Object.defineProperty(t,"LiquidityPoolAsset",{enumerable:!0,get:function(){return m.LiquidityPoolAsset}}),Object.defineProperty(t,"LiquidityPoolFeeV18",{enumerable:!0,get:function(){return u.LiquidityPoolFeeV18}}),Object.defineProperty(t,"LiquidityPoolId",{enumerable:!0,get:function(){return v.LiquidityPoolId}}),Object.defineProperty(t,"MuxedAccount",{enumerable:!0,get:function(){return S.MuxedAccount}}),Object.defineProperty(t,"Networks",{enumerable:!0,get:function(){return E.Networks}}),Object.defineProperty(t,"Operation",{enumerable:!0,get:function(){return g.Operation}}),Object.defineProperty(t,"SignerKey",{enumerable:!0,get:function(){return k.SignerKey}}),Object.defineProperty(t,"Soroban",{enumerable:!0,get:function(){return O.Soroban}}),Object.defineProperty(t,"StrKey",{enumerable:!0,get:function(){return T.StrKey}}),Object.defineProperty(t,"TimeoutInfinite",{enumerable:!0,get:function(){return h.TimeoutInfinite}}),Object.defineProperty(t,"Transaction",{enumerable:!0,get:function(){return p.Transaction}}),Object.defineProperty(t,"TransactionBase",{enumerable:!0,get:function(){return f.TransactionBase}}),Object.defineProperty(t,"TransactionBuilder",{enumerable:!0,get:function(){return h.TransactionBuilder}}),Object.defineProperty(t,"UnsignedHyper",{enumerable:!0,get:function(){return l.UnsignedHyper}}),Object.defineProperty(t,"decodeAddressToMuxedAccount",{enumerable:!0,get:function(){return A.decodeAddressToMuxedAccount}}),t.default=void 0,Object.defineProperty(t,"encodeMuxedAccount",{enumerable:!0,get:function(){return A.encodeMuxedAccount}}),Object.defineProperty(t,"encodeMuxedAccountToAddress",{enumerable:!0,get:function(){return A.encodeMuxedAccountToAddress}}),Object.defineProperty(t,"extractBaseAddress",{enumerable:!0,get:function(){return A.extractBaseAddress}}),Object.defineProperty(t,"getLiquidityPoolId",{enumerable:!0,get:function(){return u.getLiquidityPoolId}}),Object.defineProperty(t,"hash",{enumerable:!0,get:function(){return a.hash}}),Object.defineProperty(t,"sign",{enumerable:!0,get:function(){return s.sign}}),Object.defineProperty(t,"verify",{enumerable:!0,get:function(){return s.verify}}),Object.defineProperty(t,"xdr",{enumerable:!0,get:function(){return i.default}});var o=N(r(4431)),i=N(r(4081)),a=r(9622),s=r(5687),u=r(9396),c=r(6437),l=r(6263),f=r(1065),p=r(1388),d=r(1462),h=r(624),y=r(3469),m=r(1486),v=r(7287),g=r(4585),b=r(4856);Object.keys(b).forEach((function(e){"default"!==e&&"__esModule"!==e&&(Object.prototype.hasOwnProperty.call(n,e)||e in t&&t[e]===b[e]||Object.defineProperty(t,e,{enumerable:!0,get:function(){return b[e]}}))}));var w=r(3217),S=r(9022),_=r(1842),E=r(2844),T=r(8385),k=r(5822),O=r(251),A=r(6880),x=r(5618),P=r(3471),R=r(3180);Object.keys(R).forEach((function(e){"default"!==e&&"__esModule"!==e&&(Object.prototype.hasOwnProperty.call(n,e)||e in t&&t[e]===R[e]||Object.defineProperty(t,e,{enumerable:!0,get:function(){return R[e]}}))}));var I=r(5567);Object.keys(I).forEach((function(e){"default"!==e&&"__esModule"!==e&&(Object.prototype.hasOwnProperty.call(n,e)||e in t&&t[e]===I[e]||Object.defineProperty(t,e,{enumerable:!0,get:function(){return I[e]}}))}));var C=r(3761);Object.keys(C).forEach((function(e){"default"!==e&&"__esModule"!==e&&(Object.prototype.hasOwnProperty.call(n,e)||e in t&&t[e]===C[e]||Object.defineProperty(t,e,{enumerable:!0,get:function(){return C[e]}}))}));var j=r(5096);Object.keys(j).forEach((function(e){"default"!==e&&"__esModule"!==e&&(Object.prototype.hasOwnProperty.call(n,e)||e in t&&t[e]===j[e]||Object.defineProperty(t,e,{enumerable:!0,get:function(){return j[e]}}))}));var B=r(1687);Object.keys(B).forEach((function(e){"default"!==e&&"__esModule"!==e&&(Object.prototype.hasOwnProperty.call(n,e)||e in t&&t[e]===B[e]||Object.defineProperty(t,e,{enumerable:!0,get:function(){return B[e]}}))}));var L=r(3812);function N(e){return e&&e.__esModule?e:{default:e}}Object.keys(L).forEach((function(e){"default"!==e&&"__esModule"!==e&&(Object.prototype.hasOwnProperty.call(n,e)||e in t&&t[e]===L[e]||Object.defineProperty(t,e,{enumerable:!0,get:function(){return L[e]}}))})),o.default.DEBUG=!0;t.default=e.exports},3812:(e,t,r)=>{"use strict";Object.defineProperty(t,"__esModule",{value:!0}),t.buildInvocationTree=function e(t){var r=t.function(),a={},s=r.value();switch(r.switch().value){case 0:a.type="execute",a.args={source:o.Address.fromScAddress(s.contractAddress()).toString(),function:s.functionName(),args:s.args().map((function(e){return(0,i.scValToNative)(e)}))};break;case 1:a.type="create",a.args={};var u=[s.executable(),s.contractIdPreimage()],c=u[0],l=u[1];if(!!c.switch().value!=!!l.switch().value)throw new Error("creation function appears invalid: ".concat(JSON.stringify(s)," (should be wasm+address or token+asset)"));switch(c.switch().value){case 0:var f=l.fromAddress();a.args.type="wasm",a.args.wasm={salt:f.salt().toString("hex"),hash:c.wasmHash().toString("hex"),address:o.Address.fromScAddress(f.address()).toString()};break;case 1:a.args.type="sac",a.args.asset=n.Asset.fromOperation(l.fromAsset()).toString();break;default:throw new Error("unknown creation type: ".concat(JSON.stringify(c)))}break;default:throw new Error("unknown invocation type (".concat(r.switch(),"): ").concat(JSON.stringify(r)))}return a.invocations=t.subInvocations().map((function(t){return e(t)})),a},t.walkInvocationTree=function(e,t){a(e,1,t)};var n=r(3469),o=r(3471),i=r(5567);function a(e,t,r,n){!1!==r(e,t,n)&&e.subInvocations().forEach((function(n){return a(n,t+1,r,e)}))}},6437:(e,t,r)=>{"use strict";var n=r(8764).Buffer;Object.defineProperty(t,"__esModule",{value:!0}),t.Keypair=void 0;var o=c(r(7586)),i=r(5687),a=r(8385),s=r(9622),u=c(r(4081));function c(e){return e&&e.__esModule?e:{default:e}}function l(e){return l="function"==typeof Symbol&&"symbol"==typeof Symbol.iterator?function(e){return typeof e}:function(e){return e&&"function"==typeof Symbol&&e.constructor===Symbol&&e!==Symbol.prototype?"symbol":typeof e},l(e)}function f(e,t){for(var r=0;r<t.length;r++){var n=t[r];n.enumerable=n.enumerable||!1,n.configurable=!0,"value"in n&&(n.writable=!0),Object.defineProperty(e,p(n.key),n)}}function p(e){var t=function(e,t){if("object"!=l(e)||!e)return e;var r=e[Symbol.toPrimitive];if(void 0!==r){var n=r.call(e,t||"default");if("object"!=l(n))return n;throw new TypeError("@@toPrimitive must return a primitive value.")}return("string"===t?String:Number)(e)}(e,"string");return"symbol"==l(t)?t:String(t)}t.Keypair=function(){function e(t){if(function(e,t){if(!(e instanceof t))throw new TypeError("Cannot call a class as a function")}(this,e),"ed25519"!==t.type)throw new Error("Invalid keys type");if(this.type=t.type,t.secretKey){if(t.secretKey=n.from(t.secretKey),32!==t.secretKey.length)throw new Error("secretKey length is invalid");if(this._secretSeed=t.secretKey,this._publicKey=(0,i.generate)(t.secretKey),this._secretKey=n.concat([t.secretKey,this._publicKey]),t.publicKey&&!this._publicKey.equals(n.from(t.publicKey)))throw new Error("secretKey does not match publicKey")}else if(this._publicKey=n.from(t.publicKey),32!==this._publicKey.length)throw new Error("publicKey length is invalid")}var t,r,c;return t=e,c=[{key:"fromSecret",value:function(e){var t=a.StrKey.decodeEd25519SecretSeed(e);return this.fromRawEd25519Seed(t)}},{key:"fromRawEd25519Seed",value:function(e){return new this({type:"ed25519",secretKey:e})}},{key:"master",value:function(e){if(!e)throw new Error("No network selected. Please pass a network argument, e.g. `Keypair.master(Networks.PUBLIC)`.");return this.fromRawEd25519Seed((0,s.hash)(e))}},{key:"fromPublicKey",value:function(e){if(32!==(e=a.StrKey.decodeEd25519PublicKey(e)).length)throw new Error("Invalid Stellar public key");return new this({type:"ed25519",publicKey:e})}},{key:"random",value:function(){var e=o.default.randomBytes(32);return this.fromRawEd25519Seed(e)}}],(r=[{key:"xdrAccountId",value:function(){return new u.default.AccountId.publicKeyTypeEd25519(this._publicKey)}},{key:"xdrPublicKey",value:function(){return new u.default.PublicKey.publicKeyTypeEd25519(this._publicKey)}},{key:"xdrMuxedAccount",value:function(e){if(void 0!==e){if("string"!=typeof e)throw new TypeError("expected string for ID, got ".concat(l(e)));return u.default.MuxedAccount.keyTypeMuxedEd25519(new u.default.MuxedAccountMed25519({id:u.default.Uint64.fromString(e),ed25519:this._publicKey}))}return new u.default.MuxedAccount.keyTypeEd25519(this._publicKey)}},{key:"rawPublicKey",value:function(){return this._publicKey}},{key:"signatureHint",value:function(){var e=this.xdrAccountId().toXDR();return e.slice(e.length-4)}},{key:"publicKey",value:function(){return a.StrKey.encodeEd25519PublicKey(this._publicKey)}},{key:"secret",value:function(){if(!this._secretSeed)throw new Error("no secret key available");if("ed25519"===this.type)return a.StrKey.encodeEd25519SecretSeed(this._secretSeed);throw new Error("Invalid Keypair type")}},{key:"rawSecretKey",value:function(){return this._secretSeed}},{key:"canSign",value:function(){return!!this._secretKey}},{key:"sign",value:function(e){if(!this.canSign())throw new Error("cannot sign: no secret key available");return(0,i.sign)(e,this._secretKey)}},{key:"verify",value:function(e,t){return(0,i.verify)(e,t,this._publicKey)}},{key:"signDecorated",value:function(e){var t=this.sign(e),r=this.signatureHint();return new u.default.DecoratedSignature({hint:r,signature:t})}},{key:"signPayloadDecorated",value:function(e){var t=this.sign(e),r=this.signatureHint(),o=n.from(e.slice(-4));return o.length<4&&(o=n.concat([o,n.alloc(4-e.length,0)])),new u.default.DecoratedSignature({hint:o.map((function(e,t){return e^r[t]})),signature:t})}}])&&f(t.prototype,r),c&&f(t,c),Object.defineProperty(t,"prototype",{writable:!1}),e}()},1486:(e,t,r)=>{"use strict";Object.defineProperty(t,"__esModule",{value:!0}),t.LiquidityPoolAsset=void 0;var n,o=(n=r(4081))&&n.__esModule?n:{default:n},i=r(3469),a=r(9396);function s(e){return s="function"==typeof Symbol&&"symbol"==typeof Symbol.iterator?function(e){return typeof e}:function(e){return e&&"function"==typeof Symbol&&e.constructor===Symbol&&e!==Symbol.prototype?"symbol":typeof e},s(e)}function u(e,t){var r=Object.keys(e);if(Object.getOwnPropertySymbols){var n=Object.getOwnPropertySymbols(e);t&&(n=n.filter((function(t){return Object.getOwnPropertyDescriptor(e,t).enumerable}))),r.push.apply(r,n)}return r}function c(e){for(var t=1;t<arguments.length;t++){var r=null!=arguments[t]?arguments[t]:{};t%2?u(Object(r),!0).forEach((function(t){l(e,t,r[t])})):Object.getOwnPropertyDescriptors?Object.defineProperties(e,Object.getOwnPropertyDescriptors(r)):u(Object(r)).forEach((function(t){Object.defineProperty(e,t,Object.getOwnPropertyDescriptor(r,t))}))}return e}function l(e,t,r){return(t=p(t))in e?Object.defineProperty(e,t,{value:r,enumerable:!0,configurable:!0,writable:!0}):e[t]=r,e}function f(e,t){for(var r=0;r<t.length;r++){var n=t[r];n.enumerable=n.enumerable||!1,n.configurable=!0,"value"in n&&(n.writable=!0),Object.defineProperty(e,p(n.key),n)}}function p(e){var t=function(e,t){if("object"!=s(e)||!e)return e;var r=e[Symbol.toPrimitive];if(void 0!==r){var n=r.call(e,t||"default");if("object"!=s(n))return n;throw new TypeError("@@toPrimitive must return a primitive value.")}return("string"===t?String:Number)(e)}(e,"string");return"symbol"==s(t)?t:String(t)}t.LiquidityPoolAsset=function(){function e(t,r,n){if(function(e,t){if(!(e instanceof t))throw new TypeError("Cannot call a class as a function")}(this,e),!(t&&t instanceof i.Asset))throw new Error("assetA is invalid");if(!(r&&r instanceof i.Asset))throw new Error("assetB is invalid");if(-1!==i.Asset.compare(t,r))throw new Error("Assets are not in lexicographic order");if(!n||n!==a.LiquidityPoolFeeV18)throw new Error("fee is invalid");this.assetA=t,this.assetB=r,this.fee=n}var t,r,n;return t=e,n=[{key:"fromOperation",value:function(e){var t=e.switch();if(t===o.default.AssetType.assetTypePoolShare()){var r=e.liquidityPool().constantProduct();return new this(i.Asset.fromOperation(r.assetA()),i.Asset.fromOperation(r.assetB()),r.fee())}throw new Error("Invalid asset type: ".concat(t.name))}}],(r=[{key:"toXDRObject",value:function(){var e=new o.default.LiquidityPoolConstantProductParameters({assetA:this.assetA.toXDRObject(),assetB:this.assetB.toXDRObject(),fee:this.fee}),t=new o.default.LiquidityPoolParameters("liquidityPoolConstantProduct",e);return new o.default.ChangeTrustAsset("assetTypePoolShare",t)}},{key:"getLiquidityPoolParameters",value:function(){return c(c({},this),{},{assetA:this.assetA,assetB:this.assetB,fee:this.fee})}},{key:"getAssetType",value:function(){return"liquidity_pool_shares"}},{key:"equals",value:function(e){return this.assetA.equals(e.assetA)&&this.assetB.equals(e.assetB)&&this.fee===e.fee}},{key:"toString",value:function(){var e=(0,a.getLiquidityPoolId)("constant_product",this.getLiquidityPoolParameters()).toString("hex");return"liquidity_pool:".concat(e)}}])&&f(t.prototype,r),n&&f(t,n),Object.defineProperty(t,"prototype",{writable:!1}),e}()},7287:(e,t,r)=>{"use strict";Object.defineProperty(t,"__esModule",{value:!0}),t.LiquidityPoolId=void 0;var n,o=(n=r(4081))&&n.__esModule?n:{default:n};function i(e){return i="function"==typeof Symbol&&"symbol"==typeof Symbol.iterator?function(e){return typeof e}:function(e){return e&&"function"==typeof Symbol&&e.constructor===Symbol&&e!==Symbol.prototype?"symbol":typeof e},i(e)}function a(e,t){for(var r=0;r<t.length;r++){var n=t[r];n.enumerable=n.enumerable||!1,n.configurable=!0,"value"in n&&(n.writable=!0),Object.defineProperty(e,s(n.key),n)}}function s(e){var t=function(e,t){if("object"!=i(e)||!e)return e;var r=e[Symbol.toPrimitive];if(void 0!==r){var n=r.call(e,t||"default");if("object"!=i(n))return n;throw new TypeError("@@toPrimitive must return a primitive value.")}return("string"===t?String:Number)(e)}(e,"string");return"symbol"==i(t)?t:String(t)}t.LiquidityPoolId=function(){function e(t){if(function(e,t){if(!(e instanceof t))throw new TypeError("Cannot call a class as a function")}(this,e),!t)throw new Error("liquidityPoolId cannot be empty");if(!/^[a-f0-9]{64}$/.test(t))throw new Error("Liquidity pool ID is not a valid hash");this.liquidityPoolId=t}var t,r,n;return t=e,n=[{key:"fromOperation",value:function(e){var t=e.switch();if(t===o.default.AssetType.assetTypePoolShare())return new this(e.liquidityPoolId().toString("hex"));throw new Error("Invalid asset type: ".concat(t.name))}}],(r=[{key:"toXDRObject",value:function(){var e=o.default.PoolId.fromXDR(this.liquidityPoolId,"hex");return new o.default.TrustLineAsset("assetTypePoolShare",e)}},{key:"getLiquidityPoolId",value:function(){return String(this.liquidityPoolId)}},{key:"getAssetType",value:function(){return"liquidity_pool_shares"}},{key:"equals",value:function(e){return this.liquidityPoolId===e.getLiquidityPoolId()}},{key:"toString",value:function(){return"liquidity_pool:".concat(this.liquidityPoolId)}}])&&a(t.prototype,r),n&&a(t,n),Object.defineProperty(t,"prototype",{writable:!1}),e}()},4856:(e,t,r)=>{"use strict";var n=r(8764).Buffer;Object.defineProperty(t,"__esModule",{value:!0}),t.MemoText=t.MemoReturn=t.MemoNone=t.MemoID=t.MemoHash=t.Memo=void 0;var o=r(6263),i=s(r(4431)),a=s(r(4081));function s(e){return e&&e.__esModule?e:{default:e}}function u(e){return u="function"==typeof Symbol&&"symbol"==typeof Symbol.iterator?function(e){return typeof e}:function(e){return e&&"function"==typeof Symbol&&e.constructor===Symbol&&e!==Symbol.prototype?"symbol":typeof e},u(e)}function c(e,t){for(var r=0;r<t.length;r++){var n=t[r];n.enumerable=n.enumerable||!1,n.configurable=!0,"value"in n&&(n.writable=!0),Object.defineProperty(e,l(n.key),n)}}function l(e){var t=function(e,t){if("object"!=u(e)||!e)return e;var r=e[Symbol.toPrimitive];if(void 0!==r){var n=r.call(e,t||"default");if("object"!=u(n))return n;throw new TypeError("@@toPrimitive must return a primitive value.")}return("string"===t?String:Number)(e)}(e,"string");return"symbol"==u(t)?t:String(t)}var f=t.MemoNone="none",p=t.MemoID="id",d=t.MemoText="text",h=t.MemoHash="hash",y=t.MemoReturn="return";t.Memo=function(){function e(t){var r=arguments.length>1&&void 0!==arguments[1]?arguments[1]:null;switch(function(e,t){if(!(e instanceof t))throw new TypeError("Cannot call a class as a function")}(this,e),this._type=t,this._value=r,this._type){case f:break;case p:e._validateIdValue(r);break;case d:e._validateTextValue(r);break;case h:case y:e._validateHashValue(r),"string"==typeof r&&(this._value=n.from(r,"hex"));break;default:throw new Error("Invalid memo type")}}var t,r,s;return t=e,s=[{key:"_validateIdValue",value:function(e){var t,r=new Error("Expects a int64 as a string. Got ".concat(e));if("string"!=typeof e)throw r;try{t=new i.default(e)}catch(e){throw r}if(!t.isFinite())throw r;if(t.isNaN())throw r}},{key:"_validateTextValue",value:function(e){if(!a.default.Memo.armTypeForArm("text").isValid(e))throw new Error("Expects string, array or buffer, max 28 bytes")}},{key:"_validateHashValue",value:function(e){var t,r=new Error("Expects a 32 byte hash value or hex encoded string. Got ".concat(e));if(null==e)throw r;if("string"==typeof e){if(!/^[0-9A-Fa-f]{64}$/g.test(e))throw r;t=n.from(e,"hex")}else{if(!n.isBuffer(e))throw r;t=n.from(e)}if(!t.length||32!==t.length)throw r}},{key:"none",value:function(){return new e(f)}},{key:"text",value:function(t){return new e(d,t)}},{key:"id",value:function(t){return new e(p,t)}},{key:"hash",value:function(t){return new e(h,t)}},{key:"return",value:function(t){return new e(y,t)}},{key:"fromXDRObject",value:function(t){switch(t.arm()){case"id":return e.id(t.value().toString());case"text":return e.text(t.value());case"hash":return e.hash(t.value());case"retHash":return e.return(t.value())}if(void 0===t.value())return e.none();throw new Error("Unknown type")}}],(r=[{key:"type",get:function(){return this._type},set:function(e){throw new Error("Memo is immutable")}},{key:"value",get:function(){switch(this._type){case f:return null;case p:case d:return this._value;case h:case y:return n.from(this._value);default:throw new Error("Invalid memo type")}},set:function(e){throw new Error("Memo is immutable")}},{key:"toXDRObject",value:function(){switch(this._type){case f:return a.default.Memo.memoNone();case p:return a.default.Memo.memoId(o.UnsignedHyper.fromString(this._value));case d:return a.default.Memo.memoText(this._value);case h:return a.default.Memo.memoHash(this._value);case y:return a.default.Memo.memoReturn(this._value);default:return null}}}])&&c(t.prototype,r),s&&c(t,s),Object.defineProperty(t,"prototype",{writable:!1}),e}()},9022:(e,t,r)=>{"use strict";Object.defineProperty(t,"__esModule",{value:!0}),t.MuxedAccount=void 0;var n,o=(n=r(4081))&&n.__esModule?n:{default:n},i=r(3217),a=r(8385),s=r(6880);function u(e){return u="function"==typeof Symbol&&"symbol"==typeof Symbol.iterator?function(e){return typeof e}:function(e){return e&&"function"==typeof Symbol&&e.constructor===Symbol&&e!==Symbol.prototype?"symbol":typeof e},u(e)}function c(e,t){for(var r=0;r<t.length;r++){var n=t[r];n.enumerable=n.enumerable||!1,n.configurable=!0,"value"in n&&(n.writable=!0),Object.defineProperty(e,l(n.key),n)}}function l(e){var t=function(e,t){if("object"!=u(e)||!e)return e;var r=e[Symbol.toPrimitive];if(void 0!==r){var n=r.call(e,t||"default");if("object"!=u(n))return n;throw new TypeError("@@toPrimitive must return a primitive value.")}return("string"===t?String:Number)(e)}(e,"string");return"symbol"==u(t)?t:String(t)}t.MuxedAccount=function(){function e(t,r){!function(e,t){if(!(e instanceof t))throw new TypeError("Cannot call a class as a function")}(this,e);var n=t.accountId();if(!a.StrKey.isValidEd25519PublicKey(n))throw new Error("accountId is invalid");this.account=t,this._muxedXdr=(0,s.encodeMuxedAccount)(n,r),this._mAddress=(0,s.encodeMuxedAccountToAddress)(this._muxedXdr),this._id=r}var t,r,n;return t=e,n=[{key:"fromAddress",value:function(t,r){var n=(0,s.decodeAddressToMuxedAccount)(t),o=(0,s.extractBaseAddress)(t),a=n.med25519().id().toString();return new e(new i.Account(o,r),a)}}],(r=[{key:"baseAccount",value:function(){return this.account}},{key:"accountId",value:function(){return this._mAddress}},{key:"id",value:function(){return this._id}},{key:"setId",value:function(e){if("string"!=typeof e)throw new Error("id should be a string representing a number (uint64)");return this._muxedXdr.med25519().id(o.default.Uint64.fromString(e)),this._mAddress=(0,s.encodeMuxedAccountToAddress)(this._muxedXdr),this._id=e,this}},{key:"sequenceNumber",value:function(){return this.account.sequenceNumber()}},{key:"incrementSequenceNumber",value:function(){return this.account.incrementSequenceNumber()}},{key:"toXDRObject",value:function(){return this._muxedXdr}},{key:"equals",value:function(e){return this.accountId()===e.accountId()}}])&&c(t.prototype,r),n&&c(t,n),Object.defineProperty(t,"prototype",{writable:!1}),e}()},2844:(e,t)=>{"use strict";Object.defineProperty(t,"__esModule",{value:!0}),t.Networks=void 0;t.Networks={PUBLIC:"Public Global Stellar Network ; September 2015",TESTNET:"Test SDF Network ; September 2015",FUTURENET:"Test SDF Future Network ; October 2022",SANDBOX:"Local Sandbox Stellar Network ; September 2022",STANDALONE:"Standalone Network ; February 2017"}},3180:(e,t,r)=>{"use strict";Object.defineProperty(t,"__esModule",{value:!0}),Object.defineProperty(t,"Int128",{enumerable:!0,get:function(){return a.Int128}}),Object.defineProperty(t,"Int256",{enumerable:!0,get:function(){return s.Int256}}),Object.defineProperty(t,"ScInt",{enumerable:!0,get:function(){return u.ScInt}}),Object.defineProperty(t,"Uint128",{enumerable:!0,get:function(){return o.Uint128}}),Object.defineProperty(t,"Uint256",{enumerable:!0,get:function(){return i.Uint256}}),Object.defineProperty(t,"XdrLargeInt",{enumerable:!0,get:function(){return n.XdrLargeInt}}),t.scValToBigInt=function(e){var t=n.XdrLargeInt.getType(e.switch().name);switch(e.switch().name){case"scvU32":case"scvI32":return BigInt(e.value());case"scvU64":case"scvI64":return new n.XdrLargeInt(t,e.value()).toBigInt();case"scvU128":case"scvI128":return new n.XdrLargeInt(t,[e.value().lo(),e.value().hi()]).toBigInt();case"scvU256":case"scvI256":return new n.XdrLargeInt(t,[e.value().loLo(),e.value().loHi(),e.value().hiLo(),e.value().hiHi()]).toBigInt();default:throw TypeError("expected integer type, got ".concat(e.switch()))}};var n=r(6836),o=r(4006),i=r(7882),a=r(9982),s=r(7292),u=r(883)},9982:(e,t,r)=>{"use strict";function n(e){return n="function"==typeof Symbol&&"symbol"==typeof Symbol.iterator?function(e){return typeof e}:function(e){return e&&"function"==typeof Symbol&&e.constructor===Symbol&&e!==Symbol.prototype?"symbol":typeof e},n(e)}Object.defineProperty(t,"__esModule",{value:!0}),t.Int128=void 0;var o=r(6263);function i(e,t){for(var r=0;r<t.length;r++){var n=t[r];n.enumerable=n.enumerable||!1,n.configurable=!0,"value"in n&&(n.writable=!0),Object.defineProperty(e,a(n.key),n)}}function a(e){var t=function(e,t){if("object"!=n(e)||!e)return e;var r=e[Symbol.toPrimitive];if(void 0!==r){var o=r.call(e,t||"default");if("object"!=n(o))return o;throw new TypeError("@@toPrimitive must return a primitive value.")}return("string"===t?String:Number)(e)}(e,"string");return"symbol"==n(t)?t:String(t)}function s(e,t,r){return t=c(t),function(e,t){if(t&&("object"===n(t)||"function"==typeof t))return t;if(void 0!==t)throw new TypeError("Derived constructors may only return object or undefined");return function(e){if(void 0===e)throw new ReferenceError("this hasn't been initialised - super() hasn't been called");return e}(e)}(e,u()?Reflect.construct(t,r||[],c(e).constructor):t.apply(e,r))}function u(){try{var e=!Boolean.prototype.valueOf.call(Reflect.construct(Boolean,[],(function(){})))}catch(e){}return(u=function(){return!!e})()}function c(e){return c=Object.setPrototypeOf?Object.getPrototypeOf.bind():function(e){return e.__proto__||Object.getPrototypeOf(e)},c(e)}function l(e,t){return l=Object.setPrototypeOf?Object.setPrototypeOf.bind():function(e,t){return e.__proto__=t,e},l(e,t)}(t.Int128=function(e){function t(){!function(e,t){if(!(e instanceof t))throw new TypeError("Cannot call a class as a function")}(this,t);for(var e=arguments.length,r=new Array(e),n=0;n<e;n++)r[n]=arguments[n];return s(this,t,[r])}var r,n,o;return function(e,t){if("function"!=typeof t&&null!==t)throw new TypeError("Super expression must either be null or a function");e.prototype=Object.create(t&&t.prototype,{constructor:{value:e,writable:!0,configurable:!0}}),Object.defineProperty(e,"prototype",{writable:!1}),t&&l(e,t)}(t,e),r=t,(n=[{key:"unsigned",get:function(){return!1}},{key:"size",get:function(){return 128}}])&&i(r.prototype,n),o&&i(r,o),Object.defineProperty(r,"prototype",{writable:!1}),t}(o.LargeInt)).defineIntBoundaries()},7292:(e,t,r)=>{"use strict";function n(e){return n="function"==typeof Symbol&&"symbol"==typeof Symbol.iterator?function(e){return typeof e}:function(e){return e&&"function"==typeof Symbol&&e.constructor===Symbol&&e!==Symbol.prototype?"symbol":typeof e},n(e)}Object.defineProperty(t,"__esModule",{value:!0}),t.Int256=void 0;var o=r(6263);function i(e,t){for(var r=0;r<t.length;r++){var n=t[r];n.enumerable=n.enumerable||!1,n.configurable=!0,"value"in n&&(n.writable=!0),Object.defineProperty(e,a(n.key),n)}}function a(e){var t=function(e,t){if("object"!=n(e)||!e)return e;var r=e[Symbol.toPrimitive];if(void 0!==r){var o=r.call(e,t||"default");if("object"!=n(o))return o;throw new TypeError("@@toPrimitive must return a primitive value.")}return("string"===t?String:Number)(e)}(e,"string");return"symbol"==n(t)?t:String(t)}function s(e,t,r){return t=c(t),function(e,t){if(t&&("object"===n(t)||"function"==typeof t))return t;if(void 0!==t)throw new TypeError("Derived constructors may only return object or undefined");return function(e){if(void 0===e)throw new ReferenceError("this hasn't been initialised - super() hasn't been called");return e}(e)}(e,u()?Reflect.construct(t,r||[],c(e).constructor):t.apply(e,r))}function u(){try{var e=!Boolean.prototype.valueOf.call(Reflect.construct(Boolean,[],(function(){})))}catch(e){}return(u=function(){return!!e})()}function c(e){return c=Object.setPrototypeOf?Object.getPrototypeOf.bind():function(e){return e.__proto__||Object.getPrototypeOf(e)},c(e)}function l(e,t){return l=Object.setPrototypeOf?Object.setPrototypeOf.bind():function(e,t){return e.__proto__=t,e},l(e,t)}(t.Int256=function(e){function t(){!function(e,t){if(!(e instanceof t))throw new TypeError("Cannot call a class as a function")}(this,t);for(var e=arguments.length,r=new Array(e),n=0;n<e;n++)r[n]=arguments[n];return s(this,t,[r])}var r,n,o;return function(e,t){if("function"!=typeof t&&null!==t)throw new TypeError("Super expression must either be null or a function");e.prototype=Object.create(t&&t.prototype,{constructor:{value:e,writable:!0,configurable:!0}}),Object.defineProperty(e,"prototype",{writable:!1}),t&&l(e,t)}(t,e),r=t,(n=[{key:"unsigned",get:function(){return!1}},{key:"size",get:function(){return 256}}])&&i(r.prototype,n),o&&i(r,o),Object.defineProperty(r,"prototype",{writable:!1}),t}(o.LargeInt)).defineIntBoundaries()},883:(e,t,r)=>{"use strict";function n(e){return n="function"==typeof Symbol&&"symbol"==typeof Symbol.iterator?function(e){return typeof e}:function(e){return e&&"function"==typeof Symbol&&e.constructor===Symbol&&e!==Symbol.prototype?"symbol":typeof e},n(e)}Object.defineProperty(t,"__esModule",{value:!0}),t.ScInt=void 0;var o=r(6836);function i(e,t){for(var r=0;r<t.length;r++){var n=t[r];n.enumerable=n.enumerable||!1,n.configurable=!0,"value"in n&&(n.writable=!0),Object.defineProperty(e,a(n.key),n)}}function a(e){var t=function(e,t){if("object"!=n(e)||!e)return e;var r=e[Symbol.toPrimitive];if(void 0!==r){var o=r.call(e,t||"default");if("object"!=n(o))return o;throw new TypeError("@@toPrimitive must return a primitive value.")}return("string"===t?String:Number)(e)}(e,"string");return"symbol"==n(t)?t:String(t)}function s(e,t,r){return t=c(t),function(e,t){if(t&&("object"===n(t)||"function"==typeof t))return t;if(void 0!==t)throw new TypeError("Derived constructors may only return object or undefined");return function(e){if(void 0===e)throw new ReferenceError("this hasn't been initialised - super() hasn't been called");return e}(e)}(e,u()?Reflect.construct(t,r||[],c(e).constructor):t.apply(e,r))}function u(){try{var e=!Boolean.prototype.valueOf.call(Reflect.construct(Boolean,[],(function(){})))}catch(e){}return(u=function(){return!!e})()}function c(e){return c=Object.setPrototypeOf?Object.getPrototypeOf.bind():function(e){return e.__proto__||Object.getPrototypeOf(e)},c(e)}function l(e,t){return l=Object.setPrototypeOf?Object.setPrototypeOf.bind():function(e,t){return e.__proto__=t,e},l(e,t)}t.ScInt=function(e){function t(e,r){var n;!function(e,t){if(!(e instanceof t))throw new TypeError("Cannot call a class as a function")}(this,t);var o=e<0,i=null!==(n=null==r?void 0:r.type)&&void 0!==n?n:"";if(i.startsWith("u")&&o)throw TypeError("specified type ".concat(r.type," yet negative (").concat(e,")"));if(""===i){i=o?"i":"u";var a=function(e){var t,r=e.toString(2).length;return null!==(t=[64,128,256].find((function(e){return r<=e})))&&void 0!==t?t:r}(e);switch(a){case 64:case 128:case 256:i+=a.toString();break;default:throw RangeError("expected 64/128/256 bits for input (".concat(e,"), got ").concat(a))}}return s(this,t,[i,e])}return function(e,t){if("function"!=typeof t&&null!==t)throw new TypeError("Super expression must either be null or a function");e.prototype=Object.create(t&&t.prototype,{constructor:{value:e,writable:!0,configurable:!0}}),Object.defineProperty(e,"prototype",{writable:!1}),t&&l(e,t)}(t,e),r=t,n&&i(r.prototype,n),o&&i(r,o),Object.defineProperty(r,"prototype",{writable:!1}),r;var r,n,o}(o.XdrLargeInt)},4006:(e,t,r)=>{"use strict";function n(e){return n="function"==typeof Symbol&&"symbol"==typeof Symbol.iterator?function(e){return typeof e}:function(e){return e&&"function"==typeof Symbol&&e.constructor===Symbol&&e!==Symbol.prototype?"symbol":typeof e},n(e)}Object.defineProperty(t,"__esModule",{value:!0}),t.Uint128=void 0;var o=r(6263);function i(e,t){for(var r=0;r<t.length;r++){var n=t[r];n.enumerable=n.enumerable||!1,n.configurable=!0,"value"in n&&(n.writable=!0),Object.defineProperty(e,a(n.key),n)}}function a(e){var t=function(e,t){if("object"!=n(e)||!e)return e;var r=e[Symbol.toPrimitive];if(void 0!==r){var o=r.call(e,t||"default");if("object"!=n(o))return o;throw new TypeError("@@toPrimitive must return a primitive value.")}return("string"===t?String:Number)(e)}(e,"string");return"symbol"==n(t)?t:String(t)}function s(e,t,r){return t=c(t),function(e,t){if(t&&("object"===n(t)||"function"==typeof t))return t;if(void 0!==t)throw new TypeError("Derived constructors may only return object or undefined");return function(e){if(void 0===e)throw new ReferenceError("this hasn't been initialised - super() hasn't been called");return e}(e)}(e,u()?Reflect.construct(t,r||[],c(e).constructor):t.apply(e,r))}function u(){try{var e=!Boolean.prototype.valueOf.call(Reflect.construct(Boolean,[],(function(){})))}catch(e){}return(u=function(){return!!e})()}function c(e){return c=Object.setPrototypeOf?Object.getPrototypeOf.bind():function(e){return e.__proto__||Object.getPrototypeOf(e)},c(e)}function l(e,t){return l=Object.setPrototypeOf?Object.setPrototypeOf.bind():function(e,t){return e.__proto__=t,e},l(e,t)}(t.Uint128=function(e){function t(){!function(e,t){if(!(e instanceof t))throw new TypeError("Cannot call a class as a function")}(this,t);for(var e=arguments.length,r=new Array(e),n=0;n<e;n++)r[n]=arguments[n];return s(this,t,[r])}var r,n,o;return function(e,t){if("function"!=typeof t&&null!==t)throw new TypeError("Super expression must either be null or a function");e.prototype=Object.create(t&&t.prototype,{constructor:{value:e,writable:!0,configurable:!0}}),Object.defineProperty(e,"prototype",{writable:!1}),t&&l(e,t)}(t,e),r=t,(n=[{key:"unsigned",get:function(){return!0}},{key:"size",get:function(){return 128}}])&&i(r.prototype,n),o&&i(r,o),Object.defineProperty(r,"prototype",{writable:!1}),t}(o.LargeInt)).defineIntBoundaries()},7882:(e,t,r)=>{"use strict";function n(e){return n="function"==typeof Symbol&&"symbol"==typeof Symbol.iterator?function(e){return typeof e}:function(e){return e&&"function"==typeof Symbol&&e.constructor===Symbol&&e!==Symbol.prototype?"symbol":typeof e},n(e)}Object.defineProperty(t,"__esModule",{value:!0}),t.Uint256=void 0;var o=r(6263);function i(e,t){for(var r=0;r<t.length;r++){var n=t[r];n.enumerable=n.enumerable||!1,n.configurable=!0,"value"in n&&(n.writable=!0),Object.defineProperty(e,a(n.key),n)}}function a(e){var t=function(e,t){if("object"!=n(e)||!e)return e;var r=e[Symbol.toPrimitive];if(void 0!==r){var o=r.call(e,t||"default");if("object"!=n(o))return o;throw new TypeError("@@toPrimitive must return a primitive value.")}return("string"===t?String:Number)(e)}(e,"string");return"symbol"==n(t)?t:String(t)}function s(e,t,r){return t=c(t),function(e,t){if(t&&("object"===n(t)||"function"==typeof t))return t;if(void 0!==t)throw new TypeError("Derived constructors may only return object or undefined");return function(e){if(void 0===e)throw new ReferenceError("this hasn't been initialised - super() hasn't been called");return e}(e)}(e,u()?Reflect.construct(t,r||[],c(e).constructor):t.apply(e,r))}function u(){try{var e=!Boolean.prototype.valueOf.call(Reflect.construct(Boolean,[],(function(){})))}catch(e){}return(u=function(){return!!e})()}function c(e){return c=Object.setPrototypeOf?Object.getPrototypeOf.bind():function(e){return e.__proto__||Object.getPrototypeOf(e)},c(e)}function l(e,t){return l=Object.setPrototypeOf?Object.setPrototypeOf.bind():function(e,t){return e.__proto__=t,e},l(e,t)}(t.Uint256=function(e){function t(){!function(e,t){if(!(e instanceof t))throw new TypeError("Cannot call a class as a function")}(this,t);for(var e=arguments.length,r=new Array(e),n=0;n<e;n++)r[n]=arguments[n];return s(this,t,[r])}var r,n,o;return function(e,t){if("function"!=typeof t&&null!==t)throw new TypeError("Super expression must either be null or a function");e.prototype=Object.create(t&&t.prototype,{constructor:{value:e,writable:!0,configurable:!0}}),Object.defineProperty(e,"prototype",{writable:!1}),t&&l(e,t)}(t,e),r=t,(n=[{key:"unsigned",get:function(){return!0}},{key:"size",get:function(){return 256}}])&&i(r.prototype,n),o&&i(r,o),Object.defineProperty(r,"prototype",{writable:!1}),t}(o.LargeInt)).defineIntBoundaries()},6836:(e,t,r)=>{"use strict";Object.defineProperty(t,"__esModule",{value:!0}),t.XdrLargeInt=void 0;var n,o=r(6263),i=r(4006),a=r(7882),s=r(9982),u=r(7292),c=(n=r(4081))&&n.__esModule?n:{default:n};function l(e){return l="function"==typeof Symbol&&"symbol"==typeof Symbol.iterator?function(e){return typeof e}:function(e){return e&&"function"==typeof Symbol&&e.constructor===Symbol&&e!==Symbol.prototype?"symbol":typeof e},l(e)}function f(e,t){for(var r=0;r<t.length;r++){var n=t[r];n.enumerable=n.enumerable||!1,n.configurable=!0,"value"in n&&(n.writable=!0),Object.defineProperty(e,d(n.key),n)}}function p(e,t,r){return(t=d(t))in e?Object.defineProperty(e,t,{value:r,enumerable:!0,configurable:!0,writable:!0}):e[t]=r,e}function d(e){var t=function(e,t){if("object"!=l(e)||!e)return e;var r=e[Symbol.toPrimitive];if(void 0!==r){var n=r.call(e,t||"default");if("object"!=l(n))return n;throw new TypeError("@@toPrimitive must return a primitive value.")}return("string"===t?String:Number)(e)}(e,"string");return"symbol"==l(t)?t:String(t)}t.XdrLargeInt=function(){function e(t,r){switch(function(e,t){if(!(e instanceof t))throw new TypeError("Cannot call a class as a function")}(this,e),p(this,"int",void 0),p(this,"type",void 0),r instanceof Array||(r=[r]),r=r.map((function(t){return"bigint"==typeof t?t:t instanceof e?t.toBigInt():BigInt(t)})),t){case"i64":this.int=new o.Hyper(r);break;case"i128":this.int=new s.Int128(r);break;case"i256":this.int=new u.Int256(r);break;case"u64":this.int=new o.UnsignedHyper(r);break;case"u128":this.int=new i.Uint128(r);break;case"u256":this.int=new a.Uint256(r);break;default:throw TypeError("invalid type: ".concat(t))}this.type=t}var t,r,n;return t=e,n=[{key:"isType",value:function(e){switch(e){case"i64":case"i128":case"i256":case"u64":case"u128":case"u256":return!0;default:return!1}}},{key:"getType",value:function(e){return e.slice(3).toLowerCase()}}],(r=[{key:"toNumber",value:function(){var e=this.int.toBigInt();if(e>Number.MAX_SAFE_INTEGER||e<Number.MIN_SAFE_INTEGER)throw RangeError("value ".concat(e," not in range for Number ")+"[".concat(Number.MAX_SAFE_INTEGER,", ").concat(Number.MIN_SAFE_INTEGER,"]"));return Number(e)}},{key:"toBigInt",value:function(){return this.int.toBigInt()}},{key:"toI64",value:function(){this._sizeCheck(64);var e=this.toBigInt();if(BigInt.asIntN(64,e)!==e)throw RangeError("value too large for i64: ".concat(e));return c.default.ScVal.scvI64(new c.default.Int64(e))}},{key:"toU64",value:function(){return this._sizeCheck(64),c.default.ScVal.scvU64(new c.default.Uint64(BigInt.asUintN(64,this.toBigInt())))}},{key:"toI128",value:function(){this._sizeCheck(128);var e=this.int.toBigInt(),t=BigInt.asIntN(64,e>>64n),r=BigInt.asUintN(64,e);return c.default.ScVal.scvI128(new c.default.Int128Parts({hi:new c.default.Int64(t),lo:new c.default.Uint64(r)}))}},{key:"toU128",value:function(){this._sizeCheck(128);var e=this.int.toBigInt();return c.default.ScVal.scvU128(new c.default.UInt128Parts({hi:new c.default.Uint64(BigInt.asUintN(64,e>>64n)),lo:new c.default.Uint64(BigInt.asUintN(64,e))}))}},{key:"toI256",value:function(){var e=this.int.toBigInt(),t=BigInt.asIntN(64,e>>192n),r=BigInt.asUintN(64,e>>128n),n=BigInt.asUintN(64,e>>64n),o=BigInt.asUintN(64,e);return c.default.ScVal.scvI256(new c.default.Int256Parts({hiHi:new c.default.Int64(t),hiLo:new c.default.Uint64(r),loHi:new c.default.Uint64(n),loLo:new c.default.Uint64(o)}))}},{key:"toU256",value:function(){var e=this.int.toBigInt(),t=BigInt.asUintN(64,e>>192n),r=BigInt.asUintN(64,e>>128n),n=BigInt.asUintN(64,e>>64n),o=BigInt.asUintN(64,e);return c.default.ScVal.scvU256(new c.default.UInt256Parts({hiHi:new c.default.Uint64(t),hiLo:new c.default.Uint64(r),loHi:new c.default.Uint64(n),loLo:new c.default.Uint64(o)}))}},{key:"toScVal",value:function(){switch(this.type){case"i64":return this.toI64();case"i128":return this.toI128();case"i256":return this.toI256();case"u64":return this.toU64();case"u128":return this.toU128();case"u256":return this.toU256();default:throw TypeError("invalid type: ".concat(this.type))}}},{key:"valueOf",value:function(){return this.int.valueOf()}},{key:"toString",value:function(){return this.int.toString()}},{key:"toJSON",value:function(){return{value:this.toBigInt().toString(),type:this.type}}},{key:"_sizeCheck",value:function(e){if(this.int.size>e)throw RangeError("value too large for ".concat(e," bits (").concat(this.type,")"))}}])&&f(t.prototype,r),n&&f(t,n),Object.defineProperty(t,"prototype",{writable:!1}),e}()},4585:(e,t,r)=>{"use strict";Object.defineProperty(t,"__esModule",{value:!0}),t.Operation=t.AuthRevocableFlag=t.AuthRequiredFlag=t.AuthImmutableFlag=t.AuthClawbackEnabledFlag=void 0;var n=r(6263),o=m(r(4431)),i=r(6006),a=r(5908),s=r(3469),u=r(1486),c=r(1842),l=r(8385),f=r(7287),p=m(r(4081)),d=function(e,t){if(!t&&e&&e.__esModule)return e;if(null===e||"object"!=v(e)&&"function"!=typeof e)return{default:e};var r=y(t);if(r&&r.has(e))return r.get(e);var n={__proto__:null},o=Object.defineProperty&&Object.getOwnPropertyDescriptor;for(var i in e)if("default"!==i&&Object.prototype.hasOwnProperty.call(e,i)){var a=o?Object.getOwnPropertyDescriptor(e,i):null;a&&(a.get||a.set)?Object.defineProperty(n,i,a):n[i]=e[i]}return n.default=e,r&&r.set(e,n),n}(r(1138)),h=r(6880);function y(e){if("function"!=typeof WeakMap)return null;var t=new WeakMap,r=new WeakMap;return(y=function(e){return e?r:t})(e)}function m(e){return e&&e.__esModule?e:{default:e}}function v(e){return v="function"==typeof Symbol&&"symbol"==typeof Symbol.iterator?function(e){return typeof e}:function(e){return e&&"function"==typeof Symbol&&e.constructor===Symbol&&e!==Symbol.prototype?"symbol":typeof e},v(e)}function g(e,t){for(var r=0;r<t.length;r++){var n=t[r];n.enumerable=n.enumerable||!1,n.configurable=!0,"value"in n&&(n.writable=!0),Object.defineProperty(e,b(n.key),n)}}function b(e){var t=function(e,t){if("object"!=v(e)||!e)return e;var r=e[Symbol.toPrimitive];if(void 0!==r){var n=r.call(e,t||"default");if("object"!=v(n))return n;throw new TypeError("@@toPrimitive must return a primitive value.")}return("string"===t?String:Number)(e)}(e,"string");return"symbol"==v(t)?t:String(t)}var w=1e7,S=(t.AuthRequiredFlag=1,t.AuthRevocableFlag=2,t.AuthImmutableFlag=4,t.AuthClawbackEnabledFlag=8,t.Operation=function(){function e(){!function(e,t){if(!(e instanceof t))throw new TypeError("Cannot call a class as a function")}(this,e)}var t,r,d;return t=e,d=[{key:"setSourceAccount",value:function(e,t){if(t.source)try{e.sourceAccount=(0,h.decodeAddressToMuxedAccount)(t.source)}catch(e){throw new Error("Source address is invalid")}}},{key:"fromXDRObject",value:function(e){var t={};e.sourceAccount()&&(t.source=(0,h.encodeMuxedAccountToAddress)(e.sourceAccount()));var r=e.body().value(),n=e.body().switch().name;switch(n){case"createAccount":t.type="createAccount",t.destination=_(r.destination()),t.startingBalance=this._fromXDRAmount(r.startingBalance());break;case"payment":t.type="payment",t.destination=(0,h.encodeMuxedAccountToAddress)(r.destination()),t.asset=s.Asset.fromOperation(r.asset()),t.amount=this._fromXDRAmount(r.amount());break;case"pathPaymentStrictReceive":t.type="pathPaymentStrictReceive",t.sendAsset=s.Asset.fromOperation(r.sendAsset()),t.sendMax=this._fromXDRAmount(r.sendMax()),t.destination=(0,h.encodeMuxedAccountToAddress)(r.destination()),t.destAsset=s.Asset.fromOperation(r.destAsset()),t.destAmount=this._fromXDRAmount(r.destAmount()),t.path=[];var o=r.path();Object.keys(o).forEach((function(e){t.path.push(s.Asset.fromOperation(o[e]))}));break;case"pathPaymentStrictSend":t.type="pathPaymentStrictSend",t.sendAsset=s.Asset.fromOperation(r.sendAsset()),t.sendAmount=this._fromXDRAmount(r.sendAmount()),t.destination=(0,h.encodeMuxedAccountToAddress)(r.destination()),t.destAsset=s.Asset.fromOperation(r.destAsset()),t.destMin=this._fromXDRAmount(r.destMin()),t.path=[];var a=r.path();Object.keys(a).forEach((function(e){t.path.push(s.Asset.fromOperation(a[e]))}));break;case"changeTrust":t.type="changeTrust",r.line().switch()===p.default.AssetType.assetTypePoolShare()?t.line=u.LiquidityPoolAsset.fromOperation(r.line()):t.line=s.Asset.fromOperation(r.line()),t.limit=this._fromXDRAmount(r.limit());break;case"allowTrust":t.type="allowTrust",t.trustor=_(r.trustor()),t.assetCode=r.asset().value().toString(),t.assetCode=(0,i.trimEnd)(t.assetCode,"\0"),t.authorize=r.authorize();break;case"setOptions":if(t.type="setOptions",r.inflationDest()&&(t.inflationDest=_(r.inflationDest())),t.clearFlags=r.clearFlags(),t.setFlags=r.setFlags(),t.masterWeight=r.masterWeight(),t.lowThreshold=r.lowThreshold(),t.medThreshold=r.medThreshold(),t.highThreshold=r.highThreshold(),t.homeDomain=void 0!==r.homeDomain()?r.homeDomain().toString("ascii"):void 0,r.signer()){var d={},y=r.signer().key().arm();if("ed25519"===y)d.ed25519PublicKey=_(r.signer().key());else if("preAuthTx"===y)d.preAuthTx=r.signer().key().preAuthTx();else if("hashX"===y)d.sha256Hash=r.signer().key().hashX();else if("ed25519SignedPayload"===y){var m=r.signer().key().ed25519SignedPayload();d.ed25519SignedPayload=l.StrKey.encodeSignedPayload(m.toXDR())}d.weight=r.signer().weight(),t.signer=d}break;case"manageOffer":case"manageSellOffer":t.type="manageSellOffer",t.selling=s.Asset.fromOperation(r.selling()),t.buying=s.Asset.fromOperation(r.buying()),t.amount=this._fromXDRAmount(r.amount()),t.price=this._fromXDRPrice(r.price()),t.offerId=r.offerId().toString();break;case"manageBuyOffer":t.type="manageBuyOffer",t.selling=s.Asset.fromOperation(r.selling()),t.buying=s.Asset.fromOperation(r.buying()),t.buyAmount=this._fromXDRAmount(r.buyAmount()),t.price=this._fromXDRPrice(r.price()),t.offerId=r.offerId().toString();break;case"createPassiveOffer":case"createPassiveSellOffer":t.type="createPassiveSellOffer",t.selling=s.Asset.fromOperation(r.selling()),t.buying=s.Asset.fromOperation(r.buying()),t.amount=this._fromXDRAmount(r.amount()),t.price=this._fromXDRPrice(r.price());break;case"accountMerge":t.type="accountMerge",t.destination=(0,h.encodeMuxedAccountToAddress)(r);break;case"manageData":t.type="manageData",t.name=r.dataName().toString("ascii"),t.value=r.dataValue();break;case"inflation":t.type="inflation";break;case"bumpSequence":t.type="bumpSequence",t.bumpTo=r.bumpTo().toString();break;case"createClaimableBalance":t.type="createClaimableBalance",t.asset=s.Asset.fromOperation(r.asset()),t.amount=this._fromXDRAmount(r.amount()),t.claimants=[],r.claimants().forEach((function(e){t.claimants.push(c.Claimant.fromXDR(e))}));break;case"claimClaimableBalance":t.type="claimClaimableBalance",t.balanceId=r.toXDR("hex");break;case"beginSponsoringFutureReserves":t.type="beginSponsoringFutureReserves",t.sponsoredId=_(r.sponsoredId());break;case"endSponsoringFutureReserves":t.type="endSponsoringFutureReserves";break;case"revokeSponsorship":!function(e,t){switch(e.switch().name){case"revokeSponsorshipLedgerEntry":var r=e.ledgerKey();switch(r.switch().name){case p.default.LedgerEntryType.account().name:t.type="revokeAccountSponsorship",t.account=_(r.account().accountId());break;case p.default.LedgerEntryType.trustline().name:t.type="revokeTrustlineSponsorship",t.account=_(r.trustLine().accountId());var n=r.trustLine().asset();n.switch()===p.default.AssetType.assetTypePoolShare()?t.asset=f.LiquidityPoolId.fromOperation(n):t.asset=s.Asset.fromOperation(n);break;case p.default.LedgerEntryType.offer().name:t.type="revokeOfferSponsorship",t.seller=_(r.offer().sellerId()),t.offerId=r.offer().offerId().toString();break;case p.default.LedgerEntryType.data().name:t.type="revokeDataSponsorship",t.account=_(r.data().accountId()),t.name=r.data().dataName().toString("ascii");break;case p.default.LedgerEntryType.claimableBalance().name:t.type="revokeClaimableBalanceSponsorship",t.balanceId=r.claimableBalance().balanceId().toXDR("hex");break;case p.default.LedgerEntryType.liquidityPool().name:t.type="revokeLiquidityPoolSponsorship",t.liquidityPoolId=r.liquidityPool().liquidityPoolId().toString("hex");break;default:throw new Error("Unknown ledgerKey: ".concat(e.switch().name))}break;case"revokeSponsorshipSigner":t.type="revokeSignerSponsorship",t.account=_(e.signer().accountId()),t.signer=function(e){var t={};switch(e.switch().name){case p.default.SignerKeyType.signerKeyTypeEd25519().name:t.ed25519PublicKey=l.StrKey.encodeEd25519PublicKey(e.ed25519());break;case p.default.SignerKeyType.signerKeyTypePreAuthTx().name:t.preAuthTx=e.preAuthTx().toString("hex");break;case p.default.SignerKeyType.signerKeyTypeHashX().name:t.sha256Hash=e.hashX().toString("hex");break;default:throw new Error("Unknown signerKey: ".concat(e.switch().name))}return t}(e.signer().signerKey());break;default:throw new Error("Unknown revokeSponsorship: ".concat(e.switch().name))}}(r,t);break;case"clawback":t.type="clawback",t.amount=this._fromXDRAmount(r.amount()),t.from=(0,h.encodeMuxedAccountToAddress)(r.from()),t.asset=s.Asset.fromOperation(r.asset());break;case"clawbackClaimableBalance":t.type="clawbackClaimableBalance",t.balanceId=r.toXDR("hex");break;case"setTrustLineFlags":t.type="setTrustLineFlags",t.asset=s.Asset.fromOperation(r.asset()),t.trustor=_(r.trustor());var v=r.clearFlags(),g=r.setFlags(),b={authorized:p.default.TrustLineFlags.authorizedFlag(),authorizedToMaintainLiabilities:p.default.TrustLineFlags.authorizedToMaintainLiabilitiesFlag(),clawbackEnabled:p.default.TrustLineFlags.trustlineClawbackEnabledFlag()};t.flags={},Object.keys(b).forEach((function(e){var r;t.flags[e]=(r=b[e].value,!!(g&r)||!(v&r)&&void 0)}));break;case"liquidityPoolDeposit":t.type="liquidityPoolDeposit",t.liquidityPoolId=r.liquidityPoolId().toString("hex"),t.maxAmountA=this._fromXDRAmount(r.maxAmountA()),t.maxAmountB=this._fromXDRAmount(r.maxAmountB()),t.minPrice=this._fromXDRPrice(r.minPrice()),t.maxPrice=this._fromXDRPrice(r.maxPrice());break;case"liquidityPoolWithdraw":t.type="liquidityPoolWithdraw",t.liquidityPoolId=r.liquidityPoolId().toString("hex"),t.amount=this._fromXDRAmount(r.amount()),t.minAmountA=this._fromXDRAmount(r.minAmountA()),t.minAmountB=this._fromXDRAmount(r.minAmountB());break;case"invokeHostFunction":var w;t.type="invokeHostFunction",t.func=r.hostFunction(),t.auth=null!==(w=r.auth())&&void 0!==w?w:[];break;case"extendFootprintTtl":t.type="extendFootprintTtl",t.extendTo=r.extendTo();break;case"restoreFootprint":t.type="restoreFootprint";break;default:throw new Error("Unknown operation: ".concat(n))}return t}},{key:"isValidAmount",value:function(e){var t,r=arguments.length>1&&void 0!==arguments[1]&&arguments[1];if("string"!=typeof e)return!1;try{t=new o.default(e)}catch(e){return!1}return!(!r&&t.isZero()||t.isNegative()||t.times(w).gt(new o.default("9223372036854775807").toString())||t.decimalPlaces()>7||t.isNaN()||!t.isFinite())}},{key:"constructAmountRequirementsError",value:function(e){return"".concat(e," argument must be of type String, represent a positive number and have at most 7 digits after the decimal")}},{key:"_checkUnsignedIntValue",value:function(e,t){var r=arguments.length>2&&void 0!==arguments[2]?arguments[2]:null;if(void 0!==t)switch("string"==typeof t&&(t=parseFloat(t)),!0){case"number"!=typeof t||!Number.isFinite(t)||t%1!=0:throw new Error("".concat(e," value is invalid"));case t<0:throw new Error("".concat(e," value must be unsigned"));case!r||r&&r(t,e):return t;default:throw new Error("".concat(e," value is invalid"))}}},{key:"_toXDRAmount",value:function(e){var t=new o.default(e).times(w);return n.Hyper.fromString(t.toString())}},{key:"_fromXDRAmount",value:function(e){return new o.default(e).div(w).toFixed(7)}},{key:"_fromXDRPrice",value:function(e){return new o.default(e.n()).div(new o.default(e.d())).toString()}},{key:"_toXDRPrice",value:function(e){var t;if(e.n&&e.d)t=new p.default.Price(e);else{var r=(0,a.best_r)(e);t=new p.default.Price({n:parseInt(r[0],10),d:parseInt(r[1],10)})}if(t.n()<0||t.d()<0)throw new Error("price must be positive");return t}}],(r=null)&&g(t.prototype,r),d&&g(t,d),Object.defineProperty(t,"prototype",{writable:!1}),e}());function _(e){return l.StrKey.encodeEd25519PublicKey(e.ed25519())}S.accountMerge=d.accountMerge,S.allowTrust=d.allowTrust,S.bumpSequence=d.bumpSequence,S.changeTrust=d.changeTrust,S.createAccount=d.createAccount,S.createClaimableBalance=d.createClaimableBalance,S.claimClaimableBalance=d.claimClaimableBalance,S.clawbackClaimableBalance=d.clawbackClaimableBalance,S.createPassiveSellOffer=d.createPassiveSellOffer,S.inflation=d.inflation,S.manageData=d.manageData,S.manageSellOffer=d.manageSellOffer,S.manageBuyOffer=d.manageBuyOffer,S.pathPaymentStrictReceive=d.pathPaymentStrictReceive,S.pathPaymentStrictSend=d.pathPaymentStrictSend,S.payment=d.payment,S.setOptions=d.setOptions,S.beginSponsoringFutureReserves=d.beginSponsoringFutureReserves,S.endSponsoringFutureReserves=d.endSponsoringFutureReserves,S.revokeAccountSponsorship=d.revokeAccountSponsorship,S.revokeTrustlineSponsorship=d.revokeTrustlineSponsorship,S.revokeOfferSponsorship=d.revokeOfferSponsorship,S.revokeDataSponsorship=d.revokeDataSponsorship,S.revokeClaimableBalanceSponsorship=d.revokeClaimableBalanceSponsorship,S.revokeLiquidityPoolSponsorship=d.revokeLiquidityPoolSponsorship,S.revokeSignerSponsorship=d.revokeSignerSponsorship,S.clawback=d.clawback,S.setTrustLineFlags=d.setTrustLineFlags,S.liquidityPoolDeposit=d.liquidityPoolDeposit,S.liquidityPoolWithdraw=d.liquidityPoolWithdraw,S.invokeHostFunction=d.invokeHostFunction,S.extendFootprintTtl=d.extendFootprintTtl,S.restoreFootprint=d.restoreFootprint,S.createStellarAssetContract=d.createStellarAssetContract,S.invokeContractFunction=d.invokeContractFunction,S.createCustomContract=d.createCustomContract,S.uploadContractWasm=d.uploadContractWasm},7703:(e,t,r)=>{"use strict";Object.defineProperty(t,"__esModule",{value:!0}),t.accountMerge=function(e){var t={};try{t.body=o.default.OperationBody.accountMerge((0,i.decodeAddressToMuxedAccount)(e.destination))}catch(e){throw new Error("destination is invalid")}return this.setSourceAccount(t,e),new o.default.Operation(t)};var n,o=(n=r(4081))&&n.__esModule?n:{default:n},i=r(6880)},6583:(e,t,r)=>{"use strict";Object.defineProperty(t,"__esModule",{value:!0}),t.allowTrust=function(e){if(!a.StrKey.isValidEd25519PublicKey(e.trustor))throw new Error("trustor is invalid");var t={};if(t.trustor=i.Keypair.fromPublicKey(e.trustor).xdrAccountId(),e.assetCode.length<=4){var r=e.assetCode.padEnd(4,"\0");t.asset=o.default.AssetCode.assetTypeCreditAlphanum4(r)}else{if(!(e.assetCode.length<=12))throw new Error("Asset code must be 12 characters at max.");var n=e.assetCode.padEnd(12,"\0");t.asset=o.default.AssetCode.assetTypeCreditAlphanum12(n)}"boolean"==typeof e.authorize?e.authorize?t.authorize=o.default.TrustLineFlags.authorizedFlag().value:t.authorize=0:t.authorize=e.authorize;var s=new o.default.AllowTrustOp(t),u={};return u.body=o.default.OperationBody.allowTrust(s),this.setSourceAccount(u,e),new o.default.Operation(u)};var n,o=(n=r(4081))&&n.__esModule?n:{default:n},i=r(6437),a=r(8385)},6318:(e,t,r)=>{"use strict";Object.defineProperty(t,"__esModule",{value:!0}),t.beginSponsoringFutureReserves=function(){var e=arguments.length>0&&void 0!==arguments[0]?arguments[0]:{};if(!i.StrKey.isValidEd25519PublicKey(e.sponsoredId))throw new Error("sponsoredId is invalid");var t=new o.default.BeginSponsoringFutureReservesOp({sponsoredId:a.Keypair.fromPublicKey(e.sponsoredId).xdrAccountId()}),r={};return r.body=o.default.OperationBody.beginSponsoringFutureReserves(t),this.setSourceAccount(r,e),new o.default.Operation(r)};var n,o=(n=r(4081))&&n.__esModule?n:{default:n},i=r(8385),a=r(6437)},3593:(e,t,r)=>{"use strict";Object.defineProperty(t,"__esModule",{value:!0}),t.bumpSequence=function(e){var t={};if("string"!=typeof e.bumpTo)throw new Error("bumpTo must be a string");try{new o.default(e.bumpTo)}catch(e){throw new Error("bumpTo must be a stringified number")}t.bumpTo=n.Hyper.fromString(e.bumpTo);var r=new i.default.BumpSequenceOp(t),a={};return a.body=i.default.OperationBody.bumpSequence(r),this.setSourceAccount(a,e),new i.default.Operation(a)};var n=r(6263),o=a(r(4431)),i=a(r(4081));function a(e){return e&&e.__esModule?e:{default:e}}},3960:(e,t,r)=>{"use strict";Object.defineProperty(t,"__esModule",{value:!0}),t.changeTrust=function(e){var t={};if(e.asset instanceof a.Asset)t.line=e.asset.toChangeTrustXDRObject();else{if(!(e.asset instanceof s.LiquidityPoolAsset))throw new TypeError("asset must be Asset or LiquidityPoolAsset");t.line=e.asset.toXDRObject()}if(void 0!==e.limit&&!this.isValidAmount(e.limit,!0))throw new TypeError(this.constructAmountRequirementsError("limit"));e.limit?t.limit=this._toXDRAmount(e.limit):t.limit=n.Hyper.fromString(new o.default(c).toString());e.source&&(t.source=e.source.masterKeypair);var r=new i.default.ChangeTrustOp(t),u={};return u.body=i.default.OperationBody.changeTrust(r),this.setSourceAccount(u,e),new i.default.Operation(u)};var n=r(6263),o=u(r(4431)),i=u(r(4081)),a=r(3469),s=r(1486);function u(e){return e&&e.__esModule?e:{default:e}}var c="9223372036854775807"},57:(e,t,r)=>{"use strict";Object.defineProperty(t,"__esModule",{value:!0}),t.claimClaimableBalance=function(){var e=arguments.length>0&&void 0!==arguments[0]?arguments[0]:{};i(e.balanceId);var t={};t.balanceId=o.default.ClaimableBalanceId.fromXDR(e.balanceId,"hex");var r=new o.default.ClaimClaimableBalanceOp(t),n={};return n.body=o.default.OperationBody.claimClaimableBalance(r),this.setSourceAccount(n,e),new o.default.Operation(n)},t.validateClaimableBalanceId=i;var n,o=(n=r(4081))&&n.__esModule?n:{default:n};function i(e){if("string"!=typeof e||72!==e.length)throw new Error("must provide a valid claimable balance id")}},6015:(e,t,r)=>{"use strict";Object.defineProperty(t,"__esModule",{value:!0}),t.clawback=function(e){var t={};if(!this.isValidAmount(e.amount))throw new TypeError(this.constructAmountRequirementsError("amount"));t.amount=this._toXDRAmount(e.amount),t.asset=e.asset.toXDRObject();try{t.from=(0,i.decodeAddressToMuxedAccount)(e.from)}catch(e){throw new Error("from address is invalid")}var r={body:o.default.OperationBody.clawback(new o.default.ClawbackOp(t))};return this.setSourceAccount(r,e),new o.default.Operation(r)};var n,o=(n=r(4081))&&n.__esModule?n:{default:n},i=r(6880)},4283:(e,t,r)=>{"use strict";Object.defineProperty(t,"__esModule",{value:!0}),t.clawbackClaimableBalance=function(){var e=arguments.length>0&&void 0!==arguments[0]?arguments[0]:{};(0,i.validateClaimableBalanceId)(e.balanceId);var t={balanceId:o.default.ClaimableBalanceId.fromXDR(e.balanceId,"hex")},r={body:o.default.OperationBody.clawbackClaimableBalance(new o.default.ClawbackClaimableBalanceOp(t))};return this.setSourceAccount(r,e),new o.default.Operation(r)};var n,o=(n=r(4081))&&n.__esModule?n:{default:n},i=r(57)},7861:(e,t,r)=>{"use strict";Object.defineProperty(t,"__esModule",{value:!0}),t.createAccount=function(e){if(!a.StrKey.isValidEd25519PublicKey(e.destination))throw new Error("destination is invalid");if(!this.isValidAmount(e.startingBalance,!0))throw new TypeError(this.constructAmountRequirementsError("startingBalance"));var t={};t.destination=i.Keypair.fromPublicKey(e.destination).xdrAccountId(),t.startingBalance=this._toXDRAmount(e.startingBalance);var r=new o.default.CreateAccountOp(t),n={};return n.body=o.default.OperationBody.createAccount(r),this.setSourceAccount(n,e),new o.default.Operation(n)};var n,o=(n=r(4081))&&n.__esModule?n:{default:n},i=r(6437),a=r(8385)},9471:(e,t,r)=>{"use strict";Object.defineProperty(t,"__esModule",{value:!0}),t.createClaimableBalance=function(e){if(!(e.asset instanceof i.Asset))throw new Error("must provide an asset for create claimable balance operation");if(!this.isValidAmount(e.amount))throw new TypeError(this.constructAmountRequirementsError("amount"));if(!Array.isArray(e.claimants)||0===e.claimants.length)throw new Error("must provide at least one claimant");var t={};t.asset=e.asset.toXDRObject(),t.amount=this._toXDRAmount(e.amount),t.claimants=Object.values(e.claimants).map((function(e){return e.toXDRObject()}));var r=new o.default.CreateClaimableBalanceOp(t),n={};return n.body=o.default.OperationBody.createClaimableBalance(r),this.setSourceAccount(n,e),new o.default.Operation(n)};var n,o=(n=r(4081))&&n.__esModule?n:{default:n},i=r(3469)},3427:(e,t,r)=>{"use strict";Object.defineProperty(t,"__esModule",{value:!0}),t.createPassiveSellOffer=function(e){var t={};if(t.selling=e.selling.toXDRObject(),t.buying=e.buying.toXDRObject(),!this.isValidAmount(e.amount))throw new TypeError(this.constructAmountRequirementsError("amount"));if(t.amount=this._toXDRAmount(e.amount),void 0===e.price)throw new TypeError("price argument is required");t.price=this._toXDRPrice(e.price);var r=new o.default.CreatePassiveSellOfferOp(t),n={};return n.body=o.default.OperationBody.createPassiveSellOffer(r),this.setSourceAccount(n,e),new o.default.Operation(n)};var n,o=(n=r(4081))&&n.__esModule?n:{default:n}},729:(e,t,r)=>{"use strict";Object.defineProperty(t,"__esModule",{value:!0}),t.endSponsoringFutureReserves=function(){var e=arguments.length>0&&void 0!==arguments[0]?arguments[0]:{},t={};return t.body=o.default.OperationBody.endSponsoringFutureReserves(),this.setSourceAccount(t,e),new o.default.Operation(t)};var n,o=(n=r(4081))&&n.__esModule?n:{default:n}},4774:(e,t,r)=>{"use strict";Object.defineProperty(t,"__esModule",{value:!0}),t.extendFootprintTtl=function(e){var t;if((null!==(t=e.extendTo)&&void 0!==t?t:-1)<=0)throw new RangeError("extendTo isn't a ledger quantity (uint32)");var r=new o.default.ExtendFootprintTtlOp({ext:new o.default.ExtensionPoint(0),extendTo:e.extendTo}),n={body:o.default.OperationBody.extendFootprintTtl(r)};return this.setSourceAccount(n,e),new o.default.Operation(n)};var n,o=(n=r(4081))&&n.__esModule?n:{default:n}},1138:(e,t,r)=>{"use strict";Object.defineProperty(t,"__esModule",{value:!0}),Object.defineProperty(t,"accountMerge",{enumerable:!0,get:function(){return i.accountMerge}}),Object.defineProperty(t,"allowTrust",{enumerable:!0,get:function(){return a.allowTrust}}),Object.defineProperty(t,"beginSponsoringFutureReserves",{enumerable:!0,get:function(){return w.beginSponsoringFutureReserves}}),Object.defineProperty(t,"bumpSequence",{enumerable:!0,get:function(){return s.bumpSequence}}),Object.defineProperty(t,"changeTrust",{enumerable:!0,get:function(){return u.changeTrust}}),Object.defineProperty(t,"claimClaimableBalance",{enumerable:!0,get:function(){return f.claimClaimableBalance}}),Object.defineProperty(t,"clawback",{enumerable:!0,get:function(){return E.clawback}}),Object.defineProperty(t,"clawbackClaimableBalance",{enumerable:!0,get:function(){return p.clawbackClaimableBalance}}),Object.defineProperty(t,"createAccount",{enumerable:!0,get:function(){return c.createAccount}}),Object.defineProperty(t,"createClaimableBalance",{enumerable:!0,get:function(){return l.createClaimableBalance}}),Object.defineProperty(t,"createCustomContract",{enumerable:!0,get:function(){return A.createCustomContract}}),Object.defineProperty(t,"createPassiveSellOffer",{enumerable:!0,get:function(){return o.createPassiveSellOffer}}),Object.defineProperty(t,"createStellarAssetContract",{enumerable:!0,get:function(){return A.createStellarAssetContract}}),Object.defineProperty(t,"endSponsoringFutureReserves",{enumerable:!0,get:function(){return S.endSponsoringFutureReserves}}),Object.defineProperty(t,"extendFootprintTtl",{enumerable:!0,get:function(){return x.extendFootprintTtl}}),Object.defineProperty(t,"inflation",{enumerable:!0,get:function(){return d.inflation}}),Object.defineProperty(t,"invokeContractFunction",{enumerable:!0,get:function(){return A.invokeContractFunction}}),Object.defineProperty(t,"invokeHostFunction",{enumerable:!0,get:function(){return A.invokeHostFunction}}),Object.defineProperty(t,"liquidityPoolDeposit",{enumerable:!0,get:function(){return k.liquidityPoolDeposit}}),Object.defineProperty(t,"liquidityPoolWithdraw",{enumerable:!0,get:function(){return O.liquidityPoolWithdraw}}),Object.defineProperty(t,"manageBuyOffer",{enumerable:!0,get:function(){return y.manageBuyOffer}}),Object.defineProperty(t,"manageData",{enumerable:!0,get:function(){return h.manageData}}),Object.defineProperty(t,"manageSellOffer",{enumerable:!0,get:function(){return n.manageSellOffer}}),Object.defineProperty(t,"pathPaymentStrictReceive",{enumerable:!0,get:function(){return m.pathPaymentStrictReceive}}),Object.defineProperty(t,"pathPaymentStrictSend",{enumerable:!0,get:function(){return v.pathPaymentStrictSend}}),Object.defineProperty(t,"payment",{enumerable:!0,get:function(){return g.payment}}),Object.defineProperty(t,"restoreFootprint",{enumerable:!0,get:function(){return P.restoreFootprint}}),Object.defineProperty(t,"revokeAccountSponsorship",{enumerable:!0,get:function(){return _.revokeAccountSponsorship}}),Object.defineProperty(t,"revokeClaimableBalanceSponsorship",{enumerable:!0,get:function(){return _.revokeClaimableBalanceSponsorship}}),Object.defineProperty(t,"revokeDataSponsorship",{enumerable:!0,get:function(){return _.revokeDataSponsorship}}),Object.defineProperty(t,"revokeLiquidityPoolSponsorship",{enumerable:!0,get:function(){return _.revokeLiquidityPoolSponsorship}}),Object.defineProperty(t,"revokeOfferSponsorship",{enumerable:!0,get:function(){return _.revokeOfferSponsorship}}),Object.defineProperty(t,"revokeSignerSponsorship",{enumerable:!0,get:function(){return _.revokeSignerSponsorship}}),Object.defineProperty(t,"revokeTrustlineSponsorship",{enumerable:!0,get:function(){return _.revokeTrustlineSponsorship}}),Object.defineProperty(t,"setOptions",{enumerable:!0,get:function(){return b.setOptions}}),Object.defineProperty(t,"setTrustLineFlags",{enumerable:!0,get:function(){return T.setTrustLineFlags}}),Object.defineProperty(t,"uploadContractWasm",{enumerable:!0,get:function(){return A.uploadContractWasm}});var n=r(9606),o=r(3427),i=r(7703),a=r(6583),s=r(3593),u=r(3960),c=r(7861),l=r(9471),f=r(57),p=r(4283),d=r(6804),h=r(3941),y=r(6e3),m=r(4),v=r(8778),g=r(7937),b=r(6106),w=r(6318),S=r(729),_=r(6416),E=r(6015),T=r(1214),k=r(2205),O=r(9401),A=r(9456),x=r(4774),P=r(2671)},6804:(e,t,r)=>{"use strict";Object.defineProperty(t,"__esModule",{value:!0}),t.inflation=function(){var e=arguments.length>0&&void 0!==arguments[0]?arguments[0]:{},t={};return t.body=o.default.OperationBody.inflation(),this.setSourceAccount(t,e),new o.default.Operation(t)};var n,o=(n=r(4081))&&n.__esModule?n:{default:n}},9456:(e,t,r)=>{"use strict";var n=r(8764).Buffer;Object.defineProperty(t,"__esModule",{value:!0}),t.createCustomContract=function(e){var t=n.from(e.salt||a.Keypair.random().xdrPublicKey().value());if(!e.wasmHash||32!==e.wasmHash.length)throw new TypeError("expected hash(contract WASM) in 'opts.wasmHash', got ".concat(e.wasmHash));if(32!==t.length)throw new TypeError("expected 32-byte salt in 'opts.salt', got ".concat(e.wasmHash));return this.invokeHostFunction({source:e.source,auth:e.auth,func:i.default.HostFunction.hostFunctionTypeCreateContract(new i.default.CreateContractArgs({executable:i.default.ContractExecutable.contractExecutableWasm(n.from(e.wasmHash)),contractIdPreimage:i.default.ContractIdPreimage.contractIdPreimageFromAddress(new i.default.ContractIdPreimageFromAddress({address:e.address.toScAddress(),salt:t}))}))})},t.createStellarAssetContract=function(e){var t=e.asset;if("string"==typeof t){var r=t.split(":"),n=(l=2,function(e){if(Array.isArray(e))return e}(s=r)||function(e,t){var r=null==e?null:"undefined"!=typeof Symbol&&e[Symbol.iterator]||e["@@iterator"];if(null!=r){var n,o,i,a,s=[],u=!0,c=!1;try{if(i=(r=r.call(e)).next,0===t){if(Object(r)!==r)return;u=!1}else for(;!(u=(n=i.call(r)).done)&&(s.push(n.value),s.length!==t);u=!0);}catch(e){c=!0,o=e}finally{try{if(!u&&null!=r.return&&(a=r.return(),Object(a)!==a))return}finally{if(c)throw o}}return s}}(s,l)||function(e,t){if(e){if("string"==typeof e)return c(e,t);var r=Object.prototype.toString.call(e).slice(8,-1);return"Object"===r&&e.constructor&&(r=e.constructor.name),"Map"===r||"Set"===r?Array.from(e):"Arguments"===r||/^(?:Ui|I)nt(?:8|16|32)(?:Clamped)?Array$/.test(r)?c(e,t):void 0}}(s,l)||function(){throw new TypeError("Invalid attempt to destructure non-iterable instance.\nIn order to be iterable, non-array objects must have a [Symbol.iterator]() method.")}()),o=n[0],a=n[1];t=new u.Asset(o,a)}var s,l;if(!(t instanceof u.Asset))throw new TypeError("expected Asset in 'opts.asset', got ".concat(t));return this.invokeHostFunction({source:e.source,auth:e.auth,func:i.default.HostFunction.hostFunctionTypeCreateContract(new i.default.CreateContractArgs({executable:i.default.ContractExecutable.contractExecutableStellarAsset(),contractIdPreimage:i.default.ContractIdPreimage.contractIdPreimageFromAsset(t.toXDRObject())}))})},t.invokeContractFunction=function(e){var t=new s.Address(e.contract);if("contract"!==t._type)throw new TypeError("expected contract strkey instance, got ".concat(t));return this.invokeHostFunction({source:e.source,auth:e.auth,func:i.default.HostFunction.hostFunctionTypeInvokeContract(new i.default.InvokeContractArgs({contractAddress:t.toScAddress(),functionName:e.function,args:e.args}))})},t.invokeHostFunction=function(e){if(!e.func)throw new TypeError("host function invocation ('func') required (got ".concat(JSON.stringify(e),")"));var t=new i.default.InvokeHostFunctionOp({hostFunction:e.func,auth:e.auth||[]}),r={body:i.default.OperationBody.invokeHostFunction(t)};return this.setSourceAccount(r,e),new i.default.Operation(r)},t.uploadContractWasm=function(e){return this.invokeHostFunction({source:e.source,auth:e.auth,func:i.default.HostFunction.hostFunctionTypeUploadContractWasm(n.from(e.wasm))})};var o,i=(o=r(4081))&&o.__esModule?o:{default:o},a=r(6437),s=r(3471),u=r(3469);function c(e,t){(null==t||t>e.length)&&(t=e.length);for(var r=0,n=new Array(t);r<t;r++)n[r]=e[r];return n}},2205:(e,t,r)=>{"use strict";Object.defineProperty(t,"__esModule",{value:!0}),t.liquidityPoolDeposit=function(){var e=arguments.length>0&&void 0!==arguments[0]?arguments[0]:{},t=e.liquidityPoolId,r=e.maxAmountA,n=e.maxAmountB,i=e.minPrice,a=e.maxPrice,s={};if(!t)throw new TypeError("liquidityPoolId argument is required");if(s.liquidityPoolId=o.default.PoolId.fromXDR(t,"hex"),!this.isValidAmount(r,!0))throw new TypeError(this.constructAmountRequirementsError("maxAmountA"));if(s.maxAmountA=this._toXDRAmount(r),!this.isValidAmount(n,!0))throw new TypeError(this.constructAmountRequirementsError("maxAmountB"));if(s.maxAmountB=this._toXDRAmount(n),void 0===i)throw new TypeError("minPrice argument is required");if(s.minPrice=this._toXDRPrice(i),void 0===a)throw new TypeError("maxPrice argument is required");s.maxPrice=this._toXDRPrice(a);var u=new o.default.LiquidityPoolDepositOp(s),c={body:o.default.OperationBody.liquidityPoolDeposit(u)};return this.setSourceAccount(c,e),new o.default.Operation(c)};var n,o=(n=r(4081))&&n.__esModule?n:{default:n}},9401:(e,t,r)=>{"use strict";Object.defineProperty(t,"__esModule",{value:!0}),t.liquidityPoolWithdraw=function(){var e=arguments.length>0&&void 0!==arguments[0]?arguments[0]:{},t={};if(!e.liquidityPoolId)throw new TypeError("liquidityPoolId argument is required");if(t.liquidityPoolId=o.default.PoolId.fromXDR(e.liquidityPoolId,"hex"),!this.isValidAmount(e.amount))throw new TypeError(this.constructAmountRequirementsError("amount"));if(t.amount=this._toXDRAmount(e.amount),!this.isValidAmount(e.minAmountA,!0))throw new TypeError(this.constructAmountRequirementsError("minAmountA"));if(t.minAmountA=this._toXDRAmount(e.minAmountA),!this.isValidAmount(e.minAmountB,!0))throw new TypeError(this.constructAmountRequirementsError("minAmountB"));t.minAmountB=this._toXDRAmount(e.minAmountB);var r=new o.default.LiquidityPoolWithdrawOp(t),n={body:o.default.OperationBody.liquidityPoolWithdraw(r)};return this.setSourceAccount(n,e),new o.default.Operation(n)};var n,o=(n=r(4081))&&n.__esModule?n:{default:n}},6e3:(e,t,r)=>{"use strict";Object.defineProperty(t,"__esModule",{value:!0}),t.manageBuyOffer=function(e){var t={};if(t.selling=e.selling.toXDRObject(),t.buying=e.buying.toXDRObject(),!this.isValidAmount(e.buyAmount,!0))throw new TypeError(this.constructAmountRequirementsError("buyAmount"));if(t.buyAmount=this._toXDRAmount(e.buyAmount),void 0===e.price)throw new TypeError("price argument is required");t.price=this._toXDRPrice(e.price),void 0!==e.offerId?e.offerId=e.offerId.toString():e.offerId="0";t.offerId=o.Hyper.fromString(e.offerId);var r=new i.default.ManageBuyOfferOp(t),n={};return n.body=i.default.OperationBody.manageBuyOffer(r),this.setSourceAccount(n,e),new i.default.Operation(n)};var n,o=r(6263),i=(n=r(4081))&&n.__esModule?n:{default:n}},3941:(e,t,r)=>{"use strict";var n=r(8764).Buffer;Object.defineProperty(t,"__esModule",{value:!0}),t.manageData=function(e){var t={};if(!("string"==typeof e.name&&e.name.length<=64))throw new Error("name must be a string, up to 64 characters");if(t.dataName=e.name,"string"!=typeof e.value&&!n.isBuffer(e.value)&&null!==e.value)throw new Error("value must be a string, Buffer or null");"string"==typeof e.value?t.dataValue=n.from(e.value):t.dataValue=e.value;if(null!==t.dataValue&&t.dataValue.length>64)throw new Error("value cannot be longer that 64 bytes");var r=new i.default.ManageDataOp(t),o={};return o.body=i.default.OperationBody.manageData(r),this.setSourceAccount(o,e),new i.default.Operation(o)};var o,i=(o=r(4081))&&o.__esModule?o:{default:o}},9606:(e,t,r)=>{"use strict";Object.defineProperty(t,"__esModule",{value:!0}),t.manageSellOffer=function(e){var t={};if(t.selling=e.selling.toXDRObject(),t.buying=e.buying.toXDRObject(),!this.isValidAmount(e.amount,!0))throw new TypeError(this.constructAmountRequirementsError("amount"));if(t.amount=this._toXDRAmount(e.amount),void 0===e.price)throw new TypeError("price argument is required");t.price=this._toXDRPrice(e.price),void 0!==e.offerId?e.offerId=e.offerId.toString():e.offerId="0";t.offerId=o.Hyper.fromString(e.offerId);var r=new i.default.ManageSellOfferOp(t),n={};return n.body=i.default.OperationBody.manageSellOffer(r),this.setSourceAccount(n,e),new i.default.Operation(n)};var n,o=r(6263),i=(n=r(4081))&&n.__esModule?n:{default:n}},4:(e,t,r)=>{"use strict";Object.defineProperty(t,"__esModule",{value:!0}),t.pathPaymentStrictReceive=function(e){switch(!0){case!e.sendAsset:throw new Error("Must specify a send asset");case!this.isValidAmount(e.sendMax):throw new TypeError(this.constructAmountRequirementsError("sendMax"));case!e.destAsset:throw new Error("Must provide a destAsset for a payment operation");case!this.isValidAmount(e.destAmount):throw new TypeError(this.constructAmountRequirementsError("destAmount"))}var t={};t.sendAsset=e.sendAsset.toXDRObject(),t.sendMax=this._toXDRAmount(e.sendMax);try{t.destination=(0,i.decodeAddressToMuxedAccount)(e.destination)}catch(e){throw new Error("destination is invalid")}t.destAsset=e.destAsset.toXDRObject(),t.destAmount=this._toXDRAmount(e.destAmount);var r=e.path?e.path:[];t.path=r.map((function(e){return e.toXDRObject()}));var n=new o.default.PathPaymentStrictReceiveOp(t),a={};return a.body=o.default.OperationBody.pathPaymentStrictReceive(n),this.setSourceAccount(a,e),new o.default.Operation(a)};var n,o=(n=r(4081))&&n.__esModule?n:{default:n},i=r(6880)},8778:(e,t,r)=>{"use strict";Object.defineProperty(t,"__esModule",{value:!0}),t.pathPaymentStrictSend=function(e){switch(!0){case!e.sendAsset:throw new Error("Must specify a send asset");case!this.isValidAmount(e.sendAmount):throw new TypeError(this.constructAmountRequirementsError("sendAmount"));case!e.destAsset:throw new Error("Must provide a destAsset for a payment operation");case!this.isValidAmount(e.destMin):throw new TypeError(this.constructAmountRequirementsError("destMin"))}var t={};t.sendAsset=e.sendAsset.toXDRObject(),t.sendAmount=this._toXDRAmount(e.sendAmount);try{t.destination=(0,i.decodeAddressToMuxedAccount)(e.destination)}catch(e){throw new Error("destination is invalid")}t.destAsset=e.destAsset.toXDRObject(),t.destMin=this._toXDRAmount(e.destMin);var r=e.path?e.path:[];t.path=r.map((function(e){return e.toXDRObject()}));var n=new o.default.PathPaymentStrictSendOp(t),a={};return a.body=o.default.OperationBody.pathPaymentStrictSend(n),this.setSourceAccount(a,e),new o.default.Operation(a)};var n,o=(n=r(4081))&&n.__esModule?n:{default:n},i=r(6880)},7937:(e,t,r)=>{"use strict";Object.defineProperty(t,"__esModule",{value:!0}),t.payment=function(e){if(!e.asset)throw new Error("Must provide an asset for a payment operation");if(!this.isValidAmount(e.amount))throw new TypeError(this.constructAmountRequirementsError("amount"));var t={};try{t.destination=(0,i.decodeAddressToMuxedAccount)(e.destination)}catch(e){throw new Error("destination is invalid")}t.asset=e.asset.toXDRObject(),t.amount=this._toXDRAmount(e.amount);var r=new o.default.PaymentOp(t),n={};return n.body=o.default.OperationBody.payment(r),this.setSourceAccount(n,e),new o.default.Operation(n)};var n,o=(n=r(4081))&&n.__esModule?n:{default:n},i=r(6880)},2671:(e,t,r)=>{"use strict";Object.defineProperty(t,"__esModule",{value:!0}),t.restoreFootprint=function(){var e=arguments.length>0&&void 0!==arguments[0]?arguments[0]:{},t=new o.default.RestoreFootprintOp({ext:new o.default.ExtensionPoint(0)}),r={body:o.default.OperationBody.restoreFootprint(t)};return this.setSourceAccount(r,null!=e?e:{}),new o.default.Operation(r)};var n,o=(n=r(4081))&&n.__esModule?n:{default:n}},6416:(e,t,r)=>{"use strict";var n=r(8764).Buffer;Object.defineProperty(t,"__esModule",{value:!0}),t.revokeAccountSponsorship=function(){var e=arguments.length>0&&void 0!==arguments[0]?arguments[0]:{};if(!a.StrKey.isValidEd25519PublicKey(e.account))throw new Error("account is invalid");var t=i.default.LedgerKey.account(new i.default.LedgerKeyAccount({accountId:s.Keypair.fromPublicKey(e.account).xdrAccountId()})),r=i.default.RevokeSponsorshipOp.revokeSponsorshipLedgerEntry(t),n={};return n.body=i.default.OperationBody.revokeSponsorship(r),this.setSourceAccount(n,e),new i.default.Operation(n)},t.revokeClaimableBalanceSponsorship=function(){var e=arguments.length>0&&void 0!==arguments[0]?arguments[0]:{};if("string"!=typeof e.balanceId)throw new Error("balanceId is invalid");var t=i.default.LedgerKey.claimableBalance(new i.default.LedgerKeyClaimableBalance({balanceId:i.default.ClaimableBalanceId.fromXDR(e.balanceId,"hex")})),r=i.default.RevokeSponsorshipOp.revokeSponsorshipLedgerEntry(t),n={};return n.body=i.default.OperationBody.revokeSponsorship(r),this.setSourceAccount(n,e),new i.default.Operation(n)},t.revokeDataSponsorship=function(){var e=arguments.length>0&&void 0!==arguments[0]?arguments[0]:{};if(!a.StrKey.isValidEd25519PublicKey(e.account))throw new Error("account is invalid");if("string"!=typeof e.name||e.name.length>64)throw new Error("name must be a string, up to 64 characters");var t=i.default.LedgerKey.data(new i.default.LedgerKeyData({accountId:s.Keypair.fromPublicKey(e.account).xdrAccountId(),dataName:e.name})),r=i.default.RevokeSponsorshipOp.revokeSponsorshipLedgerEntry(t),n={};return n.body=i.default.OperationBody.revokeSponsorship(r),this.setSourceAccount(n,e),new i.default.Operation(n)},t.revokeLiquidityPoolSponsorship=function(){var e=arguments.length>0&&void 0!==arguments[0]?arguments[0]:{};if("string"!=typeof e.liquidityPoolId)throw new Error("liquidityPoolId is invalid");var t=i.default.LedgerKey.liquidityPool(new i.default.LedgerKeyLiquidityPool({liquidityPoolId:i.default.PoolId.fromXDR(e.liquidityPoolId,"hex")})),r=i.default.RevokeSponsorshipOp.revokeSponsorshipLedgerEntry(t),n={body:i.default.OperationBody.revokeSponsorship(r)};return this.setSourceAccount(n,e),new i.default.Operation(n)},t.revokeOfferSponsorship=function(){var e=arguments.length>0&&void 0!==arguments[0]?arguments[0]:{};if(!a.StrKey.isValidEd25519PublicKey(e.seller))throw new Error("seller is invalid");if("string"!=typeof e.offerId)throw new Error("offerId is invalid");var t=i.default.LedgerKey.offer(new i.default.LedgerKeyOffer({sellerId:s.Keypair.fromPublicKey(e.seller).xdrAccountId(),offerId:i.default.Int64.fromString(e.offerId)})),r=i.default.RevokeSponsorshipOp.revokeSponsorshipLedgerEntry(t),n={};return n.body=i.default.OperationBody.revokeSponsorship(r),this.setSourceAccount(n,e),new i.default.Operation(n)},t.revokeSignerSponsorship=function(){var e,t=arguments.length>0&&void 0!==arguments[0]?arguments[0]:{};if(!a.StrKey.isValidEd25519PublicKey(t.account))throw new Error("account is invalid");if(t.signer.ed25519PublicKey){if(!a.StrKey.isValidEd25519PublicKey(t.signer.ed25519PublicKey))throw new Error("signer.ed25519PublicKey is invalid.");var r=a.StrKey.decodeEd25519PublicKey(t.signer.ed25519PublicKey);e=new i.default.SignerKey.signerKeyTypeEd25519(r)}else if(t.signer.preAuthTx){var o;if(o="string"==typeof t.signer.preAuthTx?n.from(t.signer.preAuthTx,"hex"):t.signer.preAuthTx,!n.isBuffer(o)||32!==o.length)throw new Error("signer.preAuthTx must be 32 bytes Buffer.");e=new i.default.SignerKey.signerKeyTypePreAuthTx(o)}else{if(!t.signer.sha256Hash)throw new Error("signer is invalid");var u;if(u="string"==typeof t.signer.sha256Hash?n.from(t.signer.sha256Hash,"hex"):t.signer.sha256Hash,!n.isBuffer(u)||32!==u.length)throw new Error("signer.sha256Hash must be 32 bytes Buffer.");e=new i.default.SignerKey.signerKeyTypeHashX(u)}var c=new i.default.RevokeSponsorshipOpSigner({accountId:s.Keypair.fromPublicKey(t.account).xdrAccountId(),signerKey:e}),l=i.default.RevokeSponsorshipOp.revokeSponsorshipSigner(c),f={};return f.body=i.default.OperationBody.revokeSponsorship(l),this.setSourceAccount(f,t),new i.default.Operation(f)},t.revokeTrustlineSponsorship=function(){var e,t=arguments.length>0&&void 0!==arguments[0]?arguments[0]:{};if(!a.StrKey.isValidEd25519PublicKey(t.account))throw new Error("account is invalid");if(t.asset instanceof u.Asset)e=t.asset.toTrustLineXDRObject();else{if(!(t.asset instanceof c.LiquidityPoolId))throw new TypeError("asset must be an Asset or LiquidityPoolId");e=t.asset.toXDRObject()}var r=i.default.LedgerKey.trustline(new i.default.LedgerKeyTrustLine({accountId:s.Keypair.fromPublicKey(t.account).xdrAccountId(),asset:e})),n=i.default.RevokeSponsorshipOp.revokeSponsorshipLedgerEntry(r),o={};return o.body=i.default.OperationBody.revokeSponsorship(n),this.setSourceAccount(o,t),new i.default.Operation(o)};var o,i=(o=r(4081))&&o.__esModule?o:{default:o},a=r(8385),s=r(6437),u=r(3469),c=r(7287)},6106:(e,t,r)=>{"use strict";var n=r(8764).Buffer;Object.defineProperty(t,"__esModule",{value:!0}),t.setOptions=function(e){var t={};if(e.inflationDest){if(!s.StrKey.isValidEd25519PublicKey(e.inflationDest))throw new Error("inflationDest is invalid");t.inflationDest=a.Keypair.fromPublicKey(e.inflationDest).xdrAccountId()}if(t.clearFlags=this._checkUnsignedIntValue("clearFlags",e.clearFlags),t.setFlags=this._checkUnsignedIntValue("setFlags",e.setFlags),t.masterWeight=this._checkUnsignedIntValue("masterWeight",e.masterWeight,u),t.lowThreshold=this._checkUnsignedIntValue("lowThreshold",e.lowThreshold,u),t.medThreshold=this._checkUnsignedIntValue("medThreshold",e.medThreshold,u),t.highThreshold=this._checkUnsignedIntValue("highThreshold",e.highThreshold,u),void 0!==e.homeDomain&&"string"!=typeof e.homeDomain)throw new TypeError("homeDomain argument must be of type String");if(t.homeDomain=e.homeDomain,e.signer){var r,o=this._checkUnsignedIntValue("signer.weight",e.signer.weight,u),c=0;if(e.signer.ed25519PublicKey){if(!s.StrKey.isValidEd25519PublicKey(e.signer.ed25519PublicKey))throw new Error("signer.ed25519PublicKey is invalid.");var l=s.StrKey.decodeEd25519PublicKey(e.signer.ed25519PublicKey);r=new i.default.SignerKey.signerKeyTypeEd25519(l),c+=1}if(e.signer.preAuthTx){if("string"==typeof e.signer.preAuthTx&&(e.signer.preAuthTx=n.from(e.signer.preAuthTx,"hex")),!n.isBuffer(e.signer.preAuthTx)||32!==e.signer.preAuthTx.length)throw new Error("signer.preAuthTx must be 32 bytes Buffer.");r=new i.default.SignerKey.signerKeyTypePreAuthTx(e.signer.preAuthTx),c+=1}if(e.signer.sha256Hash){if("string"==typeof e.signer.sha256Hash&&(e.signer.sha256Hash=n.from(e.signer.sha256Hash,"hex")),!n.isBuffer(e.signer.sha256Hash)||32!==e.signer.sha256Hash.length)throw new Error("signer.sha256Hash must be 32 bytes Buffer.");r=new i.default.SignerKey.signerKeyTypeHashX(e.signer.sha256Hash),c+=1}if(e.signer.ed25519SignedPayload){if(!s.StrKey.isValidSignedPayload(e.signer.ed25519SignedPayload))throw new Error("signer.ed25519SignedPayload is invalid.");var f=s.StrKey.decodeSignedPayload(e.signer.ed25519SignedPayload),p=i.default.SignerKeyEd25519SignedPayload.fromXDR(f);r=i.default.SignerKey.signerKeyTypeEd25519SignedPayload(p),c+=1}if(1!==c)throw new Error("Signer object must contain exactly one of signer.ed25519PublicKey, signer.sha256Hash, signer.preAuthTx.");t.signer=new i.default.Signer({key:r,weight:o})}var d=new i.default.SetOptionsOp(t),h={};return h.body=i.default.OperationBody.setOptions(d),this.setSourceAccount(h,e),new i.default.Operation(h)};var o,i=(o=r(4081))&&o.__esModule?o:{default:o},a=r(6437),s=r(8385);function u(e,t){if(e>=0&&e<=255)return!0;throw new Error("".concat(t," value must be between 0 and 255"))}},1214:(e,t,r)=>{"use strict";Object.defineProperty(t,"__esModule",{value:!0}),t.setTrustLineFlags=function(){var e=arguments.length>0&&void 0!==arguments[0]?arguments[0]:{},t={};if("object"!==a(e.flags)||0===Object.keys(e.flags).length)throw new Error("opts.flags must be a map of boolean flags to modify");var r={authorized:o.default.TrustLineFlags.authorizedFlag(),authorizedToMaintainLiabilities:o.default.TrustLineFlags.authorizedToMaintainLiabilitiesFlag(),clawbackEnabled:o.default.TrustLineFlags.trustlineClawbackEnabledFlag()},n=0,s=0;Object.keys(e.flags).forEach((function(t){if(!Object.prototype.hasOwnProperty.call(r,t))throw new Error("unsupported flag name specified: ".concat(t));var o=e.flags[t],i=r[t].value;!0===o?s|=i:!1===o&&(n|=i)})),t.trustor=i.Keypair.fromPublicKey(e.trustor).xdrAccountId(),t.asset=e.asset.toXDRObject(),t.clearFlags=n,t.setFlags=s;var u={body:o.default.OperationBody.setTrustLineFlags(new o.default.SetTrustLineFlagsOp(t))};return this.setSourceAccount(u,e),new o.default.Operation(u)};var n,o=(n=r(4081))&&n.__esModule?n:{default:n},i=r(6437);function a(e){return a="function"==typeof Symbol&&"symbol"==typeof Symbol.iterator?function(e){return typeof e}:function(e){return e&&"function"==typeof Symbol&&e.constructor===Symbol&&e!==Symbol.prototype?"symbol":typeof e},a(e)}},5567:(e,t,r)=>{"use strict";var n=r(8764).Buffer;Object.defineProperty(t,"__esModule",{value:!0}),t.nativeToScVal=function e(t){var r,o,l=arguments.length>1&&void 0!==arguments[1]?arguments[1]:{};switch(f(t)){case"object":if(null===t)return i.default.ScVal.scvVoid();if(t instanceof i.default.ScVal)return t;if(t instanceof a.Address)return t.toScVal();if(t instanceof s.Contract)return t.address().toScVal();if(t instanceof Uint8Array||n.isBuffer(t)){var p,d=Uint8Array.from(t);switch(null!==(p=null==l?void 0:l.type)&&void 0!==p?p:"bytes"){case"bytes":return i.default.ScVal.scvBytes(d);case"symbol":return i.default.ScVal.scvSymbol(d);case"string":return i.default.ScVal.scvString(d);default:throw new TypeError("invalid type (".concat(l.type,") specified for bytes-like value"))}}if(Array.isArray(t)){if(t.length>0&&t.some((function(e){return f(e)!==f(t[0])})))throw new TypeError("array values (".concat(t,") must have the same type (types: ").concat(t.map((function(e){return f(e)})).join(","),")"));return i.default.ScVal.scvVec(t.map((function(t){return e(t,l)})))}var h;if("Object"!==(null!==(r=null===(o=t.constructor)||void 0===o?void 0:o.name)&&void 0!==r?r:""))throw new TypeError("cannot interpret ".concat(null===(h=t.constructor)||void 0===h?void 0:h.name," value as ScVal (").concat(JSON.stringify(t),")"));return i.default.ScVal.scvMap(Object.entries(t).map((function(t){var r,n,o=c(t,2),a=o[0],s=o[1],u=c(null!==(r=(null!==(n=null==l?void 0:l.type)&&void 0!==n?n:{})[a])&&void 0!==r?r:[null,null],2),f=u[0],p=u[1],d=f?{type:f}:{},h=p?{type:p}:{};return new i.default.ScMapEntry({key:e(a,d),val:e(s,h)})})));case"number":case"bigint":switch(null==l?void 0:l.type){case"u32":return i.default.ScVal.scvU32(t);case"i32":return i.default.ScVal.scvI32(t)}return new u.ScInt(t,{type:null==l?void 0:l.type}).toScVal();case"string":var y,m=null!==(y=null==l?void 0:l.type)&&void 0!==y?y:"string";switch(m){case"string":return i.default.ScVal.scvString(t);case"symbol":return i.default.ScVal.scvSymbol(t);case"address":return new a.Address(t).toScVal();default:if(u.XdrLargeInt.isType(m))return new u.XdrLargeInt(m,t).toScVal();throw new TypeError("invalid type (".concat(l.type,") specified for string value"))}case"boolean":return i.default.ScVal.scvBool(t);case"undefined":return i.default.ScVal.scvVoid();case"function":return e(t());default:throw new TypeError("failed to convert typeof ".concat(f(t)," (").concat(t,")"))}},t.scValToNative=function e(t){var r,o;switch(t.switch().value){case i.default.ScValType.scvVoid().value:return null;case i.default.ScValType.scvU64().value:case i.default.ScValType.scvI64().value:return t.value().toBigInt();case i.default.ScValType.scvU128().value:case i.default.ScValType.scvI128().value:case i.default.ScValType.scvU256().value:case i.default.ScValType.scvI256().value:return(0,u.scValToBigInt)(t);case i.default.ScValType.scvVec().value:return(null!==(r=t.vec())&&void 0!==r?r:[]).map(e);case i.default.ScValType.scvAddress().value:return a.Address.fromScVal(t).toString();case i.default.ScValType.scvMap().value:return Object.fromEntries((null!==(o=t.map())&&void 0!==o?o:[]).map((function(t){return[e(t.key()),e(t.val())]})));case i.default.ScValType.scvBool().value:case i.default.ScValType.scvU32().value:case i.default.ScValType.scvI32().value:case i.default.ScValType.scvBytes().value:return t.value();case i.default.ScValType.scvSymbol().value:case i.default.ScValType.scvString().value:var s=t.value();if(n.isBuffer(s)||ArrayBuffer.isView(s))try{return(new TextDecoder).decode(s)}catch(e){return new Uint8Array(s.buffer)}return s;case i.default.ScValType.scvTimepoint().value:case i.default.ScValType.scvDuration().value:return new i.default.Uint64(t.value()).toBigInt();case i.default.ScValType.scvStatus().value:switch(t.value().switch()){case i.default.ScStatusType.sstOk().value:case i.default.ScStatusType.sstUnknownError().value:case i.default.ScStatusType.sstHostValueError().value:case i.default.ScStatusType.sstHostObjectError().value:case i.default.ScStatusType.sstHostFunctionError().value:case i.default.ScStatusType.sstHostStorageError().value:case i.default.ScStatusType.sstHostContextError().value:case i.default.ScStatusType.sstVmError().value:case i.default.ScStatusType.sstContractError().value:case i.default.ScStatusType.sstHostAuthError().value:}default:return t.value()}};var o,i=(o=r(4081))&&o.__esModule?o:{default:o},a=r(3471),s=r(5618),u=r(3180);function c(e,t){return function(e){if(Array.isArray(e))return e}(e)||function(e,t){var r=null==e?null:"undefined"!=typeof Symbol&&e[Symbol.iterator]||e["@@iterator"];if(null!=r){var n,o,i,a,s=[],u=!0,c=!1;try{if(i=(r=r.call(e)).next,0===t){if(Object(r)!==r)return;u=!1}else for(;!(u=(n=i.call(r)).done)&&(s.push(n.value),s.length!==t);u=!0);}catch(e){c=!0,o=e}finally{try{if(!u&&null!=r.return&&(a=r.return(),Object(a)!==a))return}finally{if(c)throw o}}return s}}(e,t)||function(e,t){if(!e)return;if("string"==typeof e)return l(e,t);var r=Object.prototype.toString.call(e).slice(8,-1);"Object"===r&&e.constructor&&(r=e.constructor.name);if("Map"===r||"Set"===r)return Array.from(e);if("Arguments"===r||/^(?:Ui|I)nt(?:8|16|32)(?:Clamped)?Array$/.test(r))return l(e,t)}(e,t)||function(){throw new TypeError("Invalid attempt to destructure non-iterable instance.\nIn order to be iterable, non-array objects must have a [Symbol.iterator]() method.")}()}function l(e,t){(null==t||t>e.length)&&(t=e.length);for(var r=0,n=new Array(t);r<t;r++)n[r]=e[r];return n}function f(e){return f="function"==typeof Symbol&&"symbol"==typeof Symbol.iterator?function(e){return typeof e}:function(e){return e&&"function"==typeof Symbol&&e.constructor===Symbol&&e!==Symbol.prototype?"symbol":typeof e},f(e)}},5822:(e,t,r)=>{"use strict";Object.defineProperty(t,"__esModule",{value:!0}),t.SignerKey=void 0;var n,o=(n=r(4081))&&n.__esModule?n:{default:n},i=r(8385);function a(e){return a="function"==typeof Symbol&&"symbol"==typeof Symbol.iterator?function(e){return typeof e}:function(e){return e&&"function"==typeof Symbol&&e.constructor===Symbol&&e!==Symbol.prototype?"symbol":typeof e},a(e)}function s(e,t){for(var r=0;r<t.length;r++){var n=t[r];n.enumerable=n.enumerable||!1,n.configurable=!0,"value"in n&&(n.writable=!0),Object.defineProperty(e,u(n.key),n)}}function u(e){var t=function(e,t){if("object"!=a(e)||!e)return e;var r=e[Symbol.toPrimitive];if(void 0!==r){var n=r.call(e,t||"default");if("object"!=a(n))return n;throw new TypeError("@@toPrimitive must return a primitive value.")}return("string"===t?String:Number)(e)}(e,"string");return"symbol"==a(t)?t:String(t)}t.SignerKey=function(){function e(){!function(e,t){if(!(e instanceof t))throw new TypeError("Cannot call a class as a function")}(this,e)}var t,r,n;return t=e,n=[{key:"decodeAddress",value:function(e){var t={ed25519PublicKey:o.default.SignerKey.signerKeyTypeEd25519,preAuthTx:o.default.SignerKey.signerKeyTypePreAuthTx,sha256Hash:o.default.SignerKey.signerKeyTypeHashX,signedPayload:o.default.SignerKey.signerKeyTypeEd25519SignedPayload},r=i.StrKey.getVersionByteForPrefix(e),n=t[r];if(!n)throw new Error("invalid signer key type (".concat(r,")"));var a=(0,i.decodeCheck)(r,e);return n("signedPayload"===r?new o.default.SignerKeyEd25519SignedPayload({ed25519:a.slice(0,32),payload:a.slice(36)}):a)}},{key:"encodeSignerKey",value:function(e){var t,r;switch(e.switch()){case o.default.SignerKeyType.signerKeyTypeEd25519():t="ed25519PublicKey",r=e.value();break;case o.default.SignerKeyType.signerKeyTypePreAuthTx():t="preAuthTx",r=e.value();break;case o.default.SignerKeyType.signerKeyTypeHashX():t="sha256Hash",r=e.value();break;case o.default.SignerKeyType.signerKeyTypeEd25519SignedPayload():t="signedPayload",r=e.ed25519SignedPayload().toXDR("raw");break;default:throw new Error("invalid SignerKey (type: ".concat(e.switch(),")"))}return(0,i.encodeCheck)(t,r)}}],(r=null)&&s(t.prototype,r),n&&s(t,n),Object.defineProperty(t,"prototype",{writable:!1}),e}()},5687:(e,t,r)=>{"use strict";var n=r(8764).Buffer;Object.defineProperty(t,"__esModule",{value:!0}),t.FastSigning=void 0,t.generate=function(e){return o.generate(e)},t.sign=function(e,t){return o.sign(e,t)},t.verify=function(e,t,r){return o.verify(e,t,r)};var o={};t.FastSigning="undefined"==typeof window?function(){var e;try{e=r(Object(function(){var e=new Error("Cannot find module 'sodium-native'");throw e.code="MODULE_NOT_FOUND",e}()))}catch(e){return i()}return Object.keys(e).length?(o.generate=function(t){var r=n.alloc(e.crypto_sign_PUBLICKEYBYTES),o=n.alloc(e.crypto_sign_SECRETKEYBYTES);return e.crypto_sign_seed_keypair(r,o,t),r},o.sign=function(t,r){t=n.from(t);var o=n.alloc(e.crypto_sign_BYTES);return e.crypto_sign_detached(o,t,r),o},o.verify=function(t,r,o){t=n.from(t);try{return e.crypto_sign_verify_detached(r,t,o)}catch(e){return!1}},!0):i()}():i();function i(){var e=r(7586);return o.generate=function(t){var r=new Uint8Array(t),o=e.sign.keyPair.fromSeed(r);return n.from(o.publicKey)},o.sign=function(t,r){t=n.from(t),t=new Uint8Array(t.toJSON().data),r=new Uint8Array(r.toJSON().data);var o=e.sign.detached(t,r);return n.from(o)},o.verify=function(t,r,o){return t=n.from(t),t=new Uint8Array(t.toJSON().data),r=new Uint8Array(r.toJSON().data),o=new Uint8Array(o.toJSON().data),e.sign.detached.verify(t,r,o)},!1}},251:(e,t)=>{"use strict";function r(e){return r="function"==typeof Symbol&&"symbol"==typeof Symbol.iterator?function(e){return typeof e}:function(e){return e&&"function"==typeof Symbol&&e.constructor===Symbol&&e!==Symbol.prototype?"symbol":typeof e},r(e)}function n(e){return function(e){if(Array.isArray(e))return e}(e)||function(e){if("undefined"!=typeof Symbol&&null!=e[Symbol.iterator]||null!=e["@@iterator"])return Array.from(e)}(e)||function(e,t){if(!e)return;if("string"==typeof e)return o(e,t);var r=Object.prototype.toString.call(e).slice(8,-1);"Object"===r&&e.constructor&&(r=e.constructor.name);if("Map"===r||"Set"===r)return Array.from(e);if("Arguments"===r||/^(?:Ui|I)nt(?:8|16|32)(?:Clamped)?Array$/.test(r))return o(e,t)}(e)||function(){throw new TypeError("Invalid attempt to destructure non-iterable instance.\nIn order to be iterable, non-array objects must have a [Symbol.iterator]() method.")}()}function o(e,t){(null==t||t>e.length)&&(t=e.length);for(var r=0,n=new Array(t);r<t;r++)n[r]=e[r];return n}function i(e,t){for(var r=0;r<t.length;r++){var n=t[r];n.enumerable=n.enumerable||!1,n.configurable=!0,"value"in n&&(n.writable=!0),Object.defineProperty(e,a(n.key),n)}}function a(e){var t=function(e,t){if("object"!=r(e)||!e)return e;var n=e[Symbol.toPrimitive];if(void 0!==n){var o=n.call(e,t||"default");if("object"!=r(o))return o;throw new TypeError("@@toPrimitive must return a primitive value.")}return("string"===t?String:Number)(e)}(e,"string");return"symbol"==r(t)?t:String(t)}Object.defineProperty(t,"__esModule",{value:!0}),t.Soroban=void 0;t.Soroban=function(){function e(){!function(e,t){if(!(e instanceof t))throw new TypeError("Cannot call a class as a function")}(this,e)}var t,r,o;return t=e,o=[{key:"formatTokenAmount",value:function(e,t){if(e.includes("."))throw new TypeError("No decimals are allowed");var r=e;return t>0&&(r=t>r.length?["0",r.toString().padStart(t,"0")].join("."):[r.slice(0,-t),r.slice(-t)].join(".")),r.replace(/(\.\d*?)0+$/,"$1")}},{key:"parseTokenAmount",value:function(e,t){var r,o=n(e.split(".").slice()),i=o[0],a=o[1];if(o.slice(2).length)throw new Error("Invalid decimal value: ".concat(e));return BigInt(i+(null!==(r=null==a?void 0:a.padEnd(t,"0"))&&void 0!==r?r:"0".repeat(t))).toString()}}],(r=null)&&i(t.prototype,r),o&&i(t,o),Object.defineProperty(t,"prototype",{writable:!1}),e}()},5096:(e,t,r)=>{"use strict";Object.defineProperty(t,"__esModule",{value:!0}),t.SorobanDataBuilder=void 0;var n,o=(n=r(4081))&&n.__esModule?n:{default:n};function i(e){return i="function"==typeof Symbol&&"symbol"==typeof Symbol.iterator?function(e){return typeof e}:function(e){return e&&"function"==typeof Symbol&&e.constructor===Symbol&&e!==Symbol.prototype?"symbol":typeof e},i(e)}function a(e,t){for(var r=0;r<t.length;r++){var n=t[r];n.enumerable=n.enumerable||!1,n.configurable=!0,"value"in n&&(n.writable=!0),Object.defineProperty(e,s(n.key),n)}}function s(e){var t=function(e,t){if("object"!=i(e)||!e)return e;var r=e[Symbol.toPrimitive];if(void 0!==r){var n=r.call(e,t||"default");if("object"!=i(n))return n;throw new TypeError("@@toPrimitive must return a primitive value.")}return("string"===t?String:Number)(e)}(e,"string");return"symbol"==i(t)?t:String(t)}t.SorobanDataBuilder=function(){function e(t){var r;!function(e,t){if(!(e instanceof t))throw new TypeError("Cannot call a class as a function")}(this,e),function(e,t,r){(t=s(t))in e?Object.defineProperty(e,t,{value:r,enumerable:!0,configurable:!0,writable:!0}):e[t]=r}(this,"_data",void 0),r=t?"string"==typeof t||ArrayBuffer.isView(t)?e.fromXDR(t):e.fromXDR(t.toXDR()):new o.default.SorobanTransactionData({resources:new o.default.SorobanResources({footprint:new o.default.LedgerFootprint({readOnly:[],readWrite:[]}),instructions:0,readBytes:0,writeBytes:0}),ext:new o.default.ExtensionPoint(0),resourceFee:new o.default.Int64(0)}),this._data=r}var t,r,n;return t=e,n=[{key:"fromXDR",value:function(e){return o.default.SorobanTransactionData.fromXDR(e,"string"==typeof e?"base64":"raw")}}],(r=[{key:"setResourceFee",value:function(e){return this._data.resourceFee(new o.default.Int64(e)),this}},{key:"setResources",value:function(e,t,r){return this._data.resources().instructions(e),this._data.resources().readBytes(t),this._data.resources().writeBytes(r),this}},{key:"appendFootprint",value:function(e,t){return this.setFootprint(this.getReadOnly().concat(e),this.getReadWrite().concat(t))}},{key:"setFootprint",value:function(e,t){return null!==e&&this.setReadOnly(e),null!==t&&this.setReadWrite(t),this}},{key:"setReadOnly",value:function(e){return this._data.resources().footprint().readOnly(null!=e?e:[]),this}},{key:"setReadWrite",value:function(e){return this._data.resources().footprint().readWrite(null!=e?e:[]),this}},{key:"build",value:function(){return o.default.SorobanTransactionData.fromXDR(this._data.toXDR())}},{key:"getReadOnly",value:function(){return this.getFootprint().readOnly()}},{key:"getReadWrite",value:function(){return this.getFootprint().readWrite()}},{key:"getFootprint",value:function(){return this._data.resources().footprint()}}])&&a(t.prototype,r),n&&a(t,n),Object.defineProperty(t,"prototype",{writable:!1}),e}()},8385:(e,t,r)=>{"use strict";var n=r(8764).Buffer;Object.defineProperty(t,"__esModule",{value:!0}),t.StrKey=void 0,t.decodeCheck=d,t.encodeCheck=h;var o,i=(o=r(6906))&&o.__esModule?o:{default:o},a=r(9449);function s(e){return s="function"==typeof Symbol&&"symbol"==typeof Symbol.iterator?function(e){return typeof e}:function(e){return e&&"function"==typeof Symbol&&e.constructor===Symbol&&e!==Symbol.prototype?"symbol":typeof e},s(e)}function u(e,t){for(var r=0;r<t.length;r++){var n=t[r];n.enumerable=n.enumerable||!1,n.configurable=!0,"value"in n&&(n.writable=!0),Object.defineProperty(e,c(n.key),n)}}function c(e){var t=function(e,t){if("object"!=s(e)||!e)return e;var r=e[Symbol.toPrimitive];if(void 0!==r){var n=r.call(e,t||"default");if("object"!=s(n))return n;throw new TypeError("@@toPrimitive must return a primitive value.")}return("string"===t?String:Number)(e)}(e,"string");return"symbol"==s(t)?t:String(t)}var l={ed25519PublicKey:48,ed25519SecretSeed:144,med25519PublicKey:96,preAuthTx:152,sha256Hash:184,signedPayload:120,contract:16},f={G:"ed25519PublicKey",S:"ed25519SecretSeed",M:"med25519PublicKey",T:"preAuthTx",X:"sha256Hash",P:"signedPayload",C:"contract"};t.StrKey=function(){function e(){!function(e,t){if(!(e instanceof t))throw new TypeError("Cannot call a class as a function")}(this,e)}var t,r,n;return t=e,n=[{key:"encodeEd25519PublicKey",value:function(e){return h("ed25519PublicKey",e)}},{key:"decodeEd25519PublicKey",value:function(e){return d("ed25519PublicKey",e)}},{key:"isValidEd25519PublicKey",value:function(e){return p("ed25519PublicKey",e)}},{key:"encodeEd25519SecretSeed",value:function(e){return h("ed25519SecretSeed",e)}},{key:"decodeEd25519SecretSeed",value:function(e){return d("ed25519SecretSeed",e)}},{key:"isValidEd25519SecretSeed",value:function(e){return p("ed25519SecretSeed",e)}},{key:"encodeMed25519PublicKey",value:function(e){return h("med25519PublicKey",e)}},{key:"decodeMed25519PublicKey",value:function(e){return d("med25519PublicKey",e)}},{key:"isValidMed25519PublicKey",value:function(e){return p("med25519PublicKey",e)}},{key:"encodePreAuthTx",value:function(e){return h("preAuthTx",e)}},{key:"decodePreAuthTx",value:function(e){return d("preAuthTx",e)}},{key:"encodeSha256Hash",value:function(e){return h("sha256Hash",e)}},{key:"decodeSha256Hash",value:function(e){return d("sha256Hash",e)}},{key:"encodeSignedPayload",value:function(e){return h("signedPayload",e)}},{key:"decodeSignedPayload",value:function(e){return d("signedPayload",e)}},{key:"isValidSignedPayload",value:function(e){return p("signedPayload",e)}},{key:"encodeContract",value:function(e){return h("contract",e)}},{key:"decodeContract",value:function(e){return d("contract",e)}},{key:"isValidContract",value:function(e){return p("contract",e)}},{key:"getVersionByteForPrefix",value:function(e){return f[e[0]]}}],(r=null)&&u(t.prototype,r),n&&u(t,n),Object.defineProperty(t,"prototype",{writable:!1}),e}();function p(e,t){if("string"!=typeof t)return!1;switch(e){case"ed25519PublicKey":case"ed25519SecretSeed":case"preAuthTx":case"sha256Hash":case"contract":if(56!==t.length)return!1;break;case"med25519PublicKey":if(69!==t.length)return!1;break;case"signedPayload":if(t.length<56||t.length>165)return!1;break;default:return!1}var r="";try{r=d(e,t)}catch(e){return!1}switch(e){case"ed25519PublicKey":case"ed25519SecretSeed":case"preAuthTx":case"sha256Hash":case"contract":return 32===r.length;case"med25519PublicKey":return 40===r.length;case"signedPayload":return r.length>=40&&r.length<=100;default:return!1}}function d(e,t){if("string"!=typeof t)throw new TypeError("encoded argument must be of type String");var r=i.default.decode(t),o=r[0],s=r.slice(0,-2),u=s.slice(1),c=r.slice(-2);if(t!==i.default.encode(r))throw new Error("invalid encoded string");var f=l[e];if(void 0===f)throw new Error("".concat(e," is not a valid version byte name. ")+"Expected one of ".concat(Object.keys(l).join(", ")));if(o!==f)throw new Error("invalid version byte. expected ".concat(f,", got ").concat(o));var p=y(s);if(!(0,a.verifyChecksum)(p,c))throw new Error("invalid checksum");return n.from(u)}function h(e,t){if(null==t)throw new Error("cannot encode null data");var r=l[e];if(void 0===r)throw new Error("".concat(e," is not a valid version byte name. ")+"Expected one of ".concat(Object.keys(l).join(", ")));t=n.from(t);var o=n.from([r]),a=n.concat([o,t]),s=y(a),u=n.concat([a,s]);return i.default.encode(u)}function y(e){for(var t=[0,4129,8258,12387,16516,20645,24774,28903,33032,37161,41290,45419,49548,53677,57806,61935,4657,528,12915,8786,21173,17044,29431,25302,37689,33560,45947,41818,54205,50076,62463,58334,9314,13379,1056,5121,25830,29895,17572,21637,42346,46411,34088,38153,58862,62927,50604,54669,13907,9842,5649,1584,30423,26358,22165,18100,46939,42874,38681,34616,63455,59390,55197,51132,18628,22757,26758,30887,2112,6241,10242,14371,51660,55789,59790,63919,35144,39273,43274,47403,23285,19156,31415,27286,6769,2640,14899,10770,56317,52188,64447,60318,39801,35672,47931,43802,27814,31879,19684,23749,11298,15363,3168,7233,60846,64911,52716,56781,44330,48395,36200,40265,32407,28342,24277,20212,15891,11826,7761,3696,65439,61374,57309,53244,48923,44858,40793,36728,37256,33193,45514,41451,53516,49453,61774,57711,4224,161,12482,8419,20484,16421,28742,24679,33721,37784,41979,46042,49981,54044,58239,62302,689,4752,8947,13010,16949,21012,25207,29270,46570,42443,38312,34185,62830,58703,54572,50445,13538,9411,5280,1153,29798,25671,21540,17413,42971,47098,34713,38840,59231,63358,50973,55100,9939,14066,1681,5808,26199,30326,17941,22068,55628,51565,63758,59695,39368,35305,47498,43435,22596,18533,30726,26663,6336,2273,14466,10403,52093,56156,60223,64286,35833,39896,43963,48026,19061,23124,27191,31254,2801,6864,10931,14994,64814,60687,56684,52557,48554,44427,40424,36297,31782,27655,23652,19525,15522,11395,7392,3265,61215,65342,53085,57212,44955,49082,36825,40952,28183,32310,20053,24180,11923,16050,3793,7920],r=0,n=0;n<e.length;n+=1){r=r<<8^t[r>>8^e[n]],r&=65535}var o=new Uint8Array(2);return o[0]=255&r,o[1]=r>>8&255,o}},1388:(e,t,r)=>{"use strict";var n=r(8764).Buffer;function o(e){return o="function"==typeof Symbol&&"symbol"==typeof Symbol.iterator?function(e){return typeof e}:function(e){return e&&"function"==typeof Symbol&&e.constructor===Symbol&&e!==Symbol.prototype?"symbol":typeof e},o(e)}Object.defineProperty(t,"__esModule",{value:!0}),t.Transaction=void 0;var i,a=(i=r(4081))&&i.__esModule?i:{default:i},s=r(9622),u=r(8385),c=r(4585),l=r(4856),f=r(1065),p=r(6880);function d(e,t){for(var r=0;r<t.length;r++){var n=t[r];n.enumerable=n.enumerable||!1,n.configurable=!0,"value"in n&&(n.writable=!0),Object.defineProperty(e,h(n.key),n)}}function h(e){var t=function(e,t){if("object"!=o(e)||!e)return e;var r=e[Symbol.toPrimitive];if(void 0!==r){var n=r.call(e,t||"default");if("object"!=o(n))return n;throw new TypeError("@@toPrimitive must return a primitive value.")}return("string"===t?String:Number)(e)}(e,"string");return"symbol"==o(t)?t:String(t)}function y(e,t,r){return t=v(t),function(e,t){if(t&&("object"===o(t)||"function"==typeof t))return t;if(void 0!==t)throw new TypeError("Derived constructors may only return object or undefined");return function(e){if(void 0===e)throw new ReferenceError("this hasn't been initialised - super() hasn't been called");return e}(e)}(e,m()?Reflect.construct(t,r||[],v(e).constructor):t.apply(e,r))}function m(){try{var e=!Boolean.prototype.valueOf.call(Reflect.construct(Boolean,[],(function(){})))}catch(e){}return(m=function(){return!!e})()}function v(e){return v=Object.setPrototypeOf?Object.getPrototypeOf.bind():function(e){return e.__proto__||Object.getPrototypeOf(e)},v(e)}function g(e,t){return g=Object.setPrototypeOf?Object.setPrototypeOf.bind():function(e,t){return e.__proto__=t,e},g(e,t)}t.Transaction=function(e){function t(e,r){var o;if(function(e,t){if(!(e instanceof t))throw new TypeError("Cannot call a class as a function")}(this,t),"string"==typeof e){var i=n.from(e,"base64");e=a.default.TransactionEnvelope.fromXDR(i)}var s=e.switch();if(s!==a.default.EnvelopeType.envelopeTypeTxV0()&&s!==a.default.EnvelopeType.envelopeTypeTx())throw new Error("Invalid TransactionEnvelope: expected an envelopeTypeTxV0 or envelopeTypeTx but received an ".concat(s.name,"."));var l=e.value(),f=l.tx(),d=f.fee().toString();if((o=y(this,t,[f,(l.signatures()||[]).slice(),d,r]))._envelopeType=s,o._memo=f.memo(),o._sequence=f.seqNum().toString(),o._envelopeType===a.default.EnvelopeType.envelopeTypeTxV0())o._source=u.StrKey.encodeEd25519PublicKey(o.tx.sourceAccountEd25519());else o._source=(0,p.encodeMuxedAccountToAddress)(o.tx.sourceAccount());var h=null,m=null;switch(o._envelopeType){case a.default.EnvelopeType.envelopeTypeTxV0():m=f.timeBounds();break;case a.default.EnvelopeType.envelopeTypeTx():switch(f.cond().switch()){case a.default.PreconditionType.precondTime():m=f.cond().timeBounds();break;case a.default.PreconditionType.precondV2():m=(h=f.cond().v2()).timeBounds()}}if(m&&(o._timeBounds={minTime:m.minTime().toString(),maxTime:m.maxTime().toString()}),h){var v=h.ledgerBounds();v&&(o._ledgerBounds={minLedger:v.minLedger(),maxLedger:v.maxLedger()});var g=h.minSeqNum();g&&(o._minAccountSequence=g.toString()),o._minAccountSequenceAge=h.minSeqAge(),o._minAccountSequenceLedgerGap=h.minSeqLedgerGap(),o._extraSigners=h.extraSigners()}var b=f.operations()||[];return o._operations=b.map((function(e){return c.Operation.fromXDRObject(e)})),o}var r,o,i;return function(e,t){if("function"!=typeof t&&null!==t)throw new TypeError("Super expression must either be null or a function");e.prototype=Object.create(t&&t.prototype,{constructor:{value:e,writable:!0,configurable:!0}}),Object.defineProperty(e,"prototype",{writable:!1}),t&&g(e,t)}(t,e),r=t,(o=[{key:"timeBounds",get:function(){return this._timeBounds},set:function(e){throw new Error("Transaction is immutable")}},{key:"ledgerBounds",get:function(){return this._ledgerBounds},set:function(e){throw new Error("Transaction is immutable")}},{key:"minAccountSequence",get:function(){return this._minAccountSequence},set:function(e){throw new Error("Transaction is immutable")}},{key:"minAccountSequenceAge",get:function(){return this._minAccountSequenceAge},set:function(e){throw new Error("Transaction is immutable")}},{key:"minAccountSequenceLedgerGap",get:function(){return this._minAccountSequenceLedgerGap},set:function(e){throw new Error("Transaction is immutable")}},{key:"extraSigners",get:function(){return this._extraSigners},set:function(e){throw new Error("Transaction is immutable")}},{key:"sequence",get:function(){return this._sequence},set:function(e){throw new Error("Transaction is immutable")}},{key:"source",get:function(){return this._source},set:function(e){throw new Error("Transaction is immutable")}},{key:"operations",get:function(){return this._operations},set:function(e){throw new Error("Transaction is immutable")}},{key:"memo",get:function(){return l.Memo.fromXDRObject(this._memo)},set:function(e){throw new Error("Transaction is immutable")}},{key:"signatureBase",value:function(){var e=this.tx;this._envelopeType===a.default.EnvelopeType.envelopeTypeTxV0()&&(e=a.default.Transaction.fromXDR(n.concat([a.default.PublicKeyType.publicKeyTypeEd25519().toXDR(),e.toXDR()])));var t=new a.default.TransactionSignaturePayloadTaggedTransaction.envelopeTypeTx(e);return new a.default.TransactionSignaturePayload({networkId:a.default.Hash.fromXDR((0,s.hash)(this.networkPassphrase)),taggedTransaction:t}).toXDR()}},{key:"toEnvelope",value:function(){var e,t=this.tx.toXDR(),r=this.signatures.slice();switch(this._envelopeType){case a.default.EnvelopeType.envelopeTypeTxV0():e=new a.default.TransactionEnvelope.envelopeTypeTxV0(new a.default.TransactionV0Envelope({tx:a.default.TransactionV0.fromXDR(t),signatures:r}));break;case a.default.EnvelopeType.envelopeTypeTx():e=new a.default.TransactionEnvelope.envelopeTypeTx(new a.default.TransactionV1Envelope({tx:a.default.Transaction.fromXDR(t),signatures:r}));break;default:throw new Error("Invalid TransactionEnvelope: expected an envelopeTypeTxV0 or envelopeTypeTx but received an ".concat(this._envelopeType.name,"."))}return e}},{key:"getClaimableBalanceId",value:function(e){if(!Number.isInteger(e)||e<0||e>=this.operations.length)throw new RangeError("invalid operation index");var t=this.operations[e];try{t=c.Operation.createClaimableBalance(t)}catch(e){throw new TypeError("expected createClaimableBalance, got ".concat(t.type,": ").concat(e))}var r=u.StrKey.decodeEd25519PublicKey((0,p.extractBaseAddress)(this.source)),n=a.default.HashIdPreimage.envelopeTypeOpId(new a.default.HashIdPreimageOperationId({sourceAccount:a.default.AccountId.publicKeyTypeEd25519(r),seqNum:a.default.SequenceNumber.fromString(this.sequence),opNum:e})),o=(0,s.hash)(n.toXDR("raw"));return a.default.ClaimableBalanceId.claimableBalanceIdTypeV0(o).toXDR("hex")}}])&&d(r.prototype,o),i&&d(r,i),Object.defineProperty(r,"prototype",{writable:!1}),t}(f.TransactionBase)},1065:(e,t,r)=>{"use strict";var n=r(8764).Buffer;Object.defineProperty(t,"__esModule",{value:!0}),t.TransactionBase=void 0;var o,i=(o=r(4081))&&o.__esModule?o:{default:o},a=r(9622),s=r(6437);function u(e){return u="function"==typeof Symbol&&"symbol"==typeof Symbol.iterator?function(e){return typeof e}:function(e){return e&&"function"==typeof Symbol&&e.constructor===Symbol&&e!==Symbol.prototype?"symbol":typeof e},u(e)}function c(e,t){for(var r=0;r<t.length;r++){var n=t[r];n.enumerable=n.enumerable||!1,n.configurable=!0,"value"in n&&(n.writable=!0),Object.defineProperty(e,l(n.key),n)}}function l(e){var t=function(e,t){if("object"!=u(e)||!e)return e;var r=e[Symbol.toPrimitive];if(void 0!==r){var n=r.call(e,t||"default");if("object"!=u(n))return n;throw new TypeError("@@toPrimitive must return a primitive value.")}return("string"===t?String:Number)(e)}(e,"string");return"symbol"==u(t)?t:String(t)}t.TransactionBase=function(){function e(t,r,n,o){if(function(e,t){if(!(e instanceof t))throw new TypeError("Cannot call a class as a function")}(this,e),"string"!=typeof o)throw new Error("Invalid passphrase provided to Transaction: expected a string but got a ".concat(u(o)));this._networkPassphrase=o,this._tx=t,this._signatures=r,this._fee=n}var t,r,o;return t=e,r=[{key:"signatures",get:function(){return this._signatures},set:function(e){throw new Error("Transaction is immutable")}},{key:"tx",get:function(){return this._tx},set:function(e){throw new Error("Transaction is immutable")}},{key:"fee",get:function(){return this._fee},set:function(e){throw new Error("Transaction is immutable")}},{key:"networkPassphrase",get:function(){return this._networkPassphrase},set:function(e){this._networkPassphrase=e}},{key:"sign",value:function(){for(var e=this,t=this.hash(),r=arguments.length,n=new Array(r),o=0;o<r;o++)n[o]=arguments[o];n.forEach((function(r){var n=r.signDecorated(t);e.signatures.push(n)}))}},{key:"getKeypairSignature",value:function(e){return e.sign(this.hash()).toString("base64")}},{key:"addSignature",value:function(){var e,t,r=arguments.length>0&&void 0!==arguments[0]?arguments[0]:"",o=arguments.length>1&&void 0!==arguments[1]?arguments[1]:"";if(!o||"string"!=typeof o)throw new Error("Invalid signature");if(!r||"string"!=typeof r)throw new Error("Invalid publicKey");var a=n.from(o,"base64");try{t=(e=s.Keypair.fromPublicKey(r)).signatureHint()}catch(e){throw new Error("Invalid publicKey")}if(!e.verify(this.hash(),a))throw new Error("Invalid signature");this.signatures.push(new i.default.DecoratedSignature({hint:t,signature:a}))}},{key:"addDecoratedSignature",value:function(e){this.signatures.push(e)}},{key:"signHashX",value:function(e){if("string"==typeof e&&(e=n.from(e,"hex")),e.length>64)throw new Error("preimage cannnot be longer than 64 bytes");var t=e,r=(0,a.hash)(e),o=r.slice(r.length-4);this.signatures.push(new i.default.DecoratedSignature({hint:o,signature:t}))}},{key:"hash",value:function(){return(0,a.hash)(this.signatureBase())}},{key:"signatureBase",value:function(){throw new Error("Implement in subclass")}},{key:"toEnvelope",value:function(){throw new Error("Implement in subclass")}},{key:"toXDR",value:function(){return this.toEnvelope().toXDR().toString("base64")}}],r&&c(t.prototype,r),o&&c(t,o),Object.defineProperty(t,"prototype",{writable:!1}),e}()},624:(e,t,r)=>{"use strict";Object.defineProperty(t,"__esModule",{value:!0}),t.TransactionBuilder=t.TimeoutInfinite=t.BASE_FEE=void 0,t.isValidDate=k;var n=r(6263),o=y(r(4431)),i=y(r(4081)),a=r(3217),s=r(9022),u=r(6880),c=r(1388),l=r(1462),f=r(5096),p=r(8385),d=r(5822),h=r(4856);function y(e){return e&&e.__esModule?e:{default:e}}function m(e){return m="function"==typeof Symbol&&"symbol"==typeof Symbol.iterator?function(e){return typeof e}:function(e){return e&&"function"==typeof Symbol&&e.constructor===Symbol&&e!==Symbol.prototype?"symbol":typeof e},m(e)}function v(e){return function(e){if(Array.isArray(e))return g(e)}(e)||function(e){if("undefined"!=typeof Symbol&&null!=e[Symbol.iterator]||null!=e["@@iterator"])return Array.from(e)}(e)||function(e,t){if(!e)return;if("string"==typeof e)return g(e,t);var r=Object.prototype.toString.call(e).slice(8,-1);"Object"===r&&e.constructor&&(r=e.constructor.name);if("Map"===r||"Set"===r)return Array.from(e);if("Arguments"===r||/^(?:Ui|I)nt(?:8|16|32)(?:Clamped)?Array$/.test(r))return g(e,t)}(e)||function(){throw new TypeError("Invalid attempt to spread non-iterable instance.\nIn order to be iterable, non-array objects must have a [Symbol.iterator]() method.")}()}function g(e,t){(null==t||t>e.length)&&(t=e.length);for(var r=0,n=new Array(t);r<t;r++)n[r]=e[r];return n}function b(e,t){var r=Object.keys(e);if(Object.getOwnPropertySymbols){var n=Object.getOwnPropertySymbols(e);t&&(n=n.filter((function(t){return Object.getOwnPropertyDescriptor(e,t).enumerable}))),r.push.apply(r,n)}return r}function w(e){for(var t=1;t<arguments.length;t++){var r=null!=arguments[t]?arguments[t]:{};t%2?b(Object(r),!0).forEach((function(t){S(e,t,r[t])})):Object.getOwnPropertyDescriptors?Object.defineProperties(e,Object.getOwnPropertyDescriptors(r)):b(Object(r)).forEach((function(t){Object.defineProperty(e,t,Object.getOwnPropertyDescriptor(r,t))}))}return e}function S(e,t,r){return(t=E(t))in e?Object.defineProperty(e,t,{value:r,enumerable:!0,configurable:!0,writable:!0}):e[t]=r,e}function _(e,t){for(var r=0;r<t.length;r++){var n=t[r];n.enumerable=n.enumerable||!1,n.configurable=!0,"value"in n&&(n.writable=!0),Object.defineProperty(e,E(n.key),n)}}function E(e){var t=function(e,t){if("object"!=m(e)||!e)return e;var r=e[Symbol.toPrimitive];if(void 0!==r){var n=r.call(e,t||"default");if("object"!=m(n))return n;throw new TypeError("@@toPrimitive must return a primitive value.")}return("string"===t?String:Number)(e)}(e,"string");return"symbol"==m(t)?t:String(t)}var T=t.BASE_FEE="100";t.TimeoutInfinite=0,t.TransactionBuilder=function(){function e(t){var r=arguments.length>1&&void 0!==arguments[1]?arguments[1]:{};if(function(e,t){if(!(e instanceof t))throw new TypeError("Cannot call a class as a function")}(this,e),!t)throw new Error("must specify source account for the transaction");if(void 0===r.fee)throw new Error("must specify fee for the transaction (in stroops)");this.source=t,this.operations=[],this.baseFee=r.fee,this.timebounds=r.timebounds?w({},r.timebounds):null,this.ledgerbounds=r.ledgerbounds?w({},r.ledgerbounds):null,this.minAccountSequence=r.minAccountSequence||null,this.minAccountSequenceAge=r.minAccountSequenceAge||null,this.minAccountSequenceLedgerGap=r.minAccountSequenceLedgerGap||null,this.extraSigners=r.extraSigners?v(r.extraSigners):null,this.memo=r.memo||h.Memo.none(),this.networkPassphrase=r.networkPassphrase||null,this.sorobanData=r.sorobanData?new f.SorobanDataBuilder(r.sorobanData).build():null}var t,r,y;return t=e,y=[{key:"cloneFrom",value:function(t){var r=arguments.length>1&&void 0!==arguments[1]?arguments[1]:{};if(!(t instanceof c.Transaction))throw new TypeError("expected a 'Transaction', got: ".concat(t));var n,o=(BigInt(t.sequence)-1n).toString();if(p.StrKey.isValidMed25519PublicKey(t.source))n=s.MuxedAccount.fromAddress(t.source,o);else{if(!p.StrKey.isValidEd25519PublicKey(t.source))throw new TypeError("unsupported tx source account: ".concat(t.source));n=new a.Account(t.source,o)}var i=new e(n,w({fee:(parseInt(t.fee,10)/t.operations.length||T).toString(),memo:t.memo,networkPassphrase:t.networkPassphrase,timebounds:t.timeBounds,ledgerbounds:t.ledgerBounds,minAccountSequence:t.minAccountSequence,minAccountSequenceAge:t.minAccountSequenceAge,minAccountSequenceLedgerGap:t.minAccountSequenceLedgerGap,extraSigners:t.extraSigners},r));return t._tx.operations().forEach((function(e){return i.addOperation(e)})),i}},{key:"buildFeeBumpTransaction",value:function(e,t,r,n){var a=r.operations.length,s=new o.default(r.fee).div(a),c=new o.default(t);if(c.lt(s))throw new Error("Invalid baseFee, it should be at least ".concat(s," stroops."));var f=new o.default(T);if(c.lt(f))throw new Error("Invalid baseFee, it should be at least ".concat(f," stroops."));var p,d=r.toEnvelope();if(d.switch()===i.default.EnvelopeType.envelopeTypeTxV0()){var h=d.v0().tx(),y=new i.default.Transaction({sourceAccount:new i.default.MuxedAccount.keyTypeEd25519(h.sourceAccountEd25519()),fee:h.fee(),seqNum:h.seqNum(),cond:i.default.Preconditions.precondTime(h.timeBounds()),memo:h.memo(),operations:h.operations(),ext:new i.default.TransactionExt(0)});d=new i.default.TransactionEnvelope.envelopeTypeTx(new i.default.TransactionV1Envelope({tx:y,signatures:d.v0().signatures()}))}p="string"==typeof e?(0,u.decodeAddressToMuxedAccount)(e):e.xdrMuxedAccount();var m=new i.default.FeeBumpTransaction({feeSource:p,fee:i.default.Int64.fromString(c.times(a+1).toString()),innerTx:i.default.FeeBumpTransactionInnerTx.envelopeTypeTx(d.v1()),ext:new i.default.FeeBumpTransactionExt(0)}),v=new i.default.FeeBumpTransactionEnvelope({tx:m,signatures:[]}),g=new i.default.TransactionEnvelope.envelopeTypeTxFeeBump(v);return new l.FeeBumpTransaction(g,n)}},{key:"fromXDR",value:function(e,t){return"string"==typeof e&&(e=i.default.TransactionEnvelope.fromXDR(e,"base64")),e.switch()===i.default.EnvelopeType.envelopeTypeTxFeeBump()?new l.FeeBumpTransaction(e,t):new c.Transaction(e,t)}}],(r=[{key:"addOperation",value:function(e){return this.operations.push(e),this}},{key:"clearOperations",value:function(){return this.operations=[],this}},{key:"addMemo",value:function(e){return this.memo=e,this}},{key:"setTimeout",value:function(e){if(null!==this.timebounds&&this.timebounds.maxTime>0)throw new Error("TimeBounds.max_time has been already set - setting timeout would overwrite it.");if(e<0)throw new Error("timeout cannot be negative");if(e>0){var t=Math.floor(Date.now()/1e3)+e;null===this.timebounds?this.timebounds={minTime:0,maxTime:t}:this.timebounds={minTime:this.timebounds.minTime,maxTime:t}}else this.timebounds={minTime:0,maxTime:0};return this}},{key:"setTimebounds",value:function(e,t){if("number"==typeof e&&(e=new Date(1e3*e)),"number"==typeof t&&(t=new Date(1e3*t)),null!==this.timebounds)throw new Error("TimeBounds has been already set - setting timebounds would overwrite it.");var r=Math.floor(e.valueOf()/1e3),n=Math.floor(t.valueOf()/1e3);if(r<0)throw new Error("min_time cannot be negative");if(n<0)throw new Error("max_time cannot be negative");if(n>0&&r>n)throw new Error("min_time cannot be greater than max_time");return this.timebounds={minTime:r,maxTime:n},this}},{key:"setLedgerbounds",value:function(e,t){if(null!==this.ledgerbounds)throw new Error("LedgerBounds has been already set - setting ledgerbounds would overwrite it.");if(e<0)throw new Error("min_ledger cannot be negative");if(t<0)throw new Error("max_ledger cannot be negative");if(t>0&&e>t)throw new Error("min_ledger cannot be greater than max_ledger");return this.ledgerbounds={minLedger:e,maxLedger:t},this}},{key:"setMinAccountSequence",value:function(e){if(null!==this.minAccountSequence)throw new Error("min_account_sequence has been already set - setting min_account_sequence would overwrite it.");return this.minAccountSequence=e,this}},{key:"setMinAccountSequenceAge",value:function(e){if("number"!=typeof e)throw new Error("min_account_sequence_age must be a number");if(null!==this.minAccountSequenceAge)throw new Error("min_account_sequence_age has been already set - setting min_account_sequence_age would overwrite it.");if(e<0)throw new Error("min_account_sequence_age cannot be negative");return this.minAccountSequenceAge=e,this}},{key:"setMinAccountSequenceLedgerGap",value:function(e){if(null!==this.minAccountSequenceLedgerGap)throw new Error("min_account_sequence_ledger_gap has been already set - setting min_account_sequence_ledger_gap would overwrite it.");if(e<0)throw new Error("min_account_sequence_ledger_gap cannot be negative");return this.minAccountSequenceLedgerGap=e,this}},{key:"setExtraSigners",value:function(e){if(!Array.isArray(e))throw new Error("extra_signers must be an array of strings.");if(null!==this.extraSigners)throw new Error("extra_signers has been already set - setting extra_signers would overwrite it.");if(e.length>2)throw new Error("extra_signers cannot be longer than 2 elements.");return this.extraSigners=v(e),this}},{key:"setNetworkPassphrase",value:function(e){return this.networkPassphrase=e,this}},{key:"setSorobanData",value:function(e){return this.sorobanData=new f.SorobanDataBuilder(e).build(),this}},{key:"build",value:function(){var e=new o.default(this.source.sequenceNumber()).plus(1),t={fee:new o.default(this.baseFee).times(this.operations.length).toNumber(),seqNum:i.default.SequenceNumber.fromString(e.toString()),memo:this.memo?this.memo.toXDRObject():null};if(null===this.timebounds||void 0===this.timebounds.minTime||void 0===this.timebounds.maxTime)throw new Error("TimeBounds has to be set or you must call setTimeout(TimeoutInfinite).");k(this.timebounds.minTime)&&(this.timebounds.minTime=this.timebounds.minTime.getTime()/1e3),k(this.timebounds.maxTime)&&(this.timebounds.maxTime=this.timebounds.maxTime.getTime()/1e3),this.timebounds.minTime=n.UnsignedHyper.fromString(this.timebounds.minTime.toString()),this.timebounds.maxTime=n.UnsignedHyper.fromString(this.timebounds.maxTime.toString());var r=new i.default.TimeBounds(this.timebounds);if(this.hasV2Preconditions()){var a=null;null!==this.ledgerbounds&&(a=new i.default.LedgerBounds(this.ledgerbounds));var s=this.minAccountSequence||"0";s=i.default.SequenceNumber.fromString(s);var l=n.UnsignedHyper.fromString(null!==this.minAccountSequenceAge?this.minAccountSequenceAge.toString():"0"),f=this.minAccountSequenceLedgerGap||0,p=null!==this.extraSigners?this.extraSigners.map(d.SignerKey.decodeAddress):[];t.cond=i.default.Preconditions.precondV2(new i.default.PreconditionsV2({timeBounds:r,ledgerBounds:a,minSeqNum:s,minSeqAge:l,minSeqLedgerGap:f,extraSigners:p}))}else t.cond=i.default.Preconditions.precondTime(r);t.sourceAccount=(0,u.decodeAddressToMuxedAccount)(this.source.accountId()),this.sorobanData?t.ext=new i.default.TransactionExt(1,this.sorobanData):t.ext=new i.default.TransactionExt(0,i.default.Void);var h=new i.default.Transaction(t);h.operations(this.operations);var y=new i.default.TransactionEnvelope.envelopeTypeTx(new i.default.TransactionV1Envelope({tx:h})),m=new c.Transaction(y,this.networkPassphrase);return this.source.incrementSequenceNumber(),m}},{key:"hasV2Preconditions",value:function(){return null!==this.ledgerbounds||null!==this.minAccountSequence||null!==this.minAccountSequenceAge||null!==this.minAccountSequenceLedgerGap||null!==this.extraSigners&&this.extraSigners.length>0}}])&&_(t.prototype,r),y&&_(t,y),Object.defineProperty(t,"prototype",{writable:!1}),e}();function k(e){return e instanceof Date&&!isNaN(e)}},9449:(e,t)=>{"use strict";Object.defineProperty(t,"__esModule",{value:!0}),t.verifyChecksum=function(e,t){if(e.length!==t.length)return!1;if(0===e.length)return!0;for(var r=0;r<e.length;r+=1)if(e[r]!==t[r])return!1;return!0}},5908:(e,t,r)=>{"use strict";Object.defineProperty(t,"__esModule",{value:!0}),t.best_r=function(e){var t,r,n=new o.default(e),s=[[new o.default(0),new o.default(1)],[new o.default(1),new o.default(0)]],u=2;for(;!n.gt(a);){t=n.integerValue(o.default.ROUND_FLOOR),r=n.minus(t);var c=t.times(s[u-1][0]).plus(s[u-2][0]),l=t.times(s[u-1][1]).plus(s[u-2][1]);if(c.gt(a)||l.gt(a))break;if(s.push([c,l]),r.eq(0))break;n=new o.default(1).div(r),u+=1}var f=function(e,t){return function(e){if(Array.isArray(e))return e}(e)||function(e,t){var r=null==e?null:"undefined"!=typeof Symbol&&e[Symbol.iterator]||e["@@iterator"];if(null!=r){var n,o,i,a,s=[],u=!0,c=!1;try{if(i=(r=r.call(e)).next,0===t){if(Object(r)!==r)return;u=!1}else for(;!(u=(n=i.call(r)).done)&&(s.push(n.value),s.length!==t);u=!0);}catch(e){c=!0,o=e}finally{try{if(!u&&null!=r.return&&(a=r.return(),Object(a)!==a))return}finally{if(c)throw o}}return s}}(e,t)||function(e,t){if(!e)return;if("string"==typeof e)return i(e,t);var r=Object.prototype.toString.call(e).slice(8,-1);"Object"===r&&e.constructor&&(r=e.constructor.name);if("Map"===r||"Set"===r)return Array.from(e);if("Arguments"===r||/^(?:Ui|I)nt(?:8|16|32)(?:Clamped)?Array$/.test(r))return i(e,t)}(e,t)||function(){throw new TypeError("Invalid attempt to destructure non-iterable instance.\nIn order to be iterable, non-array objects must have a [Symbol.iterator]() method.")}()}(s[s.length-1],2),p=f[0],d=f[1];if(p.isZero()||d.isZero())throw new Error("Couldn't find approximation");return[p.toNumber(),d.toNumber()]};var n,o=(n=r(4431))&&n.__esModule?n:{default:n};function i(e,t){(null==t||t>e.length)&&(t=e.length);for(var r=0,n=new Array(t);r<t;r++)n[r]=e[r];return n}var a=2147483647},6880:(e,t,r)=>{"use strict";var n=r(8764).Buffer;Object.defineProperty(t,"__esModule",{value:!0}),t.decodeAddressToMuxedAccount=s,t.encodeMuxedAccount=function(e,t){if(!a.StrKey.isValidEd25519PublicKey(e))throw new Error("address should be a Stellar account ID (G...)");if("string"!=typeof t)throw new Error("id should be a string representing a number (uint64)");return i.default.MuxedAccount.keyTypeMuxedEd25519(new i.default.MuxedAccountMed25519({id:i.default.Uint64.fromString(t),ed25519:a.StrKey.decodeEd25519PublicKey(e)}))},t.encodeMuxedAccountToAddress=u,t.extractBaseAddress=function(e){if(a.StrKey.isValidEd25519PublicKey(e))return e;if(!a.StrKey.isValidMed25519PublicKey(e))throw new TypeError("expected muxed account (M...), got ".concat(e));var t=s(e);return a.StrKey.encodeEd25519PublicKey(t.med25519().ed25519())};var o,i=(o=r(4081))&&o.__esModule?o:{default:o},a=r(8385);function s(e){return a.StrKey.isValidMed25519PublicKey(e)?function(e){var t=a.StrKey.decodeMed25519PublicKey(e);return i.default.MuxedAccount.keyTypeMuxedEd25519(new i.default.MuxedAccountMed25519({id:i.default.Uint64.fromXDR(t.subarray(-8)),ed25519:t.subarray(0,-8)}))}(e):i.default.MuxedAccount.keyTypeEd25519(a.StrKey.decodeEd25519PublicKey(e))}function u(e){return e.switch().value===i.default.CryptoKeyType.keyTypeMuxedEd25519().value?function(e){if(e.switch()===i.default.CryptoKeyType.keyTypeEd25519())return u(e);var t=e.med25519();return a.StrKey.encodeMed25519PublicKey(n.concat([t.ed25519(),t.id().toXDR("raw")]))}(e):a.StrKey.encodeEd25519PublicKey(e.ed25519())}},6006:(e,t)=>{"use strict";Object.defineProperty(t,"__esModule",{value:!0}),t.trimEnd=void 0;t.trimEnd=function(e,t){for(var r="number"==typeof e,n=String(e);n.endsWith(t);)n=n.slice(0,-1);return r?Number(n):n}},4081:(e,t,r)=>{"use strict";Object.defineProperty(t,"__esModule",{value:!0}),t.default=void 0;var n,o=(n=r(7701))&&n.__esModule?n:{default:n};t.default=o.default},7586:(e,t,r)=>{!function(e){"use strict";var t=function(e){var t,r=new Float64Array(16);if(e)for(t=0;t<e.length;t++)r[t]=e[t];return r},n=function(){throw new Error("no PRNG")},o=new Uint8Array(16),i=new Uint8Array(32);i[0]=9;var a=t(),s=t([1]),u=t([56129,1]),c=t([30883,4953,19914,30187,55467,16705,2637,112,59544,30585,16505,36039,65139,11119,27886,20995]),l=t([61785,9906,39828,60374,45398,33411,5274,224,53552,61171,33010,6542,64743,22239,55772,9222]),f=t([54554,36645,11616,51542,42930,38181,51040,26924,56412,64982,57905,49316,21502,52590,14035,8553]),p=t([26200,26214,26214,26214,26214,26214,26214,26214,26214,26214,26214,26214,26214,26214,26214,26214]),d=t([41136,18958,6951,50414,58488,44335,6150,12099,55207,15867,153,11085,57099,20417,9344,11139]);function h(e,t,r,n){e[t]=r>>24&255,e[t+1]=r>>16&255,e[t+2]=r>>8&255,e[t+3]=255&r,e[t+4]=n>>24&255,e[t+5]=n>>16&255,e[t+6]=n>>8&255,e[t+7]=255&n}function y(e,t,r,n,o){var i,a=0;for(i=0;i<o;i++)a|=e[t+i]^r[n+i];return(1&a-1>>>8)-1}function m(e,t,r,n){return y(e,t,r,n,16)}function v(e,t,r,n){return y(e,t,r,n,32)}function g(e,t,r,n){!function(e,t,r,n){for(var o,i=255&n[0]|(255&n[1])<<8|(255&n[2])<<16|(255&n[3])<<24,a=255&r[0]|(255&r[1])<<8|(255&r[2])<<16|(255&r[3])<<24,s=255&r[4]|(255&r[5])<<8|(255&r[6])<<16|(255&r[7])<<24,u=255&r[8]|(255&r[9])<<8|(255&r[10])<<16|(255&r[11])<<24,c=255&r[12]|(255&r[13])<<8|(255&r[14])<<16|(255&r[15])<<24,l=255&n[4]|(255&n[5])<<8|(255&n[6])<<16|(255&n[7])<<24,f=255&t[0]|(255&t[1])<<8|(255&t[2])<<16|(255&t[3])<<24,p=255&t[4]|(255&t[5])<<8|(255&t[6])<<16|(255&t[7])<<24,d=255&t[8]|(255&t[9])<<8|(255&t[10])<<16|(255&t[11])<<24,h=255&t[12]|(255&t[13])<<8|(255&t[14])<<16|(255&t[15])<<24,y=255&n[8]|(255&n[9])<<8|(255&n[10])<<16|(255&n[11])<<24,m=255&r[16]|(255&r[17])<<8|(255&r[18])<<16|(255&r[19])<<24,v=255&r[20]|(255&r[21])<<8|(255&r[22])<<16|(255&r[23])<<24,g=255&r[24]|(255&r[25])<<8|(255&r[26])<<16|(255&r[27])<<24,b=255&r[28]|(255&r[29])<<8|(255&r[30])<<16|(255&r[31])<<24,w=255&n[12]|(255&n[13])<<8|(255&n[14])<<16|(255&n[15])<<24,S=i,_=a,E=s,T=u,k=c,O=l,A=f,x=p,P=d,R=h,I=y,C=m,j=v,B=g,L=b,N=w,U=0;U<20;U+=2)S^=(o=(j^=(o=(P^=(o=(k^=(o=S+j|0)<<7|o>>>25)+S|0)<<9|o>>>23)+k|0)<<13|o>>>19)+P|0)<<18|o>>>14,O^=(o=(_^=(o=(B^=(o=(R^=(o=O+_|0)<<7|o>>>25)+O|0)<<9|o>>>23)+R|0)<<13|o>>>19)+B|0)<<18|o>>>14,I^=(o=(A^=(o=(E^=(o=(L^=(o=I+A|0)<<7|o>>>25)+I|0)<<9|o>>>23)+L|0)<<13|o>>>19)+E|0)<<18|o>>>14,N^=(o=(C^=(o=(x^=(o=(T^=(o=N+C|0)<<7|o>>>25)+N|0)<<9|o>>>23)+T|0)<<13|o>>>19)+x|0)<<18|o>>>14,S^=(o=(T^=(o=(E^=(o=(_^=(o=S+T|0)<<7|o>>>25)+S|0)<<9|o>>>23)+_|0)<<13|o>>>19)+E|0)<<18|o>>>14,O^=(o=(k^=(o=(x^=(o=(A^=(o=O+k|0)<<7|o>>>25)+O|0)<<9|o>>>23)+A|0)<<13|o>>>19)+x|0)<<18|o>>>14,I^=(o=(R^=(o=(P^=(o=(C^=(o=I+R|0)<<7|o>>>25)+I|0)<<9|o>>>23)+C|0)<<13|o>>>19)+P|0)<<18|o>>>14,N^=(o=(L^=(o=(B^=(o=(j^=(o=N+L|0)<<7|o>>>25)+N|0)<<9|o>>>23)+j|0)<<13|o>>>19)+B|0)<<18|o>>>14;S=S+i|0,_=_+a|0,E=E+s|0,T=T+u|0,k=k+c|0,O=O+l|0,A=A+f|0,x=x+p|0,P=P+d|0,R=R+h|0,I=I+y|0,C=C+m|0,j=j+v|0,B=B+g|0,L=L+b|0,N=N+w|0,e[0]=S>>>0&255,e[1]=S>>>8&255,e[2]=S>>>16&255,e[3]=S>>>24&255,e[4]=_>>>0&255,e[5]=_>>>8&255,e[6]=_>>>16&255,e[7]=_>>>24&255,e[8]=E>>>0&255,e[9]=E>>>8&255,e[10]=E>>>16&255,e[11]=E>>>24&255,e[12]=T>>>0&255,e[13]=T>>>8&255,e[14]=T>>>16&255,e[15]=T>>>24&255,e[16]=k>>>0&255,e[17]=k>>>8&255,e[18]=k>>>16&255,e[19]=k>>>24&255,e[20]=O>>>0&255,e[21]=O>>>8&255,e[22]=O>>>16&255,e[23]=O>>>24&255,e[24]=A>>>0&255,e[25]=A>>>8&255,e[26]=A>>>16&255,e[27]=A>>>24&255,e[28]=x>>>0&255,e[29]=x>>>8&255,e[30]=x>>>16&255,e[31]=x>>>24&255,e[32]=P>>>0&255,e[33]=P>>>8&255,e[34]=P>>>16&255,e[35]=P>>>24&255,e[36]=R>>>0&255,e[37]=R>>>8&255,e[38]=R>>>16&255,e[39]=R>>>24&255,e[40]=I>>>0&255,e[41]=I>>>8&255,e[42]=I>>>16&255,e[43]=I>>>24&255,e[44]=C>>>0&255,e[45]=C>>>8&255,e[46]=C>>>16&255,e[47]=C>>>24&255,e[48]=j>>>0&255,e[49]=j>>>8&255,e[50]=j>>>16&255,e[51]=j>>>24&255,e[52]=B>>>0&255,e[53]=B>>>8&255,e[54]=B>>>16&255,e[55]=B>>>24&255,e[56]=L>>>0&255,e[57]=L>>>8&255,e[58]=L>>>16&255,e[59]=L>>>24&255,e[60]=N>>>0&255,e[61]=N>>>8&255,e[62]=N>>>16&255,e[63]=N>>>24&255}(e,t,r,n)}function b(e,t,r,n){!function(e,t,r,n){for(var o,i=255&n[0]|(255&n[1])<<8|(255&n[2])<<16|(255&n[3])<<24,a=255&r[0]|(255&r[1])<<8|(255&r[2])<<16|(255&r[3])<<24,s=255&r[4]|(255&r[5])<<8|(255&r[6])<<16|(255&r[7])<<24,u=255&r[8]|(255&r[9])<<8|(255&r[10])<<16|(255&r[11])<<24,c=255&r[12]|(255&r[13])<<8|(255&r[14])<<16|(255&r[15])<<24,l=255&n[4]|(255&n[5])<<8|(255&n[6])<<16|(255&n[7])<<24,f=255&t[0]|(255&t[1])<<8|(255&t[2])<<16|(255&t[3])<<24,p=255&t[4]|(255&t[5])<<8|(255&t[6])<<16|(255&t[7])<<24,d=255&t[8]|(255&t[9])<<8|(255&t[10])<<16|(255&t[11])<<24,h=255&t[12]|(255&t[13])<<8|(255&t[14])<<16|(255&t[15])<<24,y=255&n[8]|(255&n[9])<<8|(255&n[10])<<16|(255&n[11])<<24,m=255&r[16]|(255&r[17])<<8|(255&r[18])<<16|(255&r[19])<<24,v=255&r[20]|(255&r[21])<<8|(255&r[22])<<16|(255&r[23])<<24,g=255&r[24]|(255&r[25])<<8|(255&r[26])<<16|(255&r[27])<<24,b=255&r[28]|(255&r[29])<<8|(255&r[30])<<16|(255&r[31])<<24,w=255&n[12]|(255&n[13])<<8|(255&n[14])<<16|(255&n[15])<<24,S=0;S<20;S+=2)i^=(o=(v^=(o=(d^=(o=(c^=(o=i+v|0)<<7|o>>>25)+i|0)<<9|o>>>23)+c|0)<<13|o>>>19)+d|0)<<18|o>>>14,l^=(o=(a^=(o=(g^=(o=(h^=(o=l+a|0)<<7|o>>>25)+l|0)<<9|o>>>23)+h|0)<<13|o>>>19)+g|0)<<18|o>>>14,y^=(o=(f^=(o=(s^=(o=(b^=(o=y+f|0)<<7|o>>>25)+y|0)<<9|o>>>23)+b|0)<<13|o>>>19)+s|0)<<18|o>>>14,w^=(o=(m^=(o=(p^=(o=(u^=(o=w+m|0)<<7|o>>>25)+w|0)<<9|o>>>23)+u|0)<<13|o>>>19)+p|0)<<18|o>>>14,i^=(o=(u^=(o=(s^=(o=(a^=(o=i+u|0)<<7|o>>>25)+i|0)<<9|o>>>23)+a|0)<<13|o>>>19)+s|0)<<18|o>>>14,l^=(o=(c^=(o=(p^=(o=(f^=(o=l+c|0)<<7|o>>>25)+l|0)<<9|o>>>23)+f|0)<<13|o>>>19)+p|0)<<18|o>>>14,y^=(o=(h^=(o=(d^=(o=(m^=(o=y+h|0)<<7|o>>>25)+y|0)<<9|o>>>23)+m|0)<<13|o>>>19)+d|0)<<18|o>>>14,w^=(o=(b^=(o=(g^=(o=(v^=(o=w+b|0)<<7|o>>>25)+w|0)<<9|o>>>23)+v|0)<<13|o>>>19)+g|0)<<18|o>>>14;e[0]=i>>>0&255,e[1]=i>>>8&255,e[2]=i>>>16&255,e[3]=i>>>24&255,e[4]=l>>>0&255,e[5]=l>>>8&255,e[6]=l>>>16&255,e[7]=l>>>24&255,e[8]=y>>>0&255,e[9]=y>>>8&255,e[10]=y>>>16&255,e[11]=y>>>24&255,e[12]=w>>>0&255,e[13]=w>>>8&255,e[14]=w>>>16&255,e[15]=w>>>24&255,e[16]=f>>>0&255,e[17]=f>>>8&255,e[18]=f>>>16&255,e[19]=f>>>24&255,e[20]=p>>>0&255,e[21]=p>>>8&255,e[22]=p>>>16&255,e[23]=p>>>24&255,e[24]=d>>>0&255,e[25]=d>>>8&255,e[26]=d>>>16&255,e[27]=d>>>24&255,e[28]=h>>>0&255,e[29]=h>>>8&255,e[30]=h>>>16&255,e[31]=h>>>24&255}(e,t,r,n)}var w=new Uint8Array([101,120,112,97,110,100,32,51,50,45,98,121,116,101,32,107]);function S(e,t,r,n,o,i,a){var s,u,c=new Uint8Array(16),l=new Uint8Array(64);for(u=0;u<16;u++)c[u]=0;for(u=0;u<8;u++)c[u]=i[u];for(;o>=64;){for(g(l,c,a,w),u=0;u<64;u++)e[t+u]=r[n+u]^l[u];for(s=1,u=8;u<16;u++)s=s+(255&c[u])|0,c[u]=255&s,s>>>=8;o-=64,t+=64,n+=64}if(o>0)for(g(l,c,a,w),u=0;u<o;u++)e[t+u]=r[n+u]^l[u];return 0}function _(e,t,r,n,o){var i,a,s=new Uint8Array(16),u=new Uint8Array(64);for(a=0;a<16;a++)s[a]=0;for(a=0;a<8;a++)s[a]=n[a];for(;r>=64;){for(g(u,s,o,w),a=0;a<64;a++)e[t+a]=u[a];for(i=1,a=8;a<16;a++)i=i+(255&s[a])|0,s[a]=255&i,i>>>=8;r-=64,t+=64}if(r>0)for(g(u,s,o,w),a=0;a<r;a++)e[t+a]=u[a];return 0}function E(e,t,r,n,o){var i=new Uint8Array(32);b(i,n,o,w);for(var a=new Uint8Array(8),s=0;s<8;s++)a[s]=n[s+16];return _(e,t,r,a,i)}function T(e,t,r,n,o,i,a){var s=new Uint8Array(32);b(s,i,a,w);for(var u=new Uint8Array(8),c=0;c<8;c++)u[c]=i[c+16];return S(e,t,r,n,o,u,s)}var k=function(e){var t,r,n,o,i,a,s,u;this.buffer=new Uint8Array(16),this.r=new Uint16Array(10),this.h=new Uint16Array(10),this.pad=new Uint16Array(8),this.leftover=0,this.fin=0,t=255&e[0]|(255&e[1])<<8,this.r[0]=8191&t,r=255&e[2]|(255&e[3])<<8,this.r[1]=8191&(t>>>13|r<<3),n=255&e[4]|(255&e[5])<<8,this.r[2]=7939&(r>>>10|n<<6),o=255&e[6]|(255&e[7])<<8,this.r[3]=8191&(n>>>7|o<<9),i=255&e[8]|(255&e[9])<<8,this.r[4]=255&(o>>>4|i<<12),this.r[5]=i>>>1&8190,a=255&e[10]|(255&e[11])<<8,this.r[6]=8191&(i>>>14|a<<2),s=255&e[12]|(255&e[13])<<8,this.r[7]=8065&(a>>>11|s<<5),u=255&e[14]|(255&e[15])<<8,this.r[8]=8191&(s>>>8|u<<8),this.r[9]=u>>>5&127,this.pad[0]=255&e[16]|(255&e[17])<<8,this.pad[1]=255&e[18]|(255&e[19])<<8,this.pad[2]=255&e[20]|(255&e[21])<<8,this.pad[3]=255&e[22]|(255&e[23])<<8,this.pad[4]=255&e[24]|(255&e[25])<<8,this.pad[5]=255&e[26]|(255&e[27])<<8,this.pad[6]=255&e[28]|(255&e[29])<<8,this.pad[7]=255&e[30]|(255&e[31])<<8};function O(e,t,r,n,o,i){var a=new k(i);return a.update(r,n,o),a.finish(e,t),0}function A(e,t,r,n,o,i){var a=new Uint8Array(16);return O(a,0,r,n,o,i),m(e,t,a,0)}function x(e,t,r,n,o){var i;if(r<32)return-1;for(T(e,0,t,0,r,n,o),O(e,16,e,32,r-32,e),i=0;i<16;i++)e[i]=0;return 0}function P(e,t,r,n,o){var i,a=new Uint8Array(32);if(r<32)return-1;if(E(a,0,32,n,o),0!==A(t,16,t,32,r-32,a))return-1;for(T(e,0,t,0,r,n,o),i=0;i<32;i++)e[i]=0;return 0}function R(e,t){var r;for(r=0;r<16;r++)e[r]=0|t[r]}function I(e){var t,r,n=1;for(t=0;t<16;t++)r=e[t]+n+65535,n=Math.floor(r/65536),e[t]=r-65536*n;e[0]+=n-1+37*(n-1)}function C(e,t,r){for(var n,o=~(r-1),i=0;i<16;i++)n=o&(e[i]^t[i]),e[i]^=n,t[i]^=n}function j(e,r){var n,o,i,a=t(),s=t();for(n=0;n<16;n++)s[n]=r[n];for(I(s),I(s),I(s),o=0;o<2;o++){for(a[0]=s[0]-65517,n=1;n<15;n++)a[n]=s[n]-65535-(a[n-1]>>16&1),a[n-1]&=65535;a[15]=s[15]-32767-(a[14]>>16&1),i=a[15]>>16&1,a[14]&=65535,C(s,a,1-i)}for(n=0;n<16;n++)e[2*n]=255&s[n],e[2*n+1]=s[n]>>8}function B(e,t){var r=new Uint8Array(32),n=new Uint8Array(32);return j(r,e),j(n,t),v(r,0,n,0)}function L(e){var t=new Uint8Array(32);return j(t,e),1&t[0]}function N(e,t){var r;for(r=0;r<16;r++)e[r]=t[2*r]+(t[2*r+1]<<8);e[15]&=32767}function U(e,t,r){for(var n=0;n<16;n++)e[n]=t[n]+r[n]}function M(e,t,r){for(var n=0;n<16;n++)e[n]=t[n]-r[n]}function F(e,t,r){var n,o,i=0,a=0,s=0,u=0,c=0,l=0,f=0,p=0,d=0,h=0,y=0,m=0,v=0,g=0,b=0,w=0,S=0,_=0,E=0,T=0,k=0,O=0,A=0,x=0,P=0,R=0,I=0,C=0,j=0,B=0,L=0,N=r[0],U=r[1],M=r[2],F=r[3],D=r[4],V=r[5],q=r[6],K=r[7],H=r[8],z=r[9],X=r[10],$=r[11],W=r[12],G=r[13],Q=r[14],Y=r[15];i+=(n=t[0])*N,a+=n*U,s+=n*M,u+=n*F,c+=n*D,l+=n*V,f+=n*q,p+=n*K,d+=n*H,h+=n*z,y+=n*X,m+=n*$,v+=n*W,g+=n*G,b+=n*Q,w+=n*Y,a+=(n=t[1])*N,s+=n*U,u+=n*M,c+=n*F,l+=n*D,f+=n*V,p+=n*q,d+=n*K,h+=n*H,y+=n*z,m+=n*X,v+=n*$,g+=n*W,b+=n*G,w+=n*Q,S+=n*Y,s+=(n=t[2])*N,u+=n*U,c+=n*M,l+=n*F,f+=n*D,p+=n*V,d+=n*q,h+=n*K,y+=n*H,m+=n*z,v+=n*X,g+=n*$,b+=n*W,w+=n*G,S+=n*Q,_+=n*Y,u+=(n=t[3])*N,c+=n*U,l+=n*M,f+=n*F,p+=n*D,d+=n*V,h+=n*q,y+=n*K,m+=n*H,v+=n*z,g+=n*X,b+=n*$,w+=n*W,S+=n*G,_+=n*Q,E+=n*Y,c+=(n=t[4])*N,l+=n*U,f+=n*M,p+=n*F,d+=n*D,h+=n*V,y+=n*q,m+=n*K,v+=n*H,g+=n*z,b+=n*X,w+=n*$,S+=n*W,_+=n*G,E+=n*Q,T+=n*Y,l+=(n=t[5])*N,f+=n*U,p+=n*M,d+=n*F,h+=n*D,y+=n*V,m+=n*q,v+=n*K,g+=n*H,b+=n*z,w+=n*X,S+=n*$,_+=n*W,E+=n*G,T+=n*Q,k+=n*Y,f+=(n=t[6])*N,p+=n*U,d+=n*M,h+=n*F,y+=n*D,m+=n*V,v+=n*q,g+=n*K,b+=n*H,w+=n*z,S+=n*X,_+=n*$,E+=n*W,T+=n*G,k+=n*Q,O+=n*Y,p+=(n=t[7])*N,d+=n*U,h+=n*M,y+=n*F,m+=n*D,v+=n*V,g+=n*q,b+=n*K,w+=n*H,S+=n*z,_+=n*X,E+=n*$,T+=n*W,k+=n*G,O+=n*Q,A+=n*Y,d+=(n=t[8])*N,h+=n*U,y+=n*M,m+=n*F,v+=n*D,g+=n*V,b+=n*q,w+=n*K,S+=n*H,_+=n*z,E+=n*X,T+=n*$,k+=n*W,O+=n*G,A+=n*Q,x+=n*Y,h+=(n=t[9])*N,y+=n*U,m+=n*M,v+=n*F,g+=n*D,b+=n*V,w+=n*q,S+=n*K,_+=n*H,E+=n*z,T+=n*X,k+=n*$,O+=n*W,A+=n*G,x+=n*Q,P+=n*Y,y+=(n=t[10])*N,m+=n*U,v+=n*M,g+=n*F,b+=n*D,w+=n*V,S+=n*q,_+=n*K,E+=n*H,T+=n*z,k+=n*X,O+=n*$,A+=n*W,x+=n*G,P+=n*Q,R+=n*Y,m+=(n=t[11])*N,v+=n*U,g+=n*M,b+=n*F,w+=n*D,S+=n*V,_+=n*q,E+=n*K,T+=n*H,k+=n*z,O+=n*X,A+=n*$,x+=n*W,P+=n*G,R+=n*Q,I+=n*Y,v+=(n=t[12])*N,g+=n*U,b+=n*M,w+=n*F,S+=n*D,_+=n*V,E+=n*q,T+=n*K,k+=n*H,O+=n*z,A+=n*X,x+=n*$,P+=n*W,R+=n*G,I+=n*Q,C+=n*Y,g+=(n=t[13])*N,b+=n*U,w+=n*M,S+=n*F,_+=n*D,E+=n*V,T+=n*q,k+=n*K,O+=n*H,A+=n*z,x+=n*X,P+=n*$,R+=n*W,I+=n*G,C+=n*Q,j+=n*Y,b+=(n=t[14])*N,w+=n*U,S+=n*M,_+=n*F,E+=n*D,T+=n*V,k+=n*q,O+=n*K,A+=n*H,x+=n*z,P+=n*X,R+=n*$,I+=n*W,C+=n*G,j+=n*Q,B+=n*Y,w+=(n=t[15])*N,a+=38*(_+=n*M),s+=38*(E+=n*F),u+=38*(T+=n*D),c+=38*(k+=n*V),l+=38*(O+=n*q),f+=38*(A+=n*K),p+=38*(x+=n*H),d+=38*(P+=n*z),h+=38*(R+=n*X),y+=38*(I+=n*$),m+=38*(C+=n*W),v+=38*(j+=n*G),g+=38*(B+=n*Q),b+=38*(L+=n*Y),i=(n=(i+=38*(S+=n*U))+(o=1)+65535)-65536*(o=Math.floor(n/65536)),a=(n=a+o+65535)-65536*(o=Math.floor(n/65536)),s=(n=s+o+65535)-65536*(o=Math.floor(n/65536)),u=(n=u+o+65535)-65536*(o=Math.floor(n/65536)),c=(n=c+o+65535)-65536*(o=Math.floor(n/65536)),l=(n=l+o+65535)-65536*(o=Math.floor(n/65536)),f=(n=f+o+65535)-65536*(o=Math.floor(n/65536)),p=(n=p+o+65535)-65536*(o=Math.floor(n/65536)),d=(n=d+o+65535)-65536*(o=Math.floor(n/65536)),h=(n=h+o+65535)-65536*(o=Math.floor(n/65536)),y=(n=y+o+65535)-65536*(o=Math.floor(n/65536)),m=(n=m+o+65535)-65536*(o=Math.floor(n/65536)),v=(n=v+o+65535)-65536*(o=Math.floor(n/65536)),g=(n=g+o+65535)-65536*(o=Math.floor(n/65536)),b=(n=b+o+65535)-65536*(o=Math.floor(n/65536)),w=(n=w+o+65535)-65536*(o=Math.floor(n/65536)),i=(n=(i+=o-1+37*(o-1))+(o=1)+65535)-65536*(o=Math.floor(n/65536)),a=(n=a+o+65535)-65536*(o=Math.floor(n/65536)),s=(n=s+o+65535)-65536*(o=Math.floor(n/65536)),u=(n=u+o+65535)-65536*(o=Math.floor(n/65536)),c=(n=c+o+65535)-65536*(o=Math.floor(n/65536)),l=(n=l+o+65535)-65536*(o=Math.floor(n/65536)),f=(n=f+o+65535)-65536*(o=Math.floor(n/65536)),p=(n=p+o+65535)-65536*(o=Math.floor(n/65536)),d=(n=d+o+65535)-65536*(o=Math.floor(n/65536)),h=(n=h+o+65535)-65536*(o=Math.floor(n/65536)),y=(n=y+o+65535)-65536*(o=Math.floor(n/65536)),m=(n=m+o+65535)-65536*(o=Math.floor(n/65536)),v=(n=v+o+65535)-65536*(o=Math.floor(n/65536)),g=(n=g+o+65535)-65536*(o=Math.floor(n/65536)),b=(n=b+o+65535)-65536*(o=Math.floor(n/65536)),w=(n=w+o+65535)-65536*(o=Math.floor(n/65536)),i+=o-1+37*(o-1),e[0]=i,e[1]=a,e[2]=s,e[3]=u,e[4]=c,e[5]=l,e[6]=f,e[7]=p,e[8]=d,e[9]=h,e[10]=y,e[11]=m,e[12]=v,e[13]=g,e[14]=b,e[15]=w}function D(e,t){F(e,t,t)}function V(e,r){var n,o=t();for(n=0;n<16;n++)o[n]=r[n];for(n=253;n>=0;n--)D(o,o),2!==n&&4!==n&&F(o,o,r);for(n=0;n<16;n++)e[n]=o[n]}function q(e,r){var n,o=t();for(n=0;n<16;n++)o[n]=r[n];for(n=250;n>=0;n--)D(o,o),1!==n&&F(o,o,r);for(n=0;n<16;n++)e[n]=o[n]}function K(e,r,n){var o,i,a=new Uint8Array(32),s=new Float64Array(80),c=t(),l=t(),f=t(),p=t(),d=t(),h=t();for(i=0;i<31;i++)a[i]=r[i];for(a[31]=127&r[31]|64,a[0]&=248,N(s,n),i=0;i<16;i++)l[i]=s[i],p[i]=c[i]=f[i]=0;for(c[0]=p[0]=1,i=254;i>=0;--i)C(c,l,o=a[i>>>3]>>>(7&i)&1),C(f,p,o),U(d,c,f),M(c,c,f),U(f,l,p),M(l,l,p),D(p,d),D(h,c),F(c,f,c),F(f,l,d),U(d,c,f),M(c,c,f),D(l,c),M(f,p,h),F(c,f,u),U(c,c,p),F(f,f,c),F(c,p,h),F(p,l,s),D(l,d),C(c,l,o),C(f,p,o);for(i=0;i<16;i++)s[i+16]=c[i],s[i+32]=f[i],s[i+48]=l[i],s[i+64]=p[i];var y=s.subarray(32),m=s.subarray(16);return V(y,y),F(m,m,y),j(e,m),0}function H(e,t){return K(e,t,i)}function z(e,t){return n(t,32),H(e,t)}function X(e,t,r){var n=new Uint8Array(32);return K(n,r,t),b(e,o,n,w)}k.prototype.blocks=function(e,t,r){for(var n,o,i,a,s,u,c,l,f,p,d,h,y,m,v,g,b,w,S,_=this.fin?0:2048,E=this.h[0],T=this.h[1],k=this.h[2],O=this.h[3],A=this.h[4],x=this.h[5],P=this.h[6],R=this.h[7],I=this.h[8],C=this.h[9],j=this.r[0],B=this.r[1],L=this.r[2],N=this.r[3],U=this.r[4],M=this.r[5],F=this.r[6],D=this.r[7],V=this.r[8],q=this.r[9];r>=16;)p=f=0,p+=(E+=8191&(n=255&e[t+0]|(255&e[t+1])<<8))*j,p+=(T+=8191&(n>>>13|(o=255&e[t+2]|(255&e[t+3])<<8)<<3))*(5*q),p+=(k+=8191&(o>>>10|(i=255&e[t+4]|(255&e[t+5])<<8)<<6))*(5*V),p+=(O+=8191&(i>>>7|(a=255&e[t+6]|(255&e[t+7])<<8)<<9))*(5*D),f=(p+=(A+=8191&(a>>>4|(s=255&e[t+8]|(255&e[t+9])<<8)<<12))*(5*F))>>>13,p&=8191,p+=(x+=s>>>1&8191)*(5*M),p+=(P+=8191&(s>>>14|(u=255&e[t+10]|(255&e[t+11])<<8)<<2))*(5*U),p+=(R+=8191&(u>>>11|(c=255&e[t+12]|(255&e[t+13])<<8)<<5))*(5*N),p+=(I+=8191&(c>>>8|(l=255&e[t+14]|(255&e[t+15])<<8)<<8))*(5*L),d=f+=(p+=(C+=l>>>5|_)*(5*B))>>>13,d+=E*B,d+=T*j,d+=k*(5*q),d+=O*(5*V),f=(d+=A*(5*D))>>>13,d&=8191,d+=x*(5*F),d+=P*(5*M),d+=R*(5*U),d+=I*(5*N),f+=(d+=C*(5*L))>>>13,d&=8191,h=f,h+=E*L,h+=T*B,h+=k*j,h+=O*(5*q),f=(h+=A*(5*V))>>>13,h&=8191,h+=x*(5*D),h+=P*(5*F),h+=R*(5*M),h+=I*(5*U),y=f+=(h+=C*(5*N))>>>13,y+=E*N,y+=T*L,y+=k*B,y+=O*j,f=(y+=A*(5*q))>>>13,y&=8191,y+=x*(5*V),y+=P*(5*D),y+=R*(5*F),y+=I*(5*M),m=f+=(y+=C*(5*U))>>>13,m+=E*U,m+=T*N,m+=k*L,m+=O*B,f=(m+=A*j)>>>13,m&=8191,m+=x*(5*q),m+=P*(5*V),m+=R*(5*D),m+=I*(5*F),v=f+=(m+=C*(5*M))>>>13,v+=E*M,v+=T*U,v+=k*N,v+=O*L,f=(v+=A*B)>>>13,v&=8191,v+=x*j,v+=P*(5*q),v+=R*(5*V),v+=I*(5*D),g=f+=(v+=C*(5*F))>>>13,g+=E*F,g+=T*M,g+=k*U,g+=O*N,f=(g+=A*L)>>>13,g&=8191,g+=x*B,g+=P*j,g+=R*(5*q),g+=I*(5*V),b=f+=(g+=C*(5*D))>>>13,b+=E*D,b+=T*F,b+=k*M,b+=O*U,f=(b+=A*N)>>>13,b&=8191,b+=x*L,b+=P*B,b+=R*j,b+=I*(5*q),w=f+=(b+=C*(5*V))>>>13,w+=E*V,w+=T*D,w+=k*F,w+=O*M,f=(w+=A*U)>>>13,w&=8191,w+=x*N,w+=P*L,w+=R*B,w+=I*j,S=f+=(w+=C*(5*q))>>>13,S+=E*q,S+=T*V,S+=k*D,S+=O*F,f=(S+=A*M)>>>13,S&=8191,S+=x*U,S+=P*N,S+=R*L,S+=I*B,E=p=8191&(f=(f=((f+=(S+=C*j)>>>13)<<2)+f|0)+(p&=8191)|0),T=d+=f>>>=13,k=h&=8191,O=y&=8191,A=m&=8191,x=v&=8191,P=g&=8191,R=b&=8191,I=w&=8191,C=S&=8191,t+=16,r-=16;this.h[0]=E,this.h[1]=T,this.h[2]=k,this.h[3]=O,this.h[4]=A,this.h[5]=x,this.h[6]=P,this.h[7]=R,this.h[8]=I,this.h[9]=C},k.prototype.finish=function(e,t){var r,n,o,i,a=new Uint16Array(10);if(this.leftover){for(i=this.leftover,this.buffer[i++]=1;i<16;i++)this.buffer[i]=0;this.fin=1,this.blocks(this.buffer,0,16)}for(r=this.h[1]>>>13,this.h[1]&=8191,i=2;i<10;i++)this.h[i]+=r,r=this.h[i]>>>13,this.h[i]&=8191;for(this.h[0]+=5*r,r=this.h[0]>>>13,this.h[0]&=8191,this.h[1]+=r,r=this.h[1]>>>13,this.h[1]&=8191,this.h[2]+=r,a[0]=this.h[0]+5,r=a[0]>>>13,a[0]&=8191,i=1;i<10;i++)a[i]=this.h[i]+r,r=a[i]>>>13,a[i]&=8191;for(a[9]-=8192,n=(1^r)-1,i=0;i<10;i++)a[i]&=n;for(n=~n,i=0;i<10;i++)this.h[i]=this.h[i]&n|a[i];for(this.h[0]=65535&(this.h[0]|this.h[1]<<13),this.h[1]=65535&(this.h[1]>>>3|this.h[2]<<10),this.h[2]=65535&(this.h[2]>>>6|this.h[3]<<7),this.h[3]=65535&(this.h[3]>>>9|this.h[4]<<4),this.h[4]=65535&(this.h[4]>>>12|this.h[5]<<1|this.h[6]<<14),this.h[5]=65535&(this.h[6]>>>2|this.h[7]<<11),this.h[6]=65535&(this.h[7]>>>5|this.h[8]<<8),this.h[7]=65535&(this.h[8]>>>8|this.h[9]<<5),o=this.h[0]+this.pad[0],this.h[0]=65535&o,i=1;i<8;i++)o=(this.h[i]+this.pad[i]|0)+(o>>>16)|0,this.h[i]=65535&o;e[t+0]=this.h[0]>>>0&255,e[t+1]=this.h[0]>>>8&255,e[t+2]=this.h[1]>>>0&255,e[t+3]=this.h[1]>>>8&255,e[t+4]=this.h[2]>>>0&255,e[t+5]=this.h[2]>>>8&255,e[t+6]=this.h[3]>>>0&255,e[t+7]=this.h[3]>>>8&255,e[t+8]=this.h[4]>>>0&255,e[t+9]=this.h[4]>>>8&255,e[t+10]=this.h[5]>>>0&255,e[t+11]=this.h[5]>>>8&255,e[t+12]=this.h[6]>>>0&255,e[t+13]=this.h[6]>>>8&255,e[t+14]=this.h[7]>>>0&255,e[t+15]=this.h[7]>>>8&255},k.prototype.update=function(e,t,r){var n,o;if(this.leftover){for((o=16-this.leftover)>r&&(o=r),n=0;n<o;n++)this.buffer[this.leftover+n]=e[t+n];if(r-=o,t+=o,this.leftover+=o,this.leftover<16)return;this.blocks(this.buffer,0,16),this.leftover=0}if(r>=16&&(o=r-r%16,this.blocks(e,t,o),t+=o,r-=o),r){for(n=0;n<r;n++)this.buffer[this.leftover+n]=e[t+n];this.leftover+=r}};var $=x,W=P;var G=[1116352408,3609767458,1899447441,602891725,3049323471,3964484399,3921009573,2173295548,961987163,4081628472,1508970993,3053834265,2453635748,2937671579,2870763221,3664609560,3624381080,2734883394,310598401,1164996542,607225278,1323610764,1426881987,3590304994,1925078388,4068182383,2162078206,991336113,2614888103,633803317,3248222580,3479774868,3835390401,2666613458,4022224774,944711139,264347078,2341262773,604807628,2007800933,770255983,1495990901,1249150122,1856431235,1555081692,3175218132,1996064986,2198950837,2554220882,3999719339,2821834349,766784016,2952996808,2566594879,3210313671,3203337956,3336571891,1034457026,3584528711,2466948901,113926993,3758326383,338241895,168717936,666307205,1188179964,773529912,1546045734,1294757372,1522805485,1396182291,2643833823,1695183700,2343527390,1986661051,1014477480,2177026350,1206759142,2456956037,344077627,2730485921,1290863460,2820302411,3158454273,3259730800,3505952657,3345764771,106217008,3516065817,3606008344,3600352804,1432725776,4094571909,1467031594,275423344,851169720,430227734,3100823752,506948616,1363258195,659060556,3750685593,883997877,3785050280,958139571,3318307427,1322822218,3812723403,1537002063,2003034995,1747873779,3602036899,1955562222,1575990012,2024104815,1125592928,2227730452,2716904306,2361852424,442776044,2428436474,593698344,2756734187,3733110249,3204031479,2999351573,3329325298,3815920427,3391569614,3928383900,3515267271,566280711,3940187606,3454069534,4118630271,4000239992,116418474,1914138554,174292421,2731055270,289380356,3203993006,460393269,320620315,685471733,587496836,852142971,1086792851,1017036298,365543100,1126000580,2618297676,1288033470,3409855158,1501505948,4234509866,1607167915,987167468,1816402316,1246189591];function Q(e,t,r,n){for(var o,i,a,s,u,c,l,f,p,d,h,y,m,v,g,b,w,S,_,E,T,k,O,A,x,P,R=new Int32Array(16),I=new Int32Array(16),C=e[0],j=e[1],B=e[2],L=e[3],N=e[4],U=e[5],M=e[6],F=e[7],D=t[0],V=t[1],q=t[2],K=t[3],H=t[4],z=t[5],X=t[6],$=t[7],W=0;n>=128;){for(_=0;_<16;_++)E=8*_+W,R[_]=r[E+0]<<24|r[E+1]<<16|r[E+2]<<8|r[E+3],I[_]=r[E+4]<<24|r[E+5]<<16|r[E+6]<<8|r[E+7];for(_=0;_<80;_++)if(o=C,i=j,a=B,s=L,u=N,c=U,l=M,F,p=D,d=V,h=q,y=K,m=H,v=z,g=X,$,O=65535&(k=$),A=k>>>16,x=65535&(T=F),P=T>>>16,O+=65535&(k=(H>>>14|N<<18)^(H>>>18|N<<14)^(N>>>9|H<<23)),A+=k>>>16,x+=65535&(T=(N>>>14|H<<18)^(N>>>18|H<<14)^(H>>>9|N<<23)),P+=T>>>16,O+=65535&(k=H&z^~H&X),A+=k>>>16,x+=65535&(T=N&U^~N&M),P+=T>>>16,T=G[2*_],O+=65535&(k=G[2*_+1]),A+=k>>>16,x+=65535&T,P+=T>>>16,T=R[_%16],A+=(k=I[_%16])>>>16,x+=65535&T,P+=T>>>16,x+=(A+=(O+=65535&k)>>>16)>>>16,O=65535&(k=S=65535&O|A<<16),A=k>>>16,x=65535&(T=w=65535&x|(P+=x>>>16)<<16),P=T>>>16,O+=65535&(k=(D>>>28|C<<4)^(C>>>2|D<<30)^(C>>>7|D<<25)),A+=k>>>16,x+=65535&(T=(C>>>28|D<<4)^(D>>>2|C<<30)^(D>>>7|C<<25)),P+=T>>>16,A+=(k=D&V^D&q^V&q)>>>16,x+=65535&(T=C&j^C&B^j&B),P+=T>>>16,f=65535&(x+=(A+=(O+=65535&k)>>>16)>>>16)|(P+=x>>>16)<<16,b=65535&O|A<<16,O=65535&(k=y),A=k>>>16,x=65535&(T=s),P=T>>>16,A+=(k=S)>>>16,x+=65535&(T=w),P+=T>>>16,j=o,B=i,L=a,N=s=65535&(x+=(A+=(O+=65535&k)>>>16)>>>16)|(P+=x>>>16)<<16,U=u,M=c,F=l,C=f,V=p,q=d,K=h,H=y=65535&O|A<<16,z=m,X=v,$=g,D=b,_%16==15)for(E=0;E<16;E++)T=R[E],O=65535&(k=I[E]),A=k>>>16,x=65535&T,P=T>>>16,T=R[(E+9)%16],O+=65535&(k=I[(E+9)%16]),A+=k>>>16,x+=65535&T,P+=T>>>16,w=R[(E+1)%16],O+=65535&(k=((S=I[(E+1)%16])>>>1|w<<31)^(S>>>8|w<<24)^(S>>>7|w<<25)),A+=k>>>16,x+=65535&(T=(w>>>1|S<<31)^(w>>>8|S<<24)^w>>>7),P+=T>>>16,w=R[(E+14)%16],A+=(k=((S=I[(E+14)%16])>>>19|w<<13)^(w>>>29|S<<3)^(S>>>6|w<<26))>>>16,x+=65535&(T=(w>>>19|S<<13)^(S>>>29|w<<3)^w>>>6),P+=T>>>16,P+=(x+=(A+=(O+=65535&k)>>>16)>>>16)>>>16,R[E]=65535&x|P<<16,I[E]=65535&O|A<<16;O=65535&(k=D),A=k>>>16,x=65535&(T=C),P=T>>>16,T=e[0],A+=(k=t[0])>>>16,x+=65535&T,P+=T>>>16,P+=(x+=(A+=(O+=65535&k)>>>16)>>>16)>>>16,e[0]=C=65535&x|P<<16,t[0]=D=65535&O|A<<16,O=65535&(k=V),A=k>>>16,x=65535&(T=j),P=T>>>16,T=e[1],A+=(k=t[1])>>>16,x+=65535&T,P+=T>>>16,P+=(x+=(A+=(O+=65535&k)>>>16)>>>16)>>>16,e[1]=j=65535&x|P<<16,t[1]=V=65535&O|A<<16,O=65535&(k=q),A=k>>>16,x=65535&(T=B),P=T>>>16,T=e[2],A+=(k=t[2])>>>16,x+=65535&T,P+=T>>>16,P+=(x+=(A+=(O+=65535&k)>>>16)>>>16)>>>16,e[2]=B=65535&x|P<<16,t[2]=q=65535&O|A<<16,O=65535&(k=K),A=k>>>16,x=65535&(T=L),P=T>>>16,T=e[3],A+=(k=t[3])>>>16,x+=65535&T,P+=T>>>16,P+=(x+=(A+=(O+=65535&k)>>>16)>>>16)>>>16,e[3]=L=65535&x|P<<16,t[3]=K=65535&O|A<<16,O=65535&(k=H),A=k>>>16,x=65535&(T=N),P=T>>>16,T=e[4],A+=(k=t[4])>>>16,x+=65535&T,P+=T>>>16,P+=(x+=(A+=(O+=65535&k)>>>16)>>>16)>>>16,e[4]=N=65535&x|P<<16,t[4]=H=65535&O|A<<16,O=65535&(k=z),A=k>>>16,x=65535&(T=U),P=T>>>16,T=e[5],A+=(k=t[5])>>>16,x+=65535&T,P+=T>>>16,P+=(x+=(A+=(O+=65535&k)>>>16)>>>16)>>>16,e[5]=U=65535&x|P<<16,t[5]=z=65535&O|A<<16,O=65535&(k=X),A=k>>>16,x=65535&(T=M),P=T>>>16,T=e[6],A+=(k=t[6])>>>16,x+=65535&T,P+=T>>>16,P+=(x+=(A+=(O+=65535&k)>>>16)>>>16)>>>16,e[6]=M=65535&x|P<<16,t[6]=X=65535&O|A<<16,O=65535&(k=$),A=k>>>16,x=65535&(T=F),P=T>>>16,T=e[7],A+=(k=t[7])>>>16,x+=65535&T,P+=T>>>16,P+=(x+=(A+=(O+=65535&k)>>>16)>>>16)>>>16,e[7]=F=65535&x|P<<16,t[7]=$=65535&O|A<<16,W+=128,n-=128}return n}function Y(e,t,r){var n,o=new Int32Array(8),i=new Int32Array(8),a=new Uint8Array(256),s=r;for(o[0]=1779033703,o[1]=3144134277,o[2]=1013904242,o[3]=2773480762,o[4]=1359893119,o[5]=2600822924,o[6]=528734635,o[7]=1541459225,i[0]=4089235720,i[1]=2227873595,i[2]=4271175723,i[3]=1595750129,i[4]=2917565137,i[5]=725511199,i[6]=4215389547,i[7]=327033209,Q(o,i,t,r),r%=128,n=0;n<r;n++)a[n]=t[s-r+n];for(a[r]=128,a[(r=256-128*(r<112?1:0))-9]=0,h(a,r-8,s/536870912|0,s<<3),Q(o,i,a,r),n=0;n<8;n++)h(e,8*n,o[n],i[n]);return 0}function J(e,r){var n=t(),o=t(),i=t(),a=t(),s=t(),u=t(),c=t(),f=t(),p=t();M(n,e[1],e[0]),M(p,r[1],r[0]),F(n,n,p),U(o,e[0],e[1]),U(p,r[0],r[1]),F(o,o,p),F(i,e[3],r[3]),F(i,i,l),F(a,e[2],r[2]),U(a,a,a),M(s,o,n),M(u,a,i),U(c,a,i),U(f,o,n),F(e[0],s,u),F(e[1],f,c),F(e[2],c,u),F(e[3],s,f)}function Z(e,t,r){var n;for(n=0;n<4;n++)C(e[n],t[n],r)}function ee(e,r){var n=t(),o=t(),i=t();V(i,r[2]),F(n,r[0],i),F(o,r[1],i),j(e,o),e[31]^=L(n)<<7}function te(e,t,r){var n,o;for(R(e[0],a),R(e[1],s),R(e[2],s),R(e[3],a),o=255;o>=0;--o)Z(e,t,n=r[o/8|0]>>(7&o)&1),J(t,e),J(e,e),Z(e,t,n)}function re(e,r){var n=[t(),t(),t(),t()];R(n[0],f),R(n[1],p),R(n[2],s),F(n[3],f,p),te(e,n,r)}function ne(e,r,o){var i,a=new Uint8Array(64),s=[t(),t(),t(),t()];for(o||n(r,32),Y(a,r,32),a[0]&=248,a[31]&=127,a[31]|=64,re(s,a),ee(e,s),i=0;i<32;i++)r[i+32]=e[i];return 0}var oe=new Float64Array([237,211,245,92,26,99,18,88,214,156,247,162,222,249,222,20,0,0,0,0,0,0,0,0,0,0,0,0,0,0,0,16]);function ie(e,t){var r,n,o,i;for(n=63;n>=32;--n){for(r=0,o=n-32,i=n-12;o<i;++o)t[o]+=r-16*t[n]*oe[o-(n-32)],r=Math.floor((t[o]+128)/256),t[o]-=256*r;t[o]+=r,t[n]=0}for(r=0,o=0;o<32;o++)t[o]+=r-(t[31]>>4)*oe[o],r=t[o]>>8,t[o]&=255;for(o=0;o<32;o++)t[o]-=r*oe[o];for(n=0;n<32;n++)t[n+1]+=t[n]>>8,e[n]=255&t[n]}function ae(e){var t,r=new Float64Array(64);for(t=0;t<64;t++)r[t]=e[t];for(t=0;t<64;t++)e[t]=0;ie(e,r)}function se(e,r,n,o){var i,a,s=new Uint8Array(64),u=new Uint8Array(64),c=new Uint8Array(64),l=new Float64Array(64),f=[t(),t(),t(),t()];Y(s,o,32),s[0]&=248,s[31]&=127,s[31]|=64;var p=n+64;for(i=0;i<n;i++)e[64+i]=r[i];for(i=0;i<32;i++)e[32+i]=s[32+i];for(Y(c,e.subarray(32),n+32),ae(c),re(f,c),ee(e,f),i=32;i<64;i++)e[i]=o[i];for(Y(u,e,n+64),ae(u),i=0;i<64;i++)l[i]=0;for(i=0;i<32;i++)l[i]=c[i];for(i=0;i<32;i++)for(a=0;a<32;a++)l[i+a]+=u[i]*s[a];return ie(e.subarray(32),l),p}function ue(e,r,n,o){var i,u=new Uint8Array(32),l=new Uint8Array(64),f=[t(),t(),t(),t()],p=[t(),t(),t(),t()];if(n<64)return-1;if(function(e,r){var n=t(),o=t(),i=t(),u=t(),l=t(),f=t(),p=t();return R(e[2],s),N(e[1],r),D(i,e[1]),F(u,i,c),M(i,i,e[2]),U(u,e[2],u),D(l,u),D(f,l),F(p,f,l),F(n,p,i),F(n,n,u),q(n,n),F(n,n,i),F(n,n,u),F(n,n,u),F(e[0],n,u),D(o,e[0]),F(o,o,u),B(o,i)&&F(e[0],e[0],d),D(o,e[0]),F(o,o,u),B(o,i)?-1:(L(e[0])===r[31]>>7&&M(e[0],a,e[0]),F(e[3],e[0],e[1]),0)}(p,o))return-1;for(i=0;i<n;i++)e[i]=r[i];for(i=0;i<32;i++)e[i+32]=o[i];if(Y(l,e,n),ae(l),te(f,p,l),re(p,r.subarray(32)),J(f,p),ee(u,f),n-=64,v(r,0,u,0)){for(i=0;i<n;i++)e[i]=0;return-1}for(i=0;i<n;i++)e[i]=r[i+64];return n}var ce=16,le=64,fe=32,pe=64;function de(e,t){if(32!==e.length)throw new Error("bad key size");if(24!==t.length)throw new Error("bad nonce size")}function he(){for(var e=0;e<arguments.length;e++)if(!(arguments[e]instanceof Uint8Array))throw new TypeError("unexpected type, use Uint8Array")}function ye(e){for(var t=0;t<e.length;t++)e[t]=0}e.lowlevel={crypto_core_hsalsa20:b,crypto_stream_xor:T,crypto_stream:E,crypto_stream_salsa20_xor:S,crypto_stream_salsa20:_,crypto_onetimeauth:O,crypto_onetimeauth_verify:A,crypto_verify_16:m,crypto_verify_32:v,crypto_secretbox:x,crypto_secretbox_open:P,crypto_scalarmult:K,crypto_scalarmult_base:H,crypto_box_beforenm:X,crypto_box_afternm:$,crypto_box:function(e,t,r,n,o,i){var a=new Uint8Array(32);return X(a,o,i),$(e,t,r,n,a)},crypto_box_open:function(e,t,r,n,o,i){var a=new Uint8Array(32);return X(a,o,i),W(e,t,r,n,a)},crypto_box_keypair:z,crypto_hash:Y,crypto_sign:se,crypto_sign_keypair:ne,crypto_sign_open:ue,crypto_secretbox_KEYBYTES:32,crypto_secretbox_NONCEBYTES:24,crypto_secretbox_ZEROBYTES:32,crypto_secretbox_BOXZEROBYTES:ce,crypto_scalarmult_BYTES:32,crypto_scalarmult_SCALARBYTES:32,crypto_box_PUBLICKEYBYTES:32,crypto_box_SECRETKEYBYTES:32,crypto_box_BEFORENMBYTES:32,crypto_box_NONCEBYTES:24,crypto_box_ZEROBYTES:32,crypto_box_BOXZEROBYTES:16,crypto_sign_BYTES:le,crypto_sign_PUBLICKEYBYTES:fe,crypto_sign_SECRETKEYBYTES:pe,crypto_sign_SEEDBYTES:32,crypto_hash_BYTES:64,gf:t,D:c,L:oe,pack25519:j,unpack25519:N,M:F,A:U,S:D,Z:M,pow2523:q,add:J,set25519:R,modL:ie,scalarmult:te,scalarbase:re},e.randomBytes=function(e){var t=new Uint8Array(e);return n(t,e),t},e.secretbox=function(e,t,r){he(e,t,r),de(r,t);for(var n=new Uint8Array(32+e.length),o=new Uint8Array(n.length),i=0;i<e.length;i++)n[i+32]=e[i];return x(o,n,n.length,t,r),o.subarray(ce)},e.secretbox.open=function(e,t,r){he(e,t,r),de(r,t);for(var n=new Uint8Array(ce+e.length),o=new Uint8Array(n.length),i=0;i<e.length;i++)n[i+ce]=e[i];return n.length<32||0!==P(o,n,n.length,t,r)?null:o.subarray(32)},e.secretbox.keyLength=32,e.secretbox.nonceLength=24,e.secretbox.overheadLength=ce,e.scalarMult=function(e,t){if(he(e,t),32!==e.length)throw new Error("bad n size");if(32!==t.length)throw new Error("bad p size");var r=new Uint8Array(32);return K(r,e,t),r},e.scalarMult.base=function(e){if(he(e),32!==e.length)throw new Error("bad n size");var t=new Uint8Array(32);return H(t,e),t},e.scalarMult.scalarLength=32,e.scalarMult.groupElementLength=32,e.box=function(t,r,n,o){var i=e.box.before(n,o);return e.secretbox(t,r,i)},e.box.before=function(e,t){he(e,t),function(e,t){if(32!==e.length)throw new Error("bad public key size");if(32!==t.length)throw new Error("bad secret key size")}(e,t);var r=new Uint8Array(32);return X(r,e,t),r},e.box.after=e.secretbox,e.box.open=function(t,r,n,o){var i=e.box.before(n,o);return e.secretbox.open(t,r,i)},e.box.open.after=e.secretbox.open,e.box.keyPair=function(){var e=new Uint8Array(32),t=new Uint8Array(32);return z(e,t),{publicKey:e,secretKey:t}},e.box.keyPair.fromSecretKey=function(e){if(he(e),32!==e.length)throw new Error("bad secret key size");var t=new Uint8Array(32);return H(t,e),{publicKey:t,secretKey:new Uint8Array(e)}},e.box.publicKeyLength=32,e.box.secretKeyLength=32,e.box.sharedKeyLength=32,e.box.nonceLength=24,e.box.overheadLength=e.secretbox.overheadLength,e.sign=function(e,t){if(he(e,t),t.length!==pe)throw new Error("bad secret key size");var r=new Uint8Array(le+e.length);return se(r,e,e.length,t),r},e.sign.open=function(e,t){if(he(e,t),t.length!==fe)throw new Error("bad public key size");var r=new Uint8Array(e.length),n=ue(r,e,e.length,t);if(n<0)return null;for(var o=new Uint8Array(n),i=0;i<o.length;i++)o[i]=r[i];return o},e.sign.detached=function(t,r){for(var n=e.sign(t,r),o=new Uint8Array(le),i=0;i<o.length;i++)o[i]=n[i];return o},e.sign.detached.verify=function(e,t,r){if(he(e,t,r),t.length!==le)throw new Error("bad signature size");if(r.length!==fe)throw new Error("bad public key size");var n,o=new Uint8Array(le+e.length),i=new Uint8Array(le+e.length);for(n=0;n<le;n++)o[n]=t[n];for(n=0;n<e.length;n++)o[n+le]=e[n];return ue(i,o,o.length,r)>=0},e.sign.keyPair=function(){var e=new Uint8Array(fe),t=new Uint8Array(pe);return ne(e,t),{publicKey:e,secretKey:t}},e.sign.keyPair.fromSecretKey=function(e){if(he(e),e.length!==pe)throw new Error("bad secret key size");for(var t=new Uint8Array(fe),r=0;r<t.length;r++)t[r]=e[32+r];return{publicKey:t,secretKey:new Uint8Array(e)}},e.sign.keyPair.fromSeed=function(e){if(he(e),32!==e.length)throw new Error("bad seed size");for(var t=new Uint8Array(fe),r=new Uint8Array(pe),n=0;n<32;n++)r[n]=e[n];return ne(t,r,!0),{publicKey:t,secretKey:r}},e.sign.publicKeyLength=fe,e.sign.secretKeyLength=pe,e.sign.seedLength=32,e.sign.signatureLength=le,e.hash=function(e){he(e);var t=new Uint8Array(64);return Y(t,e,e.length),t},e.hash.hashLength=64,e.verify=function(e,t){return he(e,t),0!==e.length&&0!==t.length&&(e.length===t.length&&0===y(e,0,t,0,e.length))},e.setPRNG=function(e){n=e},function(){var t="undefined"!=typeof self?self.crypto||self.msCrypto:null;if(t&&t.getRandomValues){e.setPRNG((function(e,r){var n,o=new Uint8Array(r);for(n=0;n<r;n+=65536)t.getRandomValues(o.subarray(n,n+Math.min(r-n,65536)));for(n=0;n<r;n++)e[n]=o[n];ye(o)}))}else(t=r(8371))&&t.randomBytes&&e.setPRNG((function(e,r){var n,o=t.randomBytes(r);for(n=0;n<r;n++)e[n]=o[n];ye(o)}))}()}(e.exports?e.exports:self.nacl=self.nacl||{})},5085:(e,t,r)=>{"use strict";r.r(t),r.d(t,{StellarBase:()=>i,axios:()=>a.Z,default:()=>s});var n=r(8026),o={};for(const e in n)["default","StellarBase","axios"].indexOf(e)<0&&(o[e]=()=>n[e]);r.d(t,o);var i=r(4172),a=r(1257);const s=(e=r.hmd(e)).exports},7939:(e,t,r)=>{"use strict";function n(e){return n="function"==typeof Symbol&&"symbol"==typeof Symbol.iterator?function(e){return typeof e}:function(e){return e&&"function"==typeof Symbol&&e.constructor===Symbol&&e!==Symbol.prototype?"symbol":typeof e},n(e)}function o(e,t){for(var r=0;r<t.length;r++){var n=t[r];n.enumerable=n.enumerable||!1,n.configurable=!0,"value"in n&&(n.writable=!0),Object.defineProperty(e,i(n.key),n)}}function i(e){var t=function(e,t){if("object"!=n(e)||!e)return e;var r=e[Symbol.toPrimitive];if(void 0!==r){var o=r.call(e,t||"default");if("object"!=n(o))return o;throw new TypeError("@@toPrimitive must return a primitive value.")}return("string"===t?String:Number)(e)}(e,"string");return"symbol"==n(t)?t:String(t)}r.d(t,{D:()=>u});var a={allowHttp:!1,timeout:0},s=Object.assign({},a),u=function(){function e(){!function(e,t){if(!(e instanceof t))throw new TypeError("Cannot call a class as a function")}(this,e)}var t,r,n;return t=e,n=[{key:"setAllowHttp",value:function(e){s.allowHttp=e}},{key:"setTimeout",value:function(e){s.timeout=e}},{key:"isAllowHttp",value:function(){return s.allowHttp}},{key:"getTimeout",value:function(){return s.timeout}},{key:"setDefault",value:function(){s=Object.assign({},a)}}],(r=null)&&o(t.prototype,r),n&&o(t,n),Object.defineProperty(t,"prototype",{writable:!1}),e}()},936:(e,t,r)=>{"use strict";r.d(t,{o:()=>y});var n=r(8026),o=r(8764).Buffer;function i(e,t){var r=Object.keys(e);if(Object.getOwnPropertySymbols){var n=Object.getOwnPropertySymbols(e);t&&(n=n.filter((function(t){return Object.getOwnPropertyDescriptor(e,t).enumerable}))),r.push.apply(r,n)}return r}function a(e){for(var t=1;t<arguments.length;t++){var r=null!=arguments[t]?arguments[t]:{};t%2?i(Object(r),!0).forEach((function(t){l(e,t,r[t])})):Object.getOwnPropertyDescriptors?Object.defineProperties(e,Object.getOwnPropertyDescriptors(r)):i(Object(r)).forEach((function(t){Object.defineProperty(e,t,Object.getOwnPropertyDescriptor(r,t))}))}return e}function s(e,t){var r="undefined"!=typeof Symbol&&e[Symbol.iterator]||e["@@iterator"];if(!r){if(Array.isArray(e)||(r=d(e))||t&&e&&"number"==typeof e.length){r&&(e=r);var n=0,o=function(){};return{s:o,n:function(){return n>=e.length?{done:!0}:{done:!1,value:e[n++]}},e:function(e){throw e},f:o}}throw new TypeError("Invalid attempt to iterate non-iterable instance.\nIn order to be iterable, non-array objects must have a [Symbol.iterator]() method.")}var i,a=!0,s=!1;return{s:function(){r=r.call(e)},n:function(){var e=r.next();return a=e.done,e},e:function(e){s=!0,i=e},f:function(){try{a||null==r.return||r.return()}finally{if(s)throw i}}}}function u(e){return u="function"==typeof Symbol&&"symbol"==typeof Symbol.iterator?function(e){return typeof e}:function(e){return e&&"function"==typeof Symbol&&e.constructor===Symbol&&e!==Symbol.prototype?"symbol":typeof e},u(e)}function c(e,t){for(var r=0;r<t.length;r++){var n=t[r];n.enumerable=n.enumerable||!1,n.configurable=!0,"value"in n&&(n.writable=!0),Object.defineProperty(e,f(n.key),n)}}function l(e,t,r){return(t=f(t))in e?Object.defineProperty(e,t,{value:r,enumerable:!0,configurable:!0,writable:!0}):e[t]=r,e}function f(e){var t=function(e,t){if("object"!=u(e)||!e)return e;var r=e[Symbol.toPrimitive];if(void 0!==r){var n=r.call(e,t||"default");if("object"!=u(n))return n;throw new TypeError("@@toPrimitive must return a primitive value.")}return("string"===t?String:Number)(e)}(e,"string");return"symbol"==u(t)?t:String(t)}function p(e,t){return function(e){if(Array.isArray(e))return e}(e)||function(e,t){var r=null==e?null:"undefined"!=typeof Symbol&&e[Symbol.iterator]||e["@@iterator"];if(null!=r){var n,o,i,a,s=[],u=!0,c=!1;try{if(i=(r=r.call(e)).next,0===t){if(Object(r)!==r)return;u=!1}else for(;!(u=(n=i.call(r)).done)&&(s.push(n.value),s.length!==t);u=!0);}catch(e){c=!0,o=e}finally{try{if(!u&&null!=r.return&&(a=r.return(),Object(a)!==a))return}finally{if(c)throw o}}return s}}(e,t)||d(e,t)||function(){throw new TypeError("Invalid attempt to destructure non-iterable instance.\nIn order to be iterable, non-array objects must have a [Symbol.iterator]() method.")}()}function d(e,t){if(e){if("string"==typeof e)return h(e,t);var r=Object.prototype.toString.call(e).slice(8,-1);return"Object"===r&&e.constructor&&(r=e.constructor.name),"Map"===r||"Set"===r?Array.from(e):"Arguments"===r||/^(?:Ui|I)nt(?:8|16|32)(?:Clamped)?Array$/.test(r)?h(e,t):void 0}}function h(e,t){(null==t||t>e.length)&&(t=e.length);for(var r=0,n=new Array(t);r<t;r++)n[r]=e[r];return n}var y=function(){function e(t){if(function(e,t){if(!(e instanceof t))throw new TypeError("Cannot call a class as a function")}(this,e),l(this,"entries",[]),0==t.length)throw new Error("Contract spec must have at least one entry");var r=t[0];this.entries="string"==typeof r?t.map((function(e){return n.xdr.ScSpecEntry.fromXDR(e,"base64")})):t}var t,r,i;return t=e,(r=[{key:"funcs",value:function(){return this.entries.filter((function(e){return e.switch().value===n.xdr.ScSpecEntryKind.scSpecEntryFunctionV0().value})).map((function(e){return e.functionV0()}))}},{key:"getFunc",value:function(e){var t=this.findEntry(e);if(t.switch().value!==n.xdr.ScSpecEntryKind.scSpecEntryFunctionV0().value)throw new Error("".concat(e," is not a function"));return t.functionV0()}},{key:"funcArgsToScVals",value:function(e,t){var r=this;return this.getFunc(e).inputs().map((function(e){return r.nativeToScVal(function(e,t){var r=t.name().toString(),n=Object.entries(e).find((function(e){var t=p(e,2),n=t[0];return t[1],n===r}));if(!n)throw new Error("Missing field ".concat(r));return n[1]}(t,e),e.type())}))}},{key:"funcResToNative",value:function(e,t){var r="string"==typeof t?n.xdr.ScVal.fromXDR(t,"base64"):t,o=this.getFunc(e).outputs();if(0===o.length){var i=r.switch();if(i.value!==n.xdr.ScValType.scvVoid().value)throw new Error("Expected void, got ".concat(i.name));return null}if(o.length>1)throw new Error("Multiple outputs not supported");var a=o[0];return a.switch().value===n.xdr.ScSpecType.scSpecTypeResult().value?this.scValToNative(r,a.result().okType()):this.scValToNative(r,a)}},{key:"findEntry",value:function(e){var t=this.entries.find((function(t){return t.value().name().toString()===e}));if(!t)throw new Error("no such entry: ".concat(e));return t}},{key:"nativeToScVal",value:function(e,t){var r=this,i=t.switch(),a=i.value;if(i.value===n.xdr.ScSpecType.scSpecTypeUdt().value){var s=t.udt();return this.nativeToUdt(e,s.name().toString())}if(a===n.xdr.ScSpecType.scSpecTypeOption().value){var c=t.option();return void 0===e?n.xdr.ScVal.scvVoid():this.nativeToScVal(e,c.valueType())}switch(u(e)){case"object":var l,f,d;if(null===e){if(a===n.xdr.ScSpecType.scSpecTypeVoid().value)return n.xdr.ScVal.scvVoid();throw new TypeError("Type ".concat(t," was not void, but value was null"))}if(e instanceof n.xdr.ScVal)return e;if(e instanceof n.Address){if(t.switch().value!==n.xdr.ScSpecType.scSpecTypeAddress().value)throw new TypeError("Type ".concat(t," was not address, but value was Address"));return e.toScVal()}if(e instanceof n.Contract){if(t.switch().value!==n.xdr.ScSpecType.scSpecTypeAddress().value)throw new TypeError("Type ".concat(t," was not address, but value was Address"));return e.address().toScVal()}if(e instanceof Uint8Array||o.isBuffer(e)){var h=Uint8Array.from(e);switch(a){case n.xdr.ScSpecType.scSpecTypeBytesN().value:var y=t.bytesN();if(h.length!==y.n())throw new TypeError("expected ".concat(y.n()," bytes, but got ").concat(h.length));return n.xdr.ScVal.scvBytes(h);case n.xdr.ScSpecType.scSpecTypeBytes().value:return n.xdr.ScVal.scvBytes(h);default:throw new TypeError("invalid type (".concat(t,") specified for Bytes and BytesN"))}}if(Array.isArray(e))switch(a){case n.xdr.ScSpecType.scSpecTypeVec().value:var m=t.vec().elementType();return n.xdr.ScVal.scvVec(e.map((function(e){return r.nativeToScVal(e,m)})));case n.xdr.ScSpecType.scSpecTypeTuple().value:var v=t.tuple().valueTypes();if(e.length!==v.length)throw new TypeError("Tuple expects ".concat(v.length," values, but ").concat(e.length," were provided"));return n.xdr.ScVal.scvVec(e.map((function(e,t){return r.nativeToScVal(e,v[t])})));case n.xdr.ScSpecType.scSpecTypeMap().value:var g=t.map(),b=g.keyType(),w=g.valueType();return n.xdr.ScVal.scvMap(e.map((function(e){var t=r.nativeToScVal(e[0],b),o=r.nativeToScVal(e[1],w);return new n.xdr.ScMapEntry({key:t,val:o})})));default:throw new TypeError("Type ".concat(t," was not vec, but value was Array"))}if(e.constructor===Map){if(a!==n.xdr.ScSpecType.scSpecTypeMap().value)throw new TypeError("Type ".concat(t," was not map, but value was Map"));for(var S=t.map(),_=[],E=e.entries(),T=E.next();!T.done;){var k=p(T.value,2),O=k[0],A=k[1],x=this.nativeToScVal(O,S.keyType()),P=this.nativeToScVal(A,S.valueType());_.push(new n.xdr.ScMapEntry({key:x,val:P})),T=E.next()}return n.xdr.ScVal.scvMap(_)}if("Object"!==(null!==(l=null===(f=e.constructor)||void 0===f?void 0:f.name)&&void 0!==l?l:""))throw new TypeError("cannot interpret ".concat(null===(d=e.constructor)||void 0===d?void 0:d.name," value as ScVal (").concat(JSON.stringify(e),")"));throw new TypeError("Received object ".concat(e,"  did not match the provided type ").concat(t));case"number":case"bigint":switch(a){case n.xdr.ScSpecType.scSpecTypeU32().value:return n.xdr.ScVal.scvU32(e);case n.xdr.ScSpecType.scSpecTypeI32().value:return n.xdr.ScVal.scvI32(e);case n.xdr.ScSpecType.scSpecTypeU64().value:case n.xdr.ScSpecType.scSpecTypeI64().value:case n.xdr.ScSpecType.scSpecTypeU128().value:case n.xdr.ScSpecType.scSpecTypeI128().value:case n.xdr.ScSpecType.scSpecTypeU256().value:case n.xdr.ScSpecType.scSpecTypeI256().value:var R=i.name.substring(10).toLowerCase();return new n.XdrLargeInt(R,e).toScVal();default:throw new TypeError("invalid type (".concat(t,") specified for integer"))}case"string":return function(e,t){switch(t.value){case n.xdr.ScSpecType.scSpecTypeString().value:return n.xdr.ScVal.scvString(e);case n.xdr.ScSpecType.scSpecTypeSymbol().value:return n.xdr.ScVal.scvSymbol(e);case n.xdr.ScSpecType.scSpecTypeAddress().value:var r=n.Address.fromString(e);return n.xdr.ScVal.scvAddress(r.toScAddress());case n.xdr.ScSpecType.scSpecTypeU64().value:return new n.XdrLargeInt("u64",e).toScVal();case n.xdr.ScSpecType.scSpecTypeI64().value:return new n.XdrLargeInt("i64",e).toScVal();case n.xdr.ScSpecType.scSpecTypeU128().value:return new n.XdrLargeInt("u128",e).toScVal();case n.xdr.ScSpecType.scSpecTypeI128().value:return new n.XdrLargeInt("i128",e).toScVal();case n.xdr.ScSpecType.scSpecTypeU256().value:return new n.XdrLargeInt("u256",e).toScVal();case n.xdr.ScSpecType.scSpecTypeI256().value:return new n.XdrLargeInt("i256",e).toScVal();case n.xdr.ScSpecType.scSpecTypeBytes().value:case n.xdr.ScSpecType.scSpecTypeBytesN().value:return n.xdr.ScVal.scvBytes(o.from(e,"base64"));default:throw new TypeError("invalid type ".concat(t.name," specified for string value"))}}(e,i);case"boolean":if(a!==n.xdr.ScSpecType.scSpecTypeBool().value)throw TypeError("Type ".concat(t," was not bool, but value was bool"));return n.xdr.ScVal.scvBool(e);case"undefined":if(!t)return n.xdr.ScVal.scvVoid();switch(a){case n.xdr.ScSpecType.scSpecTypeVoid().value:case n.xdr.ScSpecType.scSpecTypeOption().value:return n.xdr.ScVal.scvVoid();default:throw new TypeError("Type ".concat(t," was not void, but value was undefined"))}case"function":return this.nativeToScVal(e(),t);default:throw new TypeError("failed to convert typeof ".concat(u(e)," (").concat(e,")"))}}},{key:"nativeToUdt",value:function(e,t){var r=this.findEntry(t);switch(r.switch()){case n.xdr.ScSpecEntryKind.scSpecEntryUdtEnumV0():if("number"!=typeof e)throw new TypeError("expected number for enum ".concat(t,", but got ").concat(u(e)));return this.nativeToEnum(e,r.udtEnumV0());case n.xdr.ScSpecEntryKind.scSpecEntryUdtStructV0():return this.nativeToStruct(e,r.udtStructV0());case n.xdr.ScSpecEntryKind.scSpecEntryUdtUnionV0():return this.nativeToUnion(e,r.udtUnionV0());default:throw new Error("failed to parse udt ".concat(t))}}},{key:"nativeToUnion",value:function(e,t){var r=this,o=e.tag,i=t.cases().find((function(e){return e.value().name().toString()===o}));if(!i)throw new TypeError("no such enum entry: ".concat(o," in ").concat(t));var a=n.xdr.ScVal.scvSymbol(o);switch(i.switch()){case n.xdr.ScSpecUdtUnionCaseV0Kind.scSpecUdtUnionCaseVoidV0():return n.xdr.ScVal.scvVec([a]);case n.xdr.ScSpecUdtUnionCaseV0Kind.scSpecUdtUnionCaseTupleV0():var s=i.tupleCase().type();if(Array.isArray(e.values)){if(e.values.length!=s.length)throw new TypeError("union ".concat(t," expects ").concat(s.length," values, but got ").concat(e.values.length));var u=e.values.map((function(e,t){return r.nativeToScVal(e,s[t])}));return u.unshift(a),n.xdr.ScVal.scvVec(u)}throw new Error("failed to parse union case ".concat(i," with ").concat(e));default:throw new Error("failed to parse union ".concat(t," with ").concat(e))}}},{key:"nativeToStruct",value:function(e,t){var r=this,o=t.fields();if(o.some(m)){if(!o.every(m))throw new Error("mixed numeric and non-numeric field names are not allowed");return n.xdr.ScVal.scvVec(o.map((function(t,n){return r.nativeToScVal(e[n],o[n].type())})))}return n.xdr.ScVal.scvMap(o.map((function(t){var o=t.name().toString();return new n.xdr.ScMapEntry({key:r.nativeToScVal(o,n.xdr.ScSpecTypeDef.scSpecTypeSymbol()),val:r.nativeToScVal(e[o],t.type())})})))}},{key:"nativeToEnum",value:function(e,t){if(t.cases().some((function(t){return t.value()===e})))return n.xdr.ScVal.scvU32(e);throw new TypeError("no such enum entry: ".concat(e," in ").concat(t))}},{key:"scValStrToNative",value:function(e,t){return this.scValToNative(n.xdr.ScVal.fromXDR(e,"base64"),t)}},{key:"scValToNative",value:function(e,t){var r=this,o=t.switch(),i=o.value;if(i===n.xdr.ScSpecType.scSpecTypeUdt().value)return this.scValUdtToNative(e,t.udt());switch(e.switch().value){case n.xdr.ScValType.scvVoid().value:return;case n.xdr.ScValType.scvU64().value:case n.xdr.ScValType.scvI64().value:case n.xdr.ScValType.scvU128().value:case n.xdr.ScValType.scvI128().value:case n.xdr.ScValType.scvU256().value:case n.xdr.ScValType.scvI256().value:return(0,n.scValToBigInt)(e);case n.xdr.ScValType.scvVec().value:if(i==n.xdr.ScSpecType.scSpecTypeVec().value){var a,s=t.vec();return(null!==(a=e.vec())&&void 0!==a?a:[]).map((function(e){return r.scValToNative(e,s.elementType())}))}if(i==n.xdr.ScSpecType.scSpecTypeTuple().value){var u,c=t.tuple().valueTypes();return(null!==(u=e.vec())&&void 0!==u?u:[]).map((function(e,t){return r.scValToNative(e,c[t])}))}throw new TypeError("Type ".concat(t," was not vec, but ").concat(e," is"));case n.xdr.ScValType.scvAddress().value:return n.Address.fromScVal(e).toString();case n.xdr.ScValType.scvMap().value:var l,f=null!==(l=e.map())&&void 0!==l?l:[];if(i==n.xdr.ScSpecType.scSpecTypeMap().value){var p=t.map(),d=p.keyType(),h=p.valueType();return f.map((function(e){return[r.scValToNative(e.key(),d),r.scValToNative(e.val(),h)]}))}throw new TypeError("ScSpecType ".concat(o.name," was not map, but ").concat(JSON.stringify(e,null,2)," is"));case n.xdr.ScValType.scvBool().value:case n.xdr.ScValType.scvU32().value:case n.xdr.ScValType.scvI32().value:case n.xdr.ScValType.scvBytes().value:return e.value();case n.xdr.ScValType.scvString().value:case n.xdr.ScValType.scvSymbol().value:var y;if(i!==n.xdr.ScSpecType.scSpecTypeString().value&&i!==n.xdr.ScSpecType.scSpecTypeSymbol().value)throw new Error("ScSpecType ".concat(o.name," was not string or symbol, but ").concat(JSON.stringify(e,null,2)," is"));return null===(y=e.value())||void 0===y?void 0:y.toString();case n.xdr.ScValType.scvTimepoint().value:case n.xdr.ScValType.scvDuration().value:return(0,n.scValToBigInt)(n.xdr.ScVal.scvU64(e.u64()));default:throw new TypeError("failed to convert ".concat(JSON.stringify(e,null,2)," to native type from type ").concat(o.name))}}},{key:"scValUdtToNative",value:function(e,t){var r=this.findEntry(t.name().toString());switch(r.switch()){case n.xdr.ScSpecEntryKind.scSpecEntryUdtEnumV0():return this.enumToNative(e);case n.xdr.ScSpecEntryKind.scSpecEntryUdtStructV0():return this.structToNative(e,r.udtStructV0());case n.xdr.ScSpecEntryKind.scSpecEntryUdtUnionV0():return this.unionToNative(e,r.udtUnionV0());default:throw new Error("failed to parse udt ".concat(t.name().toString(),": ").concat(r))}}},{key:"unionToNative",value:function(e,t){var r=this,o=e.vec();if(!o)throw new Error("".concat(JSON.stringify(e,null,2)," is not a vec"));if(0===o.length&&0!==t.cases.length)throw new Error("".concat(e," has length 0, but the there are at least one case in the union"));var i=o[0].sym().toString();if(o[0].switch().value!=n.xdr.ScValType.scvSymbol().value)throw new Error("{vec[0]} is not a symbol");var a=t.cases().find(function(e){return function(t){switch(t.switch().value){case n.xdr.ScSpecUdtUnionCaseV0Kind.scSpecUdtUnionCaseTupleV0().value:return t.tupleCase().name().toString()===e;case n.xdr.ScSpecUdtUnionCaseV0Kind.scSpecUdtUnionCaseVoidV0().value:return t.voidCase().name().toString()===e;default:return!1}}}(i));if(!a)throw new Error("failed to find entry ".concat(i," in union {udt.name().toString()}"));var s={tag:i};if(a.switch().value===n.xdr.ScSpecUdtUnionCaseV0Kind.scSpecUdtUnionCaseTupleV0().value){var u=a.tupleCase().type().map((function(e,t){return r.scValToNative(o[t+1],e)}));s.values=u}return s}},{key:"structToNative",value:function(e,t){var r,n,o=this,i={},a=t.fields();return a.some(m)?null===(n=e.vec())||void 0===n?void 0:n.map((function(e,t){return o.scValToNative(e,a[t].type())})):(null===(r=e.map())||void 0===r||r.forEach((function(e,t){var r=a[t];i[r.name().toString()]=o.scValToNative(e.val(),r.type())})),i)}},{key:"enumToNative",value:function(e){if(e.switch().value!==n.xdr.ScValType.scvU32().value)throw new Error("Enum must have a u32 value");return e.u32()}},{key:"jsonSchema",value:function(e){var t,r={},o=s(this.entries);try{for(o.s();!(t=o.n()).done;){var i=t.value;switch(i.switch().value){case n.xdr.ScSpecEntryKind.scSpecEntryUdtEnumV0().value:var u=i.udtEnumV0();r[u.name().toString()]=E(u);break;case n.xdr.ScSpecEntryKind.scSpecEntryUdtStructV0().value:var c=i.udtStructV0();r[c.name().toString()]=b(c);break;case n.xdr.ScSpecEntryKind.scSpecEntryUdtUnionV0().value:var l=i.udtUnionV0();r[l.name().toString()]=_(l);break;case n.xdr.ScSpecEntryKind.scSpecEntryFunctionV0().value:var f=i.functionV0(),p=f.name().toString(),d=S(f).input;r[p]=d;case n.xdr.ScSpecEntryKind.scSpecEntryUdtErrorEnumV0().value:}}}catch(e){o.e(e)}finally{o.f()}var h={$schema:"http://json-schema.org/draft-07/schema#",definitions:a(a({},v),r)};return e&&(h.$ref="#/definitions/".concat(e)),h}}])&&c(t.prototype,r),i&&c(t,i),Object.defineProperty(t,"prototype",{writable:!1}),e}();function m(e){return/^\d+$/.test(e.name().toString())}var v={U32:{type:"integer",minimum:0,maximum:4294967295},I32:{type:"integer",minimum:-2147483648,maximum:2147483647},U64:{type:"string",pattern:"^([1-9][0-9]*|0)$",minLength:1,maxLength:20},I64:{type:"string",pattern:"^(-?[1-9][0-9]*|0)$",minLength:1,maxLength:21},U128:{type:"string",pattern:"^([1-9][0-9]*|0)$",minLength:1,maxLength:39},I128:{type:"string",pattern:"^(-?[1-9][0-9]*|0)$",minLength:1,maxLength:40},U256:{type:"string",pattern:"^([1-9][0-9]*|0)$",minLength:1,maxLength:78},I256:{type:"string",pattern:"^(-?[1-9][0-9]*|0)$",minLength:1,maxLength:79},Address:{type:"string",format:"address",description:"Address can be a public key or contract id"},ScString:{type:"string",description:"ScString is a string"},ScSymbol:{type:"string",description:"ScString is a string"},DataUrl:{type:"string",pattern:"^(?:[A-Za-z0-9+\\/]{4})*(?:[A-Za-z0-9+\\/]{2}==|[A-Za-z0-9+\\/]{3}=)?$"}};function g(e){var t;switch(e.switch().value){case n.xdr.ScSpecType.scSpecTypeVal().value:t="Val";break;case n.xdr.ScSpecType.scSpecTypeBool().value:return{type:"boolean"};case n.xdr.ScSpecType.scSpecTypeVoid().value:return{type:"null"};case n.xdr.ScSpecType.scSpecTypeError().value:t="Error";break;case n.xdr.ScSpecType.scSpecTypeU32().value:t="U32";break;case n.xdr.ScSpecType.scSpecTypeI32().value:t="I32";break;case n.xdr.ScSpecType.scSpecTypeU64().value:t="U64";break;case n.xdr.ScSpecType.scSpecTypeI64().value:t="I64";break;case n.xdr.ScSpecType.scSpecTypeTimepoint().value:throw new Error("Timepoint type not supported");case n.xdr.ScSpecType.scSpecTypeDuration().value:throw new Error("Duration not supported");case n.xdr.ScSpecType.scSpecTypeU128().value:t="U128";break;case n.xdr.ScSpecType.scSpecTypeI128().value:t="I128";break;case n.xdr.ScSpecType.scSpecTypeU256().value:t="U256";break;case n.xdr.ScSpecType.scSpecTypeI256().value:t="I256";break;case n.xdr.ScSpecType.scSpecTypeBytes().value:t="DataUrl";break;case n.xdr.ScSpecType.scSpecTypeString().value:t="ScString";break;case n.xdr.ScSpecType.scSpecTypeSymbol().value:t="ScSymbol";break;case n.xdr.ScSpecType.scSpecTypeAddress().value:t="Address";break;case n.xdr.ScSpecType.scSpecTypeOption().value:return g(e.option().valueType());case n.xdr.ScSpecType.scSpecTypeResult().value:break;case n.xdr.ScSpecType.scSpecTypeVec().value:return{type:"array",items:g(e.vec().elementType())};case n.xdr.ScSpecType.scSpecTypeMap().value:var r=e.map();return{type:"array",items:{type:"array",items:[g(r.keyType()),g(r.valueType())],minItems:2,maxItems:2}};case n.xdr.ScSpecType.scSpecTypeTuple().value:var o=e.tuple(),i=o.valueTypes().length,a=i;return{type:"array",items:o.valueTypes().map(g),minItems:i,maxItems:a};case n.xdr.ScSpecType.scSpecTypeBytesN().value:return{$ref:"#/definitions/DataUrl",maxLength:e.bytesN().n()};case n.xdr.ScSpecType.scSpecTypeUdt().value:t=e.udt().name().toString()}return{$ref:"#/definitions/".concat(t)}}function b(e){var t=e.fields();if(t.some(m)){if(!t.every(m))throw new Error("mixed numeric and non-numeric field names are not allowed");return{type:"array",items:t.map((function(e,r){return g(t[r].type())})),minItems:t.length,maxItems:t.length}}var r=e.doc().toString(),n=w(t),o=n.properties,i=n.required;return o.additionalProperties=!1,{description:r,properties:o,required:i,type:"object"}}function w(e){var t,r={},o=[],i=s(e);try{for(i.s();!(t=i.n()).done;){var a=t.value,u=a.type(),c=a.name().toString();r[c]=g(u),u.switch().value!=n.xdr.ScSpecType.scSpecTypeOption().value&&o.push(c)}}catch(e){i.e(e)}finally{i.f()}var l={properties:r};return o.length>0&&(l.required=o),l}function S(e){var t=w(e.inputs()),r=t.properties,o=t.required,i={additionalProperties:!1,properties:r,type:"object"};(null==o?void 0:o.length)>0&&(i.required=o);var a={properties:{args:i}},s=e.outputs(),u=s.length>0?g(s[0]):g(n.xdr.ScSpecTypeDef.scSpecTypeVoid()),c=e.doc().toString();return c.length>0&&(a.description=c),a.additionalProperties=!1,u.additionalProperties=!1,{input:a,output:u}}function _(e){var t,r=e.doc().toString(),o=[],i=s(e.cases());try{for(i.s();!(t=i.n()).done;){var a=t.value;switch(a.switch().value){case n.xdr.ScSpecUdtUnionCaseV0Kind.scSpecUdtUnionCaseVoidV0().value:var u=a.voidCase().name().toString();o.push({type:"object",title:u,properties:{tag:u},additionalProperties:!1,required:["tag"]});break;case n.xdr.ScSpecUdtUnionCaseV0Kind.scSpecUdtUnionCaseTupleV0().value:var c=a.tupleCase(),l=c.name().toString();o.push({type:"object",title:l,properties:{tag:l,values:{type:"array",items:c.type().map(g)}},required:["tag","values"],additionalProperties:!1})}}}catch(e){i.e(e)}finally{i.f()}var f={oneOf:o};return r.length>0&&(f.description=r),f}function E(e){var t,r=e.doc().toString(),n=[],o=s(e.cases());try{for(o.s();!(t=o.n()).done;){var i=t.value,a=i.name().toString(),u=i.doc().toString();n.push({description:u,title:a,enum:[i.value()],type:"number"})}}catch(e){o.e(e)}finally{o.f()}var c={oneOf:n};return r.length>0&&(c.description=r),c}},6086:(e,t,r)=>{"use strict";function n(e){return n="function"==typeof Symbol&&"symbol"==typeof Symbol.iterator?function(e){return typeof e}:function(e){return e&&"function"==typeof Symbol&&e.constructor===Symbol&&e!==Symbol.prototype?"symbol":typeof e},n(e)}function o(e,t){if(!(e instanceof t))throw new TypeError("Cannot call a class as a function")}function i(e,t){for(var r=0;r<t.length;r++){var n=t[r];n.enumerable=n.enumerable||!1,n.configurable=!0,"value"in n&&(n.writable=!0),Object.defineProperty(e,s(n.key),n)}}function a(e,t,r){return t&&i(e.prototype,t),r&&i(e,r),Object.defineProperty(e,"prototype",{writable:!1}),e}function s(e){var t=function(e,t){if("object"!=n(e)||!e)return e;var r=e[Symbol.toPrimitive];if(void 0!==r){var o=r.call(e,t||"default");if("object"!=n(o))return o;throw new TypeError("@@toPrimitive must return a primitive value.")}return("string"===t?String:Number)(e)}(e,"string");return"symbol"==n(t)?t:String(t)}function u(e,t,r){return t=d(t),function(e,t){if(t&&("object"===n(t)||"function"==typeof t))return t;if(void 0!==t)throw new TypeError("Derived constructors may only return object or undefined");return function(e){if(void 0===e)throw new ReferenceError("this hasn't been initialised - super() hasn't been called");return e}(e)}(e,f()?Reflect.construct(t,r||[],d(e).constructor):t.apply(e,r))}function c(e,t){if("function"!=typeof t&&null!==t)throw new TypeError("Super expression must either be null or a function");e.prototype=Object.create(t&&t.prototype,{constructor:{value:e,writable:!0,configurable:!0}}),Object.defineProperty(e,"prototype",{writable:!1}),t&&p(e,t)}function l(e){var t="function"==typeof Map?new Map:void 0;return l=function(e){if(null===e||!function(e){try{return-1!==Function.toString.call(e).indexOf("[native code]")}catch(t){return"function"==typeof e}}(e))return e;if("function"!=typeof e)throw new TypeError("Super expression must either be null or a function");if(void 0!==t){if(t.has(e))return t.get(e);t.set(e,r)}function r(){return function(e,t,r){if(f())return Reflect.construct.apply(null,arguments);var n=[null];n.push.apply(n,t);var o=new(e.bind.apply(e,n));return r&&p(o,r.prototype),o}(e,arguments,d(this).constructor)}return r.prototype=Object.create(e.prototype,{constructor:{value:r,enumerable:!1,writable:!0,configurable:!0}}),p(r,e)},l(e)}function f(){try{var e=!Boolean.prototype.valueOf.call(Reflect.construct(Boolean,[],(function(){})))}catch(e){}return(f=function(){return!!e})()}function p(e,t){return p=Object.setPrototypeOf?Object.setPrototypeOf.bind():function(e,t){return e.__proto__=t,e},p(e,t)}function d(e){return d=Object.setPrototypeOf?Object.getPrototypeOf.bind():function(e){return e.__proto__||Object.getPrototypeOf(e)},d(e)}r.d(t,{F7:()=>h,Fz:()=>v,dR:()=>y,hs:()=>g,oY:()=>m});var h=function(e){function t(e,r){var n;o(this,t);var i=(this instanceof t?this.constructor:void 0).prototype;return(n=u(this,t,[e])).__proto__=i,n.constructor=t,n.response=r,n}return c(t,e),a(t,[{key:"getResponse",value:function(){return this.response}}]),t}(l(Error)),y=function(e){function t(e,r){var n;o(this,t);var i=(this instanceof t?this.constructor:void 0).prototype;return(n=u(this,t,[e,r])).__proto__=i,n.constructor=t,n.name="NotFoundError",n}return c(t,e),a(t)}(h),m=function(e){function t(e,r){var n;o(this,t);var i=(this instanceof t?this.constructor:void 0).prototype;return(n=u(this,t,[e,r])).__proto__=i,n.constructor=t,n.name="BadRequestError",n}return c(t,e),a(t)}(h),v=function(e){function t(e,r){var n;o(this,t);var i=(this instanceof t?this.constructor:void 0).prototype;return(n=u(this,t,[e,r])).__proto__=i,n.constructor=t,n.name="BadResponseError",n}return c(t,e),a(t)}(h),g=function(e){function t(e,r,n){var i;o(this,t);var a=(this instanceof t?this.constructor:void 0).prototype;return(i=u(this,t,[e])).__proto__=a,i.constructor=t,i.name="AccountRequiresMemoError",i.accountId=r,i.operationIndex=n,i}return c(t,e),a(t)}(l(Error))},2761:(e,t,r)=>{"use strict";r.r(t),r.d(t,{Api:()=>n,FEDERATION_RESPONSE_MAX_SIZE:()=>b,Server:()=>w});var n={};r.r(n),r.d(n,{Api:()=>{}});var o=r(1257),i=r(4172),a=r(4998),s=r.n(a),u=r(7939),c=r(6086),l=r(4700);function f(e){return f="function"==typeof Symbol&&"symbol"==typeof Symbol.iterator?function(e){return typeof e}:function(e){return e&&"function"==typeof Symbol&&e.constructor===Symbol&&e!==Symbol.prototype?"symbol":typeof e},f(e)}function p(e,t){return function(e){if(Array.isArray(e))return e}(e)||function(e,t){var r=null==e?null:"undefined"!=typeof Symbol&&e[Symbol.iterator]||e["@@iterator"];if(null!=r){var n,o,i,a,s=[],u=!0,c=!1;try{if(i=(r=r.call(e)).next,0===t){if(Object(r)!==r)return;u=!1}else for(;!(u=(n=i.call(r)).done)&&(s.push(n.value),s.length!==t);u=!0);}catch(e){c=!0,o=e}finally{try{if(!u&&null!=r.return&&(a=r.return(),Object(a)!==a))return}finally{if(c)throw o}}return s}}(e,t)||function(e,t){if(!e)return;if("string"==typeof e)return d(e,t);var r=Object.prototype.toString.call(e).slice(8,-1);"Object"===r&&e.constructor&&(r=e.constructor.name);if("Map"===r||"Set"===r)return Array.from(e);if("Arguments"===r||/^(?:Ui|I)nt(?:8|16|32)(?:Clamped)?Array$/.test(r))return d(e,t)}(e,t)||function(){throw new TypeError("Invalid attempt to destructure non-iterable instance.\nIn order to be iterable, non-array objects must have a [Symbol.iterator]() method.")}()}function d(e,t){(null==t||t>e.length)&&(t=e.length);for(var r=0,n=new Array(t);r<t;r++)n[r]=e[r];return n}function h(){h=function(){return t};var e,t={},r=Object.prototype,n=r.hasOwnProperty,o=Object.defineProperty||function(e,t,r){e[t]=r.value},i="function"==typeof Symbol?Symbol:{},a=i.iterator||"@@iterator",s=i.asyncIterator||"@@asyncIterator",u=i.toStringTag||"@@toStringTag";function c(e,t,r){return Object.defineProperty(e,t,{value:r,enumerable:!0,configurable:!0,writable:!0}),e[t]}try{c({},"")}catch(e){c=function(e,t,r){return e[t]=r}}function l(e,t,r,n){var i=t&&t.prototype instanceof b?t:b,a=Object.create(i.prototype),s=new C(n||[]);return o(a,"_invoke",{value:x(e,r,s)}),a}function p(e,t,r){try{return{type:"normal",arg:e.call(t,r)}}catch(e){return{type:"throw",arg:e}}}t.wrap=l;var d="suspendedStart",y="suspendedYield",m="executing",v="completed",g={};function b(){}function w(){}function S(){}var _={};c(_,a,(function(){return this}));var E=Object.getPrototypeOf,T=E&&E(E(j([])));T&&T!==r&&n.call(T,a)&&(_=T);var k=S.prototype=b.prototype=Object.create(_);function O(e){["next","throw","return"].forEach((function(t){c(e,t,(function(e){return this._invoke(t,e)}))}))}function A(e,t){function r(o,i,a,s){var u=p(e[o],e,i);if("throw"!==u.type){var c=u.arg,l=c.value;return l&&"object"==f(l)&&n.call(l,"__await")?t.resolve(l.__await).then((function(e){r("next",e,a,s)}),(function(e){r("throw",e,a,s)})):t.resolve(l).then((function(e){c.value=e,a(c)}),(function(e){return r("throw",e,a,s)}))}s(u.arg)}var i;o(this,"_invoke",{value:function(e,n){function o(){return new t((function(t,o){r(e,n,t,o)}))}return i=i?i.then(o,o):o()}})}function x(t,r,n){var o=d;return function(i,a){if(o===m)throw new Error("Generator is already running");if(o===v){if("throw"===i)throw a;return{value:e,done:!0}}for(n.method=i,n.arg=a;;){var s=n.delegate;if(s){var u=P(s,n);if(u){if(u===g)continue;return u}}if("next"===n.method)n.sent=n._sent=n.arg;else if("throw"===n.method){if(o===d)throw o=v,n.arg;n.dispatchException(n.arg)}else"return"===n.method&&n.abrupt("return",n.arg);o=m;var c=p(t,r,n);if("normal"===c.type){if(o=n.done?v:y,c.arg===g)continue;return{value:c.arg,done:n.done}}"throw"===c.type&&(o=v,n.method="throw",n.arg=c.arg)}}}function P(t,r){var n=r.method,o=t.iterator[n];if(o===e)return r.delegate=null,"throw"===n&&t.iterator.return&&(r.method="return",r.arg=e,P(t,r),"throw"===r.method)||"return"!==n&&(r.method="throw",r.arg=new TypeError("The iterator does not provide a '"+n+"' method")),g;var i=p(o,t.iterator,r.arg);if("throw"===i.type)return r.method="throw",r.arg=i.arg,r.delegate=null,g;var a=i.arg;return a?a.done?(r[t.resultName]=a.value,r.next=t.nextLoc,"return"!==r.method&&(r.method="next",r.arg=e),r.delegate=null,g):a:(r.method="throw",r.arg=new TypeError("iterator result is not an object"),r.delegate=null,g)}function R(e){var t={tryLoc:e[0]};1 in e&&(t.catchLoc=e[1]),2 in e&&(t.finallyLoc=e[2],t.afterLoc=e[3]),this.tryEntries.push(t)}function I(e){var t=e.completion||{};t.type="normal",delete t.arg,e.completion=t}function C(e){this.tryEntries=[{tryLoc:"root"}],e.forEach(R,this),this.reset(!0)}function j(t){if(t||""===t){var r=t[a];if(r)return r.call(t);if("function"==typeof t.next)return t;if(!isNaN(t.length)){var o=-1,i=function r(){for(;++o<t.length;)if(n.call(t,o))return r.value=t[o],r.done=!1,r;return r.value=e,r.done=!0,r};return i.next=i}}throw new TypeError(f(t)+" is not iterable")}return w.prototype=S,o(k,"constructor",{value:S,configurable:!0}),o(S,"constructor",{value:w,configurable:!0}),w.displayName=c(S,u,"GeneratorFunction"),t.isGeneratorFunction=function(e){var t="function"==typeof e&&e.constructor;return!!t&&(t===w||"GeneratorFunction"===(t.displayName||t.name))},t.mark=function(e){return Object.setPrototypeOf?Object.setPrototypeOf(e,S):(e.__proto__=S,c(e,u,"GeneratorFunction")),e.prototype=Object.create(k),e},t.awrap=function(e){return{__await:e}},O(A.prototype),c(A.prototype,s,(function(){return this})),t.AsyncIterator=A,t.async=function(e,r,n,o,i){void 0===i&&(i=Promise);var a=new A(l(e,r,n,o),i);return t.isGeneratorFunction(r)?a:a.next().then((function(e){return e.done?e.value:a.next()}))},O(k),c(k,u,"Generator"),c(k,a,(function(){return this})),c(k,"toString",(function(){return"[object Generator]"})),t.keys=function(e){var t=Object(e),r=[];for(var n in t)r.push(n);return r.reverse(),function e(){for(;r.length;){var n=r.pop();if(n in t)return e.value=n,e.done=!1,e}return e.done=!0,e}},t.values=j,C.prototype={constructor:C,reset:function(t){if(this.prev=0,this.next=0,this.sent=this._sent=e,this.done=!1,this.delegate=null,this.method="next",this.arg=e,this.tryEntries.forEach(I),!t)for(var r in this)"t"===r.charAt(0)&&n.call(this,r)&&!isNaN(+r.slice(1))&&(this[r]=e)},stop:function(){this.done=!0;var e=this.tryEntries[0].completion;if("throw"===e.type)throw e.arg;return this.rval},dispatchException:function(t){if(this.done)throw t;var r=this;function o(n,o){return s.type="throw",s.arg=t,r.next=n,o&&(r.method="next",r.arg=e),!!o}for(var i=this.tryEntries.length-1;i>=0;--i){var a=this.tryEntries[i],s=a.completion;if("root"===a.tryLoc)return o("end");if(a.tryLoc<=this.prev){var u=n.call(a,"catchLoc"),c=n.call(a,"finallyLoc");if(u&&c){if(this.prev<a.catchLoc)return o(a.catchLoc,!0);if(this.prev<a.finallyLoc)return o(a.finallyLoc)}else if(u){if(this.prev<a.catchLoc)return o(a.catchLoc,!0)}else{if(!c)throw new Error("try statement without catch or finally");if(this.prev<a.finallyLoc)return o(a.finallyLoc)}}}},abrupt:function(e,t){for(var r=this.tryEntries.length-1;r>=0;--r){var o=this.tryEntries[r];if(o.tryLoc<=this.prev&&n.call(o,"finallyLoc")&&this.prev<o.finallyLoc){var i=o;break}}i&&("break"===e||"continue"===e)&&i.tryLoc<=t&&t<=i.finallyLoc&&(i=null);var a=i?i.completion:{};return a.type=e,a.arg=t,i?(this.method="next",this.next=i.finallyLoc,g):this.complete(a)},complete:function(e,t){if("throw"===e.type)throw e.arg;return"break"===e.type||"continue"===e.type?this.next=e.arg:"return"===e.type?(this.rval=this.arg=e.arg,this.method="return",this.next="end"):"normal"===e.type&&t&&(this.next=t),g},finish:function(e){for(var t=this.tryEntries.length-1;t>=0;--t){var r=this.tryEntries[t];if(r.finallyLoc===e)return this.complete(r.completion,r.afterLoc),I(r),g}},catch:function(e){for(var t=this.tryEntries.length-1;t>=0;--t){var r=this.tryEntries[t];if(r.tryLoc===e){var n=r.completion;if("throw"===n.type){var o=n.arg;I(r)}return o}}throw new Error("illegal catch attempt")},delegateYield:function(t,r,n){return this.delegate={iterator:j(t),resultName:r,nextLoc:n},"next"===this.method&&(this.arg=e),g}},t}function y(e,t,r,n,o,i,a){try{var s=e[i](a),u=s.value}catch(e){return void r(e)}s.done?t(u):Promise.resolve(u).then(n,o)}function m(e){return function(){var t=this,r=arguments;return new Promise((function(n,o){var i=e.apply(t,r);function a(e){y(i,n,o,a,s,"next",e)}function s(e){y(i,n,o,a,s,"throw",e)}a(void 0)}))}}function v(e,t){for(var r=0;r<t.length;r++){var n=t[r];n.enumerable=n.enumerable||!1,n.configurable=!0,"value"in n&&(n.writable=!0),Object.defineProperty(e,g(n.key),n)}}function g(e){var t=function(e,t){if("object"!=f(e)||!e)return e;var r=e[Symbol.toPrimitive];if(void 0!==r){var n=r.call(e,t||"default");if("object"!=f(n))return n;throw new TypeError("@@toPrimitive must return a primitive value.")}return("string"===t?String:Number)(e)}(e,"string");return"symbol"==f(t)?t:String(t)}var b=102400,w=function(){function e(t,r){var n=arguments.length>2&&void 0!==arguments[2]?arguments[2]:{};!function(e,t){if(!(e instanceof t))throw new TypeError("Cannot call a class as a function")}(this,e),this.serverURL=s()(t),this.domain=r;var o=void 0===n.allowHttp?u.D.isAllowHttp():n.allowHttp;if(this.timeout=void 0===n.timeout?u.D.getTimeout():n.timeout,"https"!==this.serverURL.protocol()&&!o)throw new Error("Cannot connect to insecure federation server")}var t,r,n,a,f,d,y,g,w;return t=e,r=[{key:"resolveAddress",value:(w=m(h().mark((function e(t){var r,n;return h().wrap((function(e){for(;;)switch(e.prev=e.next){case 0:if(r=t,!(t.indexOf("*")<0)){e.next=5;break}if(this.domain){e.next=4;break}return e.abrupt("return",Promise.reject(new Error("Unknown domain. Make sure `address` contains a domain (ex. `bob*stellar.org`) or pass `domain` parameter when instantiating the server object.")));case 4:r="".concat(t,"*").concat(this.domain);case 5:return n=this.serverURL.query({type:"name",q:r}),e.abrupt("return",this._sendRequest(n));case 7:case"end":return e.stop()}}),e,this)}))),function(e){return w.apply(this,arguments)})},{key:"resolveAccountId",value:(g=m(h().mark((function e(t){var r;return h().wrap((function(e){for(;;)switch(e.prev=e.next){case 0:return r=this.serverURL.query({type:"id",q:t}),e.abrupt("return",this._sendRequest(r));case 2:case"end":return e.stop()}}),e,this)}))),function(e){return g.apply(this,arguments)})},{key:"resolveTransactionId",value:(y=m(h().mark((function e(t){var r;return h().wrap((function(e){for(;;)switch(e.prev=e.next){case 0:return r=this.serverURL.query({type:"txid",q:t}),e.abrupt("return",this._sendRequest(r));case 2:case"end":return e.stop()}}),e,this)}))),function(e){return y.apply(this,arguments)})},{key:"_sendRequest",value:(d=m(h().mark((function e(t){var r;return h().wrap((function(e){for(;;)switch(e.prev=e.next){case 0:return r=this.timeout,e.abrupt("return",o.Z.get(t.toString(),{maxContentLength:b,timeout:r}).then((function(e){if(void 0!==e.data.memo&&"string"!=typeof e.data.memo)throw new Error("memo value should be of type string");return e.data})).catch((function(e){if(e instanceof Error){if(e.message.match(/^maxContentLength size/))throw new Error("federation response exceeds allowed size of ".concat(b));return Promise.reject(e)}return Promise.reject(new c.Fz("Server query failed. Server responded: ".concat(e.status," ").concat(e.statusText),e.data))})));case 2:case"end":return e.stop()}}),e,this)}))),function(e){return d.apply(this,arguments)})}],n=[{key:"resolve",value:(f=m(h().mark((function t(r){var n,o,a,s,u,c=arguments;return h().wrap((function(t){for(;;)switch(t.prev=t.next){case 0:if(n=c.length>1&&void 0!==c[1]?c[1]:{},!(r.indexOf("*")<0)){t.next=5;break}if(i.StrKey.isValidEd25519PublicKey(r)){t.next=4;break}return t.abrupt("return",Promise.reject(new Error("Invalid Account ID")));case 4:return t.abrupt("return",Promise.resolve({account_id:r}));case 5:if(o=r.split("*"),a=p(o,2),s=a[1],2===o.length&&s){t.next=9;break}return t.abrupt("return",Promise.reject(new Error("Invalid Stellar address")));case 9:return t.next=11,e.createForDomain(s,n);case 11:return u=t.sent,t.abrupt("return",u.resolveAddress(r));case 13:case"end":return t.stop()}}),t)}))),function(e){return f.apply(this,arguments)})},{key:"createForDomain",value:(a=m(h().mark((function t(r){var n,o,i=arguments;return h().wrap((function(t){for(;;)switch(t.prev=t.next){case 0:return n=i.length>1&&void 0!==i[1]?i[1]:{},t.next=3,l.Resolver.resolve(r,n);case 3:if((o=t.sent).FEDERATION_SERVER){t.next=6;break}return t.abrupt("return",Promise.reject(new Error("stellar.toml does not contain FEDERATION_SERVER field")));case 6:return t.abrupt("return",new e(o.FEDERATION_SERVER,r,n));case 7:case"end":return t.stop()}}),t)}))),function(e){return a.apply(this,arguments)})}],r&&v(t.prototype,r),n&&v(t,n),Object.defineProperty(t,"prototype",{writable:!1}),e}()},197:(e,t,r)=>{"use strict";r.r(t),r.d(t,{Api:()=>{}})},6881:(e,t,r)=>{"use strict";var n,o;r.r(t),r.d(t,{AccountResponse:()=>f,AxiosClient:()=>q,HorizonApi:()=>n,SERVER_TIME_MAP:()=>F,Server:()=>Cr,ServerApi:()=>o,default:()=>jr,getCurrentServerTime:()=>K}),function(e){var t=function(e){return e.constantProduct="constant_product",e}({});e.LiquidityPoolType=t;var r=function(e){return e.createAccount="create_account",e.payment="payment",e.pathPayment="path_payment_strict_receive",e.createPassiveOffer="create_passive_sell_offer",e.manageOffer="manage_sell_offer",e.setOptions="set_options",e.changeTrust="change_trust",e.allowTrust="allow_trust",e.accountMerge="account_merge",e.inflation="inflation",e.manageData="manage_data",e.bumpSequence="bump_sequence",e.manageBuyOffer="manage_buy_offer",e.pathPaymentStrictSend="path_payment_strict_send",e.createClaimableBalance="create_claimable_balance",e.claimClaimableBalance="claim_claimable_balance",e.beginSponsoringFutureReserves="begin_sponsoring_future_reserves",e.endSponsoringFutureReserves="end_sponsoring_future_reserves",e.revokeSponsorship="revoke_sponsorship",e.clawback="clawback",e.clawbackClaimableBalance="clawback_claimable_balance",e.setTrustLineFlags="set_trust_line_flags",e.liquidityPoolDeposit="liquidity_pool_deposit",e.liquidityPoolWithdraw="liquidity_pool_withdraw",e.invokeHostFunction="invoke_host_function",e.bumpFootprintExpiration="bump_footprint_expiration",e.restoreFootprint="restore_footprint",e}({});e.OperationResponseType=r;var n=function(e){return e[e.createAccount=0]="createAccount",e[e.payment=1]="payment",e[e.pathPayment=2]="pathPayment",e[e.createPassiveOffer=3]="createPassiveOffer",e[e.manageOffer=4]="manageOffer",e[e.setOptions=5]="setOptions",e[e.changeTrust=6]="changeTrust",e[e.allowTrust=7]="allowTrust",e[e.accountMerge=8]="accountMerge",e[e.inflation=9]="inflation",e[e.manageData=10]="manageData",e[e.bumpSequence=11]="bumpSequence",e[e.manageBuyOffer=12]="manageBuyOffer",e[e.pathPaymentStrictSend=13]="pathPaymentStrictSend",e[e.createClaimableBalance=14]="createClaimableBalance",e[e.claimClaimableBalance=15]="claimClaimableBalance",e[e.beginSponsoringFutureReserves=16]="beginSponsoringFutureReserves",e[e.endSponsoringFutureReserves=17]="endSponsoringFutureReserves",e[e.revokeSponsorship=18]="revokeSponsorship",e[e.clawback=19]="clawback",e[e.clawbackClaimableBalance=20]="clawbackClaimableBalance",e[e.setTrustLineFlags=21]="setTrustLineFlags",e[e.liquidityPoolDeposit=22]="liquidityPoolDeposit",e[e.liquidityPoolWithdraw=23]="liquidityPoolWithdraw",e[e.invokeHostFunction=24]="invokeHostFunction",e[e.bumpFootprintExpiration=25]="bumpFootprintExpiration",e[e.restoreFootprint=26]="restoreFootprint",e}({});e.OperationResponseTypeI=n;var o=function(e){return e.TX_FAILED="tx_failed",e.TX_BAD_SEQ="tx_bad_seq",e.TX_BAD_AUTH="tx_bad_auth",e.TX_BAD_AUTH_EXTRA="tx_bad_auth_extra",e.TX_FEE_BUMP_INNER_SUCCESS="tx_fee_bump_inner_success",e.TX_FEE_BUMP_INNER_FAILED="tx_fee_bump_inner_failed",e.TX_NOT_SUPPORTED="tx_not_supported",e.TX_SUCCESS="tx_success",e.TX_TOO_EARLY="tx_too_early",e.TX_TOO_LATE="tx_too_late",e.TX_MISSING_OPERATION="tx_missing_operation",e.TX_INSUFFICIENT_BALANCE="tx_insufficient_balance",e.TX_NO_SOURCE_ACCOUNT="tx_no_source_account",e.TX_INSUFFICIENT_FEE="tx_insufficient_fee",e.TX_INTERNAL_ERROR="tx_internal_error",e}({});e.TransactionFailedResultCodes=o}(n||(n={})),function(e){var t=function(e){return e.all="all",e.liquidityPools="liquidity_pool",e.orderbook="orderbook",e}({});e.TradeType=t;n.OperationResponseType,n.OperationResponseTypeI}(o||(o={}));var i=r(4172);function a(e){return a="function"==typeof Symbol&&"symbol"==typeof Symbol.iterator?function(e){return typeof e}:function(e){return e&&"function"==typeof Symbol&&e.constructor===Symbol&&e!==Symbol.prototype?"symbol":typeof e},a(e)}function s(e,t){return function(e){if(Array.isArray(e))return e}(e)||function(e,t){var r=null==e?null:"undefined"!=typeof Symbol&&e[Symbol.iterator]||e["@@iterator"];if(null!=r){var n,o,i,a,s=[],u=!0,c=!1;try{if(i=(r=r.call(e)).next,0===t){if(Object(r)!==r)return;u=!1}else for(;!(u=(n=i.call(r)).done)&&(s.push(n.value),s.length!==t);u=!0);}catch(e){c=!0,o=e}finally{try{if(!u&&null!=r.return&&(a=r.return(),Object(a)!==a))return}finally{if(c)throw o}}return s}}(e,t)||function(e,t){if(!e)return;if("string"==typeof e)return u(e,t);var r=Object.prototype.toString.call(e).slice(8,-1);"Object"===r&&e.constructor&&(r=e.constructor.name);if("Map"===r||"Set"===r)return Array.from(e);if("Arguments"===r||/^(?:Ui|I)nt(?:8|16|32)(?:Clamped)?Array$/.test(r))return u(e,t)}(e,t)||function(){throw new TypeError("Invalid attempt to destructure non-iterable instance.\nIn order to be iterable, non-array objects must have a [Symbol.iterator]() method.")}()}function u(e,t){(null==t||t>e.length)&&(t=e.length);for(var r=0,n=new Array(t);r<t;r++)n[r]=e[r];return n}function c(e,t){for(var r=0;r<t.length;r++){var n=t[r];n.enumerable=n.enumerable||!1,n.configurable=!0,"value"in n&&(n.writable=!0),Object.defineProperty(e,l(n.key),n)}}function l(e){var t=function(e,t){if("object"!=a(e)||!e)return e;var r=e[Symbol.toPrimitive];if(void 0!==r){var n=r.call(e,t||"default");if("object"!=a(n))return n;throw new TypeError("@@toPrimitive must return a primitive value.")}return("string"===t?String:Number)(e)}(e,"string");return"symbol"==a(t)?t:String(t)}var f=function(){function e(t){var r=this;!function(e,t){if(!(e instanceof t))throw new TypeError("Cannot call a class as a function")}(this,e),this._baseAccount=new i.Account(t.account_id,t.sequence),Object.entries(t).forEach((function(e){var t=s(e,2),n=t[0],o=t[1];r[n]=o}))}var t,r,n;return t=e,(r=[{key:"accountId",value:function(){return this._baseAccount.accountId()}},{key:"sequenceNumber",value:function(){return this._baseAccount.sequenceNumber()}},{key:"incrementSequenceNumber",value:function(){this._baseAccount.incrementSequenceNumber(),this.sequence=this._baseAccount.sequenceNumber()}}])&&c(t.prototype,r),n&&c(t,n),Object.defineProperty(t,"prototype",{writable:!1}),e}(),p=/^-?(?:\d+(?:\.\d*)?|\.\d+)(?:e[+-]?\d+)?$/i,d=Math.ceil,h=Math.floor,y="[BigNumber Error] ",m=y+"Number primitive has more than 15 significant digits: ",v=1e14,g=14,b=9007199254740991,w=[1,10,100,1e3,1e4,1e5,1e6,1e7,1e8,1e9,1e10,1e11,1e12,1e13],S=1e7,_=1e9;function E(e){var t=0|e;return e>0||e===t?t:t-1}function T(e){for(var t,r,n=1,o=e.length,i=e[0]+"";n<o;){for(t=e[n++]+"",r=g-t.length;r--;t="0"+t);i+=t}for(o=i.length;48===i.charCodeAt(--o););return i.slice(0,o+1||1)}function k(e,t){var r,n,o=e.c,i=t.c,a=e.s,s=t.s,u=e.e,c=t.e;if(!a||!s)return null;if(r=o&&!o[0],n=i&&!i[0],r||n)return r?n?0:-s:a;if(a!=s)return a;if(r=a<0,n=u==c,!o||!i)return n?0:!o^r?1:-1;if(!n)return u>c^r?1:-1;for(s=(u=o.length)<(c=i.length)?u:c,a=0;a<s;a++)if(o[a]!=i[a])return o[a]>i[a]^r?1:-1;return u==c?0:u>c^r?1:-1}function O(e,t,r,n){if(e<t||e>r||e!==h(e))throw Error(y+(n||"Argument")+("number"==typeof e?e<t||e>r?" out of range: ":" not an integer: ":" not a primitive number: ")+String(e))}function A(e){var t=e.c.length-1;return E(e.e/g)==t&&e.c[t]%2!=0}function x(e,t){return(e.length>1?e.charAt(0)+"."+e.slice(1):e)+(t<0?"e":"e+")+t}function P(e,t,r){var n,o;if(t<0){for(o=r+".";++t;o+=r);e=o+e}else if(++t>(n=e.length)){for(o=r,t-=n;--t;o+=r);e+=o}else t<n&&(e=e.slice(0,t)+"."+e.slice(t));return e}var R=function e(t){var r,n,o,i,a,s,u,c,l,f,R=H.prototype={constructor:H,toString:null,valueOf:null},I=new H(1),C=20,j=4,B=-7,L=21,N=-1e7,U=1e7,M=!1,F=1,D=0,V={prefix:"",groupSize:3,secondaryGroupSize:0,groupSeparator:",",decimalSeparator:".",fractionGroupSize:0,fractionGroupSeparator:"\xa0",suffix:""},q="0123456789abcdefghijklmnopqrstuvwxyz",K=!0;function H(e,t){var r,i,a,s,u,c,l,f,d=this;if(!(d instanceof H))return new H(e,t);if(null==t){if(e&&!0===e._isBigNumber)return d.s=e.s,void(!e.c||e.e>U?d.c=d.e=null:e.e<N?d.c=[d.e=0]:(d.e=e.e,d.c=e.c.slice()));if((c="number"==typeof e)&&0*e==0){if(d.s=1/e<0?(e=-e,-1):1,e===~~e){for(s=0,u=e;u>=10;u/=10,s++);return void(s>U?d.c=d.e=null:(d.e=s,d.c=[e]))}f=String(e)}else{if(!p.test(f=String(e)))return o(d,f,c);d.s=45==f.charCodeAt(0)?(f=f.slice(1),-1):1}(s=f.indexOf("."))>-1&&(f=f.replace(".","")),(u=f.search(/e/i))>0?(s<0&&(s=u),s+=+f.slice(u+1),f=f.substring(0,u)):s<0&&(s=f.length)}else{if(O(t,2,q.length,"Base"),10==t&&K)return W(d=new H(e),C+d.e+1,j);if(f=String(e),c="number"==typeof e){if(0*e!=0)return o(d,f,c,t);if(d.s=1/e<0?(f=f.slice(1),-1):1,H.DEBUG&&f.replace(/^0\.0*|\./,"").length>15)throw Error(m+e)}else d.s=45===f.charCodeAt(0)?(f=f.slice(1),-1):1;for(r=q.slice(0,t),s=u=0,l=f.length;u<l;u++)if(r.indexOf(i=f.charAt(u))<0){if("."==i){if(u>s){s=l;continue}}else if(!a&&(f==f.toUpperCase()&&(f=f.toLowerCase())||f==f.toLowerCase()&&(f=f.toUpperCase()))){a=!0,u=-1,s=0;continue}return o(d,String(e),c,t)}c=!1,(s=(f=n(f,t,10,d.s)).indexOf("."))>-1?f=f.replace(".",""):s=f.length}for(u=0;48===f.charCodeAt(u);u++);for(l=f.length;48===f.charCodeAt(--l););if(f=f.slice(u,++l)){if(l-=u,c&&H.DEBUG&&l>15&&(e>b||e!==h(e)))throw Error(m+d.s*e);if((s=s-u-1)>U)d.c=d.e=null;else if(s<N)d.c=[d.e=0];else{if(d.e=s,d.c=[],u=(s+1)%g,s<0&&(u+=g),u<l){for(u&&d.c.push(+f.slice(0,u)),l-=g;u<l;)d.c.push(+f.slice(u,u+=g));u=g-(f=f.slice(u)).length}else u-=l;for(;u--;f+="0");d.c.push(+f)}}else d.c=[d.e=0]}function z(e,t,r,n){var o,i,a,s,u;if(null==r?r=j:O(r,0,8),!e.c)return e.toString();if(o=e.c[0],a=e.e,null==t)u=T(e.c),u=1==n||2==n&&(a<=B||a>=L)?x(u,a):P(u,a,"0");else if(i=(e=W(new H(e),t,r)).e,s=(u=T(e.c)).length,1==n||2==n&&(t<=i||i<=B)){for(;s<t;u+="0",s++);u=x(u,i)}else if(t-=a,u=P(u,i,"0"),i+1>s){if(--t>0)for(u+=".";t--;u+="0");}else if((t+=i-s)>0)for(i+1==s&&(u+=".");t--;u+="0");return e.s<0&&o?"-"+u:u}function X(e,t){for(var r,n,o=1,i=new H(e[0]);o<e.length;o++)(!(n=new H(e[o])).s||(r=k(i,n))===t||0===r&&i.s===t)&&(i=n);return i}function $(e,t,r){for(var n=1,o=t.length;!t[--o];t.pop());for(o=t[0];o>=10;o/=10,n++);return(r=n+r*g-1)>U?e.c=e.e=null:r<N?e.c=[e.e=0]:(e.e=r,e.c=t),e}function W(e,t,r,n){var o,i,a,s,u,c,l,f=e.c,p=w;if(f){e:{for(o=1,s=f[0];s>=10;s/=10,o++);if((i=t-o)<0)i+=g,a=t,u=f[c=0],l=h(u/p[o-a-1]%10);else if((c=d((i+1)/g))>=f.length){if(!n)break e;for(;f.length<=c;f.push(0));u=l=0,o=1,a=(i%=g)-g+1}else{for(u=s=f[c],o=1;s>=10;s/=10,o++);l=(a=(i%=g)-g+o)<0?0:h(u/p[o-a-1]%10)}if(n=n||t<0||null!=f[c+1]||(a<0?u:u%p[o-a-1]),n=r<4?(l||n)&&(0==r||r==(e.s<0?3:2)):l>5||5==l&&(4==r||n||6==r&&(i>0?a>0?u/p[o-a]:0:f[c-1])%10&1||r==(e.s<0?8:7)),t<1||!f[0])return f.length=0,n?(t-=e.e+1,f[0]=p[(g-t%g)%g],e.e=-t||0):f[0]=e.e=0,e;if(0==i?(f.length=c,s=1,c--):(f.length=c+1,s=p[g-i],f[c]=a>0?h(u/p[o-a]%p[a])*s:0),n)for(;;){if(0==c){for(i=1,a=f[0];a>=10;a/=10,i++);for(a=f[0]+=s,s=1;a>=10;a/=10,s++);i!=s&&(e.e++,f[0]==v&&(f[0]=1));break}if(f[c]+=s,f[c]!=v)break;f[c--]=0,s=1}for(i=f.length;0===f[--i];f.pop());}e.e>U?e.c=e.e=null:e.e<N&&(e.c=[e.e=0])}return e}function G(e){var t,r=e.e;return null===r?e.toString():(t=T(e.c),t=r<=B||r>=L?x(t,r):P(t,r,"0"),e.s<0?"-"+t:t)}return H.clone=e,H.ROUND_UP=0,H.ROUND_DOWN=1,H.ROUND_CEIL=2,H.ROUND_FLOOR=3,H.ROUND_HALF_UP=4,H.ROUND_HALF_DOWN=5,H.ROUND_HALF_EVEN=6,H.ROUND_HALF_CEIL=7,H.ROUND_HALF_FLOOR=8,H.EUCLID=9,H.config=H.set=function(e){var t,r;if(null!=e){if("object"!=typeof e)throw Error(y+"Object expected: "+e);if(e.hasOwnProperty(t="DECIMAL_PLACES")&&(O(r=e[t],0,_,t),C=r),e.hasOwnProperty(t="ROUNDING_MODE")&&(O(r=e[t],0,8,t),j=r),e.hasOwnProperty(t="EXPONENTIAL_AT")&&((r=e[t])&&r.pop?(O(r[0],-_,0,t),O(r[1],0,_,t),B=r[0],L=r[1]):(O(r,-_,_,t),B=-(L=r<0?-r:r))),e.hasOwnProperty(t="RANGE"))if((r=e[t])&&r.pop)O(r[0],-_,-1,t),O(r[1],1,_,t),N=r[0],U=r[1];else{if(O(r,-_,_,t),!r)throw Error(y+t+" cannot be zero: "+r);N=-(U=r<0?-r:r)}if(e.hasOwnProperty(t="CRYPTO")){if((r=e[t])!==!!r)throw Error(y+t+" not true or false: "+r);if(r){if("undefined"==typeof crypto||!crypto||!crypto.getRandomValues&&!crypto.randomBytes)throw M=!r,Error(y+"crypto unavailable");M=r}else M=r}if(e.hasOwnProperty(t="MODULO_MODE")&&(O(r=e[t],0,9,t),F=r),e.hasOwnProperty(t="POW_PRECISION")&&(O(r=e[t],0,_,t),D=r),e.hasOwnProperty(t="FORMAT")){if("object"!=typeof(r=e[t]))throw Error(y+t+" not an object: "+r);V=r}if(e.hasOwnProperty(t="ALPHABET")){if("string"!=typeof(r=e[t])||/^.?$|[+\-.\s]|(.).*\1/.test(r))throw Error(y+t+" invalid: "+r);K="0123456789"==r.slice(0,10),q=r}}return{DECIMAL_PLACES:C,ROUNDING_MODE:j,EXPONENTIAL_AT:[B,L],RANGE:[N,U],CRYPTO:M,MODULO_MODE:F,POW_PRECISION:D,FORMAT:V,ALPHABET:q}},H.isBigNumber=function(e){if(!e||!0!==e._isBigNumber)return!1;if(!H.DEBUG)return!0;var t,r,n=e.c,o=e.e,i=e.s;e:if("[object Array]"=={}.toString.call(n)){if((1===i||-1===i)&&o>=-_&&o<=_&&o===h(o)){if(0===n[0]){if(0===o&&1===n.length)return!0;break e}if((t=(o+1)%g)<1&&(t+=g),String(n[0]).length==t){for(t=0;t<n.length;t++)if((r=n[t])<0||r>=v||r!==h(r))break e;if(0!==r)return!0}}}else if(null===n&&null===o&&(null===i||1===i||-1===i))return!0;throw Error(y+"Invalid BigNumber: "+e)},H.maximum=H.max=function(){return X(arguments,-1)},H.minimum=H.min=function(){return X(arguments,1)},H.random=(i=9007199254740992,a=Math.random()*i&2097151?function(){return h(Math.random()*i)}:function(){return 8388608*(1073741824*Math.random()|0)+(8388608*Math.random()|0)},function(e){var t,r,n,o,i,s=0,u=[],c=new H(I);if(null==e?e=C:O(e,0,_),o=d(e/g),M)if(crypto.getRandomValues){for(t=crypto.getRandomValues(new Uint32Array(o*=2));s<o;)(i=131072*t[s]+(t[s+1]>>>11))>=9e15?(r=crypto.getRandomValues(new Uint32Array(2)),t[s]=r[0],t[s+1]=r[1]):(u.push(i%1e14),s+=2);s=o/2}else{if(!crypto.randomBytes)throw M=!1,Error(y+"crypto unavailable");for(t=crypto.randomBytes(o*=7);s<o;)(i=281474976710656*(31&t[s])+1099511627776*t[s+1]+4294967296*t[s+2]+16777216*t[s+3]+(t[s+4]<<16)+(t[s+5]<<8)+t[s+6])>=9e15?crypto.randomBytes(7).copy(t,s):(u.push(i%1e14),s+=7);s=o/7}if(!M)for(;s<o;)(i=a())<9e15&&(u[s++]=i%1e14);for(o=u[--s],e%=g,o&&e&&(i=w[g-e],u[s]=h(o/i)*i);0===u[s];u.pop(),s--);if(s<0)u=[n=0];else{for(n=-1;0===u[0];u.splice(0,1),n-=g);for(s=1,i=u[0];i>=10;i/=10,s++);s<g&&(n-=g-s)}return c.e=n,c.c=u,c}),H.sum=function(){for(var e=1,t=arguments,r=new H(t[0]);e<t.length;)r=r.plus(t[e++]);return r},n=function(){var e="0123456789";function t(e,t,r,n){for(var o,i,a=[0],s=0,u=e.length;s<u;){for(i=a.length;i--;a[i]*=t);for(a[0]+=n.indexOf(e.charAt(s++)),o=0;o<a.length;o++)a[o]>r-1&&(null==a[o+1]&&(a[o+1]=0),a[o+1]+=a[o]/r|0,a[o]%=r)}return a.reverse()}return function(n,o,i,a,s){var u,c,l,f,p,d,h,y,m=n.indexOf("."),v=C,g=j;for(m>=0&&(f=D,D=0,n=n.replace(".",""),d=(y=new H(o)).pow(n.length-m),D=f,y.c=t(P(T(d.c),d.e,"0"),10,i,e),y.e=y.c.length),l=f=(h=t(n,o,i,s?(u=q,e):(u=e,q))).length;0==h[--f];h.pop());if(!h[0])return u.charAt(0);if(m<0?--l:(d.c=h,d.e=l,d.s=a,h=(d=r(d,y,v,g,i)).c,p=d.r,l=d.e),m=h[c=l+v+1],f=i/2,p=p||c<0||null!=h[c+1],p=g<4?(null!=m||p)&&(0==g||g==(d.s<0?3:2)):m>f||m==f&&(4==g||p||6==g&&1&h[c-1]||g==(d.s<0?8:7)),c<1||!h[0])n=p?P(u.charAt(1),-v,u.charAt(0)):u.charAt(0);else{if(h.length=c,p)for(--i;++h[--c]>i;)h[c]=0,c||(++l,h=[1].concat(h));for(f=h.length;!h[--f];);for(m=0,n="";m<=f;n+=u.charAt(h[m++]));n=P(n,l,u.charAt(0))}return n}}(),r=function(){function e(e,t,r){var n,o,i,a,s=0,u=e.length,c=t%S,l=t/S|0;for(e=e.slice();u--;)s=((o=c*(i=e[u]%S)+(n=l*i+(a=e[u]/S|0)*c)%S*S+s)/r|0)+(n/S|0)+l*a,e[u]=o%r;return s&&(e=[s].concat(e)),e}function t(e,t,r,n){var o,i;if(r!=n)i=r>n?1:-1;else for(o=i=0;o<r;o++)if(e[o]!=t[o]){i=e[o]>t[o]?1:-1;break}return i}function r(e,t,r,n){for(var o=0;r--;)e[r]-=o,o=e[r]<t[r]?1:0,e[r]=o*n+e[r]-t[r];for(;!e[0]&&e.length>1;e.splice(0,1));}return function(n,o,i,a,s){var u,c,l,f,p,d,y,m,b,w,S,_,T,k,O,A,x,P=n.s==o.s?1:-1,R=n.c,I=o.c;if(!(R&&R[0]&&I&&I[0]))return new H(n.s&&o.s&&(R?!I||R[0]!=I[0]:I)?R&&0==R[0]||!I?0*P:P/0:NaN);for(b=(m=new H(P)).c=[],P=i+(c=n.e-o.e)+1,s||(s=v,c=E(n.e/g)-E(o.e/g),P=P/g|0),l=0;I[l]==(R[l]||0);l++);if(I[l]>(R[l]||0)&&c--,P<0)b.push(1),f=!0;else{for(k=R.length,A=I.length,l=0,P+=2,(p=h(s/(I[0]+1)))>1&&(I=e(I,p,s),R=e(R,p,s),A=I.length,k=R.length),T=A,S=(w=R.slice(0,A)).length;S<A;w[S++]=0);x=I.slice(),x=[0].concat(x),O=I[0],I[1]>=s/2&&O++;do{if(p=0,(u=t(I,w,A,S))<0){if(_=w[0],A!=S&&(_=_*s+(w[1]||0)),(p=h(_/O))>1)for(p>=s&&(p=s-1),y=(d=e(I,p,s)).length,S=w.length;1==t(d,w,y,S);)p--,r(d,A<y?x:I,y,s),y=d.length,u=1;else 0==p&&(u=p=1),y=(d=I.slice()).length;if(y<S&&(d=[0].concat(d)),r(w,d,S,s),S=w.length,-1==u)for(;t(I,w,A,S)<1;)p++,r(w,A<S?x:I,S,s),S=w.length}else 0===u&&(p++,w=[0]);b[l++]=p,w[0]?w[S++]=R[T]||0:(w=[R[T]],S=1)}while((T++<k||null!=w[0])&&P--);f=null!=w[0],b[0]||b.splice(0,1)}if(s==v){for(l=1,P=b[0];P>=10;P/=10,l++);W(m,i+(m.e=l+c*g-1)+1,a,f)}else m.e=c,m.r=+f;return m}}(),s=/^(-?)0([xbo])(?=\w[\w.]*$)/i,u=/^([^.]+)\.$/,c=/^\.([^.]+)$/,l=/^-?(Infinity|NaN)$/,f=/^\s*\+(?=[\w.])|^\s+|\s+$/g,o=function(e,t,r,n){var o,i=r?t:t.replace(f,"");if(l.test(i))e.s=isNaN(i)?null:i<0?-1:1;else{if(!r&&(i=i.replace(s,(function(e,t,r){return o="x"==(r=r.toLowerCase())?16:"b"==r?2:8,n&&n!=o?e:t})),n&&(o=n,i=i.replace(u,"$1").replace(c,"0.$1")),t!=i))return new H(i,o);if(H.DEBUG)throw Error(y+"Not a"+(n?" base "+n:"")+" number: "+t);e.s=null}e.c=e.e=null},R.absoluteValue=R.abs=function(){var e=new H(this);return e.s<0&&(e.s=1),e},R.comparedTo=function(e,t){return k(this,new H(e,t))},R.decimalPlaces=R.dp=function(e,t){var r,n,o,i=this;if(null!=e)return O(e,0,_),null==t?t=j:O(t,0,8),W(new H(i),e+i.e+1,t);if(!(r=i.c))return null;if(n=((o=r.length-1)-E(this.e/g))*g,o=r[o])for(;o%10==0;o/=10,n--);return n<0&&(n=0),n},R.dividedBy=R.div=function(e,t){return r(this,new H(e,t),C,j)},R.dividedToIntegerBy=R.idiv=function(e,t){return r(this,new H(e,t),0,1)},R.exponentiatedBy=R.pow=function(e,t){var r,n,o,i,a,s,u,c,l=this;if((e=new H(e)).c&&!e.isInteger())throw Error(y+"Exponent not an integer: "+G(e));if(null!=t&&(t=new H(t)),a=e.e>14,!l.c||!l.c[0]||1==l.c[0]&&!l.e&&1==l.c.length||!e.c||!e.c[0])return c=new H(Math.pow(+G(l),a?e.s*(2-A(e)):+G(e))),t?c.mod(t):c;if(s=e.s<0,t){if(t.c?!t.c[0]:!t.s)return new H(NaN);(n=!s&&l.isInteger()&&t.isInteger())&&(l=l.mod(t))}else{if(e.e>9&&(l.e>0||l.e<-1||(0==l.e?l.c[0]>1||a&&l.c[1]>=24e7:l.c[0]<8e13||a&&l.c[0]<=9999975e7)))return i=l.s<0&&A(e)?-0:0,l.e>-1&&(i=1/i),new H(s?1/i:i);D&&(i=d(D/g+2))}for(a?(r=new H(.5),s&&(e.s=1),u=A(e)):u=(o=Math.abs(+G(e)))%2,c=new H(I);;){if(u){if(!(c=c.times(l)).c)break;i?c.c.length>i&&(c.c.length=i):n&&(c=c.mod(t))}if(o){if(0===(o=h(o/2)))break;u=o%2}else if(W(e=e.times(r),e.e+1,1),e.e>14)u=A(e);else{if(0===(o=+G(e)))break;u=o%2}l=l.times(l),i?l.c&&l.c.length>i&&(l.c.length=i):n&&(l=l.mod(t))}return n?c:(s&&(c=I.div(c)),t?c.mod(t):i?W(c,D,j,undefined):c)},R.integerValue=function(e){var t=new H(this);return null==e?e=j:O(e,0,8),W(t,t.e+1,e)},R.isEqualTo=R.eq=function(e,t){return 0===k(this,new H(e,t))},R.isFinite=function(){return!!this.c},R.isGreaterThan=R.gt=function(e,t){return k(this,new H(e,t))>0},R.isGreaterThanOrEqualTo=R.gte=function(e,t){return 1===(t=k(this,new H(e,t)))||0===t},R.isInteger=function(){return!!this.c&&E(this.e/g)>this.c.length-2},R.isLessThan=R.lt=function(e,t){return k(this,new H(e,t))<0},R.isLessThanOrEqualTo=R.lte=function(e,t){return-1===(t=k(this,new H(e,t)))||0===t},R.isNaN=function(){return!this.s},R.isNegative=function(){return this.s<0},R.isPositive=function(){return this.s>0},R.isZero=function(){return!!this.c&&0==this.c[0]},R.minus=function(e,t){var r,n,o,i,a=this,s=a.s;if(t=(e=new H(e,t)).s,!s||!t)return new H(NaN);if(s!=t)return e.s=-t,a.plus(e);var u=a.e/g,c=e.e/g,l=a.c,f=e.c;if(!u||!c){if(!l||!f)return l?(e.s=-t,e):new H(f?a:NaN);if(!l[0]||!f[0])return f[0]?(e.s=-t,e):new H(l[0]?a:3==j?-0:0)}if(u=E(u),c=E(c),l=l.slice(),s=u-c){for((i=s<0)?(s=-s,o=l):(c=u,o=f),o.reverse(),t=s;t--;o.push(0));o.reverse()}else for(n=(i=(s=l.length)<(t=f.length))?s:t,s=t=0;t<n;t++)if(l[t]!=f[t]){i=l[t]<f[t];break}if(i&&(o=l,l=f,f=o,e.s=-e.s),(t=(n=f.length)-(r=l.length))>0)for(;t--;l[r++]=0);for(t=v-1;n>s;){if(l[--n]<f[n]){for(r=n;r&&!l[--r];l[r]=t);--l[r],l[n]+=v}l[n]-=f[n]}for(;0==l[0];l.splice(0,1),--c);return l[0]?$(e,l,c):(e.s=3==j?-1:1,e.c=[e.e=0],e)},R.modulo=R.mod=function(e,t){var n,o,i=this;return e=new H(e,t),!i.c||!e.s||e.c&&!e.c[0]?new H(NaN):!e.c||i.c&&!i.c[0]?new H(i):(9==F?(o=e.s,e.s=1,n=r(i,e,0,3),e.s=o,n.s*=o):n=r(i,e,0,F),(e=i.minus(n.times(e))).c[0]||1!=F||(e.s=i.s),e)},R.multipliedBy=R.times=function(e,t){var r,n,o,i,a,s,u,c,l,f,p,d,h,y,m,b=this,w=b.c,_=(e=new H(e,t)).c;if(!(w&&_&&w[0]&&_[0]))return!b.s||!e.s||w&&!w[0]&&!_||_&&!_[0]&&!w?e.c=e.e=e.s=null:(e.s*=b.s,w&&_?(e.c=[0],e.e=0):e.c=e.e=null),e;for(n=E(b.e/g)+E(e.e/g),e.s*=b.s,(u=w.length)<(f=_.length)&&(h=w,w=_,_=h,o=u,u=f,f=o),o=u+f,h=[];o--;h.push(0));for(y=v,m=S,o=f;--o>=0;){for(r=0,p=_[o]%m,d=_[o]/m|0,i=o+(a=u);i>o;)r=((c=p*(c=w[--a]%m)+(s=d*c+(l=w[a]/m|0)*p)%m*m+h[i]+r)/y|0)+(s/m|0)+d*l,h[i--]=c%y;h[i]=r}return r?++n:h.splice(0,1),$(e,h,n)},R.negated=function(){var e=new H(this);return e.s=-e.s||null,e},R.plus=function(e,t){var r,n=this,o=n.s;if(t=(e=new H(e,t)).s,!o||!t)return new H(NaN);if(o!=t)return e.s=-t,n.minus(e);var i=n.e/g,a=e.e/g,s=n.c,u=e.c;if(!i||!a){if(!s||!u)return new H(o/0);if(!s[0]||!u[0])return u[0]?e:new H(s[0]?n:0*o)}if(i=E(i),a=E(a),s=s.slice(),o=i-a){for(o>0?(a=i,r=u):(o=-o,r=s),r.reverse();o--;r.push(0));r.reverse()}for((o=s.length)-(t=u.length)<0&&(r=u,u=s,s=r,t=o),o=0;t;)o=(s[--t]=s[t]+u[t]+o)/v|0,s[t]=v===s[t]?0:s[t]%v;return o&&(s=[o].concat(s),++a),$(e,s,a)},R.precision=R.sd=function(e,t){var r,n,o,i=this;if(null!=e&&e!==!!e)return O(e,1,_),null==t?t=j:O(t,0,8),W(new H(i),e,t);if(!(r=i.c))return null;if(n=(o=r.length-1)*g+1,o=r[o]){for(;o%10==0;o/=10,n--);for(o=r[0];o>=10;o/=10,n++);}return e&&i.e+1>n&&(n=i.e+1),n},R.shiftedBy=function(e){return O(e,-9007199254740991,b),this.times("1e"+e)},R.squareRoot=R.sqrt=function(){var e,t,n,o,i,a=this,s=a.c,u=a.s,c=a.e,l=C+4,f=new H("0.5");if(1!==u||!s||!s[0])return new H(!u||u<0&&(!s||s[0])?NaN:s?a:1/0);if(0==(u=Math.sqrt(+G(a)))||u==1/0?(((t=T(s)).length+c)%2==0&&(t+="0"),u=Math.sqrt(+t),c=E((c+1)/2)-(c<0||c%2),n=new H(t=u==1/0?"5e"+c:(t=u.toExponential()).slice(0,t.indexOf("e")+1)+c)):n=new H(u+""),n.c[0])for((u=(c=n.e)+l)<3&&(u=0);;)if(i=n,n=f.times(i.plus(r(a,i,l,1))),T(i.c).slice(0,u)===(t=T(n.c)).slice(0,u)){if(n.e<c&&--u,"9999"!=(t=t.slice(u-3,u+1))&&(o||"4999"!=t)){+t&&(+t.slice(1)||"5"!=t.charAt(0))||(W(n,n.e+C+2,1),e=!n.times(n).eq(a));break}if(!o&&(W(i,i.e+C+2,0),i.times(i).eq(a))){n=i;break}l+=4,u+=4,o=1}return W(n,n.e+C+1,j,e)},R.toExponential=function(e,t){return null!=e&&(O(e,0,_),e++),z(this,e,t,1)},R.toFixed=function(e,t){return null!=e&&(O(e,0,_),e=e+this.e+1),z(this,e,t)},R.toFormat=function(e,t,r){var n,o=this;if(null==r)null!=e&&t&&"object"==typeof t?(r=t,t=null):e&&"object"==typeof e?(r=e,e=t=null):r=V;else if("object"!=typeof r)throw Error(y+"Argument not an object: "+r);if(n=o.toFixed(e,t),o.c){var i,a=n.split("."),s=+r.groupSize,u=+r.secondaryGroupSize,c=r.groupSeparator||"",l=a[0],f=a[1],p=o.s<0,d=p?l.slice(1):l,h=d.length;if(u&&(i=s,s=u,u=i,h-=i),s>0&&h>0){for(i=h%s||s,l=d.substr(0,i);i<h;i+=s)l+=c+d.substr(i,s);u>0&&(l+=c+d.slice(i)),p&&(l="-"+l)}n=f?l+(r.decimalSeparator||"")+((u=+r.fractionGroupSize)?f.replace(new RegExp("\\d{"+u+"}\\B","g"),"$&"+(r.fractionGroupSeparator||"")):f):l}return(r.prefix||"")+n+(r.suffix||"")},R.toFraction=function(e){var t,n,o,i,a,s,u,c,l,f,p,d,h=this,m=h.c;if(null!=e&&(!(u=new H(e)).isInteger()&&(u.c||1!==u.s)||u.lt(I)))throw Error(y+"Argument "+(u.isInteger()?"out of range: ":"not an integer: ")+G(u));if(!m)return new H(h);for(t=new H(I),l=n=new H(I),o=c=new H(I),d=T(m),a=t.e=d.length-h.e-1,t.c[0]=w[(s=a%g)<0?g+s:s],e=!e||u.comparedTo(t)>0?a>0?t:l:u,s=U,U=1/0,u=new H(d),c.c[0]=0;f=r(u,t,0,1),1!=(i=n.plus(f.times(o))).comparedTo(e);)n=o,o=i,l=c.plus(f.times(i=l)),c=i,t=u.minus(f.times(i=t)),u=i;return i=r(e.minus(n),o,0,1),c=c.plus(i.times(l)),n=n.plus(i.times(o)),c.s=l.s=h.s,p=r(l,o,a*=2,j).minus(h).abs().comparedTo(r(c,n,a,j).minus(h).abs())<1?[l,o]:[c,n],U=s,p},R.toNumber=function(){return+G(this)},R.toPrecision=function(e,t){return null!=e&&O(e,1,_),z(this,e,t,2)},R.toString=function(e){var t,r=this,o=r.s,i=r.e;return null===i?o?(t="Infinity",o<0&&(t="-"+t)):t="NaN":(null==e?t=i<=B||i>=L?x(T(r.c),i):P(T(r.c),i,"0"):10===e&&K?t=P(T((r=W(new H(r),C+i+1,j)).c),r.e,"0"):(O(e,2,q.length,"Base"),t=n(P(T(r.c),i,"0"),10,e,o,!0)),o<0&&r.c[0]&&(t="-"+t)),t},R.valueOf=R.toJSON=function(){return G(this)},R._isBigNumber=!0,R[Symbol.toStringTag]="BigNumber",R[Symbol.for("nodejs.util.inspect.custom")]=R.valueOf,null!=t&&H.set(t),H}();const I=R;var C=r(4998),j=r.n(C),B=r(1950),L=r.n(B),N=r(6086),U=r(1257),M=r(4147).i8,F={},D=U.Z.create({headers:{"X-Client-Name":"js-stellar-sdk","X-Client-Version":M}});function V(e){return Math.floor(e/1e3)}D.interceptors.response.use((function(e){var t=j()(e.config.url).hostname(),r=V(Date.parse(e.headers.date)),n=V((new Date).getTime());return isNaN(r)||(F[t]={serverTime:r,localTimeRecorded:n}),e}));const q=D;function K(e){var t=F[e];if(!t||!t.localTimeRecorded||!t.serverTime)return null;var r=t.serverTime,n=t.localTimeRecorded,o=V((new Date).getTime());return o-n>300?null:o-n+r}function H(e){return H="function"==typeof Symbol&&"symbol"==typeof Symbol.iterator?function(e){return typeof e}:function(e){return e&&"function"==typeof Symbol&&e.constructor===Symbol&&e!==Symbol.prototype?"symbol":typeof e},H(e)}var z,X,$;function W(){W=function(){return t};var e,t={},r=Object.prototype,n=r.hasOwnProperty,o=Object.defineProperty||function(e,t,r){e[t]=r.value},i="function"==typeof Symbol?Symbol:{},a=i.iterator||"@@iterator",s=i.asyncIterator||"@@asyncIterator",u=i.toStringTag||"@@toStringTag";function c(e,t,r){return Object.defineProperty(e,t,{value:r,enumerable:!0,configurable:!0,writable:!0}),e[t]}try{c({},"")}catch(e){c=function(e,t,r){return e[t]=r}}function l(e,t,r,n){var i=t&&t.prototype instanceof v?t:v,a=Object.create(i.prototype),s=new R(n||[]);return o(a,"_invoke",{value:O(e,r,s)}),a}function f(e,t,r){try{return{type:"normal",arg:e.call(t,r)}}catch(e){return{type:"throw",arg:e}}}t.wrap=l;var p="suspendedStart",d="suspendedYield",h="executing",y="completed",m={};function v(){}function g(){}function b(){}var w={};c(w,a,(function(){return this}));var S=Object.getPrototypeOf,_=S&&S(S(I([])));_&&_!==r&&n.call(_,a)&&(w=_);var E=b.prototype=v.prototype=Object.create(w);function T(e){["next","throw","return"].forEach((function(t){c(e,t,(function(e){return this._invoke(t,e)}))}))}function k(e,t){function r(o,i,a,s){var u=f(e[o],e,i);if("throw"!==u.type){var c=u.arg,l=c.value;return l&&"object"==H(l)&&n.call(l,"__await")?t.resolve(l.__await).then((function(e){r("next",e,a,s)}),(function(e){r("throw",e,a,s)})):t.resolve(l).then((function(e){c.value=e,a(c)}),(function(e){return r("throw",e,a,s)}))}s(u.arg)}var i;o(this,"_invoke",{value:function(e,n){function o(){return new t((function(t,o){r(e,n,t,o)}))}return i=i?i.then(o,o):o()}})}function O(t,r,n){var o=p;return function(i,a){if(o===h)throw new Error("Generator is already running");if(o===y){if("throw"===i)throw a;return{value:e,done:!0}}for(n.method=i,n.arg=a;;){var s=n.delegate;if(s){var u=A(s,n);if(u){if(u===m)continue;return u}}if("next"===n.method)n.sent=n._sent=n.arg;else if("throw"===n.method){if(o===p)throw o=y,n.arg;n.dispatchException(n.arg)}else"return"===n.method&&n.abrupt("return",n.arg);o=h;var c=f(t,r,n);if("normal"===c.type){if(o=n.done?y:d,c.arg===m)continue;return{value:c.arg,done:n.done}}"throw"===c.type&&(o=y,n.method="throw",n.arg=c.arg)}}}function A(t,r){var n=r.method,o=t.iterator[n];if(o===e)return r.delegate=null,"throw"===n&&t.iterator.return&&(r.method="return",r.arg=e,A(t,r),"throw"===r.method)||"return"!==n&&(r.method="throw",r.arg=new TypeError("The iterator does not provide a '"+n+"' method")),m;var i=f(o,t.iterator,r.arg);if("throw"===i.type)return r.method="throw",r.arg=i.arg,r.delegate=null,m;var a=i.arg;return a?a.done?(r[t.resultName]=a.value,r.next=t.nextLoc,"return"!==r.method&&(r.method="next",r.arg=e),r.delegate=null,m):a:(r.method="throw",r.arg=new TypeError("iterator result is not an object"),r.delegate=null,m)}function x(e){var t={tryLoc:e[0]};1 in e&&(t.catchLoc=e[1]),2 in e&&(t.finallyLoc=e[2],t.afterLoc=e[3]),this.tryEntries.push(t)}function P(e){var t=e.completion||{};t.type="normal",delete t.arg,e.completion=t}function R(e){this.tryEntries=[{tryLoc:"root"}],e.forEach(x,this),this.reset(!0)}function I(t){if(t||""===t){var r=t[a];if(r)return r.call(t);if("function"==typeof t.next)return t;if(!isNaN(t.length)){var o=-1,i=function r(){for(;++o<t.length;)if(n.call(t,o))return r.value=t[o],r.done=!1,r;return r.value=e,r.done=!0,r};return i.next=i}}throw new TypeError(H(t)+" is not iterable")}return g.prototype=b,o(E,"constructor",{value:b,configurable:!0}),o(b,"constructor",{value:g,configurable:!0}),g.displayName=c(b,u,"GeneratorFunction"),t.isGeneratorFunction=function(e){var t="function"==typeof e&&e.constructor;return!!t&&(t===g||"GeneratorFunction"===(t.displayName||t.name))},t.mark=function(e){return Object.setPrototypeOf?Object.setPrototypeOf(e,b):(e.__proto__=b,c(e,u,"GeneratorFunction")),e.prototype=Object.create(E),e},t.awrap=function(e){return{__await:e}},T(k.prototype),c(k.prototype,s,(function(){return this})),t.AsyncIterator=k,t.async=function(e,r,n,o,i){void 0===i&&(i=Promise);var a=new k(l(e,r,n,o),i);return t.isGeneratorFunction(r)?a:a.next().then((function(e){return e.done?e.value:a.next()}))},T(E),c(E,u,"Generator"),c(E,a,(function(){return this})),c(E,"toString",(function(){return"[object Generator]"})),t.keys=function(e){var t=Object(e),r=[];for(var n in t)r.push(n);return r.reverse(),function e(){for(;r.length;){var n=r.pop();if(n in t)return e.value=n,e.done=!1,e}return e.done=!0,e}},t.values=I,R.prototype={constructor:R,reset:function(t){if(this.prev=0,this.next=0,this.sent=this._sent=e,this.done=!1,this.delegate=null,this.method="next",this.arg=e,this.tryEntries.forEach(P),!t)for(var r in this)"t"===r.charAt(0)&&n.call(this,r)&&!isNaN(+r.slice(1))&&(this[r]=e)},stop:function(){this.done=!0;var e=this.tryEntries[0].completion;if("throw"===e.type)throw e.arg;return this.rval},dispatchException:function(t){if(this.done)throw t;var r=this;function o(n,o){return s.type="throw",s.arg=t,r.next=n,o&&(r.method="next",r.arg=e),!!o}for(var i=this.tryEntries.length-1;i>=0;--i){var a=this.tryEntries[i],s=a.completion;if("root"===a.tryLoc)return o("end");if(a.tryLoc<=this.prev){var u=n.call(a,"catchLoc"),c=n.call(a,"finallyLoc");if(u&&c){if(this.prev<a.catchLoc)return o(a.catchLoc,!0);if(this.prev<a.finallyLoc)return o(a.finallyLoc)}else if(u){if(this.prev<a.catchLoc)return o(a.catchLoc,!0)}else{if(!c)throw new Error("try statement without catch or finally");if(this.prev<a.finallyLoc)return o(a.finallyLoc)}}}},abrupt:function(e,t){for(var r=this.tryEntries.length-1;r>=0;--r){var o=this.tryEntries[r];if(o.tryLoc<=this.prev&&n.call(o,"finallyLoc")&&this.prev<o.finallyLoc){var i=o;break}}i&&("break"===e||"continue"===e)&&i.tryLoc<=t&&t<=i.finallyLoc&&(i=null);var a=i?i.completion:{};return a.type=e,a.arg=t,i?(this.method="next",this.next=i.finallyLoc,m):this.complete(a)},complete:function(e,t){if("throw"===e.type)throw e.arg;return"break"===e.type||"continue"===e.type?this.next=e.arg:"return"===e.type?(this.rval=this.arg=e.arg,this.method="return",this.next="end"):"normal"===e.type&&t&&(this.next=t),m},finish:function(e){for(var t=this.tryEntries.length-1;t>=0;--t){var r=this.tryEntries[t];if(r.finallyLoc===e)return this.complete(r.completion,r.afterLoc),P(r),m}},catch:function(e){for(var t=this.tryEntries.length-1;t>=0;--t){var r=this.tryEntries[t];if(r.tryLoc===e){var n=r.completion;if("throw"===n.type){var o=n.arg;P(r)}return o}}throw new Error("illegal catch attempt")},delegateYield:function(t,r,n){return this.delegate={iterator:I(t),resultName:r,nextLoc:n},"next"===this.method&&(this.arg=e),m}},t}function G(e,t,r,n,o,i,a){try{var s=e[i](a),u=s.value}catch(e){return void r(e)}s.done?t(u):Promise.resolve(u).then(n,o)}function Q(e){return function(){var t=this,r=arguments;return new Promise((function(n,o){var i=e.apply(t,r);function a(e){G(i,n,o,a,s,"next",e)}function s(e){G(i,n,o,a,s,"throw",e)}a(void 0)}))}}function Y(e,t){for(var r=0;r<t.length;r++){var n=t[r];n.enumerable=n.enumerable||!1,n.configurable=!0,"value"in n&&(n.writable=!0),Object.defineProperty(e,J(n.key),n)}}function J(e){var t=function(e,t){if("object"!=H(e)||!e)return e;var r=e[Symbol.toPrimitive];if(void 0!==r){var n=r.call(e,t||"default");if("object"!=H(n))return n;throw new TypeError("@@toPrimitive must return a primitive value.")}return("string"===t?String:Number)(e)}(e,"string");return"symbol"==H(t)?t:String(t)}var Z=["transaction"],ee=r.g,te=null!==(z=null!==(X=ee.EventSource)&&void 0!==X?X:null===($=ee.window)||void 0===$?void 0:$.EventSource)&&void 0!==z?z:r(8751),re=function(){function e(t){var r=arguments.length>1&&void 0!==arguments[1]?arguments[1]:"";!function(e,t){if(!(e instanceof t))throw new TypeError("Cannot call a class as a function")}(this,e),this.url=t.clone(),this.filter=[],this.originalSegments=this.url.segment()||[],this.neighborRoot=r}var t,r,n,o,i;return t=e,r=[{key:"call",value:function(){var e=this;return this.checkFilter(),this._sendNormalRequest(this.url).then((function(t){return e._parseResponse(t)}))}},{key:"stream",value:function(){var e,t,r=this,n=arguments.length>0&&void 0!==arguments[0]?arguments[0]:{};this.checkFilter(),this.url.setQuery("X-Client-Name","js-stellar-sdk"),this.url.setQuery("X-Client-Version",M);var o=function(){t=setTimeout((function(){var t;null===(t=e)||void 0===t||t.close(),e=i()}),n.reconnectTimeout||15e3)},i=function i(){try{e=new te(r.url.toString())}catch(e){n.onerror&&n.onerror(e)}if(o(),!e)return e;var a=!1,s=function(){a||(clearTimeout(t),e.close(),i(),a=!0)},u=function(e){if("close"!==e.type){var i=e.data?r._parseRecord(JSON.parse(e.data)):e;i.paging_token&&r.url.setQuery("cursor",i.paging_token),clearTimeout(t),o(),void 0!==n.onmessage&&n.onmessage(i)}else s()},c=function(e){n.onerror&&n.onerror(e)};return e.addEventListener?(e.addEventListener("message",u.bind(r)),e.addEventListener("error",c.bind(r)),e.addEventListener("close",s.bind(r))):(e.onmessage=u.bind(r),e.onerror=c.bind(r)),e};return i(),function(){var r;clearTimeout(t),null===(r=e)||void 0===r||r.close()}}},{key:"cursor",value:function(e){return this.url.setQuery("cursor",e),this}},{key:"limit",value:function(e){return this.url.setQuery("limit",e.toString()),this}},{key:"order",value:function(e){return this.url.setQuery("order",e),this}},{key:"join",value:function(e){return this.url.setQuery("join",e),this}},{key:"forEndpoint",value:function(e,t){if(""===this.neighborRoot)throw new Error("Invalid usage: neighborRoot not set in constructor");return this.filter.push([e,t,this.neighborRoot]),this}},{key:"checkFilter",value:function(){if(this.filter.length>=2)throw new N.oY("Too many filters specified",this.filter);if(1===this.filter.length){var e=this.originalSegments.concat(this.filter[0]);this.url.segment(e)}}},{key:"_requestFnForLink",value:function(e){var t=this;return Q(W().mark((function r(){var n,o,i,a,s=arguments;return W().wrap((function(r){for(;;)switch(r.prev=r.next){case 0:return n=s.length>0&&void 0!==s[0]?s[0]:{},e.templated?(i=L()(e.href),o=j()(i.expand(n))):o=j()(e.href),r.next=4,t._sendNormalRequest(o);case 4:return a=r.sent,r.abrupt("return",t._parseResponse(a));case 6:case"end":return r.stop()}}),r)})))}},{key:"_parseRecord",value:function(e){var t=this;if(!e._links)return e;for(var r=function(){var r=o[n],i=e._links[r],a=!1;if(void 0!==e[r]&&(e["".concat(r,"_attr")]=e[r],a=!0),a&&Z.indexOf(r)>=0){var s=t._parseRecord(e[r]);e[r]=Q(W().mark((function e(){return W().wrap((function(e){for(;;)switch(e.prev=e.next){case 0:return e.abrupt("return",s);case 1:case"end":return e.stop()}}),e)})))}else e[r]=t._requestFnForLink(i)},n=0,o=Object.keys(e._links);n<o.length;n++)r();return e}},{key:"_sendNormalRequest",value:(i=Q(W().mark((function e(t){var r;return W().wrap((function(e){for(;;)switch(e.prev=e.next){case 0:return""===(r=t).authority()&&(r=r.authority(this.url.authority())),""===r.protocol()&&(r=r.protocol(this.url.protocol())),e.abrupt("return",D.get(r.toString()).then((function(e){return e.data})).catch(this._handleNetworkError));case 4:case"end":return e.stop()}}),e,this)}))),function(e){return i.apply(this,arguments)})},{key:"_parseResponse",value:function(e){return e._embedded&&e._embedded.records?this._toCollectionPage(e):this._parseRecord(e)}},{key:"_toCollectionPage",value:function(e){for(var t,r,n=this,o=0;o<e._embedded.records.length;o+=1)e._embedded.records[o]=this._parseRecord(e._embedded.records[o]);return{records:e._embedded.records,next:(r=Q(W().mark((function t(){var r;return W().wrap((function(t){for(;;)switch(t.prev=t.next){case 0:return t.next=2,n._sendNormalRequest(j()(e._links.next.href));case 2:return r=t.sent,t.abrupt("return",n._toCollectionPage(r));case 4:case"end":return t.stop()}}),t)}))),function(){return r.apply(this,arguments)}),prev:(t=Q(W().mark((function t(){var r;return W().wrap((function(t){for(;;)switch(t.prev=t.next){case 0:return t.next=2,n._sendNormalRequest(j()(e._links.prev.href));case 2:return r=t.sent,t.abrupt("return",n._toCollectionPage(r));case 4:case"end":return t.stop()}}),t)}))),function(){return t.apply(this,arguments)})}}},{key:"_handleNetworkError",value:(o=Q(W().mark((function e(t){return W().wrap((function(e){for(;;)switch(e.prev=e.next){case 0:if(!(t.response&&t.response.status&&t.response.statusText)){e.next=8;break}e.t0=t.response.status,e.next=404===e.t0?4:5;break;case 4:return e.abrupt("return",Promise.reject(new N.dR(t.response.statusText,t.response.data)));case 5:return e.abrupt("return",Promise.reject(new N.F7(t.response.statusText,t.response.data)));case 6:e.next=9;break;case 8:return e.abrupt("return",Promise.reject(new Error(t.message)));case 9:case"end":return e.stop()}}),e)}))),function(e){return o.apply(this,arguments)})}],r&&Y(t.prototype,r),n&&Y(t,n),Object.defineProperty(t,"prototype",{writable:!1}),e}(),ne=r(7939);function oe(e){return oe="function"==typeof Symbol&&"symbol"==typeof Symbol.iterator?function(e){return typeof e}:function(e){return e&&"function"==typeof Symbol&&e.constructor===Symbol&&e!==Symbol.prototype?"symbol":typeof e},oe(e)}function ie(e,t){for(var r=0;r<t.length;r++){var n=t[r];n.enumerable=n.enumerable||!1,n.configurable=!0,"value"in n&&(n.writable=!0),Object.defineProperty(e,ae(n.key),n)}}function ae(e){var t=function(e,t){if("object"!=oe(e)||!e)return e;var r=e[Symbol.toPrimitive];if(void 0!==r){var n=r.call(e,t||"default");if("object"!=oe(n))return n;throw new TypeError("@@toPrimitive must return a primitive value.")}return("string"===t?String:Number)(e)}(e,"string");return"symbol"==oe(t)?t:String(t)}function se(e,t,r){return t=ce(t),function(e,t){if(t&&("object"===oe(t)||"function"==typeof t))return t;if(void 0!==t)throw new TypeError("Derived constructors may only return object or undefined");return function(e){if(void 0===e)throw new ReferenceError("this hasn't been initialised - super() hasn't been called");return e}(e)}(e,ue()?Reflect.construct(t,r||[],ce(e).constructor):t.apply(e,r))}function ue(){try{var e=!Boolean.prototype.valueOf.call(Reflect.construct(Boolean,[],(function(){})))}catch(e){}return(ue=function(){return!!e})()}function ce(e){return ce=Object.setPrototypeOf?Object.getPrototypeOf.bind():function(e){return e.__proto__||Object.getPrototypeOf(e)},ce(e)}function le(e,t){return le=Object.setPrototypeOf?Object.setPrototypeOf.bind():function(e,t){return e.__proto__=t,e},le(e,t)}var fe=function(e){function t(e){var r;return function(e,t){if(!(e instanceof t))throw new TypeError("Cannot call a class as a function")}(this,t),(r=se(this,t,[e])).url.segment("accounts"),r}var r,n,o;return function(e,t){if("function"!=typeof t&&null!==t)throw new TypeError("Super expression must either be null or a function");e.prototype=Object.create(t&&t.prototype,{constructor:{value:e,writable:!0,configurable:!0}}),Object.defineProperty(e,"prototype",{writable:!1}),t&&le(e,t)}(t,e),r=t,(n=[{key:"accountId",value:function(e){var t=new re(this.url.clone());return t.filter.push([e]),t}},{key:"forSigner",value:function(e){return this.url.setQuery("signer",e),this}},{key:"forAsset",value:function(e){return this.url.setQuery("asset","".concat(e)),this}},{key:"sponsor",value:function(e){return this.url.setQuery("sponsor",e),this}},{key:"forLiquidityPool",value:function(e){return this.url.setQuery("liquidity_pool",e),this}}])&&ie(r.prototype,n),o&&ie(r,o),Object.defineProperty(r,"prototype",{writable:!1}),t}(re);function pe(e){return pe="function"==typeof Symbol&&"symbol"==typeof Symbol.iterator?function(e){return typeof e}:function(e){return e&&"function"==typeof Symbol&&e.constructor===Symbol&&e!==Symbol.prototype?"symbol":typeof e},pe(e)}function de(e,t){for(var r=0;r<t.length;r++){var n=t[r];n.enumerable=n.enumerable||!1,n.configurable=!0,"value"in n&&(n.writable=!0),Object.defineProperty(e,he(n.key),n)}}function he(e){var t=function(e,t){if("object"!=pe(e)||!e)return e;var r=e[Symbol.toPrimitive];if(void 0!==r){var n=r.call(e,t||"default");if("object"!=pe(n))return n;throw new TypeError("@@toPrimitive must return a primitive value.")}return("string"===t?String:Number)(e)}(e,"string");return"symbol"==pe(t)?t:String(t)}function ye(e,t,r){return t=ve(t),function(e,t){if(t&&("object"===pe(t)||"function"==typeof t))return t;if(void 0!==t)throw new TypeError("Derived constructors may only return object or undefined");return function(e){if(void 0===e)throw new ReferenceError("this hasn't been initialised - super() hasn't been called");return e}(e)}(e,me()?Reflect.construct(t,r||[],ve(e).constructor):t.apply(e,r))}function me(){try{var e=!Boolean.prototype.valueOf.call(Reflect.construct(Boolean,[],(function(){})))}catch(e){}return(me=function(){return!!e})()}function ve(e){return ve=Object.setPrototypeOf?Object.getPrototypeOf.bind():function(e){return e.__proto__||Object.getPrototypeOf(e)},ve(e)}function ge(e,t){return ge=Object.setPrototypeOf?Object.setPrototypeOf.bind():function(e,t){return e.__proto__=t,e},ge(e,t)}var be=function(e){function t(e){var r;return function(e,t){if(!(e instanceof t))throw new TypeError("Cannot call a class as a function")}(this,t),(r=ye(this,t,[e])).url.segment("assets"),r}var r,n,o;return function(e,t){if("function"!=typeof t&&null!==t)throw new TypeError("Super expression must either be null or a function");e.prototype=Object.create(t&&t.prototype,{constructor:{value:e,writable:!0,configurable:!0}}),Object.defineProperty(e,"prototype",{writable:!1}),t&&ge(e,t)}(t,e),r=t,(n=[{key:"forCode",value:function(e){return this.url.setQuery("asset_code",e),this}},{key:"forIssuer",value:function(e){return this.url.setQuery("asset_issuer",e),this}}])&&de(r.prototype,n),o&&de(r,o),Object.defineProperty(r,"prototype",{writable:!1}),t}(re);function we(e){return we="function"==typeof Symbol&&"symbol"==typeof Symbol.iterator?function(e){return typeof e}:function(e){return e&&"function"==typeof Symbol&&e.constructor===Symbol&&e!==Symbol.prototype?"symbol":typeof e},we(e)}function Se(e,t){for(var r=0;r<t.length;r++){var n=t[r];n.enumerable=n.enumerable||!1,n.configurable=!0,"value"in n&&(n.writable=!0),Object.defineProperty(e,_e(n.key),n)}}function _e(e){var t=function(e,t){if("object"!=we(e)||!e)return e;var r=e[Symbol.toPrimitive];if(void 0!==r){var n=r.call(e,t||"default");if("object"!=we(n))return n;throw new TypeError("@@toPrimitive must return a primitive value.")}return("string"===t?String:Number)(e)}(e,"string");return"symbol"==we(t)?t:String(t)}function Ee(e,t,r){return t=ke(t),function(e,t){if(t&&("object"===we(t)||"function"==typeof t))return t;if(void 0!==t)throw new TypeError("Derived constructors may only return object or undefined");return function(e){if(void 0===e)throw new ReferenceError("this hasn't been initialised - super() hasn't been called");return e}(e)}(e,Te()?Reflect.construct(t,r||[],ke(e).constructor):t.apply(e,r))}function Te(){try{var e=!Boolean.prototype.valueOf.call(Reflect.construct(Boolean,[],(function(){})))}catch(e){}return(Te=function(){return!!e})()}function ke(e){return ke=Object.setPrototypeOf?Object.getPrototypeOf.bind():function(e){return e.__proto__||Object.getPrototypeOf(e)},ke(e)}function Oe(e,t){return Oe=Object.setPrototypeOf?Object.setPrototypeOf.bind():function(e,t){return e.__proto__=t,e},Oe(e,t)}var Ae=function(e){function t(e){var r;return function(e,t){if(!(e instanceof t))throw new TypeError("Cannot call a class as a function")}(this,t),(r=Ee(this,t,[e])).url.segment("claimable_balances"),r}var r,n,o;return function(e,t){if("function"!=typeof t&&null!==t)throw new TypeError("Super expression must either be null or a function");e.prototype=Object.create(t&&t.prototype,{constructor:{value:e,writable:!0,configurable:!0}}),Object.defineProperty(e,"prototype",{writable:!1}),t&&Oe(e,t)}(t,e),r=t,(n=[{key:"claimableBalance",value:function(e){var t=new re(this.url.clone());return t.filter.push([e]),t}},{key:"sponsor",value:function(e){return this.url.setQuery("sponsor",e),this}},{key:"claimant",value:function(e){return this.url.setQuery("claimant",e),this}},{key:"asset",value:function(e){return this.url.setQuery("asset",e.toString()),this}}])&&Se(r.prototype,n),o&&Se(r,o),Object.defineProperty(r,"prototype",{writable:!1}),t}(re);function xe(e){return xe="function"==typeof Symbol&&"symbol"==typeof Symbol.iterator?function(e){return typeof e}:function(e){return e&&"function"==typeof Symbol&&e.constructor===Symbol&&e!==Symbol.prototype?"symbol":typeof e},xe(e)}function Pe(e,t){for(var r=0;r<t.length;r++){var n=t[r];n.enumerable=n.enumerable||!1,n.configurable=!0,"value"in n&&(n.writable=!0),Object.defineProperty(e,Re(n.key),n)}}function Re(e){var t=function(e,t){if("object"!=xe(e)||!e)return e;var r=e[Symbol.toPrimitive];if(void 0!==r){var n=r.call(e,t||"default");if("object"!=xe(n))return n;throw new TypeError("@@toPrimitive must return a primitive value.")}return("string"===t?String:Number)(e)}(e,"string");return"symbol"==xe(t)?t:String(t)}function Ie(e,t,r){return t=je(t),function(e,t){if(t&&("object"===xe(t)||"function"==typeof t))return t;if(void 0!==t)throw new TypeError("Derived constructors may only return object or undefined");return function(e){if(void 0===e)throw new ReferenceError("this hasn't been initialised - super() hasn't been called");return e}(e)}(e,Ce()?Reflect.construct(t,r||[],je(e).constructor):t.apply(e,r))}function Ce(){try{var e=!Boolean.prototype.valueOf.call(Reflect.construct(Boolean,[],(function(){})))}catch(e){}return(Ce=function(){return!!e})()}function je(e){return je=Object.setPrototypeOf?Object.getPrototypeOf.bind():function(e){return e.__proto__||Object.getPrototypeOf(e)},je(e)}function Be(e,t){return Be=Object.setPrototypeOf?Object.setPrototypeOf.bind():function(e,t){return e.__proto__=t,e},Be(e,t)}var Le=function(e){function t(e){var r;return function(e,t){if(!(e instanceof t))throw new TypeError("Cannot call a class as a function")}(this,t),(r=Ie(this,t,[e,"effects"])).url.segment("effects"),r}var r,n,o;return function(e,t){if("function"!=typeof t&&null!==t)throw new TypeError("Super expression must either be null or a function");e.prototype=Object.create(t&&t.prototype,{constructor:{value:e,writable:!0,configurable:!0}}),Object.defineProperty(e,"prototype",{writable:!1}),t&&Be(e,t)}(t,e),r=t,(n=[{key:"forAccount",value:function(e){return this.forEndpoint("accounts",e)}},{key:"forLedger",value:function(e){return this.forEndpoint("ledgers",e.toString())}},{key:"forTransaction",value:function(e){return this.forEndpoint("transactions",e)}},{key:"forOperation",value:function(e){return this.forEndpoint("operations",e)}},{key:"forLiquidityPool",value:function(e){return this.forEndpoint("liquidity_pools",e)}}])&&Pe(r.prototype,n),o&&Pe(r,o),Object.defineProperty(r,"prototype",{writable:!1}),t}(re);function Ne(e){return Ne="function"==typeof Symbol&&"symbol"==typeof Symbol.iterator?function(e){return typeof e}:function(e){return e&&"function"==typeof Symbol&&e.constructor===Symbol&&e!==Symbol.prototype?"symbol":typeof e},Ne(e)}function Ue(e,t){for(var r=0;r<t.length;r++){var n=t[r];n.enumerable=n.enumerable||!1,n.configurable=!0,"value"in n&&(n.writable=!0),Object.defineProperty(e,Me(n.key),n)}}function Me(e){var t=function(e,t){if("object"!=Ne(e)||!e)return e;var r=e[Symbol.toPrimitive];if(void 0!==r){var n=r.call(e,t||"default");if("object"!=Ne(n))return n;throw new TypeError("@@toPrimitive must return a primitive value.")}return("string"===t?String:Number)(e)}(e,"string");return"symbol"==Ne(t)?t:String(t)}function Fe(e,t,r){return t=Ve(t),function(e,t){if(t&&("object"===Ne(t)||"function"==typeof t))return t;if(void 0!==t)throw new TypeError("Derived constructors may only return object or undefined");return function(e){if(void 0===e)throw new ReferenceError("this hasn't been initialised - super() hasn't been called");return e}(e)}(e,De()?Reflect.construct(t,r||[],Ve(e).constructor):t.apply(e,r))}function De(){try{var e=!Boolean.prototype.valueOf.call(Reflect.construct(Boolean,[],(function(){})))}catch(e){}return(De=function(){return!!e})()}function Ve(e){return Ve=Object.setPrototypeOf?Object.getPrototypeOf.bind():function(e){return e.__proto__||Object.getPrototypeOf(e)},Ve(e)}function qe(e,t){return qe=Object.setPrototypeOf?Object.setPrototypeOf.bind():function(e,t){return e.__proto__=t,e},qe(e,t)}var Ke=function(e){function t(e,r){var n;return function(e,t){if(!(e instanceof t))throw new TypeError("Cannot call a class as a function")}(this,t),(n=Fe(this,t,[e])).url.segment("friendbot"),n.url.setQuery("addr",r),n}return function(e,t){if("function"!=typeof t&&null!==t)throw new TypeError("Super expression must either be null or a function");e.prototype=Object.create(t&&t.prototype,{constructor:{value:e,writable:!0,configurable:!0}}),Object.defineProperty(e,"prototype",{writable:!1}),t&&qe(e,t)}(t,e),r=t,n&&Ue(r.prototype,n),o&&Ue(r,o),Object.defineProperty(r,"prototype",{writable:!1}),r;var r,n,o}(re);function He(e){return He="function"==typeof Symbol&&"symbol"==typeof Symbol.iterator?function(e){return typeof e}:function(e){return e&&"function"==typeof Symbol&&e.constructor===Symbol&&e!==Symbol.prototype?"symbol":typeof e},He(e)}function ze(e,t){for(var r=0;r<t.length;r++){var n=t[r];n.enumerable=n.enumerable||!1,n.configurable=!0,"value"in n&&(n.writable=!0),Object.defineProperty(e,Xe(n.key),n)}}function Xe(e){var t=function(e,t){if("object"!=He(e)||!e)return e;var r=e[Symbol.toPrimitive];if(void 0!==r){var n=r.call(e,t||"default");if("object"!=He(n))return n;throw new TypeError("@@toPrimitive must return a primitive value.")}return("string"===t?String:Number)(e)}(e,"string");return"symbol"==He(t)?t:String(t)}function $e(e,t,r){return t=Ge(t),function(e,t){if(t&&("object"===He(t)||"function"==typeof t))return t;if(void 0!==t)throw new TypeError("Derived constructors may only return object or undefined");return function(e){if(void 0===e)throw new ReferenceError("this hasn't been initialised - super() hasn't been called");return e}(e)}(e,We()?Reflect.construct(t,r||[],Ge(e).constructor):t.apply(e,r))}function We(){try{var e=!Boolean.prototype.valueOf.call(Reflect.construct(Boolean,[],(function(){})))}catch(e){}return(We=function(){return!!e})()}function Ge(e){return Ge=Object.setPrototypeOf?Object.getPrototypeOf.bind():function(e){return e.__proto__||Object.getPrototypeOf(e)},Ge(e)}function Qe(e,t){return Qe=Object.setPrototypeOf?Object.setPrototypeOf.bind():function(e,t){return e.__proto__=t,e},Qe(e,t)}var Ye=function(e){function t(e){var r;return function(e,t){if(!(e instanceof t))throw new TypeError("Cannot call a class as a function")}(this,t),(r=$e(this,t,[e])).url.segment("ledgers"),r}var r,n,o;return function(e,t){if("function"!=typeof t&&null!==t)throw new TypeError("Super expression must either be null or a function");e.prototype=Object.create(t&&t.prototype,{constructor:{value:e,writable:!0,configurable:!0}}),Object.defineProperty(e,"prototype",{writable:!1}),t&&Qe(e,t)}(t,e),r=t,(n=[{key:"ledger",value:function(e){return this.filter.push(["ledgers",e.toString()]),this}}])&&ze(r.prototype,n),o&&ze(r,o),Object.defineProperty(r,"prototype",{writable:!1}),t}(re);function Je(e){return Je="function"==typeof Symbol&&"symbol"==typeof Symbol.iterator?function(e){return typeof e}:function(e){return e&&"function"==typeof Symbol&&e.constructor===Symbol&&e!==Symbol.prototype?"symbol":typeof e},Je(e)}function Ze(e,t){for(var r=0;r<t.length;r++){var n=t[r];n.enumerable=n.enumerable||!1,n.configurable=!0,"value"in n&&(n.writable=!0),Object.defineProperty(e,et(n.key),n)}}function et(e){var t=function(e,t){if("object"!=Je(e)||!e)return e;var r=e[Symbol.toPrimitive];if(void 0!==r){var n=r.call(e,t||"default");if("object"!=Je(n))return n;throw new TypeError("@@toPrimitive must return a primitive value.")}return("string"===t?String:Number)(e)}(e,"string");return"symbol"==Je(t)?t:String(t)}function tt(e,t,r){return t=nt(t),function(e,t){if(t&&("object"===Je(t)||"function"==typeof t))return t;if(void 0!==t)throw new TypeError("Derived constructors may only return object or undefined");return function(e){if(void 0===e)throw new ReferenceError("this hasn't been initialised - super() hasn't been called");return e}(e)}(e,rt()?Reflect.construct(t,r||[],nt(e).constructor):t.apply(e,r))}function rt(){try{var e=!Boolean.prototype.valueOf.call(Reflect.construct(Boolean,[],(function(){})))}catch(e){}return(rt=function(){return!!e})()}function nt(e){return nt=Object.setPrototypeOf?Object.getPrototypeOf.bind():function(e){return e.__proto__||Object.getPrototypeOf(e)},nt(e)}function ot(e,t){return ot=Object.setPrototypeOf?Object.setPrototypeOf.bind():function(e,t){return e.__proto__=t,e},ot(e,t)}var it=function(e){function t(e){var r;return function(e,t){if(!(e instanceof t))throw new TypeError("Cannot call a class as a function")}(this,t),(r=tt(this,t,[e])).url.segment("liquidity_pools"),r}var r,n,o;return function(e,t){if("function"!=typeof t&&null!==t)throw new TypeError("Super expression must either be null or a function");e.prototype=Object.create(t&&t.prototype,{constructor:{value:e,writable:!0,configurable:!0}}),Object.defineProperty(e,"prototype",{writable:!1}),t&&ot(e,t)}(t,e),r=t,n=[{key:"forAssets",value:function(){for(var e=arguments.length,t=new Array(e),r=0;r<e;r++)t[r]=arguments[r];var n=t.map((function(e){return e.toString()})).join(",");return this.url.setQuery("reserves",n),this}},{key:"forAccount",value:function(e){return this.url.setQuery("account",e),this}},{key:"liquidityPoolId",value:function(e){if(!e.match(/[a-fA-F0-9]{64}/))throw new TypeError("".concat(e," does not look like a liquidity pool ID"));var t=new re(this.url.clone());return t.filter.push([e.toLowerCase()]),t}}],n&&Ze(r.prototype,n),o&&Ze(r,o),Object.defineProperty(r,"prototype",{writable:!1}),t}(re);function at(e){return at="function"==typeof Symbol&&"symbol"==typeof Symbol.iterator?function(e){return typeof e}:function(e){return e&&"function"==typeof Symbol&&e.constructor===Symbol&&e!==Symbol.prototype?"symbol":typeof e},at(e)}function st(e,t){for(var r=0;r<t.length;r++){var n=t[r];n.enumerable=n.enumerable||!1,n.configurable=!0,"value"in n&&(n.writable=!0),Object.defineProperty(e,ut(n.key),n)}}function ut(e){var t=function(e,t){if("object"!=at(e)||!e)return e;var r=e[Symbol.toPrimitive];if(void 0!==r){var n=r.call(e,t||"default");if("object"!=at(n))return n;throw new TypeError("@@toPrimitive must return a primitive value.")}return("string"===t?String:Number)(e)}(e,"string");return"symbol"==at(t)?t:String(t)}function ct(e,t,r){return t=ft(t),function(e,t){if(t&&("object"===at(t)||"function"==typeof t))return t;if(void 0!==t)throw new TypeError("Derived constructors may only return object or undefined");return function(e){if(void 0===e)throw new ReferenceError("this hasn't been initialised - super() hasn't been called");return e}(e)}(e,lt()?Reflect.construct(t,r||[],ft(e).constructor):t.apply(e,r))}function lt(){try{var e=!Boolean.prototype.valueOf.call(Reflect.construct(Boolean,[],(function(){})))}catch(e){}return(lt=function(){return!!e})()}function ft(e){return ft=Object.setPrototypeOf?Object.getPrototypeOf.bind():function(e){return e.__proto__||Object.getPrototypeOf(e)},ft(e)}function pt(e,t){return pt=Object.setPrototypeOf?Object.setPrototypeOf.bind():function(e,t){return e.__proto__=t,e},pt(e,t)}var dt=function(e){function t(e){var r;return function(e,t){if(!(e instanceof t))throw new TypeError("Cannot call a class as a function")}(this,t),(r=ct(this,t,[e,"offers"])).url.segment("offers"),r}var r,n,o;return function(e,t){if("function"!=typeof t&&null!==t)throw new TypeError("Super expression must either be null or a function");e.prototype=Object.create(t&&t.prototype,{constructor:{value:e,writable:!0,configurable:!0}}),Object.defineProperty(e,"prototype",{writable:!1}),t&&pt(e,t)}(t,e),r=t,(n=[{key:"offer",value:function(e){var t=new re(this.url.clone());return t.filter.push([e]),t}},{key:"forAccount",value:function(e){return this.forEndpoint("accounts",e)}},{key:"buying",value:function(e){return e.isNative()?this.url.setQuery("buying_asset_type","native"):(this.url.setQuery("buying_asset_type",e.getAssetType()),this.url.setQuery("buying_asset_code",e.getCode()),this.url.setQuery("buying_asset_issuer",e.getIssuer())),this}},{key:"selling",value:function(e){return e.isNative()?this.url.setQuery("selling_asset_type","native"):(this.url.setQuery("selling_asset_type",e.getAssetType()),this.url.setQuery("selling_asset_code",e.getCode()),this.url.setQuery("selling_asset_issuer",e.getIssuer())),this}},{key:"sponsor",value:function(e){return this.url.setQuery("sponsor",e),this}},{key:"seller",value:function(e){return this.url.setQuery("seller",e),this}}])&&st(r.prototype,n),o&&st(r,o),Object.defineProperty(r,"prototype",{writable:!1}),t}(re);function ht(e){return ht="function"==typeof Symbol&&"symbol"==typeof Symbol.iterator?function(e){return typeof e}:function(e){return e&&"function"==typeof Symbol&&e.constructor===Symbol&&e!==Symbol.prototype?"symbol":typeof e},ht(e)}function yt(e,t){for(var r=0;r<t.length;r++){var n=t[r];n.enumerable=n.enumerable||!1,n.configurable=!0,"value"in n&&(n.writable=!0),Object.defineProperty(e,mt(n.key),n)}}function mt(e){var t=function(e,t){if("object"!=ht(e)||!e)return e;var r=e[Symbol.toPrimitive];if(void 0!==r){var n=r.call(e,t||"default");if("object"!=ht(n))return n;throw new TypeError("@@toPrimitive must return a primitive value.")}return("string"===t?String:Number)(e)}(e,"string");return"symbol"==ht(t)?t:String(t)}function vt(e,t,r){return t=bt(t),function(e,t){if(t&&("object"===ht(t)||"function"==typeof t))return t;if(void 0!==t)throw new TypeError("Derived constructors may only return object or undefined");return function(e){if(void 0===e)throw new ReferenceError("this hasn't been initialised - super() hasn't been called");return e}(e)}(e,gt()?Reflect.construct(t,r||[],bt(e).constructor):t.apply(e,r))}function gt(){try{var e=!Boolean.prototype.valueOf.call(Reflect.construct(Boolean,[],(function(){})))}catch(e){}return(gt=function(){return!!e})()}function bt(e){return bt=Object.setPrototypeOf?Object.getPrototypeOf.bind():function(e){return e.__proto__||Object.getPrototypeOf(e)},bt(e)}function wt(e,t){return wt=Object.setPrototypeOf?Object.setPrototypeOf.bind():function(e,t){return e.__proto__=t,e},wt(e,t)}var St=function(e){function t(e){var r;return function(e,t){if(!(e instanceof t))throw new TypeError("Cannot call a class as a function")}(this,t),(r=vt(this,t,[e,"operations"])).url.segment("operations"),r}var r,n,o;return function(e,t){if("function"!=typeof t&&null!==t)throw new TypeError("Super expression must either be null or a function");e.prototype=Object.create(t&&t.prototype,{constructor:{value:e,writable:!0,configurable:!0}}),Object.defineProperty(e,"prototype",{writable:!1}),t&&wt(e,t)}(t,e),r=t,(n=[{key:"operation",value:function(e){var t=new re(this.url.clone());return t.filter.push([e]),t}},{key:"forAccount",value:function(e){return this.forEndpoint("accounts",e)}},{key:"forClaimableBalance",value:function(e){return this.forEndpoint("claimable_balances",e)}},{key:"forLedger",value:function(e){return this.forEndpoint("ledgers",e.toString())}},{key:"forTransaction",value:function(e){return this.forEndpoint("transactions",e)}},{key:"forLiquidityPool",value:function(e){return this.forEndpoint("liquidity_pools",e)}},{key:"includeFailed",value:function(e){return this.url.setQuery("include_failed",e.toString()),this}}])&&yt(r.prototype,n),o&&yt(r,o),Object.defineProperty(r,"prototype",{writable:!1}),t}(re);function _t(e){return _t="function"==typeof Symbol&&"symbol"==typeof Symbol.iterator?function(e){return typeof e}:function(e){return e&&"function"==typeof Symbol&&e.constructor===Symbol&&e!==Symbol.prototype?"symbol":typeof e},_t(e)}function Et(e,t){for(var r=0;r<t.length;r++){var n=t[r];n.enumerable=n.enumerable||!1,n.configurable=!0,"value"in n&&(n.writable=!0),Object.defineProperty(e,Tt(n.key),n)}}function Tt(e){var t=function(e,t){if("object"!=_t(e)||!e)return e;var r=e[Symbol.toPrimitive];if(void 0!==r){var n=r.call(e,t||"default");if("object"!=_t(n))return n;throw new TypeError("@@toPrimitive must return a primitive value.")}return("string"===t?String:Number)(e)}(e,"string");return"symbol"==_t(t)?t:String(t)}function kt(e,t,r){return t=At(t),function(e,t){if(t&&("object"===_t(t)||"function"==typeof t))return t;if(void 0!==t)throw new TypeError("Derived constructors may only return object or undefined");return function(e){if(void 0===e)throw new ReferenceError("this hasn't been initialised - super() hasn't been called");return e}(e)}(e,Ot()?Reflect.construct(t,r||[],At(e).constructor):t.apply(e,r))}function Ot(){try{var e=!Boolean.prototype.valueOf.call(Reflect.construct(Boolean,[],(function(){})))}catch(e){}return(Ot=function(){return!!e})()}function At(e){return At=Object.setPrototypeOf?Object.getPrototypeOf.bind():function(e){return e.__proto__||Object.getPrototypeOf(e)},At(e)}function xt(e,t){return xt=Object.setPrototypeOf?Object.setPrototypeOf.bind():function(e,t){return e.__proto__=t,e},xt(e,t)}var Pt=function(e){function t(e,r,n){var o;return function(e,t){if(!(e instanceof t))throw new TypeError("Cannot call a class as a function")}(this,t),(o=kt(this,t,[e])).url.segment("order_book"),r.isNative()?o.url.setQuery("selling_asset_type","native"):(o.url.setQuery("selling_asset_type",r.getAssetType()),o.url.setQuery("selling_asset_code",r.getCode()),o.url.setQuery("selling_asset_issuer",r.getIssuer())),n.isNative()?o.url.setQuery("buying_asset_type","native"):(o.url.setQuery("buying_asset_type",n.getAssetType()),o.url.setQuery("buying_asset_code",n.getCode()),o.url.setQuery("buying_asset_issuer",n.getIssuer())),o}return function(e,t){if("function"!=typeof t&&null!==t)throw new TypeError("Super expression must either be null or a function");e.prototype=Object.create(t&&t.prototype,{constructor:{value:e,writable:!0,configurable:!0}}),Object.defineProperty(e,"prototype",{writable:!1}),t&&xt(e,t)}(t,e),r=t,n&&Et(r.prototype,n),o&&Et(r,o),Object.defineProperty(r,"prototype",{writable:!1}),r;var r,n,o}(re);function Rt(e){return Rt="function"==typeof Symbol&&"symbol"==typeof Symbol.iterator?function(e){return typeof e}:function(e){return e&&"function"==typeof Symbol&&e.constructor===Symbol&&e!==Symbol.prototype?"symbol":typeof e},Rt(e)}function It(e,t){for(var r=0;r<t.length;r++){var n=t[r];n.enumerable=n.enumerable||!1,n.configurable=!0,"value"in n&&(n.writable=!0),Object.defineProperty(e,Ct(n.key),n)}}function Ct(e){var t=function(e,t){if("object"!=Rt(e)||!e)return e;var r=e[Symbol.toPrimitive];if(void 0!==r){var n=r.call(e,t||"default");if("object"!=Rt(n))return n;throw new TypeError("@@toPrimitive must return a primitive value.")}return("string"===t?String:Number)(e)}(e,"string");return"symbol"==Rt(t)?t:String(t)}function jt(e,t,r){return t=Lt(t),function(e,t){if(t&&("object"===Rt(t)||"function"==typeof t))return t;if(void 0!==t)throw new TypeError("Derived constructors may only return object or undefined");return function(e){if(void 0===e)throw new ReferenceError("this hasn't been initialised - super() hasn't been called");return e}(e)}(e,Bt()?Reflect.construct(t,r||[],Lt(e).constructor):t.apply(e,r))}function Bt(){try{var e=!Boolean.prototype.valueOf.call(Reflect.construct(Boolean,[],(function(){})))}catch(e){}return(Bt=function(){return!!e})()}function Lt(e){return Lt=Object.setPrototypeOf?Object.getPrototypeOf.bind():function(e){return e.__proto__||Object.getPrototypeOf(e)},Lt(e)}function Nt(e,t){return Nt=Object.setPrototypeOf?Object.setPrototypeOf.bind():function(e,t){return e.__proto__=t,e},Nt(e,t)}var Ut=function(e){function t(e){var r;return function(e,t){if(!(e instanceof t))throw new TypeError("Cannot call a class as a function")}(this,t),(r=jt(this,t,[e,"payments"])).url.segment("payments"),r}var r,n,o;return function(e,t){if("function"!=typeof t&&null!==t)throw new TypeError("Super expression must either be null or a function");e.prototype=Object.create(t&&t.prototype,{constructor:{value:e,writable:!0,configurable:!0}}),Object.defineProperty(e,"prototype",{writable:!1}),t&&Nt(e,t)}(t,e),r=t,(n=[{key:"forAccount",value:function(e){return this.forEndpoint("accounts",e)}},{key:"forLedger",value:function(e){return this.forEndpoint("ledgers",e.toString())}},{key:"forTransaction",value:function(e){return this.forEndpoint("transactions",e)}}])&&It(r.prototype,n),o&&It(r,o),Object.defineProperty(r,"prototype",{writable:!1}),t}(re);function Mt(e){return Mt="function"==typeof Symbol&&"symbol"==typeof Symbol.iterator?function(e){return typeof e}:function(e){return e&&"function"==typeof Symbol&&e.constructor===Symbol&&e!==Symbol.prototype?"symbol":typeof e},Mt(e)}function Ft(e,t){for(var r=0;r<t.length;r++){var n=t[r];n.enumerable=n.enumerable||!1,n.configurable=!0,"value"in n&&(n.writable=!0),Object.defineProperty(e,Dt(n.key),n)}}function Dt(e){var t=function(e,t){if("object"!=Mt(e)||!e)return e;var r=e[Symbol.toPrimitive];if(void 0!==r){var n=r.call(e,t||"default");if("object"!=Mt(n))return n;throw new TypeError("@@toPrimitive must return a primitive value.")}return("string"===t?String:Number)(e)}(e,"string");return"symbol"==Mt(t)?t:String(t)}function Vt(e,t,r){return t=Kt(t),function(e,t){if(t&&("object"===Mt(t)||"function"==typeof t))return t;if(void 0!==t)throw new TypeError("Derived constructors may only return object or undefined");return function(e){if(void 0===e)throw new ReferenceError("this hasn't been initialised - super() hasn't been called");return e}(e)}(e,qt()?Reflect.construct(t,r||[],Kt(e).constructor):t.apply(e,r))}function qt(){try{var e=!Boolean.prototype.valueOf.call(Reflect.construct(Boolean,[],(function(){})))}catch(e){}return(qt=function(){return!!e})()}function Kt(e){return Kt=Object.setPrototypeOf?Object.getPrototypeOf.bind():function(e){return e.__proto__||Object.getPrototypeOf(e)},Kt(e)}function Ht(e,t){return Ht=Object.setPrototypeOf?Object.setPrototypeOf.bind():function(e,t){return e.__proto__=t,e},Ht(e,t)}var zt=function(e){function t(e,r,n,o){var i;if(function(e,t){if(!(e instanceof t))throw new TypeError("Cannot call a class as a function")}(this,t),(i=Vt(this,t,[e])).url.segment("paths/strict-receive"),"string"==typeof r)i.url.setQuery("source_account",r);else{var a=r.map((function(e){return e.isNative()?"native":"".concat(e.getCode(),":").concat(e.getIssuer())})).join(",");i.url.setQuery("source_assets",a)}return i.url.setQuery("destination_amount",o),n.isNative()?i.url.setQuery("destination_asset_type","native"):(i.url.setQuery("destination_asset_type",n.getAssetType()),i.url.setQuery("destination_asset_code",n.getCode()),i.url.setQuery("destination_asset_issuer",n.getIssuer())),i}return function(e,t){if("function"!=typeof t&&null!==t)throw new TypeError("Super expression must either be null or a function");e.prototype=Object.create(t&&t.prototype,{constructor:{value:e,writable:!0,configurable:!0}}),Object.defineProperty(e,"prototype",{writable:!1}),t&&Ht(e,t)}(t,e),r=t,n&&Ft(r.prototype,n),o&&Ft(r,o),Object.defineProperty(r,"prototype",{writable:!1}),r;var r,n,o}(re);function Xt(e){return Xt="function"==typeof Symbol&&"symbol"==typeof Symbol.iterator?function(e){return typeof e}:function(e){return e&&"function"==typeof Symbol&&e.constructor===Symbol&&e!==Symbol.prototype?"symbol":typeof e},Xt(e)}function $t(e,t){for(var r=0;r<t.length;r++){var n=t[r];n.enumerable=n.enumerable||!1,n.configurable=!0,"value"in n&&(n.writable=!0),Object.defineProperty(e,Wt(n.key),n)}}function Wt(e){var t=function(e,t){if("object"!=Xt(e)||!e)return e;var r=e[Symbol.toPrimitive];if(void 0!==r){var n=r.call(e,t||"default");if("object"!=Xt(n))return n;throw new TypeError("@@toPrimitive must return a primitive value.")}return("string"===t?String:Number)(e)}(e,"string");return"symbol"==Xt(t)?t:String(t)}function Gt(e,t,r){return t=Yt(t),function(e,t){if(t&&("object"===Xt(t)||"function"==typeof t))return t;if(void 0!==t)throw new TypeError("Derived constructors may only return object or undefined");return function(e){if(void 0===e)throw new ReferenceError("this hasn't been initialised - super() hasn't been called");return e}(e)}(e,Qt()?Reflect.construct(t,r||[],Yt(e).constructor):t.apply(e,r))}function Qt(){try{var e=!Boolean.prototype.valueOf.call(Reflect.construct(Boolean,[],(function(){})))}catch(e){}return(Qt=function(){return!!e})()}function Yt(e){return Yt=Object.setPrototypeOf?Object.getPrototypeOf.bind():function(e){return e.__proto__||Object.getPrototypeOf(e)},Yt(e)}function Jt(e,t){return Jt=Object.setPrototypeOf?Object.setPrototypeOf.bind():function(e,t){return e.__proto__=t,e},Jt(e,t)}var Zt=function(e){function t(e,r,n,o){var i;if(function(e,t){if(!(e instanceof t))throw new TypeError("Cannot call a class as a function")}(this,t),(i=Gt(this,t,[e])).url.segment("paths/strict-send"),r.isNative()?i.url.setQuery("source_asset_type","native"):(i.url.setQuery("source_asset_type",r.getAssetType()),i.url.setQuery("source_asset_code",r.getCode()),i.url.setQuery("source_asset_issuer",r.getIssuer())),i.url.setQuery("source_amount",n),"string"==typeof o)i.url.setQuery("destination_account",o);else{var a=o.map((function(e){return e.isNative()?"native":"".concat(e.getCode(),":").concat(e.getIssuer())})).join(",");i.url.setQuery("destination_assets",a)}return i}return function(e,t){if("function"!=typeof t&&null!==t)throw new TypeError("Super expression must either be null or a function");e.prototype=Object.create(t&&t.prototype,{constructor:{value:e,writable:!0,configurable:!0}}),Object.defineProperty(e,"prototype",{writable:!1}),t&&Jt(e,t)}(t,e),r=t,n&&$t(r.prototype,n),o&&$t(r,o),Object.defineProperty(r,"prototype",{writable:!1}),r;var r,n,o}(re);function er(e){return er="function"==typeof Symbol&&"symbol"==typeof Symbol.iterator?function(e){return typeof e}:function(e){return e&&"function"==typeof Symbol&&e.constructor===Symbol&&e!==Symbol.prototype?"symbol":typeof e},er(e)}function tr(e,t){for(var r=0;r<t.length;r++){var n=t[r];n.enumerable=n.enumerable||!1,n.configurable=!0,"value"in n&&(n.writable=!0),Object.defineProperty(e,rr(n.key),n)}}function rr(e){var t=function(e,t){if("object"!=er(e)||!e)return e;var r=e[Symbol.toPrimitive];if(void 0!==r){var n=r.call(e,t||"default");if("object"!=er(n))return n;throw new TypeError("@@toPrimitive must return a primitive value.")}return("string"===t?String:Number)(e)}(e,"string");return"symbol"==er(t)?t:String(t)}function nr(e,t,r){return t=ir(t),function(e,t){if(t&&("object"===er(t)||"function"==typeof t))return t;if(void 0!==t)throw new TypeError("Derived constructors may only return object or undefined");return function(e){if(void 0===e)throw new ReferenceError("this hasn't been initialised - super() hasn't been called");return e}(e)}(e,or()?Reflect.construct(t,r||[],ir(e).constructor):t.apply(e,r))}function or(){try{var e=!Boolean.prototype.valueOf.call(Reflect.construct(Boolean,[],(function(){})))}catch(e){}return(or=function(){return!!e})()}function ir(e){return ir=Object.setPrototypeOf?Object.getPrototypeOf.bind():function(e){return e.__proto__||Object.getPrototypeOf(e)},ir(e)}function ar(e,t){return ar=Object.setPrototypeOf?Object.setPrototypeOf.bind():function(e,t){return e.__proto__=t,e},ar(e,t)}var sr=[6e4,3e5,9e5,36e5,864e5,6048e5],ur=function(e){function t(e,r,n,o,i,a,s){var u;if(function(e,t){if(!(e instanceof t))throw new TypeError("Cannot call a class as a function")}(this,t),(u=nr(this,t,[e])).url.segment("trade_aggregations"),r.isNative()?u.url.setQuery("base_asset_type","native"):(u.url.setQuery("base_asset_type",r.getAssetType()),u.url.setQuery("base_asset_code",r.getCode()),u.url.setQuery("base_asset_issuer",r.getIssuer())),n.isNative()?u.url.setQuery("counter_asset_type","native"):(u.url.setQuery("counter_asset_type",n.getAssetType()),u.url.setQuery("counter_asset_code",n.getCode()),u.url.setQuery("counter_asset_issuer",n.getIssuer())),"number"!=typeof o||"number"!=typeof i)throw new N.oY("Invalid time bounds",[o,i]);if(u.url.setQuery("start_time",o.toString()),u.url.setQuery("end_time",i.toString()),!u.isValidResolution(a))throw new N.oY("Invalid resolution",a);if(u.url.setQuery("resolution",a.toString()),!u.isValidOffset(s,a))throw new N.oY("Invalid offset",s);return u.url.setQuery("offset",s.toString()),u}var r,n,o;return function(e,t){if("function"!=typeof t&&null!==t)throw new TypeError("Super expression must either be null or a function");e.prototype=Object.create(t&&t.prototype,{constructor:{value:e,writable:!0,configurable:!0}}),Object.defineProperty(e,"prototype",{writable:!1}),t&&ar(e,t)}(t,e),r=t,(n=[{key:"isValidResolution",value:function(e){for(var t=0,r=sr;t<r.length;t++)if(r[t]===e)return!0;return!1}},{key:"isValidOffset",value:function(e,t){var r=36e5;return!(e>t||e>=24*r||e%r!=0)}}])&&tr(r.prototype,n),o&&tr(r,o),Object.defineProperty(r,"prototype",{writable:!1}),t}(re);function cr(e){return cr="function"==typeof Symbol&&"symbol"==typeof Symbol.iterator?function(e){return typeof e}:function(e){return e&&"function"==typeof Symbol&&e.constructor===Symbol&&e!==Symbol.prototype?"symbol":typeof e},cr(e)}function lr(e,t){for(var r=0;r<t.length;r++){var n=t[r];n.enumerable=n.enumerable||!1,n.configurable=!0,"value"in n&&(n.writable=!0),Object.defineProperty(e,fr(n.key),n)}}function fr(e){var t=function(e,t){if("object"!=cr(e)||!e)return e;var r=e[Symbol.toPrimitive];if(void 0!==r){var n=r.call(e,t||"default");if("object"!=cr(n))return n;throw new TypeError("@@toPrimitive must return a primitive value.")}return("string"===t?String:Number)(e)}(e,"string");return"symbol"==cr(t)?t:String(t)}function pr(e,t,r){return t=hr(t),function(e,t){if(t&&("object"===cr(t)||"function"==typeof t))return t;if(void 0!==t)throw new TypeError("Derived constructors may only return object or undefined");return function(e){if(void 0===e)throw new ReferenceError("this hasn't been initialised - super() hasn't been called");return e}(e)}(e,dr()?Reflect.construct(t,r||[],hr(e).constructor):t.apply(e,r))}function dr(){try{var e=!Boolean.prototype.valueOf.call(Reflect.construct(Boolean,[],(function(){})))}catch(e){}return(dr=function(){return!!e})()}function hr(e){return hr=Object.setPrototypeOf?Object.getPrototypeOf.bind():function(e){return e.__proto__||Object.getPrototypeOf(e)},hr(e)}function yr(e,t){return yr=Object.setPrototypeOf?Object.setPrototypeOf.bind():function(e,t){return e.__proto__=t,e},yr(e,t)}var mr=function(e){function t(e){var r;return function(e,t){if(!(e instanceof t))throw new TypeError("Cannot call a class as a function")}(this,t),(r=pr(this,t,[e,"trades"])).url.segment("trades"),r}var r,n,o;return function(e,t){if("function"!=typeof t&&null!==t)throw new TypeError("Super expression must either be null or a function");e.prototype=Object.create(t&&t.prototype,{constructor:{value:e,writable:!0,configurable:!0}}),Object.defineProperty(e,"prototype",{writable:!1}),t&&yr(e,t)}(t,e),r=t,(n=[{key:"forAssetPair",value:function(e,t){return e.isNative()?this.url.setQuery("base_asset_type","native"):(this.url.setQuery("base_asset_type",e.getAssetType()),this.url.setQuery("base_asset_code",e.getCode()),this.url.setQuery("base_asset_issuer",e.getIssuer())),t.isNative()?this.url.setQuery("counter_asset_type","native"):(this.url.setQuery("counter_asset_type",t.getAssetType()),this.url.setQuery("counter_asset_code",t.getCode()),this.url.setQuery("counter_asset_issuer",t.getIssuer())),this}},{key:"forOffer",value:function(e){return this.url.setQuery("offer_id",e),this}},{key:"forType",value:function(e){return this.url.setQuery("trade_type",e),this}},{key:"forAccount",value:function(e){return this.forEndpoint("accounts",e)}},{key:"forLiquidityPool",value:function(e){return this.forEndpoint("liquidity_pools",e)}}])&&lr(r.prototype,n),o&&lr(r,o),Object.defineProperty(r,"prototype",{writable:!1}),t}(re);function vr(e){return vr="function"==typeof Symbol&&"symbol"==typeof Symbol.iterator?function(e){return typeof e}:function(e){return e&&"function"==typeof Symbol&&e.constructor===Symbol&&e!==Symbol.prototype?"symbol":typeof e},vr(e)}function gr(e,t){for(var r=0;r<t.length;r++){var n=t[r];n.enumerable=n.enumerable||!1,n.configurable=!0,"value"in n&&(n.writable=!0),Object.defineProperty(e,br(n.key),n)}}function br(e){var t=function(e,t){if("object"!=vr(e)||!e)return e;var r=e[Symbol.toPrimitive];if(void 0!==r){var n=r.call(e,t||"default");if("object"!=vr(n))return n;throw new TypeError("@@toPrimitive must return a primitive value.")}return("string"===t?String:Number)(e)}(e,"string");return"symbol"==vr(t)?t:String(t)}function wr(e,t,r){return t=_r(t),function(e,t){if(t&&("object"===vr(t)||"function"==typeof t))return t;if(void 0!==t)throw new TypeError("Derived constructors may only return object or undefined");return function(e){if(void 0===e)throw new ReferenceError("this hasn't been initialised - super() hasn't been called");return e}(e)}(e,Sr()?Reflect.construct(t,r||[],_r(e).constructor):t.apply(e,r))}function Sr(){try{var e=!Boolean.prototype.valueOf.call(Reflect.construct(Boolean,[],(function(){})))}catch(e){}return(Sr=function(){return!!e})()}function _r(e){return _r=Object.setPrototypeOf?Object.getPrototypeOf.bind():function(e){return e.__proto__||Object.getPrototypeOf(e)},_r(e)}function Er(e,t){return Er=Object.setPrototypeOf?Object.setPrototypeOf.bind():function(e,t){return e.__proto__=t,e},Er(e,t)}var Tr=function(e){function t(e){var r;return function(e,t){if(!(e instanceof t))throw new TypeError("Cannot call a class as a function")}(this,t),(r=wr(this,t,[e,"transactions"])).url.segment("transactions"),r}var r,n,o;return function(e,t){if("function"!=typeof t&&null!==t)throw new TypeError("Super expression must either be null or a function");e.prototype=Object.create(t&&t.prototype,{constructor:{value:e,writable:!0,configurable:!0}}),Object.defineProperty(e,"prototype",{writable:!1}),t&&Er(e,t)}(t,e),r=t,(n=[{key:"transaction",value:function(e){var t=new re(this.url.clone());return t.filter.push([e]),t}},{key:"forAccount",value:function(e){return this.forEndpoint("accounts",e)}},{key:"forClaimableBalance",value:function(e){return this.forEndpoint("claimable_balances",e)}},{key:"forLedger",value:function(e){return this.forEndpoint("ledgers",e.toString())}},{key:"forLiquidityPool",value:function(e){return this.forEndpoint("liquidity_pools",e)}},{key:"includeFailed",value:function(e){return this.url.setQuery("include_failed",e.toString()),this}}])&&gr(r.prototype,n),o&&gr(r,o),Object.defineProperty(r,"prototype",{writable:!1}),t}(re);function kr(e){return kr="function"==typeof Symbol&&"symbol"==typeof Symbol.iterator?function(e){return typeof e}:function(e){return e&&"function"==typeof Symbol&&e.constructor===Symbol&&e!==Symbol.prototype?"symbol":typeof e},kr(e)}function Or(){Or=function(){return t};var e,t={},r=Object.prototype,n=r.hasOwnProperty,o=Object.defineProperty||function(e,t,r){e[t]=r.value},i="function"==typeof Symbol?Symbol:{},a=i.iterator||"@@iterator",s=i.asyncIterator||"@@asyncIterator",u=i.toStringTag||"@@toStringTag";function c(e,t,r){return Object.defineProperty(e,t,{value:r,enumerable:!0,configurable:!0,writable:!0}),e[t]}try{c({},"")}catch(e){c=function(e,t,r){return e[t]=r}}function l(e,t,r,n){var i=t&&t.prototype instanceof v?t:v,a=Object.create(i.prototype),s=new R(n||[]);return o(a,"_invoke",{value:O(e,r,s)}),a}function f(e,t,r){try{return{type:"normal",arg:e.call(t,r)}}catch(e){return{type:"throw",arg:e}}}t.wrap=l;var p="suspendedStart",d="suspendedYield",h="executing",y="completed",m={};function v(){}function g(){}function b(){}var w={};c(w,a,(function(){return this}));var S=Object.getPrototypeOf,_=S&&S(S(I([])));_&&_!==r&&n.call(_,a)&&(w=_);var E=b.prototype=v.prototype=Object.create(w);function T(e){["next","throw","return"].forEach((function(t){c(e,t,(function(e){return this._invoke(t,e)}))}))}function k(e,t){function r(o,i,a,s){var u=f(e[o],e,i);if("throw"!==u.type){var c=u.arg,l=c.value;return l&&"object"==kr(l)&&n.call(l,"__await")?t.resolve(l.__await).then((function(e){r("next",e,a,s)}),(function(e){r("throw",e,a,s)})):t.resolve(l).then((function(e){c.value=e,a(c)}),(function(e){return r("throw",e,a,s)}))}s(u.arg)}var i;o(this,"_invoke",{value:function(e,n){function o(){return new t((function(t,o){r(e,n,t,o)}))}return i=i?i.then(o,o):o()}})}function O(t,r,n){var o=p;return function(i,a){if(o===h)throw new Error("Generator is already running");if(o===y){if("throw"===i)throw a;return{value:e,done:!0}}for(n.method=i,n.arg=a;;){var s=n.delegate;if(s){var u=A(s,n);if(u){if(u===m)continue;return u}}if("next"===n.method)n.sent=n._sent=n.arg;else if("throw"===n.method){if(o===p)throw o=y,n.arg;n.dispatchException(n.arg)}else"return"===n.method&&n.abrupt("return",n.arg);o=h;var c=f(t,r,n);if("normal"===c.type){if(o=n.done?y:d,c.arg===m)continue;return{value:c.arg,done:n.done}}"throw"===c.type&&(o=y,n.method="throw",n.arg=c.arg)}}}function A(t,r){var n=r.method,o=t.iterator[n];if(o===e)return r.delegate=null,"throw"===n&&t.iterator.return&&(r.method="return",r.arg=e,A(t,r),"throw"===r.method)||"return"!==n&&(r.method="throw",r.arg=new TypeError("The iterator does not provide a '"+n+"' method")),m;var i=f(o,t.iterator,r.arg);if("throw"===i.type)return r.method="throw",r.arg=i.arg,r.delegate=null,m;var a=i.arg;return a?a.done?(r[t.resultName]=a.value,r.next=t.nextLoc,"return"!==r.method&&(r.method="next",r.arg=e),r.delegate=null,m):a:(r.method="throw",r.arg=new TypeError("iterator result is not an object"),r.delegate=null,m)}function x(e){var t={tryLoc:e[0]};1 in e&&(t.catchLoc=e[1]),2 in e&&(t.finallyLoc=e[2],t.afterLoc=e[3]),this.tryEntries.push(t)}function P(e){var t=e.completion||{};t.type="normal",delete t.arg,e.completion=t}function R(e){this.tryEntries=[{tryLoc:"root"}],e.forEach(x,this),this.reset(!0)}function I(t){if(t||""===t){var r=t[a];if(r)return r.call(t);if("function"==typeof t.next)return t;if(!isNaN(t.length)){var o=-1,i=function r(){for(;++o<t.length;)if(n.call(t,o))return r.value=t[o],r.done=!1,r;return r.value=e,r.done=!0,r};return i.next=i}}throw new TypeError(kr(t)+" is not iterable")}return g.prototype=b,o(E,"constructor",{value:b,configurable:!0}),o(b,"constructor",{value:g,configurable:!0}),g.displayName=c(b,u,"GeneratorFunction"),t.isGeneratorFunction=function(e){var t="function"==typeof e&&e.constructor;return!!t&&(t===g||"GeneratorFunction"===(t.displayName||t.name))},t.mark=function(e){return Object.setPrototypeOf?Object.setPrototypeOf(e,b):(e.__proto__=b,c(e,u,"GeneratorFunction")),e.prototype=Object.create(E),e},t.awrap=function(e){return{__await:e}},T(k.prototype),c(k.prototype,s,(function(){return this})),t.AsyncIterator=k,t.async=function(e,r,n,o,i){void 0===i&&(i=Promise);var a=new k(l(e,r,n,o),i);return t.isGeneratorFunction(r)?a:a.next().then((function(e){return e.done?e.value:a.next()}))},T(E),c(E,u,"Generator"),c(E,a,(function(){return this})),c(E,"toString",(function(){return"[object Generator]"})),t.keys=function(e){var t=Object(e),r=[];for(var n in t)r.push(n);return r.reverse(),function e(){for(;r.length;){var n=r.pop();if(n in t)return e.value=n,e.done=!1,e}return e.done=!0,e}},t.values=I,R.prototype={constructor:R,reset:function(t){if(this.prev=0,this.next=0,this.sent=this._sent=e,this.done=!1,this.delegate=null,this.method="next",this.arg=e,this.tryEntries.forEach(P),!t)for(var r in this)"t"===r.charAt(0)&&n.call(this,r)&&!isNaN(+r.slice(1))&&(this[r]=e)},stop:function(){this.done=!0;var e=this.tryEntries[0].completion;if("throw"===e.type)throw e.arg;return this.rval},dispatchException:function(t){if(this.done)throw t;var r=this;function o(n,o){return s.type="throw",s.arg=t,r.next=n,o&&(r.method="next",r.arg=e),!!o}for(var i=this.tryEntries.length-1;i>=0;--i){var a=this.tryEntries[i],s=a.completion;if("root"===a.tryLoc)return o("end");if(a.tryLoc<=this.prev){var u=n.call(a,"catchLoc"),c=n.call(a,"finallyLoc");if(u&&c){if(this.prev<a.catchLoc)return o(a.catchLoc,!0);if(this.prev<a.finallyLoc)return o(a.finallyLoc)}else if(u){if(this.prev<a.catchLoc)return o(a.catchLoc,!0)}else{if(!c)throw new Error("try statement without catch or finally");if(this.prev<a.finallyLoc)return o(a.finallyLoc)}}}},abrupt:function(e,t){for(var r=this.tryEntries.length-1;r>=0;--r){var o=this.tryEntries[r];if(o.tryLoc<=this.prev&&n.call(o,"finallyLoc")&&this.prev<o.finallyLoc){var i=o;break}}i&&("break"===e||"continue"===e)&&i.tryLoc<=t&&t<=i.finallyLoc&&(i=null);var a=i?i.completion:{};return a.type=e,a.arg=t,i?(this.method="next",this.next=i.finallyLoc,m):this.complete(a)},complete:function(e,t){if("throw"===e.type)throw e.arg;return"break"===e.type||"continue"===e.type?this.next=e.arg:"return"===e.type?(this.rval=this.arg=e.arg,this.method="return",this.next="end"):"normal"===e.type&&t&&(this.next=t),m},finish:function(e){for(var t=this.tryEntries.length-1;t>=0;--t){var r=this.tryEntries[t];if(r.finallyLoc===e)return this.complete(r.completion,r.afterLoc),P(r),m}},catch:function(e){for(var t=this.tryEntries.length-1;t>=0;--t){var r=this.tryEntries[t];if(r.tryLoc===e){var n=r.completion;if("throw"===n.type){var o=n.arg;P(r)}return o}}throw new Error("illegal catch attempt")},delegateYield:function(t,r,n){return this.delegate={iterator:I(t),resultName:r,nextLoc:n},"next"===this.method&&(this.arg=e),m}},t}function Ar(e,t,r,n,o,i,a){try{var s=e[i](a),u=s.value}catch(e){return void r(e)}s.done?t(u):Promise.resolve(u).then(n,o)}function xr(e){return function(){var t=this,r=arguments;return new Promise((function(n,o){var i=e.apply(t,r);function a(e){Ar(i,n,o,a,s,"next",e)}function s(e){Ar(i,n,o,a,s,"throw",e)}a(void 0)}))}}function Pr(e,t){for(var r=0;r<t.length;r++){var n=t[r];n.enumerable=n.enumerable||!1,n.configurable=!0,"value"in n&&(n.writable=!0),Object.defineProperty(e,Rr(n.key),n)}}function Rr(e){var t=function(e,t){if("object"!=kr(e)||!e)return e;var r=e[Symbol.toPrimitive];if(void 0!==r){var n=r.call(e,t||"default");if("object"!=kr(n))return n;throw new TypeError("@@toPrimitive must return a primitive value.")}return("string"===t?String:Number)(e)}(e,"string");return"symbol"==kr(t)?t:String(t)}function Ir(e){return new I(e).div(1e7).toString()}var Cr=function(){function e(t){var r=arguments.length>1&&void 0!==arguments[1]?arguments[1]:{};!function(e,t){if(!(e instanceof t))throw new TypeError("Cannot call a class as a function")}(this,e),this.serverURL=j()(t);var n=void 0===r.allowHttp?ne.D.isAllowHttp():r.allowHttp,o={};if(r.appName&&(o["X-App-Name"]=r.appName),r.appVersion&&(o["X-App-Version"]=r.appVersion),r.authToken&&(o["X-Auth-Token"]=r.authToken),Object.keys(o).length>0&&q.interceptors.request.use((function(e){return e.headers=Object.assign(e.headers,o),e})),"https"!==this.serverURL.protocol()&&!n)throw new Error("Cannot connect to insecure horizon server")}var t,r,n,o,a,s,u,c,l;return t=e,r=[{key:"fetchTimebounds",value:(l=xr(Or().mark((function e(t){var r,n,o=arguments;return Or().wrap((function(e){for(;;)switch(e.prev=e.next){case 0:if(r=o.length>1&&void 0!==o[1]&&o[1],!(n=K(this.serverURL.hostname()))){e.next=4;break}return e.abrupt("return",{minTime:0,maxTime:n+t});case 4:if(!r){e.next=6;break}return e.abrupt("return",{minTime:0,maxTime:Math.floor((new Date).getTime()/1e3)+t});case 6:return e.next=8,q.get(j()(this.serverURL).toString());case 8:return e.next=10,this.fetchTimebounds(t,!0);case 10:return e.abrupt("return",e.sent);case 11:case"end":return e.stop()}}),e,this)}))),function(e){return l.apply(this,arguments)})},{key:"fetchBaseFee",value:(c=xr(Or().mark((function e(){var t;return Or().wrap((function(e){for(;;)switch(e.prev=e.next){case 0:return e.next=2,this.feeStats();case 2:return t=e.sent,e.abrupt("return",parseInt(t.last_ledger_base_fee,10)||100);case 4:case"end":return e.stop()}}),e,this)}))),function(){return c.apply(this,arguments)})},{key:"feeStats",value:(u=xr(Or().mark((function e(){var t;return Or().wrap((function(e){for(;;)switch(e.prev=e.next){case 0:return(t=new re(j()(this.serverURL))).filter.push(["fee_stats"]),e.abrupt("return",t.call());case 3:case"end":return e.stop()}}),e,this)}))),function(){return u.apply(this,arguments)})},{key:"submitTransaction",value:(s=xr(Or().mark((function e(t){var r,n=arguments;return Or().wrap((function(e){for(;;)switch(e.prev=e.next){case 0:if((n.length>1&&void 0!==n[1]?n[1]:{skipMemoRequiredCheck:!1}).skipMemoRequiredCheck){e.next=4;break}return e.next=4,this.checkMemoRequired(t);case 4:return r=encodeURIComponent(t.toEnvelope().toXDR().toString("base64")),e.abrupt("return",q.post(j()(this.serverURL).segment("transactions").toString(),"tx=".concat(r),{timeout:6e4}).then((function(e){if(!e.data.result_xdr)return e.data;var t,r,n=i.xdr.TransactionResult.fromXDR(e.data.result_xdr,"base64").result().value();return n.length&&(t=n.map((function(e,t){if("manageBuyOffer"!==e.value().switch().name&&"manageSellOffer"!==e.value().switch().name)return null;r=!0;var n,o=new I(0),a=new I(0),s=e.value().value().success(),u=s.offersClaimed().map((function(e){var t=e.value(),r="";switch(e.switch()){case i.xdr.ClaimAtomType.claimAtomTypeV0():r=i.StrKey.encodeEd25519PublicKey(t.sellerEd25519());break;case i.xdr.ClaimAtomType.claimAtomTypeOrderBook():r=i.StrKey.encodeEd25519PublicKey(t.sellerId().ed25519());break;default:throw new Error("Invalid offer result type: "+e.switch())}var n=new I(t.amountBought().toString()),s=new I(t.amountSold().toString());o=o.plus(s),a=a.plus(n);var u=i.Asset.fromOperation(t.assetSold()),c=i.Asset.fromOperation(t.assetBought()),l={type:u.getAssetType(),assetCode:u.getCode(),issuer:u.getIssuer()},f={type:c.getAssetType(),assetCode:c.getCode(),issuer:c.getIssuer()};return{sellerId:r,offerId:t.offerId().toString(),assetSold:l,amountSold:Ir(s),assetBought:f,amountBought:Ir(n)}})),c=s.offer().switch().name;if("function"==typeof s.offer().value&&s.offer().value()){var l=s.offer().value();n={offerId:l.offerId().toString(),selling:{},buying:{},amount:Ir(l.amount().toString()),price:{n:l.price().n(),d:l.price().d()}};var f=i.Asset.fromOperation(l.selling());n.selling={type:f.getAssetType(),assetCode:f.getCode(),issuer:f.getIssuer()};var p=i.Asset.fromOperation(l.buying());n.buying={type:p.getAssetType(),assetCode:p.getCode(),issuer:p.getIssuer()}}return{offersClaimed:u,effect:c,operationIndex:t,currentOffer:n,amountBought:Ir(o),amountSold:Ir(a),isFullyOpen:!u.length&&"manageOfferDeleted"!==c,wasPartiallyFilled:!!u.length&&"manageOfferDeleted"!==c,wasImmediatelyFilled:!!u.length&&"manageOfferDeleted"===c,wasImmediatelyDeleted:!u.length&&"manageOfferDeleted"===c}})).filter((function(e){return!!e}))),Object.assign({},e.data,{offerResults:r?t:void 0})})).catch((function(e){return e instanceof Error?Promise.reject(e):Promise.reject(new N.Fz("Transaction submission failed. Server responded: ".concat(e.status," ").concat(e.statusText),e.data))})));case 6:case"end":return e.stop()}}),e,this)}))),function(e){return s.apply(this,arguments)})},{key:"accounts",value:function(){return new fe(j()(this.serverURL))}},{key:"claimableBalances",value:function(){return new Ae(j()(this.serverURL))}},{key:"ledgers",value:function(){return new Ye(j()(this.serverURL))}},{key:"transactions",value:function(){return new Tr(j()(this.serverURL))}},{key:"offers",value:function(){return new dt(j()(this.serverURL))}},{key:"orderbook",value:function(e,t){return new Pt(j()(this.serverURL),e,t)}},{key:"trades",value:function(){return new mr(j()(this.serverURL))}},{key:"operations",value:function(){return new St(j()(this.serverURL))}},{key:"liquidityPools",value:function(){return new it(j()(this.serverURL))}},{key:"strictReceivePaths",value:function(e,t,r){return new zt(j()(this.serverURL),e,t,r)}},{key:"strictSendPaths",value:function(e,t,r){return new Zt(j()(this.serverURL),e,t,r)}},{key:"payments",value:function(){return new Ut(j()(this.serverURL))}},{key:"effects",value:function(){return new Le(j()(this.serverURL))}},{key:"friendbot",value:function(e){return new Ke(j()(this.serverURL),e)}},{key:"assets",value:function(){return new be(j()(this.serverURL))}},{key:"loadAccount",value:(a=xr(Or().mark((function e(t){var r;return Or().wrap((function(e){for(;;)switch(e.prev=e.next){case 0:return e.next=2,this.accounts().accountId(t).call();case 2:return r=e.sent,e.abrupt("return",new f(r));case 4:case"end":return e.stop()}}),e,this)}))),function(e){return a.apply(this,arguments)})},{key:"tradeAggregation",value:function(e,t,r,n,o,i){return new ur(j()(this.serverURL),e,t,r,n,o,i)}},{key:"checkMemoRequired",value:(o=xr(Or().mark((function e(t){var r,n,o,a;return Or().wrap((function(e){for(;;)switch(e.prev=e.next){case 0:if(t instanceof i.FeeBumpTransaction&&(t=t.innerTransaction),"none"===t.memo.type){e.next=3;break}return e.abrupt("return");case 3:r=new Set,n=0;case 5:if(!(n<t.operations.length)){e.next=36;break}o=t.operations[n],e.t0=o.type,e.next="payment"===e.t0||"pathPaymentStrictReceive"===e.t0||"pathPaymentStrictSend"===e.t0||"accountMerge"===e.t0?10:11;break;case 10:return e.abrupt("break",12);case 11:return e.abrupt("continue",33);case 12:if(a=o.destination,!r.has(a)){e.next=15;break}return e.abrupt("continue",33);case 15:if(r.add(a),!a.startsWith("M")){e.next=18;break}return e.abrupt("continue",33);case 18:return e.prev=18,e.next=21,this.loadAccount(a);case 21:if("MQ=="!==e.sent.data_attr["config.memo_required"]){e.next=24;break}throw new N.hs("account requires memo",a,n);case 24:e.next=33;break;case 26:if(e.prev=26,e.t1=e.catch(18),!(e.t1 instanceof N.hs)){e.next=30;break}throw e.t1;case 30:if(e.t1 instanceof N.dR){e.next=32;break}throw e.t1;case 32:return e.abrupt("continue",33);case 33:n++,e.next=5;break;case 36:case"end":return e.stop()}}),e,this,[[18,26]])}))),function(e){return o.apply(this,arguments)})}],r&&Pr(t.prototype,r),n&&Pr(t,n),Object.defineProperty(t,"prototype",{writable:!1}),e}();const jr=(e=r.hmd(e)).exports},8026:(e,t,r)=>{"use strict";r.r(t),r.d(t,{AccountRequiresMemoError:()=>n.hs,BadRequestError:()=>n.oY,BadResponseError:()=>n.Fz,Config:()=>o.D,ContractSpec:()=>p.o,Federation:()=>s,Friendbot:()=>c,Horizon:()=>l,NetworkError:()=>n.F7,NotFoundError:()=>n.dR,SorobanRpc:()=>f,StellarToml:()=>a,Utils:()=>i.c,WebAuth:()=>u,default:()=>y});var n=r(6086),o=r(7939),i=r(1557),a=r(4700),s=r(2761),u=r(273),c=r(197),l=r(6881),f=r(8491),p=r(936),d=r(4172),h={};for(const e in d)["default","Config","Utils","StellarToml","Federation","WebAuth","Friendbot","Horizon","SorobanRpc","ContractSpec","AccountRequiresMemoError","BadRequestError","BadResponseError","NetworkError","NotFoundError"].indexOf(e)<0&&(h[e]=()=>d[e]);r.d(t,h);const y=(e=r.hmd(e)).exports},8491:(e,t,r)=>{"use strict";var n;r.r(t),r.d(t,{Api:()=>n,AxiosClient:()=>c,Durability:()=>F,Server:()=>D,assembleTransaction:()=>A,default:()=>q,parseRawEvents:()=>T,parseRawSimulation:()=>O}),function(e){var t=function(e){return e.SUCCESS="SUCCESS",e.NOT_FOUND="NOT_FOUND",e.FAILED="FAILED",e}({});function r(e){return"transactionData"in e}e.GetTransactionStatus=t,e.isSimulationError=function(e){return"error"in e},e.isSimulationSuccess=r,e.isSimulationRestore=function(e){return r(e)&&"restorePreamble"in e&&!!e.restorePreamble.transactionData},e.isSimulationRaw=function(e){return!e._parsed}}(n||(n={}));var o=r(4998),i=r.n(o),a=r(4172),s=r(1257),u=r(4147).i8;const c=s.Z.create({headers:{"X-Client-Name":"js-soroban-client","X-Client-Version":u}});function l(e){return l="function"==typeof Symbol&&"symbol"==typeof Symbol.iterator?function(e){return typeof e}:function(e){return e&&"function"==typeof Symbol&&e.constructor===Symbol&&e!==Symbol.prototype?"symbol":typeof e},l(e)}function f(){f=function(){return t};var e,t={},r=Object.prototype,n=r.hasOwnProperty,o=Object.defineProperty||function(e,t,r){e[t]=r.value},i="function"==typeof Symbol?Symbol:{},a=i.iterator||"@@iterator",s=i.asyncIterator||"@@asyncIterator",u=i.toStringTag||"@@toStringTag";function c(e,t,r){return Object.defineProperty(e,t,{value:r,enumerable:!0,configurable:!0,writable:!0}),e[t]}try{c({},"")}catch(e){c=function(e,t,r){return e[t]=r}}function p(e,t,r,n){var i=t&&t.prototype instanceof b?t:b,a=Object.create(i.prototype),s=new C(n||[]);return o(a,"_invoke",{value:x(e,r,s)}),a}function d(e,t,r){try{return{type:"normal",arg:e.call(t,r)}}catch(e){return{type:"throw",arg:e}}}t.wrap=p;var h="suspendedStart",y="suspendedYield",m="executing",v="completed",g={};function b(){}function w(){}function S(){}var _={};c(_,a,(function(){return this}));var E=Object.getPrototypeOf,T=E&&E(E(j([])));T&&T!==r&&n.call(T,a)&&(_=T);var k=S.prototype=b.prototype=Object.create(_);function O(e){["next","throw","return"].forEach((function(t){c(e,t,(function(e){return this._invoke(t,e)}))}))}function A(e,t){function r(o,i,a,s){var u=d(e[o],e,i);if("throw"!==u.type){var c=u.arg,f=c.value;return f&&"object"==l(f)&&n.call(f,"__await")?t.resolve(f.__await).then((function(e){r("next",e,a,s)}),(function(e){r("throw",e,a,s)})):t.resolve(f).then((function(e){c.value=e,a(c)}),(function(e){return r("throw",e,a,s)}))}s(u.arg)}var i;o(this,"_invoke",{value:function(e,n){function o(){return new t((function(t,o){r(e,n,t,o)}))}return i=i?i.then(o,o):o()}})}function x(t,r,n){var o=h;return function(i,a){if(o===m)throw new Error("Generator is already running");if(o===v){if("throw"===i)throw a;return{value:e,done:!0}}for(n.method=i,n.arg=a;;){var s=n.delegate;if(s){var u=P(s,n);if(u){if(u===g)continue;return u}}if("next"===n.method)n.sent=n._sent=n.arg;else if("throw"===n.method){if(o===h)throw o=v,n.arg;n.dispatchException(n.arg)}else"return"===n.method&&n.abrupt("return",n.arg);o=m;var c=d(t,r,n);if("normal"===c.type){if(o=n.done?v:y,c.arg===g)continue;return{value:c.arg,done:n.done}}"throw"===c.type&&(o=v,n.method="throw",n.arg=c.arg)}}}function P(t,r){var n=r.method,o=t.iterator[n];if(o===e)return r.delegate=null,"throw"===n&&t.iterator.return&&(r.method="return",r.arg=e,P(t,r),"throw"===r.method)||"return"!==n&&(r.method="throw",r.arg=new TypeError("The iterator does not provide a '"+n+"' method")),g;var i=d(o,t.iterator,r.arg);if("throw"===i.type)return r.method="throw",r.arg=i.arg,r.delegate=null,g;var a=i.arg;return a?a.done?(r[t.resultName]=a.value,r.next=t.nextLoc,"return"!==r.method&&(r.method="next",r.arg=e),r.delegate=null,g):a:(r.method="throw",r.arg=new TypeError("iterator result is not an object"),r.delegate=null,g)}function R(e){var t={tryLoc:e[0]};1 in e&&(t.catchLoc=e[1]),2 in e&&(t.finallyLoc=e[2],t.afterLoc=e[3]),this.tryEntries.push(t)}function I(e){var t=e.completion||{};t.type="normal",delete t.arg,e.completion=t}function C(e){this.tryEntries=[{tryLoc:"root"}],e.forEach(R,this),this.reset(!0)}function j(t){if(t||""===t){var r=t[a];if(r)return r.call(t);if("function"==typeof t.next)return t;if(!isNaN(t.length)){var o=-1,i=function r(){for(;++o<t.length;)if(n.call(t,o))return r.value=t[o],r.done=!1,r;return r.value=e,r.done=!0,r};return i.next=i}}throw new TypeError(l(t)+" is not iterable")}return w.prototype=S,o(k,"constructor",{value:S,configurable:!0}),o(S,"constructor",{value:w,configurable:!0}),w.displayName=c(S,u,"GeneratorFunction"),t.isGeneratorFunction=function(e){var t="function"==typeof e&&e.constructor;return!!t&&(t===w||"GeneratorFunction"===(t.displayName||t.name))},t.mark=function(e){return Object.setPrototypeOf?Object.setPrototypeOf(e,S):(e.__proto__=S,c(e,u,"GeneratorFunction")),e.prototype=Object.create(k),e},t.awrap=function(e){return{__await:e}},O(A.prototype),c(A.prototype,s,(function(){return this})),t.AsyncIterator=A,t.async=function(e,r,n,o,i){void 0===i&&(i=Promise);var a=new A(p(e,r,n,o),i);return t.isGeneratorFunction(r)?a:a.next().then((function(e){return e.done?e.value:a.next()}))},O(k),c(k,u,"Generator"),c(k,a,(function(){return this})),c(k,"toString",(function(){return"[object Generator]"})),t.keys=function(e){var t=Object(e),r=[];for(var n in t)r.push(n);return r.reverse(),function e(){for(;r.length;){var n=r.pop();if(n in t)return e.value=n,e.done=!1,e}return e.done=!0,e}},t.values=j,C.prototype={constructor:C,reset:function(t){if(this.prev=0,this.next=0,this.sent=this._sent=e,this.done=!1,this.delegate=null,this.method="next",this.arg=e,this.tryEntries.forEach(I),!t)for(var r in this)"t"===r.charAt(0)&&n.call(this,r)&&!isNaN(+r.slice(1))&&(this[r]=e)},stop:function(){this.done=!0;var e=this.tryEntries[0].completion;if("throw"===e.type)throw e.arg;return this.rval},dispatchException:function(t){if(this.done)throw t;var r=this;function o(n,o){return s.type="throw",s.arg=t,r.next=n,o&&(r.method="next",r.arg=e),!!o}for(var i=this.tryEntries.length-1;i>=0;--i){var a=this.tryEntries[i],s=a.completion;if("root"===a.tryLoc)return o("end");if(a.tryLoc<=this.prev){var u=n.call(a,"catchLoc"),c=n.call(a,"finallyLoc");if(u&&c){if(this.prev<a.catchLoc)return o(a.catchLoc,!0);if(this.prev<a.finallyLoc)return o(a.finallyLoc)}else if(u){if(this.prev<a.catchLoc)return o(a.catchLoc,!0)}else{if(!c)throw new Error("try statement without catch or finally");if(this.prev<a.finallyLoc)return o(a.finallyLoc)}}}},abrupt:function(e,t){for(var r=this.tryEntries.length-1;r>=0;--r){var o=this.tryEntries[r];if(o.tryLoc<=this.prev&&n.call(o,"finallyLoc")&&this.prev<o.finallyLoc){var i=o;break}}i&&("break"===e||"continue"===e)&&i.tryLoc<=t&&t<=i.finallyLoc&&(i=null);var a=i?i.completion:{};return a.type=e,a.arg=t,i?(this.method="next",this.next=i.finallyLoc,g):this.complete(a)},complete:function(e,t){if("throw"===e.type)throw e.arg;return"break"===e.type||"continue"===e.type?this.next=e.arg:"return"===e.type?(this.rval=this.arg=e.arg,this.method="return",this.next="end"):"normal"===e.type&&t&&(this.next=t),g},finish:function(e){for(var t=this.tryEntries.length-1;t>=0;--t){var r=this.tryEntries[t];if(r.finallyLoc===e)return this.complete(r.completion,r.afterLoc),I(r),g}},catch:function(e){for(var t=this.tryEntries.length-1;t>=0;--t){var r=this.tryEntries[t];if(r.tryLoc===e){var n=r.completion;if("throw"===n.type){var o=n.arg;I(r)}return o}}throw new Error("illegal catch attempt")},delegateYield:function(t,r,n){return this.delegate={iterator:j(t),resultName:r,nextLoc:n},"next"===this.method&&(this.arg=e),g}},t}function p(e,t,r,n,o,i,a){try{var s=e[i](a),u=s.value}catch(e){return void r(e)}s.done?t(u):Promise.resolve(u).then(n,o)}function d(e){return function(){var t=this,r=arguments;return new Promise((function(n,o){var i=e.apply(t,r);function a(e){p(i,n,o,a,s,"next",e)}function s(e){p(i,n,o,a,s,"throw",e)}a(void 0)}))}}function h(e,t){return y.apply(this,arguments)}function y(){return y=d(f().mark((function e(t,r){var n,o,i,a,s,u=arguments;return f().wrap((function(e){for(;;)switch(e.prev=e.next){case 0:for(n=u.length,o=new Array(n>2?n-2:0),i=2;i<n;i++)o[i-2]=u[i];return o&&o.length<1&&(o=null),e.next=4,c.post(t,{jsonrpc:"2.0",id:1,method:r,params:o});case 4:if(!g((a=e.sent).data,"error")){e.next=9;break}throw a.data.error;case 9:return e.abrupt("return",null===(s=a.data)||void 0===s?void 0:s.result);case 10:case"end":return e.stop()}}),e)}))),y.apply(this,arguments)}function m(e,t,r){return v.apply(this,arguments)}function v(){return(v=d(f().mark((function e(t,r,n){var o,i;return f().wrap((function(e){for(;;)switch(e.prev=e.next){case 0:return e.next=2,c.post(t,{jsonrpc:"2.0",id:1,method:r,params:n});case 2:if(!g((o=e.sent).data,"error")){e.next=7;break}throw o.data.error;case 7:return e.abrupt("return",null===(i=o.data)||void 0===i?void 0:i.result);case 8:case"end":return e.stop()}}),e)})))).apply(this,arguments)}function g(e,t){return e.hasOwnProperty(t)}function b(e){return b="function"==typeof Symbol&&"symbol"==typeof Symbol.iterator?function(e){return typeof e}:function(e){return e&&"function"==typeof Symbol&&e.constructor===Symbol&&e!==Symbol.prototype?"symbol":typeof e},b(e)}function w(e,t){var r=Object.keys(e);if(Object.getOwnPropertySymbols){var n=Object.getOwnPropertySymbols(e);t&&(n=n.filter((function(t){return Object.getOwnPropertyDescriptor(e,t).enumerable}))),r.push.apply(r,n)}return r}function S(e){for(var t=1;t<arguments.length;t++){var r=null!=arguments[t]?arguments[t]:{};t%2?w(Object(r),!0).forEach((function(t){_(e,t,r[t])})):Object.getOwnPropertyDescriptors?Object.defineProperties(e,Object.getOwnPropertyDescriptors(r)):w(Object(r)).forEach((function(t){Object.defineProperty(e,t,Object.getOwnPropertyDescriptor(r,t))}))}return e}function _(e,t,r){var n;return n=function(e,t){if("object"!=b(e)||!e)return e;var r=e[Symbol.toPrimitive];if(void 0!==r){var n=r.call(e,t||"default");if("object"!=b(n))return n;throw new TypeError("@@toPrimitive must return a primitive value.")}return("string"===t?String:Number)(e)}(t,"string"),(t="symbol"==b(n)?n:String(n))in e?Object.defineProperty(e,t,{value:r,enumerable:!0,configurable:!0,writable:!0}):e[t]=r,e}function E(e){var t=e.errorResultXdr,r=e.diagnosticEventsXdr;return delete e.errorResultXdr,delete e.diagnosticEventsXdr,t?S(S(S({},e),void 0!==r&&r.length>0&&{diagnosticEvents:r.map((function(e){return a.xdr.DiagnosticEvent.fromXDR(e,"base64")}))}),{},{errorResult:a.xdr.TransactionResult.fromXDR(t,"base64")}):S({},e)}function T(e){var t;return{latestLedger:e.latestLedger,events:(null!==(t=e.events)&&void 0!==t?t:[]).map((function(e){var t=S({},e);return delete t.contractId,S(S(S({},t),""!==e.contractId&&{contractId:new a.Contract(e.contractId)}),{},{topic:e.topic.map((function(e){return a.xdr.ScVal.fromXDR(e,"base64")})),value:a.xdr.ScVal.fromXDR(e.value,"base64")})}))}}function k(e){var t;return{latestLedger:e.latestLedger,entries:(null!==(t=e.entries)&&void 0!==t?t:[]).map((function(e){if(!e.key||!e.xdr)throw new TypeError("invalid ledger entry: ".concat(JSON.stringify(e)));return S({lastModifiedLedgerSeq:e.lastModifiedLedgerSeq,key:a.xdr.LedgerKey.fromXDR(e.key,"base64"),val:a.xdr.LedgerEntryData.fromXDR(e.xdr,"base64")},void 0!==e.liveUntilLedgerSeq&&{liveUntilLedgerSeq:e.liveUntilLedgerSeq})}))}}function O(e){var t,r;if(!n.isSimulationRaw(e))return e;var o={_parsed:!0,id:e.id,latestLedger:e.latestLedger,events:null!==(t=null===(r=e.events)||void 0===r?void 0:r.map((function(e){return a.xdr.DiagnosticEvent.fromXDR(e,"base64")})))&&void 0!==t?t:[]};return"string"==typeof e.error?S(S({},o),{},{error:e.error}):function(e,t){var r,n,o=S(S({},t),{},{transactionData:new a.SorobanDataBuilder(e.transactionData),minResourceFee:e.minResourceFee,cost:e.cost},null!==(r=null===(n=e.results)||void 0===n?void 0:n.length)&&void 0!==r&&r&&{result:e.results.map((function(e){var t;return{auth:(null!==(t=e.auth)&&void 0!==t?t:[]).map((function(e){return a.xdr.SorobanAuthorizationEntry.fromXDR(e,"base64")})),retval:e.xdr?a.xdr.ScVal.fromXDR(e.xdr,"base64"):a.xdr.ScVal.scvVoid()}}))[0]});if(!e.restorePreamble||""===e.restorePreamble.transactionData)return o;return S(S({},o),{},{restorePreamble:{minResourceFee:e.restorePreamble.minResourceFee,transactionData:new a.SorobanDataBuilder(e.restorePreamble.transactionData)}})}(e,o)}function A(e,t){var r;if("innerTransaction"in e)return A(e.innerTransaction,t);if(!function(e){if(1!==e.operations.length)return!1;switch(e.operations[0].type){case"invokeHostFunction":case"extendFootprintTtl":case"restoreFootprint":return!0;default:return!1}}(e))throw new TypeError("unsupported transaction: must contain exactly one invokeHostFunction, extendFootprintTtl, or restoreFootprint operation");var o=O(t);if(!n.isSimulationSuccess(o))throw new Error("simulation incorrect: ".concat(JSON.stringify(o)));var i=parseInt(e.fee)||0,s=parseInt(o.minResourceFee)||0,u=a.TransactionBuilder.cloneFrom(e,{fee:(i+s).toString(),sorobanData:o.transactionData.build(),networkPassphrase:e.networkPassphrase});if("invokeHostFunction"===e.operations[0].type){u.clearOperations();var c=e.operations[0],l=null!==(r=c.auth)&&void 0!==r?r:[];u.addOperation(a.Operation.invokeHostFunction({source:c.source,func:c.func,auth:l.length>0?l:o.result.auth}))}return u}function x(e){return x="function"==typeof Symbol&&"symbol"==typeof Symbol.iterator?function(e){return typeof e}:function(e){return e&&"function"==typeof Symbol&&e.constructor===Symbol&&e!==Symbol.prototype?"symbol":typeof e},x(e)}function P(e,t){var r="undefined"!=typeof Symbol&&e[Symbol.iterator]||e["@@iterator"];if(!r){if(Array.isArray(e)||(r=function(e,t){if(!e)return;if("string"==typeof e)return R(e,t);var r=Object.prototype.toString.call(e).slice(8,-1);"Object"===r&&e.constructor&&(r=e.constructor.name);if("Map"===r||"Set"===r)return Array.from(e);if("Arguments"===r||/^(?:Ui|I)nt(?:8|16|32)(?:Clamped)?Array$/.test(r))return R(e,t)}(e))||t&&e&&"number"==typeof e.length){r&&(e=r);var n=0,o=function(){};return{s:o,n:function(){return n>=e.length?{done:!0}:{done:!1,value:e[n++]}},e:function(e){throw e},f:o}}throw new TypeError("Invalid attempt to iterate non-iterable instance.\nIn order to be iterable, non-array objects must have a [Symbol.iterator]() method.")}var i,a=!0,s=!1;return{s:function(){r=r.call(e)},n:function(){var e=r.next();return a=e.done,e},e:function(e){s=!0,i=e},f:function(){try{a||null==r.return||r.return()}finally{if(s)throw i}}}}function R(e,t){(null==t||t>e.length)&&(t=e.length);for(var r=0,n=new Array(t);r<t;r++)n[r]=e[r];return n}function I(e,t){var r=Object.keys(e);if(Object.getOwnPropertySymbols){var n=Object.getOwnPropertySymbols(e);t&&(n=n.filter((function(t){return Object.getOwnPropertyDescriptor(e,t).enumerable}))),r.push.apply(r,n)}return r}function C(e){for(var t=1;t<arguments.length;t++){var r=null!=arguments[t]?arguments[t]:{};t%2?I(Object(r),!0).forEach((function(t){j(e,t,r[t])})):Object.getOwnPropertyDescriptors?Object.defineProperties(e,Object.getOwnPropertyDescriptors(r)):I(Object(r)).forEach((function(t){Object.defineProperty(e,t,Object.getOwnPropertyDescriptor(r,t))}))}return e}function j(e,t,r){return(t=M(t))in e?Object.defineProperty(e,t,{value:r,enumerable:!0,configurable:!0,writable:!0}):e[t]=r,e}function B(){B=function(){return t};var e,t={},r=Object.prototype,n=r.hasOwnProperty,o=Object.defineProperty||function(e,t,r){e[t]=r.value},i="function"==typeof Symbol?Symbol:{},a=i.iterator||"@@iterator",s=i.asyncIterator||"@@asyncIterator",u=i.toStringTag||"@@toStringTag";function c(e,t,r){return Object.defineProperty(e,t,{value:r,enumerable:!0,configurable:!0,writable:!0}),e[t]}try{c({},"")}catch(e){c=function(e,t,r){return e[t]=r}}function l(e,t,r,n){var i=t&&t.prototype instanceof v?t:v,a=Object.create(i.prototype),s=new I(n||[]);return o(a,"_invoke",{value:O(e,r,s)}),a}function f(e,t,r){try{return{type:"normal",arg:e.call(t,r)}}catch(e){return{type:"throw",arg:e}}}t.wrap=l;var p="suspendedStart",d="suspendedYield",h="executing",y="completed",m={};function v(){}function g(){}function b(){}var w={};c(w,a,(function(){return this}));var S=Object.getPrototypeOf,_=S&&S(S(C([])));_&&_!==r&&n.call(_,a)&&(w=_);var E=b.prototype=v.prototype=Object.create(w);function T(e){["next","throw","return"].forEach((function(t){c(e,t,(function(e){return this._invoke(t,e)}))}))}function k(e,t){function r(o,i,a,s){var u=f(e[o],e,i);if("throw"!==u.type){var c=u.arg,l=c.value;return l&&"object"==x(l)&&n.call(l,"__await")?t.resolve(l.__await).then((function(e){r("next",e,a,s)}),(function(e){r("throw",e,a,s)})):t.resolve(l).then((function(e){c.value=e,a(c)}),(function(e){return r("throw",e,a,s)}))}s(u.arg)}var i;o(this,"_invoke",{value:function(e,n){function o(){return new t((function(t,o){r(e,n,t,o)}))}return i=i?i.then(o,o):o()}})}function O(t,r,n){var o=p;return function(i,a){if(o===h)throw new Error("Generator is already running");if(o===y){if("throw"===i)throw a;return{value:e,done:!0}}for(n.method=i,n.arg=a;;){var s=n.delegate;if(s){var u=A(s,n);if(u){if(u===m)continue;return u}}if("next"===n.method)n.sent=n._sent=n.arg;else if("throw"===n.method){if(o===p)throw o=y,n.arg;n.dispatchException(n.arg)}else"return"===n.method&&n.abrupt("return",n.arg);o=h;var c=f(t,r,n);if("normal"===c.type){if(o=n.done?y:d,c.arg===m)continue;return{value:c.arg,done:n.done}}"throw"===c.type&&(o=y,n.method="throw",n.arg=c.arg)}}}function A(t,r){var n=r.method,o=t.iterator[n];if(o===e)return r.delegate=null,"throw"===n&&t.iterator.return&&(r.method="return",r.arg=e,A(t,r),"throw"===r.method)||"return"!==n&&(r.method="throw",r.arg=new TypeError("The iterator does not provide a '"+n+"' method")),m;var i=f(o,t.iterator,r.arg);if("throw"===i.type)return r.method="throw",r.arg=i.arg,r.delegate=null,m;var a=i.arg;return a?a.done?(r[t.resultName]=a.value,r.next=t.nextLoc,"return"!==r.method&&(r.method="next",r.arg=e),r.delegate=null,m):a:(r.method="throw",r.arg=new TypeError("iterator result is not an object"),r.delegate=null,m)}function P(e){var t={tryLoc:e[0]};1 in e&&(t.catchLoc=e[1]),2 in e&&(t.finallyLoc=e[2],t.afterLoc=e[3]),this.tryEntries.push(t)}function R(e){var t=e.completion||{};t.type="normal",delete t.arg,e.completion=t}function I(e){this.tryEntries=[{tryLoc:"root"}],e.forEach(P,this),this.reset(!0)}function C(t){if(t||""===t){var r=t[a];if(r)return r.call(t);if("function"==typeof t.next)return t;if(!isNaN(t.length)){var o=-1,i=function r(){for(;++o<t.length;)if(n.call(t,o))return r.value=t[o],r.done=!1,r;return r.value=e,r.done=!0,r};return i.next=i}}throw new TypeError(x(t)+" is not iterable")}return g.prototype=b,o(E,"constructor",{value:b,configurable:!0}),o(b,"constructor",{value:g,configurable:!0}),g.displayName=c(b,u,"GeneratorFunction"),t.isGeneratorFunction=function(e){var t="function"==typeof e&&e.constructor;return!!t&&(t===g||"GeneratorFunction"===(t.displayName||t.name))},t.mark=function(e){return Object.setPrototypeOf?Object.setPrototypeOf(e,b):(e.__proto__=b,c(e,u,"GeneratorFunction")),e.prototype=Object.create(E),e},t.awrap=function(e){return{__await:e}},T(k.prototype),c(k.prototype,s,(function(){return this})),t.AsyncIterator=k,t.async=function(e,r,n,o,i){void 0===i&&(i=Promise);var a=new k(l(e,r,n,o),i);return t.isGeneratorFunction(r)?a:a.next().then((function(e){return e.done?e.value:a.next()}))},T(E),c(E,u,"Generator"),c(E,a,(function(){return this})),c(E,"toString",(function(){return"[object Generator]"})),t.keys=function(e){var t=Object(e),r=[];for(var n in t)r.push(n);return r.reverse(),function e(){for(;r.length;){var n=r.pop();if(n in t)return e.value=n,e.done=!1,e}return e.done=!0,e}},t.values=C,I.prototype={constructor:I,reset:function(t){if(this.prev=0,this.next=0,this.sent=this._sent=e,this.done=!1,this.delegate=null,this.method="next",this.arg=e,this.tryEntries.forEach(R),!t)for(var r in this)"t"===r.charAt(0)&&n.call(this,r)&&!isNaN(+r.slice(1))&&(this[r]=e)},stop:function(){this.done=!0;var e=this.tryEntries[0].completion;if("throw"===e.type)throw e.arg;return this.rval},dispatchException:function(t){if(this.done)throw t;var r=this;function o(n,o){return s.type="throw",s.arg=t,r.next=n,o&&(r.method="next",r.arg=e),!!o}for(var i=this.tryEntries.length-1;i>=0;--i){var a=this.tryEntries[i],s=a.completion;if("root"===a.tryLoc)return o("end");if(a.tryLoc<=this.prev){var u=n.call(a,"catchLoc"),c=n.call(a,"finallyLoc");if(u&&c){if(this.prev<a.catchLoc)return o(a.catchLoc,!0);if(this.prev<a.finallyLoc)return o(a.finallyLoc)}else if(u){if(this.prev<a.catchLoc)return o(a.catchLoc,!0)}else{if(!c)throw new Error("try statement without catch or finally");if(this.prev<a.finallyLoc)return o(a.finallyLoc)}}}},abrupt:function(e,t){for(var r=this.tryEntries.length-1;r>=0;--r){var o=this.tryEntries[r];if(o.tryLoc<=this.prev&&n.call(o,"finallyLoc")&&this.prev<o.finallyLoc){var i=o;break}}i&&("break"===e||"continue"===e)&&i.tryLoc<=t&&t<=i.finallyLoc&&(i=null);var a=i?i.completion:{};return a.type=e,a.arg=t,i?(this.method="next",this.next=i.finallyLoc,m):this.complete(a)},complete:function(e,t){if("throw"===e.type)throw e.arg;return"break"===e.type||"continue"===e.type?this.next=e.arg:"return"===e.type?(this.rval=this.arg=e.arg,this.method="return",this.next="end"):"normal"===e.type&&t&&(this.next=t),m},finish:function(e){for(var t=this.tryEntries.length-1;t>=0;--t){var r=this.tryEntries[t];if(r.finallyLoc===e)return this.complete(r.completion,r.afterLoc),R(r),m}},catch:function(e){for(var t=this.tryEntries.length-1;t>=0;--t){var r=this.tryEntries[t];if(r.tryLoc===e){var n=r.completion;if("throw"===n.type){var o=n.arg;R(r)}return o}}throw new Error("illegal catch attempt")},delegateYield:function(t,r,n){return this.delegate={iterator:C(t),resultName:r,nextLoc:n},"next"===this.method&&(this.arg=e),m}},t}function L(e,t,r,n,o,i,a){try{var s=e[i](a),u=s.value}catch(e){return void r(e)}s.done?t(u):Promise.resolve(u).then(n,o)}function N(e){return function(){var t=this,r=arguments;return new Promise((function(n,o){var i=e.apply(t,r);function a(e){L(i,n,o,a,s,"next",e)}function s(e){L(i,n,o,a,s,"throw",e)}a(void 0)}))}}function U(e,t){for(var r=0;r<t.length;r++){var n=t[r];n.enumerable=n.enumerable||!1,n.configurable=!0,"value"in n&&(n.writable=!0),Object.defineProperty(e,M(n.key),n)}}function M(e){var t=function(e,t){if("object"!=x(e)||!e)return e;var r=e[Symbol.toPrimitive];if(void 0!==r){var n=r.call(e,t||"default");if("object"!=x(n))return n;throw new TypeError("@@toPrimitive must return a primitive value.")}return("string"===t?String:Number)(e)}(e,"string");return"symbol"==x(t)?t:String(t)}var F=function(e){return e.Temporary="temporary",e.Persistent="persistent",e}({}),D=function(){function e(t){var r=arguments.length>1&&void 0!==arguments[1]?arguments[1]:{};if(function(e,t){if(!(e instanceof t))throw new TypeError("Cannot call a class as a function")}(this,e),this.serverURL=i()(t),r.headers&&0===Object.keys(r.headers).length&&c.interceptors.request.use((function(e){return e.headers=Object.assign(e.headers,r.headers),e})),"https"!==this.serverURL.protocol()&&!r.allowHttp)throw new Error("Cannot connect to insecure Soroban RPC server if `allowHttp` isn't set")}var t,r,o,s,u,l,f,p,d,y,v,g,b,w,S,_,x,P,R,I;return t=e,r=[{key:"getAccount",value:(I=N(B().mark((function e(t){var r,n,o;return B().wrap((function(e){for(;;)switch(e.prev=e.next){case 0:return r=a.xdr.LedgerKey.account(new a.xdr.LedgerKeyAccount({accountId:a.Keypair.fromPublicKey(t).xdrPublicKey()})),e.next=3,this.getLedgerEntries(r);case 3:if(0!==(n=e.sent).entries.length){e.next=6;break}return e.abrupt("return",Promise.reject({code:404,message:"Account not found: ".concat(t)}));case 6:return o=n.entries[0].val.account(),e.abrupt("return",new a.Account(t,o.seqNum().toString()));case 8:case"end":return e.stop()}}),e,this)}))),function(e){return I.apply(this,arguments)})},{key:"getHealth",value:(R=N(B().mark((function e(){return B().wrap((function(e){for(;;)switch(e.prev=e.next){case 0:return e.abrupt("return",h(this.serverURL.toString(),"getHealth"));case 1:case"end":return e.stop()}}),e,this)}))),function(){return R.apply(this,arguments)})},{key:"getContractData",value:(P=N(B().mark((function e(t,r){var n,o,i,s,u=arguments;return B().wrap((function(e){for(;;)switch(e.prev=e.next){case 0:if(n=u.length>2&&void 0!==u[2]?u[2]:F.Persistent,"string"!=typeof t){e.next=5;break}o=new a.Contract(t).address().toScAddress(),e.next=14;break;case 5:if(!(t instanceof a.Address)){e.next=9;break}o=t.toScAddress(),e.next=14;break;case 9:if(!(t instanceof a.Contract)){e.next=13;break}o=t.address().toScAddress(),e.next=14;break;case 13:throw new TypeError("unknown contract type: ".concat(t));case 14:e.t0=n,e.next=e.t0===F.Temporary?17:e.t0===F.Persistent?19:21;break;case 17:return i=a.xdr.ContractDataDurability.temporary(),e.abrupt("break",22);case 19:return i=a.xdr.ContractDataDurability.persistent(),e.abrupt("break",22);case 21:throw new TypeError("invalid durability: ".concat(n));case 22:return s=a.xdr.LedgerKey.contractData(new a.xdr.LedgerKeyContractData({key:r,contract:o,durability:i})),e.abrupt("return",this.getLedgerEntries(s).then((function(e){return 0===e.entries.length?Promise.reject({code:404,message:"Contract data not found. Contract: ".concat(a.Address.fromScAddress(o).toString(),", Key: ").concat(r.toXDR("base64"),", Durability: ").concat(n)}):e.entries[0]})));case 24:case"end":return e.stop()}}),e,this)}))),function(e,t){return P.apply(this,arguments)})},{key:"getLedgerEntries",value:(x=N(B().mark((function e(){var t=arguments;return B().wrap((function(e){for(;;)switch(e.prev=e.next){case 0:return e.abrupt("return",this._getLedgerEntries.apply(this,t).then(k));case 1:case"end":return e.stop()}}),e,this)}))),function(){return x.apply(this,arguments)})},{key:"_getLedgerEntries",value:(_=N(B().mark((function e(){var t,r,n,o=arguments;return B().wrap((function(e){for(;;)switch(e.prev=e.next){case 0:for(t=o.length,r=new Array(t),n=0;n<t;n++)r[n]=o[n];return e.abrupt("return",h(this.serverURL.toString(),"getLedgerEntries",r.map((function(e){return e.toXDR("base64")}))));case 2:case"end":return e.stop()}}),e,this)}))),function(){return _.apply(this,arguments)})},{key:"getTransaction",value:(S=N(B().mark((function e(t){return B().wrap((function(e){for(;;)switch(e.prev=e.next){case 0:return e.abrupt("return",this._getTransaction(t).then((function(e){var t={};if(e.status!==n.GetTransactionStatus.NOT_FOUND){var r,o=a.xdr.TransactionMeta.fromXDR(e.resultMetaXdr,"base64");t=C({ledger:e.ledger,createdAt:e.createdAt,applicationOrder:e.applicationOrder,feeBump:e.feeBump,envelopeXdr:a.xdr.TransactionEnvelope.fromXDR(e.envelopeXdr,"base64"),resultXdr:a.xdr.TransactionResult.fromXDR(e.resultXdr,"base64"),resultMetaXdr:o},3===o.switch()&&null!==o.v3().sorobanMeta()&&e.status===n.GetTransactionStatus.SUCCESS&&{returnValue:null===(r=o.v3().sorobanMeta())||void 0===r?void 0:r.returnValue()})}return C({status:e.status,latestLedger:e.latestLedger,latestLedgerCloseTime:e.latestLedgerCloseTime,oldestLedger:e.oldestLedger,oldestLedgerCloseTime:e.oldestLedgerCloseTime},t)})));case 1:case"end":return e.stop()}}),e,this)}))),function(e){return S.apply(this,arguments)})},{key:"_getTransaction",value:(w=N(B().mark((function e(t){return B().wrap((function(e){for(;;)switch(e.prev=e.next){case 0:return e.abrupt("return",h(this.serverURL.toString(),"getTransaction",t));case 1:case"end":return e.stop()}}),e,this)}))),function(e){return w.apply(this,arguments)})},{key:"getEvents",value:(b=N(B().mark((function e(t){return B().wrap((function(e){for(;;)switch(e.prev=e.next){case 0:return e.abrupt("return",this._getEvents(t).then(T));case 1:case"end":return e.stop()}}),e,this)}))),function(e){return b.apply(this,arguments)})},{key:"_getEvents",value:(g=N(B().mark((function e(t){var r;return B().wrap((function(e){for(;;)switch(e.prev=e.next){case 0:return e.abrupt("return",m(this.serverURL.toString(),"getEvents",C({filters:null!==(r=t.filters)&&void 0!==r?r:[],pagination:C(C({},t.cursor&&{cursor:t.cursor}),t.limit&&{limit:t.limit})},t.startLedger&&{startLedger:t.startLedger})));case 1:case"end":return e.stop()}}),e,this)}))),function(e){return g.apply(this,arguments)})},{key:"getNetwork",value:(v=N(B().mark((function e(){return B().wrap((function(e){for(;;)switch(e.prev=e.next){case 0:return e.next=2,h(this.serverURL.toString(),"getNetwork");case 2:return e.abrupt("return",e.sent);case 3:case"end":return e.stop()}}),e,this)}))),function(){return v.apply(this,arguments)})},{key:"getLatestLedger",value:(y=N(B().mark((function e(){return B().wrap((function(e){for(;;)switch(e.prev=e.next){case 0:return e.abrupt("return",h(this.serverURL.toString(),"getLatestLedger"));case 1:case"end":return e.stop()}}),e,this)}))),function(){return y.apply(this,arguments)})},{key:"simulateTransaction",value:(d=N(B().mark((function e(t,r){return B().wrap((function(e){for(;;)switch(e.prev=e.next){case 0:return e.abrupt("return",this._simulateTransaction(t,r).then(O));case 1:case"end":return e.stop()}}),e,this)}))),function(e,t){return d.apply(this,arguments)})},{key:"_simulateTransaction",value:(p=N(B().mark((function e(t,r){return B().wrap((function(e){for(;;)switch(e.prev=e.next){case 0:return e.abrupt("return",m(this.serverURL.toString(),"simulateTransaction",C({transaction:t.toXDR()},void 0!==r&&{resourceConfig:{instructionLeeway:r.cpuInstructions}})));case 1:case"end":return e.stop()}}),e,this)}))),function(e,t){return p.apply(this,arguments)})},{key:"prepareTransaction",value:(f=N(B().mark((function e(t){var r;return B().wrap((function(e){for(;;)switch(e.prev=e.next){case 0:return e.next=2,this.simulateTransaction(t);case 2:if(r=e.sent,!n.isSimulationError(r)){e.next=5;break}throw r.error;case 5:return e.abrupt("return",A(t,r).build());case 6:case"end":return e.stop()}}),e,this)}))),function(e){return f.apply(this,arguments)})},{key:"sendTransaction",value:(l=N(B().mark((function e(t){return B().wrap((function(e){for(;;)switch(e.prev=e.next){case 0:return e.abrupt("return",this._sendTransaction(t).then(E));case 1:case"end":return e.stop()}}),e,this)}))),function(e){return l.apply(this,arguments)})},{key:"_sendTransaction",value:(u=N(B().mark((function e(t){return B().wrap((function(e){for(;;)switch(e.prev=e.next){case 0:return e.abrupt("return",h(this.serverURL.toString(),"sendTransaction",t.toXDR()));case 1:case"end":return e.stop()}}),e,this)}))),function(e){return u.apply(this,arguments)})},{key:"requestAirdrop",value:(s=N(B().mark((function e(t,r){var n,o,i,s,u,l;return B().wrap((function(e){for(;;)switch(e.prev=e.next){case 0:if(n="string"==typeof t?t:t.accountId(),e.t0=r,e.t0){e.next=6;break}return e.next=5,this.getNetwork();case 5:e.t0=e.sent.friendbotUrl;case 6:if(r=e.t0){e.next=9;break}throw new Error("No friendbot URL configured for current network");case 9:return e.prev=9,e.next=12,c.post("".concat(r,"?addr=").concat(encodeURIComponent(n)));case 12:return o=e.sent,i=a.xdr.TransactionMeta.fromXDR(o.data.result_meta_xdr,"base64"),s=V(i),e.abrupt("return",new a.Account(n,s));case 18:if(e.prev=18,e.t1=e.catch(9),400!==(null===(u=e.t1.response)||void 0===u?void 0:u.status)){e.next=23;break}if(null===(l=e.t1.response.detail)||void 0===l||!l.includes("createAccountAlreadyExist")){e.next=23;break}return e.abrupt("return",this.getAccount(n));case 23:throw e.t1;case 24:case"end":return e.stop()}}),e,this,[[9,18]])}))),function(e,t){return s.apply(this,arguments)})}],r&&U(t.prototype,r),o&&U(t,o),Object.defineProperty(t,"prototype",{writable:!1}),e}();function V(e){var t=[];switch(e.switch()){case 0:t=e.operations();break;case 1:case 2:case 3:t=e.value().operations();break;default:throw new Error("Unexpected transaction meta switch value")}var r,n=P(t);try{for(n.s();!(r=n.n()).done;){var o,i=P(r.value.changes());try{for(i.s();!(o=i.n()).done;){var s=o.value;if(s.switch()===a.xdr.LedgerEntryChangeType.ledgerEntryCreated()){var u=s.created().data();if(u.switch()===a.xdr.LedgerEntryType.account())return u.account().seqNum().toString()}}}catch(e){i.e(e)}finally{i.f()}}}catch(e){n.e(e)}finally{n.f()}throw new Error("No account created in transaction")}const q=(e=r.hmd(e)).exports},4700:(e,t,r)=>{"use strict";r.r(t),r.d(t,{Api:()=>{},Resolver:()=>h,STELLAR_TOML_MAX_SIZE:()=>p});var n=r(1257),o=r(5424),i=r.n(o),a=r(7939);function s(e){return s="function"==typeof Symbol&&"symbol"==typeof Symbol.iterator?function(e){return typeof e}:function(e){return e&&"function"==typeof Symbol&&e.constructor===Symbol&&e!==Symbol.prototype?"symbol":typeof e},s(e)}function u(){u=function(){return t};var e,t={},r=Object.prototype,n=r.hasOwnProperty,o=Object.defineProperty||function(e,t,r){e[t]=r.value},i="function"==typeof Symbol?Symbol:{},a=i.iterator||"@@iterator",c=i.asyncIterator||"@@asyncIterator",l=i.toStringTag||"@@toStringTag";function f(e,t,r){return Object.defineProperty(e,t,{value:r,enumerable:!0,configurable:!0,writable:!0}),e[t]}try{f({},"")}catch(e){f=function(e,t,r){return e[t]=r}}function p(e,t,r,n){var i=t&&t.prototype instanceof b?t:b,a=Object.create(i.prototype),s=new C(n||[]);return o(a,"_invoke",{value:x(e,r,s)}),a}function d(e,t,r){try{return{type:"normal",arg:e.call(t,r)}}catch(e){return{type:"throw",arg:e}}}t.wrap=p;var h="suspendedStart",y="suspendedYield",m="executing",v="completed",g={};function b(){}function w(){}function S(){}var _={};f(_,a,(function(){return this}));var E=Object.getPrototypeOf,T=E&&E(E(j([])));T&&T!==r&&n.call(T,a)&&(_=T);var k=S.prototype=b.prototype=Object.create(_);function O(e){["next","throw","return"].forEach((function(t){f(e,t,(function(e){return this._invoke(t,e)}))}))}function A(e,t){function r(o,i,a,u){var c=d(e[o],e,i);if("throw"!==c.type){var l=c.arg,f=l.value;return f&&"object"==s(f)&&n.call(f,"__await")?t.resolve(f.__await).then((function(e){r("next",e,a,u)}),(function(e){r("throw",e,a,u)})):t.resolve(f).then((function(e){l.value=e,a(l)}),(function(e){return r("throw",e,a,u)}))}u(c.arg)}var i;o(this,"_invoke",{value:function(e,n){function o(){return new t((function(t,o){r(e,n,t,o)}))}return i=i?i.then(o,o):o()}})}function x(t,r,n){var o=h;return function(i,a){if(o===m)throw new Error("Generator is already running");if(o===v){if("throw"===i)throw a;return{value:e,done:!0}}for(n.method=i,n.arg=a;;){var s=n.delegate;if(s){var u=P(s,n);if(u){if(u===g)continue;return u}}if("next"===n.method)n.sent=n._sent=n.arg;else if("throw"===n.method){if(o===h)throw o=v,n.arg;n.dispatchException(n.arg)}else"return"===n.method&&n.abrupt("return",n.arg);o=m;var c=d(t,r,n);if("normal"===c.type){if(o=n.done?v:y,c.arg===g)continue;return{value:c.arg,done:n.done}}"throw"===c.type&&(o=v,n.method="throw",n.arg=c.arg)}}}function P(t,r){var n=r.method,o=t.iterator[n];if(o===e)return r.delegate=null,"throw"===n&&t.iterator.return&&(r.method="return",r.arg=e,P(t,r),"throw"===r.method)||"return"!==n&&(r.method="throw",r.arg=new TypeError("The iterator does not provide a '"+n+"' method")),g;var i=d(o,t.iterator,r.arg);if("throw"===i.type)return r.method="throw",r.arg=i.arg,r.delegate=null,g;var a=i.arg;return a?a.done?(r[t.resultName]=a.value,r.next=t.nextLoc,"return"!==r.method&&(r.method="next",r.arg=e),r.delegate=null,g):a:(r.method="throw",r.arg=new TypeError("iterator result is not an object"),r.delegate=null,g)}function R(e){var t={tryLoc:e[0]};1 in e&&(t.catchLoc=e[1]),2 in e&&(t.finallyLoc=e[2],t.afterLoc=e[3]),this.tryEntries.push(t)}function I(e){var t=e.completion||{};t.type="normal",delete t.arg,e.completion=t}function C(e){this.tryEntries=[{tryLoc:"root"}],e.forEach(R,this),this.reset(!0)}function j(t){if(t||""===t){var r=t[a];if(r)return r.call(t);if("function"==typeof t.next)return t;if(!isNaN(t.length)){var o=-1,i=function r(){for(;++o<t.length;)if(n.call(t,o))return r.value=t[o],r.done=!1,r;return r.value=e,r.done=!0,r};return i.next=i}}throw new TypeError(s(t)+" is not iterable")}return w.prototype=S,o(k,"constructor",{value:S,configurable:!0}),o(S,"constructor",{value:w,configurable:!0}),w.displayName=f(S,l,"GeneratorFunction"),t.isGeneratorFunction=function(e){var t="function"==typeof e&&e.constructor;return!!t&&(t===w||"GeneratorFunction"===(t.displayName||t.name))},t.mark=function(e){return Object.setPrototypeOf?Object.setPrototypeOf(e,S):(e.__proto__=S,f(e,l,"GeneratorFunction")),e.prototype=Object.create(k),e},t.awrap=function(e){return{__await:e}},O(A.prototype),f(A.prototype,c,(function(){return this})),t.AsyncIterator=A,t.async=function(e,r,n,o,i){void 0===i&&(i=Promise);var a=new A(p(e,r,n,o),i);return t.isGeneratorFunction(r)?a:a.next().then((function(e){return e.done?e.value:a.next()}))},O(k),f(k,l,"Generator"),f(k,a,(function(){return this})),f(k,"toString",(function(){return"[object Generator]"})),t.keys=function(e){var t=Object(e),r=[];for(var n in t)r.push(n);return r.reverse(),function e(){for(;r.length;){var n=r.pop();if(n in t)return e.value=n,e.done=!1,e}return e.done=!0,e}},t.values=j,C.prototype={constructor:C,reset:function(t){if(this.prev=0,this.next=0,this.sent=this._sent=e,this.done=!1,this.delegate=null,this.method="next",this.arg=e,this.tryEntries.forEach(I),!t)for(var r in this)"t"===r.charAt(0)&&n.call(this,r)&&!isNaN(+r.slice(1))&&(this[r]=e)},stop:function(){this.done=!0;var e=this.tryEntries[0].completion;if("throw"===e.type)throw e.arg;return this.rval},dispatchException:function(t){if(this.done)throw t;var r=this;function o(n,o){return s.type="throw",s.arg=t,r.next=n,o&&(r.method="next",r.arg=e),!!o}for(var i=this.tryEntries.length-1;i>=0;--i){var a=this.tryEntries[i],s=a.completion;if("root"===a.tryLoc)return o("end");if(a.tryLoc<=this.prev){var u=n.call(a,"catchLoc"),c=n.call(a,"finallyLoc");if(u&&c){if(this.prev<a.catchLoc)return o(a.catchLoc,!0);if(this.prev<a.finallyLoc)return o(a.finallyLoc)}else if(u){if(this.prev<a.catchLoc)return o(a.catchLoc,!0)}else{if(!c)throw new Error("try statement without catch or finally");if(this.prev<a.finallyLoc)return o(a.finallyLoc)}}}},abrupt:function(e,t){for(var r=this.tryEntries.length-1;r>=0;--r){var o=this.tryEntries[r];if(o.tryLoc<=this.prev&&n.call(o,"finallyLoc")&&this.prev<o.finallyLoc){var i=o;break}}i&&("break"===e||"continue"===e)&&i.tryLoc<=t&&t<=i.finallyLoc&&(i=null);var a=i?i.completion:{};return a.type=e,a.arg=t,i?(this.method="next",this.next=i.finallyLoc,g):this.complete(a)},complete:function(e,t){if("throw"===e.type)throw e.arg;return"break"===e.type||"continue"===e.type?this.next=e.arg:"return"===e.type?(this.rval=this.arg=e.arg,this.method="return",this.next="end"):"normal"===e.type&&t&&(this.next=t),g},finish:function(e){for(var t=this.tryEntries.length-1;t>=0;--t){var r=this.tryEntries[t];if(r.finallyLoc===e)return this.complete(r.completion,r.afterLoc),I(r),g}},catch:function(e){for(var t=this.tryEntries.length-1;t>=0;--t){var r=this.tryEntries[t];if(r.tryLoc===e){var n=r.completion;if("throw"===n.type){var o=n.arg;I(r)}return o}}throw new Error("illegal catch attempt")},delegateYield:function(t,r,n){return this.delegate={iterator:j(t),resultName:r,nextLoc:n},"next"===this.method&&(this.arg=e),g}},t}function c(e,t,r,n,o,i,a){try{var s=e[i](a),u=s.value}catch(e){return void r(e)}s.done?t(u):Promise.resolve(u).then(n,o)}function l(e,t){for(var r=0;r<t.length;r++){var n=t[r];n.enumerable=n.enumerable||!1,n.configurable=!0,"value"in n&&(n.writable=!0),Object.defineProperty(e,f(n.key),n)}}function f(e){var t=function(e,t){if("object"!=s(e)||!e)return e;var r=e[Symbol.toPrimitive];if(void 0!==r){var n=r.call(e,t||"default");if("object"!=s(n))return n;throw new TypeError("@@toPrimitive must return a primitive value.")}return("string"===t?String:Number)(e)}(e,"string");return"symbol"==s(t)?t:String(t)}var p=102400,d=n.Z.CancelToken,h=function(){function e(){!function(e,t){if(!(e instanceof t))throw new TypeError("Cannot call a class as a function")}(this,e)}var t,r,o,s,f;return t=e,r=null,o=[{key:"resolve",value:(s=u().mark((function e(t){var r,o,s,c,l=arguments;return u().wrap((function(e){for(;;)switch(e.prev=e.next){case 0:return o=void 0===(r=l.length>1&&void 0!==l[1]?l[1]:{}).allowHttp?a.D.isAllowHttp():r.allowHttp,s=void 0===r.timeout?a.D.getTimeout():r.timeout,c=o?"http":"https",e.abrupt("return",n.Z.get("".concat(c,"://").concat(t,"/.well-known/stellar.toml"),{maxContentLength:p,cancelToken:s?new d((function(e){return setTimeout((function(){return e("timeout of ".concat(s,"ms exceeded"))}),s)})):void 0,timeout:s}).then((function(e){try{var t=i().parse(e.data);return Promise.resolve(t)}catch(e){return Promise.reject(new Error("stellar.toml is invalid - Parsing error on line ".concat(e.line,", column ").concat(e.column,": ").concat(e.message)))}})).catch((function(e){throw e.message.match(/^maxContentLength size/)?new Error("stellar.toml file exceeds allowed size of ".concat(p)):e})));case 5:case"end":return e.stop()}}),e)})),f=function(){var e=this,t=arguments;return new Promise((function(r,n){var o=s.apply(e,t);function i(e){c(o,r,n,i,a,"next",e)}function a(e){c(o,r,n,i,a,"throw",e)}i(void 0)}))},function(e){return f.apply(this,arguments)})}],r&&l(t.prototype,r),o&&l(t,o),Object.defineProperty(t,"prototype",{writable:!1}),e}()},1557:(e,t,r)=>{"use strict";function n(e){return n="function"==typeof Symbol&&"symbol"==typeof Symbol.iterator?function(e){return typeof e}:function(e){return e&&"function"==typeof Symbol&&e.constructor===Symbol&&e!==Symbol.prototype?"symbol":typeof e},n(e)}function o(e,t){for(var r=0;r<t.length;r++){var n=t[r];n.enumerable=n.enumerable||!1,n.configurable=!0,"value"in n&&(n.writable=!0),Object.defineProperty(e,i(n.key),n)}}function i(e){var t=function(e,t){if("object"!=n(e)||!e)return e;var r=e[Symbol.toPrimitive];if(void 0!==r){var o=r.call(e,t||"default");if("object"!=n(o))return o;throw new TypeError("@@toPrimitive must return a primitive value.")}return("string"===t?String:Number)(e)}(e,"string");return"symbol"==n(t)?t:String(t)}r.d(t,{c:()=>a});var a=function(){function e(){!function(e,t){if(!(e instanceof t))throw new TypeError("Cannot call a class as a function")}(this,e)}var t,r,n;return t=e,n=[{key:"validateTimebounds",value:function(e){var t=arguments.length>1&&void 0!==arguments[1]?arguments[1]:0;if(!e.timeBounds)return!1;var r=Math.floor(Date.now()/1e3),n=e.timeBounds,o=n.minTime,i=n.maxTime;return r>=Number.parseInt(o,10)-t&&r<=Number.parseInt(i,10)+t}}],(r=null)&&o(t.prototype,r),n&&o(t,n),Object.defineProperty(t,"prototype",{writable:!1}),e}()},273:(e,t,r)=>{"use strict";r.r(t),r.d(t,{InvalidChallengeError:()=>y,buildChallengeTx:()=>T,gatherTxSigners:()=>P,readChallengeTx:()=>k,verifyChallengeTxSigners:()=>A,verifyChallengeTxThreshold:()=>O,verifyTxSignedBy:()=>x});var n=r(1798),o=r.n(n),i=r(4172),a=r(1557);function s(e){return s="function"==typeof Symbol&&"symbol"==typeof Symbol.iterator?function(e){return typeof e}:function(e){return e&&"function"==typeof Symbol&&e.constructor===Symbol&&e!==Symbol.prototype?"symbol":typeof e},s(e)}function u(e,t){for(var r=0;r<t.length;r++){var n=t[r];n.enumerable=n.enumerable||!1,n.configurable=!0,"value"in n&&(n.writable=!0),Object.defineProperty(e,c(n.key),n)}}function c(e){var t=function(e,t){if("object"!=s(e)||!e)return e;var r=e[Symbol.toPrimitive];if(void 0!==r){var n=r.call(e,t||"default");if("object"!=s(n))return n;throw new TypeError("@@toPrimitive must return a primitive value.")}return("string"===t?String:Number)(e)}(e,"string");return"symbol"==s(t)?t:String(t)}function l(e,t,r){return t=h(t),function(e,t){if(t&&("object"===s(t)||"function"==typeof t))return t;if(void 0!==t)throw new TypeError("Derived constructors may only return object or undefined");return function(e){if(void 0===e)throw new ReferenceError("this hasn't been initialised - super() hasn't been called");return e}(e)}(e,p()?Reflect.construct(t,r||[],h(e).constructor):t.apply(e,r))}function f(e){var t="function"==typeof Map?new Map:void 0;return f=function(e){if(null===e||!function(e){try{return-1!==Function.toString.call(e).indexOf("[native code]")}catch(t){return"function"==typeof e}}(e))return e;if("function"!=typeof e)throw new TypeError("Super expression must either be null or a function");if(void 0!==t){if(t.has(e))return t.get(e);t.set(e,r)}function r(){return function(e,t,r){if(p())return Reflect.construct.apply(null,arguments);var n=[null];n.push.apply(n,t);var o=new(e.bind.apply(e,n));return r&&d(o,r.prototype),o}(e,arguments,h(this).constructor)}return r.prototype=Object.create(e.prototype,{constructor:{value:r,enumerable:!1,writable:!0,configurable:!0}}),d(r,e)},f(e)}function p(){try{var e=!Boolean.prototype.valueOf.call(Reflect.construct(Boolean,[],(function(){})))}catch(e){}return(p=function(){return!!e})()}function d(e,t){return d=Object.setPrototypeOf?Object.setPrototypeOf.bind():function(e,t){return e.__proto__=t,e},d(e,t)}function h(e){return h=Object.setPrototypeOf?Object.getPrototypeOf.bind():function(e){return e.__proto__||Object.getPrototypeOf(e)},h(e)}var y=function(e){function t(e){var r;!function(e,t){if(!(e instanceof t))throw new TypeError("Cannot call a class as a function")}(this,t);var n=(this instanceof t?this.constructor:void 0).prototype;return(r=l(this,t,[e])).__proto__=n,r.constructor=t,r.name="InvalidChallengeError",r}return function(e,t){if("function"!=typeof t&&null!==t)throw new TypeError("Super expression must either be null or a function");e.prototype=Object.create(t&&t.prototype,{constructor:{value:e,writable:!0,configurable:!0}}),Object.defineProperty(e,"prototype",{writable:!1}),t&&d(e,t)}(t,e),r=t,n&&u(r.prototype,n),o&&u(r,o),Object.defineProperty(r,"prototype",{writable:!1}),r;var r,n,o}(f(Error)),m=r(8764).Buffer;function v(e){return function(e){if(Array.isArray(e))return _(e)}(e)||E(e)||S(e)||function(){throw new TypeError("Invalid attempt to spread non-iterable instance.\nIn order to be iterable, non-array objects must have a [Symbol.iterator]() method.")}()}function g(e,t){var r="undefined"!=typeof Symbol&&e[Symbol.iterator]||e["@@iterator"];if(!r){if(Array.isArray(e)||(r=S(e))||t&&e&&"number"==typeof e.length){r&&(e=r);var n=0,o=function(){};return{s:o,n:function(){return n>=e.length?{done:!0}:{done:!1,value:e[n++]}},e:function(e){throw e},f:o}}throw new TypeError("Invalid attempt to iterate non-iterable instance.\nIn order to be iterable, non-array objects must have a [Symbol.iterator]() method.")}var i,a=!0,s=!1;return{s:function(){r=r.call(e)},n:function(){var e=r.next();return a=e.done,e},e:function(e){s=!0,i=e},f:function(){try{a||null==r.return||r.return()}finally{if(s)throw i}}}}function b(e){return b="function"==typeof Symbol&&"symbol"==typeof Symbol.iterator?function(e){return typeof e}:function(e){return e&&"function"==typeof Symbol&&e.constructor===Symbol&&e!==Symbol.prototype?"symbol":typeof e},b(e)}function w(e){return function(e){if(Array.isArray(e))return e}(e)||E(e)||S(e)||function(){throw new TypeError("Invalid attempt to destructure non-iterable instance.\nIn order to be iterable, non-array objects must have a [Symbol.iterator]() method.")}()}function S(e,t){if(e){if("string"==typeof e)return _(e,t);var r=Object.prototype.toString.call(e).slice(8,-1);return"Object"===r&&e.constructor&&(r=e.constructor.name),"Map"===r||"Set"===r?Array.from(e):"Arguments"===r||/^(?:Ui|I)nt(?:8|16|32)(?:Clamped)?Array$/.test(r)?_(e,t):void 0}}function _(e,t){(null==t||t>e.length)&&(t=e.length);for(var r=0,n=new Array(t);r<t;r++)n[r]=e[r];return n}function E(e){if("undefined"!=typeof Symbol&&null!=e[Symbol.iterator]||null!=e["@@iterator"])return Array.from(e)}function T(e,t,r){var n=arguments.length>3&&void 0!==arguments[3]?arguments[3]:300,a=arguments.length>4?arguments[4]:void 0,s=arguments.length>5?arguments[5]:void 0,u=arguments.length>6&&void 0!==arguments[6]?arguments[6]:null,c=arguments.length>7&&void 0!==arguments[7]?arguments[7]:null,l=arguments.length>8&&void 0!==arguments[8]?arguments[8]:null;if(t.startsWith("M")&&u)throw Error("memo cannot be used if clientAccountID is a muxed account");var f=new i.Account(e.publicKey(),"-1"),p=Math.floor(Date.now()/1e3),d=o()(48).toString("base64"),h=new i.TransactionBuilder(f,{fee:i.BASE_FEE,networkPassphrase:a,timebounds:{minTime:p,maxTime:p+n}}).addOperation(i.Operation.manageData({name:"".concat(r," auth"),value:d,source:t})).addOperation(i.Operation.manageData({name:"web_auth_domain",value:s,source:f.accountId()}));if(c){if(!l)throw Error("clientSigningKey is required if clientDomain is provided");h.addOperation(i.Operation.manageData({name:"client_domain",value:c,source:l}))}u&&h.addMemo(i.Memo.id(u));var y=h.build();return y.sign(e),y.toEnvelope().toXDR("base64").toString()}function k(e,t,r,n,o){var s,u;if(t.startsWith("M"))throw Error("Invalid serverAccountID: multiplexed accounts are not supported.");try{u=new i.Transaction(e,r)}catch(t){try{u=new i.FeeBumpTransaction(e,r)}catch(e){throw new y("Invalid challenge: unable to deserialize challengeTx transaction string")}throw new y("Invalid challenge: expected a Transaction but received a FeeBumpTransaction")}if(0!==Number.parseInt(u.sequence,10))throw new y("The transaction sequence number should be zero");if(u.source!==t)throw new y("The transaction source account is not equal to the server's account");if(u.operations.length<1)throw new y("The transaction should contain at least one operation");var c=w(u.operations),l=c[0],f=c.slice(1);if(!l.source)throw new y("The transaction's operation should contain a source account");var p,d=l.source,h=null;if(u.memo.type!==i.MemoNone){if(d.startsWith("M"))throw new y("The transaction has a memo but the client account ID is a muxed account");if(u.memo.type!==i.MemoID)throw new y("The transaction's memo must be of type `id`");h=u.memo.value}if("manageData"!==l.type)throw new y("The transaction's operation type should be 'manageData'");if(u.timeBounds&&Number.parseInt(null===(s=u.timeBounds)||void 0===s?void 0:s.maxTime,10)===i.TimeoutInfinite)throw new y("The transaction requires non-infinite timebounds");if(!a.c.validateTimebounds(u,300))throw new y("The transaction has expired");if(void 0===l.value)throw new y("The transaction's operation values should not be null");if(!l.value)throw new y("The transaction's operation value should not be null");if(48!==m.from(l.value.toString(),"base64").length)throw new y("The transaction's operation value should be a 64 bytes base64 random string");if(!n)throw new y("Invalid homeDomains: a home domain must be provided for verification");if("string"==typeof n)"".concat(n," auth")===l.name&&(p=n);else{if(!Array.isArray(n))throw new y("Invalid homeDomains: homeDomains type is ".concat(b(n)," but should be a string or an array"));p=n.find((function(e){return"".concat(e," auth")===l.name}))}if(!p)throw new y("Invalid homeDomains: the transaction's operation key name does not match the expected home domain");var v,S=g(f);try{for(S.s();!(v=S.n()).done;){var _=v.value;if("manageData"!==_.type)throw new y("The transaction has operations that are not of type 'manageData'");if(_.source!==t&&"client_domain"!==_.name)throw new y("The transaction has operations that are unrecognized");if("web_auth_domain"===_.name){if(void 0===_.value)throw new y("'web_auth_domain' operation value should not be null");if(_.value.compare(m.from(o)))throw new y("'web_auth_domain' operation value does not match ".concat(o))}}}catch(e){S.e(e)}finally{S.f()}if(!x(u,t))throw new y("Transaction not signed by server: '".concat(t,"'"));return{tx:u,clientAccountID:d,matchedHomeDomain:p,memo:h}}function O(e,t,r,n,o,i,a){for(var s=A(e,t,r,o.map((function(e){return e.key})),i,a),u=0,c=function(){var e,t=f[l],r=(null===(e=o.find((function(e){return e.key===t})))||void 0===e?void 0:e.weight)||0;u+=r},l=0,f=s;l<f.length;l++)c();if(u<n)throw new y("signers with weight ".concat(u," do not meet threshold ").concat(n,'"'));return s}function A(e,t,r,n,o,a){var s,u=k(e,t,r,o,a).tx;try{s=i.Keypair.fromPublicKey(t)}catch(e){throw new Error("Couldn't infer keypair from the provided 'serverAccountID': "+e.message)}var c,l,f=new Set,p=g(n);try{for(p.s();!(c=p.n()).done;){var d=c.value;d!==s.publicKey()&&("G"===d.charAt(0)&&f.add(d))}}catch(e){p.e(e)}finally{p.f()}if(0===f.size)throw new y("No verifiable client signers provided, at least one G... address must be provided");var h,m=g(u.operations);try{for(m.s();!(h=m.n()).done;){var b=h.value;if("manageData"===b.type&&"client_domain"===b.name){if(l)throw new y("Found more than one client_domain operation");l=b.source}}}catch(e){m.e(e)}finally{m.f()}var w=[s.publicKey()].concat(v(Array.from(f)));l&&w.push(l);for(var S=P(u,w),_=!1,E=!1,T=0,O=S;T<O.length;T++){var A=O[T];A===s.publicKey()&&(_=!0),A===l&&(E=!0)}if(!_)throw new y("Transaction not signed by server: '"+s.publicKey()+"'");if(l&&!E)throw new y("Transaction not signed by the source account of the 'client_domain' ManageData operation");if(1===S.length)throw new y("None of the given signers match the transaction signatures");if(S.length!==u.signatures.length)throw new y("Transaction has unrecognized signatures");return S.splice(S.indexOf(s.publicKey()),1),l&&S.splice(S.indexOf(l),1),S}function x(e,t){return 0!==P(e,[t]).length}function P(e,t){var r,n=e.hash(),o=v(e.signatures),a=new Set,s=g(t);try{for(s.s();!(r=s.n()).done;){var u=r.value;if(0===o.length)break;var c=void 0;try{c=i.Keypair.fromPublicKey(u)}catch(e){throw new y("Signer is not a valid address: "+e.message)}for(var l=0;l<o.length;l++){var f=o[l];if(f.hint().equals(c.signatureHint())&&c.verify(n,f.signature())){a.add(u),o.splice(l,1);break}}}}catch(e){s.e(e)}finally{s.f()}return Array.from(a)}},6906:(e,t)=>{"use strict";var r=function(e,t){return t||(t={}),e.split("").forEach((function(e,r){e in t||(t[e]=r)})),t},n={alphabet:"ABCDEFGHIJKLMNOPQRSTUVWXYZ234567",charmap:{0:14,1:8}};n.charmap=r(n.alphabet,n.charmap);var o={alphabet:"0123456789ABCDEFGHJKMNPQRSTVWXYZ",charmap:{O:0,I:1,L:1}};o.charmap=r(o.alphabet,o.charmap);var i={alphabet:"0123456789ABCDEFGHIJKLMNOPQRSTUV",charmap:{}};function a(e){if(this.buf=[],this.shift=8,this.carry=0,e){switch(e.type){case"rfc4648":this.charmap=t.rfc4648.charmap;break;case"crockford":this.charmap=t.crockford.charmap;break;case"base32hex":this.charmap=t.base32hex.charmap;break;default:throw new Error("invalid type")}e.charmap&&(this.charmap=e.charmap)}}function s(e){if(this.buf="",this.shift=3,this.carry=0,e){switch(e.type){case"rfc4648":this.alphabet=t.rfc4648.alphabet;break;case"crockford":this.alphabet=t.crockford.alphabet;break;case"base32hex":this.alphabet=t.base32hex.alphabet;break;default:throw new Error("invalid type")}e.alphabet?this.alphabet=e.alphabet:e.lc&&(this.alphabet=this.alphabet.toLowerCase())}}i.charmap=r(i.alphabet,i.charmap),a.prototype.charmap=n.charmap,a.prototype.write=function(e){var t=this.charmap,r=this.buf,n=this.shift,o=this.carry;return e.toUpperCase().split("").forEach((function(e){if("="!=e){var i=255&t[e];(n-=5)>0?o|=i<<n:n<0?(r.push(o|i>>-n),o=i<<(n+=8)&255):(r.push(o|i),n=8,o=0)}})),this.shift=n,this.carry=o,this},a.prototype.finalize=function(e){return e&&this.write(e),8!==this.shift&&0!==this.carry&&(this.buf.push(this.carry),this.shift=8,this.carry=0),this.buf},s.prototype.alphabet=n.alphabet,s.prototype.write=function(e){var t,r,n,o=this.shift,i=this.carry;for(n=0;n<e.length;n++)t=i|(r=e[n])>>o,this.buf+=this.alphabet[31&t],o>5&&(t=r>>(o-=5),this.buf+=this.alphabet[31&t]),i=r<<(o=5-o),o=8-o;return this.shift=o,this.carry=i,this},s.prototype.finalize=function(e){return e&&this.write(e),3!==this.shift&&(this.buf+=this.alphabet[31&this.carry],this.shift=3,this.carry=0),this.buf},t.encode=function(e,t){return new s(t).finalize(e)},t.decode=function(e,t){return new a(t).finalize(e)},t.Decoder=a,t.Encoder=s,t.charmap=r,t.crockford=o,t.rfc4648=n,t.base32hex=i},9742:(e,t)=>{"use strict";t.byteLength=function(e){var t=s(e),r=t[0],n=t[1];return 3*(r+n)/4-n},t.toByteArray=function(e){var t,r,i=s(e),a=i[0],u=i[1],c=new o(function(e,t,r){return 3*(t+r)/4-r}(0,a,u)),l=0,f=u>0?a-4:a;for(r=0;r<f;r+=4)t=n[e.charCodeAt(r)]<<18|n[e.charCodeAt(r+1)]<<12|n[e.charCodeAt(r+2)]<<6|n[e.charCodeAt(r+3)],c[l++]=t>>16&255,c[l++]=t>>8&255,c[l++]=255&t;2===u&&(t=n[e.charCodeAt(r)]<<2|n[e.charCodeAt(r+1)]>>4,c[l++]=255&t);1===u&&(t=n[e.charCodeAt(r)]<<10|n[e.charCodeAt(r+1)]<<4|n[e.charCodeAt(r+2)]>>2,c[l++]=t>>8&255,c[l++]=255&t);return c},t.fromByteArray=function(e){for(var t,n=e.length,o=n%3,i=[],a=16383,s=0,c=n-o;s<c;s+=a)i.push(u(e,s,s+a>c?c:s+a));1===o?(t=e[n-1],i.push(r[t>>2]+r[t<<4&63]+"==")):2===o&&(t=(e[n-2]<<8)+e[n-1],i.push(r[t>>10]+r[t>>4&63]+r[t<<2&63]+"="));return i.join("")};for(var r=[],n=[],o="undefined"!=typeof Uint8Array?Uint8Array:Array,i="ABCDEFGHIJKLMNOPQRSTUVWXYZabcdefghijklmnopqrstuvwxyz0123456789+/",a=0;a<64;++a)r[a]=i[a],n[i.charCodeAt(a)]=a;function s(e){var t=e.length;if(t%4>0)throw new Error("Invalid string. Length must be a multiple of 4");var r=e.indexOf("=");return-1===r&&(r=t),[r,r===t?0:4-r%4]}function u(e,t,n){for(var o,i,a=[],s=t;s<n;s+=3)o=(e[s]<<16&16711680)+(e[s+1]<<8&65280)+(255&e[s+2]),a.push(r[(i=o)>>18&63]+r[i>>12&63]+r[i>>6&63]+r[63&i]);return a.join("")}n["-".charCodeAt(0)]=62,n["_".charCodeAt(0)]=63},4431:function(e,t,r){var n;!function(o){"use strict";var i,a=/^-?(?:\d+(?:\.\d*)?|\.\d+)(?:e[+-]?\d+)?$/i,s=Math.ceil,u=Math.floor,c="[BigNumber Error] ",l=c+"Number primitive has more than 15 significant digits: ",f=1e14,p=14,d=9007199254740991,h=[1,10,100,1e3,1e4,1e5,1e6,1e7,1e8,1e9,1e10,1e11,1e12,1e13],y=1e7,m=1e9;function v(e){var t=0|e;return e>0||e===t?t:t-1}function g(e){for(var t,r,n=1,o=e.length,i=e[0]+"";n<o;){for(t=e[n++]+"",r=p-t.length;r--;t="0"+t);i+=t}for(o=i.length;48===i.charCodeAt(--o););return i.slice(0,o+1||1)}function b(e,t){var r,n,o=e.c,i=t.c,a=e.s,s=t.s,u=e.e,c=t.e;if(!a||!s)return null;if(r=o&&!o[0],n=i&&!i[0],r||n)return r?n?0:-s:a;if(a!=s)return a;if(r=a<0,n=u==c,!o||!i)return n?0:!o^r?1:-1;if(!n)return u>c^r?1:-1;for(s=(u=o.length)<(c=i.length)?u:c,a=0;a<s;a++)if(o[a]!=i[a])return o[a]>i[a]^r?1:-1;return u==c?0:u>c^r?1:-1}function w(e,t,r,n){if(e<t||e>r||e!==u(e))throw Error(c+(n||"Argument")+("number"==typeof e?e<t||e>r?" out of range: ":" not an integer: ":" not a primitive number: ")+String(e))}function S(e){var t=e.c.length-1;return v(e.e/p)==t&&e.c[t]%2!=0}function _(e,t){return(e.length>1?e.charAt(0)+"."+e.slice(1):e)+(t<0?"e":"e+")+t}function E(e,t,r){var n,o;if(t<0){for(o=r+".";++t;o+=r);e=o+e}else if(++t>(n=e.length)){for(o=r,t-=n;--t;o+=r);e+=o}else t<n&&(e=e.slice(0,t)+"."+e.slice(t));return e}i=function e(t){var r,n,o,i,T,k,O,A,x,P,R=H.prototype={constructor:H,toString:null,valueOf:null},I=new H(1),C=20,j=4,B=-7,L=21,N=-1e7,U=1e7,M=!1,F=1,D=0,V={prefix:"",groupSize:3,secondaryGroupSize:0,groupSeparator:",",decimalSeparator:".",fractionGroupSize:0,fractionGroupSeparator:"\xa0",suffix:""},q="0123456789abcdefghijklmnopqrstuvwxyz",K=!0;function H(e,t){var r,i,s,c,f,h,y,m,v=this;if(!(v instanceof H))return new H(e,t);if(null==t){if(e&&!0===e._isBigNumber)return v.s=e.s,void(!e.c||e.e>U?v.c=v.e=null:e.e<N?v.c=[v.e=0]:(v.e=e.e,v.c=e.c.slice()));if((h="number"==typeof e)&&0*e==0){if(v.s=1/e<0?(e=-e,-1):1,e===~~e){for(c=0,f=e;f>=10;f/=10,c++);return void(c>U?v.c=v.e=null:(v.e=c,v.c=[e]))}m=String(e)}else{if(!a.test(m=String(e)))return o(v,m,h);v.s=45==m.charCodeAt(0)?(m=m.slice(1),-1):1}(c=m.indexOf("."))>-1&&(m=m.replace(".","")),(f=m.search(/e/i))>0?(c<0&&(c=f),c+=+m.slice(f+1),m=m.substring(0,f)):c<0&&(c=m.length)}else{if(w(t,2,q.length,"Base"),10==t&&K)return W(v=new H(e),C+v.e+1,j);if(m=String(e),h="number"==typeof e){if(0*e!=0)return o(v,m,h,t);if(v.s=1/e<0?(m=m.slice(1),-1):1,H.DEBUG&&m.replace(/^0\.0*|\./,"").length>15)throw Error(l+e)}else v.s=45===m.charCodeAt(0)?(m=m.slice(1),-1):1;for(r=q.slice(0,t),c=f=0,y=m.length;f<y;f++)if(r.indexOf(i=m.charAt(f))<0){if("."==i){if(f>c){c=y;continue}}else if(!s&&(m==m.toUpperCase()&&(m=m.toLowerCase())||m==m.toLowerCase()&&(m=m.toUpperCase()))){s=!0,f=-1,c=0;continue}return o(v,String(e),h,t)}h=!1,(c=(m=n(m,t,10,v.s)).indexOf("."))>-1?m=m.replace(".",""):c=m.length}for(f=0;48===m.charCodeAt(f);f++);for(y=m.length;48===m.charCodeAt(--y););if(m=m.slice(f,++y)){if(y-=f,h&&H.DEBUG&&y>15&&(e>d||e!==u(e)))throw Error(l+v.s*e);if((c=c-f-1)>U)v.c=v.e=null;else if(c<N)v.c=[v.e=0];else{if(v.e=c,v.c=[],f=(c+1)%p,c<0&&(f+=p),f<y){for(f&&v.c.push(+m.slice(0,f)),y-=p;f<y;)v.c.push(+m.slice(f,f+=p));f=p-(m=m.slice(f)).length}else f-=y;for(;f--;m+="0");v.c.push(+m)}}else v.c=[v.e=0]}function z(e,t,r,n){var o,i,a,s,u;if(null==r?r=j:w(r,0,8),!e.c)return e.toString();if(o=e.c[0],a=e.e,null==t)u=g(e.c),u=1==n||2==n&&(a<=B||a>=L)?_(u,a):E(u,a,"0");else if(i=(e=W(new H(e),t,r)).e,s=(u=g(e.c)).length,1==n||2==n&&(t<=i||i<=B)){for(;s<t;u+="0",s++);u=_(u,i)}else if(t-=a,u=E(u,i,"0"),i+1>s){if(--t>0)for(u+=".";t--;u+="0");}else if((t+=i-s)>0)for(i+1==s&&(u+=".");t--;u+="0");return e.s<0&&o?"-"+u:u}function X(e,t){for(var r,n,o=1,i=new H(e[0]);o<e.length;o++)(!(n=new H(e[o])).s||(r=b(i,n))===t||0===r&&i.s===t)&&(i=n);return i}function $(e,t,r){for(var n=1,o=t.length;!t[--o];t.pop());for(o=t[0];o>=10;o/=10,n++);return(r=n+r*p-1)>U?e.c=e.e=null:r<N?e.c=[e.e=0]:(e.e=r,e.c=t),e}function W(e,t,r,n){var o,i,a,c,l,d,y,m=e.c,v=h;if(m){e:{for(o=1,c=m[0];c>=10;c/=10,o++);if((i=t-o)<0)i+=p,a=t,l=m[d=0],y=u(l/v[o-a-1]%10);else if((d=s((i+1)/p))>=m.length){if(!n)break e;for(;m.length<=d;m.push(0));l=y=0,o=1,a=(i%=p)-p+1}else{for(l=c=m[d],o=1;c>=10;c/=10,o++);y=(a=(i%=p)-p+o)<0?0:u(l/v[o-a-1]%10)}if(n=n||t<0||null!=m[d+1]||(a<0?l:l%v[o-a-1]),n=r<4?(y||n)&&(0==r||r==(e.s<0?3:2)):y>5||5==y&&(4==r||n||6==r&&(i>0?a>0?l/v[o-a]:0:m[d-1])%10&1||r==(e.s<0?8:7)),t<1||!m[0])return m.length=0,n?(t-=e.e+1,m[0]=v[(p-t%p)%p],e.e=-t||0):m[0]=e.e=0,e;if(0==i?(m.length=d,c=1,d--):(m.length=d+1,c=v[p-i],m[d]=a>0?u(l/v[o-a]%v[a])*c:0),n)for(;;){if(0==d){for(i=1,a=m[0];a>=10;a/=10,i++);for(a=m[0]+=c,c=1;a>=10;a/=10,c++);i!=c&&(e.e++,m[0]==f&&(m[0]=1));break}if(m[d]+=c,m[d]!=f)break;m[d--]=0,c=1}for(i=m.length;0===m[--i];m.pop());}e.e>U?e.c=e.e=null:e.e<N&&(e.c=[e.e=0])}return e}function G(e){var t,r=e.e;return null===r?e.toString():(t=g(e.c),t=r<=B||r>=L?_(t,r):E(t,r,"0"),e.s<0?"-"+t:t)}return H.clone=e,H.ROUND_UP=0,H.ROUND_DOWN=1,H.ROUND_CEIL=2,H.ROUND_FLOOR=3,H.ROUND_HALF_UP=4,H.ROUND_HALF_DOWN=5,H.ROUND_HALF_EVEN=6,H.ROUND_HALF_CEIL=7,H.ROUND_HALF_FLOOR=8,H.EUCLID=9,H.config=H.set=function(e){var t,r;if(null!=e){if("object"!=typeof e)throw Error(c+"Object expected: "+e);if(e.hasOwnProperty(t="DECIMAL_PLACES")&&(w(r=e[t],0,m,t),C=r),e.hasOwnProperty(t="ROUNDING_MODE")&&(w(r=e[t],0,8,t),j=r),e.hasOwnProperty(t="EXPONENTIAL_AT")&&((r=e[t])&&r.pop?(w(r[0],-m,0,t),w(r[1],0,m,t),B=r[0],L=r[1]):(w(r,-m,m,t),B=-(L=r<0?-r:r))),e.hasOwnProperty(t="RANGE"))if((r=e[t])&&r.pop)w(r[0],-m,-1,t),w(r[1],1,m,t),N=r[0],U=r[1];else{if(w(r,-m,m,t),!r)throw Error(c+t+" cannot be zero: "+r);N=-(U=r<0?-r:r)}if(e.hasOwnProperty(t="CRYPTO")){if((r=e[t])!==!!r)throw Error(c+t+" not true or false: "+r);if(r){if("undefined"==typeof crypto||!crypto||!crypto.getRandomValues&&!crypto.randomBytes)throw M=!r,Error(c+"crypto unavailable");M=r}else M=r}if(e.hasOwnProperty(t="MODULO_MODE")&&(w(r=e[t],0,9,t),F=r),e.hasOwnProperty(t="POW_PRECISION")&&(w(r=e[t],0,m,t),D=r),e.hasOwnProperty(t="FORMAT")){if("object"!=typeof(r=e[t]))throw Error(c+t+" not an object: "+r);V=r}if(e.hasOwnProperty(t="ALPHABET")){if("string"!=typeof(r=e[t])||/^.?$|[+\-.\s]|(.).*\1/.test(r))throw Error(c+t+" invalid: "+r);K="0123456789"==r.slice(0,10),q=r}}return{DECIMAL_PLACES:C,ROUNDING_MODE:j,EXPONENTIAL_AT:[B,L],RANGE:[N,U],CRYPTO:M,MODULO_MODE:F,POW_PRECISION:D,FORMAT:V,ALPHABET:q}},H.isBigNumber=function(e){if(!e||!0!==e._isBigNumber)return!1;if(!H.DEBUG)return!0;var t,r,n=e.c,o=e.e,i=e.s;e:if("[object Array]"=={}.toString.call(n)){if((1===i||-1===i)&&o>=-m&&o<=m&&o===u(o)){if(0===n[0]){if(0===o&&1===n.length)return!0;break e}if((t=(o+1)%p)<1&&(t+=p),String(n[0]).length==t){for(t=0;t<n.length;t++)if((r=n[t])<0||r>=f||r!==u(r))break e;if(0!==r)return!0}}}else if(null===n&&null===o&&(null===i||1===i||-1===i))return!0;throw Error(c+"Invalid BigNumber: "+e)},H.maximum=H.max=function(){return X(arguments,-1)},H.minimum=H.min=function(){return X(arguments,1)},H.random=(i=9007199254740992,T=Math.random()*i&2097151?function(){return u(Math.random()*i)}:function(){return 8388608*(1073741824*Math.random()|0)+(8388608*Math.random()|0)},function(e){var t,r,n,o,i,a=0,l=[],f=new H(I);if(null==e?e=C:w(e,0,m),o=s(e/p),M)if(crypto.getRandomValues){for(t=crypto.getRandomValues(new Uint32Array(o*=2));a<o;)(i=131072*t[a]+(t[a+1]>>>11))>=9e15?(r=crypto.getRandomValues(new Uint32Array(2)),t[a]=r[0],t[a+1]=r[1]):(l.push(i%1e14),a+=2);a=o/2}else{if(!crypto.randomBytes)throw M=!1,Error(c+"crypto unavailable");for(t=crypto.randomBytes(o*=7);a<o;)(i=281474976710656*(31&t[a])+1099511627776*t[a+1]+4294967296*t[a+2]+16777216*t[a+3]+(t[a+4]<<16)+(t[a+5]<<8)+t[a+6])>=9e15?crypto.randomBytes(7).copy(t,a):(l.push(i%1e14),a+=7);a=o/7}if(!M)for(;a<o;)(i=T())<9e15&&(l[a++]=i%1e14);for(o=l[--a],e%=p,o&&e&&(i=h[p-e],l[a]=u(o/i)*i);0===l[a];l.pop(),a--);if(a<0)l=[n=0];else{for(n=-1;0===l[0];l.splice(0,1),n-=p);for(a=1,i=l[0];i>=10;i/=10,a++);a<p&&(n-=p-a)}return f.e=n,f.c=l,f}),H.sum=function(){for(var e=1,t=arguments,r=new H(t[0]);e<t.length;)r=r.plus(t[e++]);return r},n=function(){var e="0123456789";function t(e,t,r,n){for(var o,i,a=[0],s=0,u=e.length;s<u;){for(i=a.length;i--;a[i]*=t);for(a[0]+=n.indexOf(e.charAt(s++)),o=0;o<a.length;o++)a[o]>r-1&&(null==a[o+1]&&(a[o+1]=0),a[o+1]+=a[o]/r|0,a[o]%=r)}return a.reverse()}return function(n,o,i,a,s){var u,c,l,f,p,d,h,y,m=n.indexOf("."),v=C,b=j;for(m>=0&&(f=D,D=0,n=n.replace(".",""),d=(y=new H(o)).pow(n.length-m),D=f,y.c=t(E(g(d.c),d.e,"0"),10,i,e),y.e=y.c.length),l=f=(h=t(n,o,i,s?(u=q,e):(u=e,q))).length;0==h[--f];h.pop());if(!h[0])return u.charAt(0);if(m<0?--l:(d.c=h,d.e=l,d.s=a,h=(d=r(d,y,v,b,i)).c,p=d.r,l=d.e),m=h[c=l+v+1],f=i/2,p=p||c<0||null!=h[c+1],p=b<4?(null!=m||p)&&(0==b||b==(d.s<0?3:2)):m>f||m==f&&(4==b||p||6==b&&1&h[c-1]||b==(d.s<0?8:7)),c<1||!h[0])n=p?E(u.charAt(1),-v,u.charAt(0)):u.charAt(0);else{if(h.length=c,p)for(--i;++h[--c]>i;)h[c]=0,c||(++l,h=[1].concat(h));for(f=h.length;!h[--f];);for(m=0,n="";m<=f;n+=u.charAt(h[m++]));n=E(n,l,u.charAt(0))}return n}}(),r=function(){function e(e,t,r){var n,o,i,a,s=0,u=e.length,c=t%y,l=t/y|0;for(e=e.slice();u--;)s=((o=c*(i=e[u]%y)+(n=l*i+(a=e[u]/y|0)*c)%y*y+s)/r|0)+(n/y|0)+l*a,e[u]=o%r;return s&&(e=[s].concat(e)),e}function t(e,t,r,n){var o,i;if(r!=n)i=r>n?1:-1;else for(o=i=0;o<r;o++)if(e[o]!=t[o]){i=e[o]>t[o]?1:-1;break}return i}function r(e,t,r,n){for(var o=0;r--;)e[r]-=o,o=e[r]<t[r]?1:0,e[r]=o*n+e[r]-t[r];for(;!e[0]&&e.length>1;e.splice(0,1));}return function(n,o,i,a,s){var c,l,d,h,y,m,g,b,w,S,_,E,T,k,O,A,x,P=n.s==o.s?1:-1,R=n.c,I=o.c;if(!(R&&R[0]&&I&&I[0]))return new H(n.s&&o.s&&(R?!I||R[0]!=I[0]:I)?R&&0==R[0]||!I?0*P:P/0:NaN);for(w=(b=new H(P)).c=[],P=i+(l=n.e-o.e)+1,s||(s=f,l=v(n.e/p)-v(o.e/p),P=P/p|0),d=0;I[d]==(R[d]||0);d++);if(I[d]>(R[d]||0)&&l--,P<0)w.push(1),h=!0;else{for(k=R.length,A=I.length,d=0,P+=2,(y=u(s/(I[0]+1)))>1&&(I=e(I,y,s),R=e(R,y,s),A=I.length,k=R.length),T=A,_=(S=R.slice(0,A)).length;_<A;S[_++]=0);x=I.slice(),x=[0].concat(x),O=I[0],I[1]>=s/2&&O++;do{if(y=0,(c=t(I,S,A,_))<0){if(E=S[0],A!=_&&(E=E*s+(S[1]||0)),(y=u(E/O))>1)for(y>=s&&(y=s-1),g=(m=e(I,y,s)).length,_=S.length;1==t(m,S,g,_);)y--,r(m,A<g?x:I,g,s),g=m.length,c=1;else 0==y&&(c=y=1),g=(m=I.slice()).length;if(g<_&&(m=[0].concat(m)),r(S,m,_,s),_=S.length,-1==c)for(;t(I,S,A,_)<1;)y++,r(S,A<_?x:I,_,s),_=S.length}else 0===c&&(y++,S=[0]);w[d++]=y,S[0]?S[_++]=R[T]||0:(S=[R[T]],_=1)}while((T++<k||null!=S[0])&&P--);h=null!=S[0],w[0]||w.splice(0,1)}if(s==f){for(d=1,P=w[0];P>=10;P/=10,d++);W(b,i+(b.e=d+l*p-1)+1,a,h)}else b.e=l,b.r=+h;return b}}(),k=/^(-?)0([xbo])(?=\w[\w.]*$)/i,O=/^([^.]+)\.$/,A=/^\.([^.]+)$/,x=/^-?(Infinity|NaN)$/,P=/^\s*\+(?=[\w.])|^\s+|\s+$/g,o=function(e,t,r,n){var o,i=r?t:t.replace(P,"");if(x.test(i))e.s=isNaN(i)?null:i<0?-1:1;else{if(!r&&(i=i.replace(k,(function(e,t,r){return o="x"==(r=r.toLowerCase())?16:"b"==r?2:8,n&&n!=o?e:t})),n&&(o=n,i=i.replace(O,"$1").replace(A,"0.$1")),t!=i))return new H(i,o);if(H.DEBUG)throw Error(c+"Not a"+(n?" base "+n:"")+" number: "+t);e.s=null}e.c=e.e=null},R.absoluteValue=R.abs=function(){var e=new H(this);return e.s<0&&(e.s=1),e},R.comparedTo=function(e,t){return b(this,new H(e,t))},R.decimalPlaces=R.dp=function(e,t){var r,n,o,i=this;if(null!=e)return w(e,0,m),null==t?t=j:w(t,0,8),W(new H(i),e+i.e+1,t);if(!(r=i.c))return null;if(n=((o=r.length-1)-v(this.e/p))*p,o=r[o])for(;o%10==0;o/=10,n--);return n<0&&(n=0),n},R.dividedBy=R.div=function(e,t){return r(this,new H(e,t),C,j)},R.dividedToIntegerBy=R.idiv=function(e,t){return r(this,new H(e,t),0,1)},R.exponentiatedBy=R.pow=function(e,t){var r,n,o,i,a,l,f,d,h=this;if((e=new H(e)).c&&!e.isInteger())throw Error(c+"Exponent not an integer: "+G(e));if(null!=t&&(t=new H(t)),a=e.e>14,!h.c||!h.c[0]||1==h.c[0]&&!h.e&&1==h.c.length||!e.c||!e.c[0])return d=new H(Math.pow(+G(h),a?e.s*(2-S(e)):+G(e))),t?d.mod(t):d;if(l=e.s<0,t){if(t.c?!t.c[0]:!t.s)return new H(NaN);(n=!l&&h.isInteger()&&t.isInteger())&&(h=h.mod(t))}else{if(e.e>9&&(h.e>0||h.e<-1||(0==h.e?h.c[0]>1||a&&h.c[1]>=24e7:h.c[0]<8e13||a&&h.c[0]<=9999975e7)))return i=h.s<0&&S(e)?-0:0,h.e>-1&&(i=1/i),new H(l?1/i:i);D&&(i=s(D/p+2))}for(a?(r=new H(.5),l&&(e.s=1),f=S(e)):f=(o=Math.abs(+G(e)))%2,d=new H(I);;){if(f){if(!(d=d.times(h)).c)break;i?d.c.length>i&&(d.c.length=i):n&&(d=d.mod(t))}if(o){if(0===(o=u(o/2)))break;f=o%2}else if(W(e=e.times(r),e.e+1,1),e.e>14)f=S(e);else{if(0===(o=+G(e)))break;f=o%2}h=h.times(h),i?h.c&&h.c.length>i&&(h.c.length=i):n&&(h=h.mod(t))}return n?d:(l&&(d=I.div(d)),t?d.mod(t):i?W(d,D,j,undefined):d)},R.integerValue=function(e){var t=new H(this);return null==e?e=j:w(e,0,8),W(t,t.e+1,e)},R.isEqualTo=R.eq=function(e,t){return 0===b(this,new H(e,t))},R.isFinite=function(){return!!this.c},R.isGreaterThan=R.gt=function(e,t){return b(this,new H(e,t))>0},R.isGreaterThanOrEqualTo=R.gte=function(e,t){return 1===(t=b(this,new H(e,t)))||0===t},R.isInteger=function(){return!!this.c&&v(this.e/p)>this.c.length-2},R.isLessThan=R.lt=function(e,t){return b(this,new H(e,t))<0},R.isLessThanOrEqualTo=R.lte=function(e,t){return-1===(t=b(this,new H(e,t)))||0===t},R.isNaN=function(){return!this.s},R.isNegative=function(){return this.s<0},R.isPositive=function(){return this.s>0},R.isZero=function(){return!!this.c&&0==this.c[0]},R.minus=function(e,t){var r,n,o,i,a=this,s=a.s;if(t=(e=new H(e,t)).s,!s||!t)return new H(NaN);if(s!=t)return e.s=-t,a.plus(e);var u=a.e/p,c=e.e/p,l=a.c,d=e.c;if(!u||!c){if(!l||!d)return l?(e.s=-t,e):new H(d?a:NaN);if(!l[0]||!d[0])return d[0]?(e.s=-t,e):new H(l[0]?a:3==j?-0:0)}if(u=v(u),c=v(c),l=l.slice(),s=u-c){for((i=s<0)?(s=-s,o=l):(c=u,o=d),o.reverse(),t=s;t--;o.push(0));o.reverse()}else for(n=(i=(s=l.length)<(t=d.length))?s:t,s=t=0;t<n;t++)if(l[t]!=d[t]){i=l[t]<d[t];break}if(i&&(o=l,l=d,d=o,e.s=-e.s),(t=(n=d.length)-(r=l.length))>0)for(;t--;l[r++]=0);for(t=f-1;n>s;){if(l[--n]<d[n]){for(r=n;r&&!l[--r];l[r]=t);--l[r],l[n]+=f}l[n]-=d[n]}for(;0==l[0];l.splice(0,1),--c);return l[0]?$(e,l,c):(e.s=3==j?-1:1,e.c=[e.e=0],e)},R.modulo=R.mod=function(e,t){var n,o,i=this;return e=new H(e,t),!i.c||!e.s||e.c&&!e.c[0]?new H(NaN):!e.c||i.c&&!i.c[0]?new H(i):(9==F?(o=e.s,e.s=1,n=r(i,e,0,3),e.s=o,n.s*=o):n=r(i,e,0,F),(e=i.minus(n.times(e))).c[0]||1!=F||(e.s=i.s),e)},R.multipliedBy=R.times=function(e,t){var r,n,o,i,a,s,u,c,l,d,h,m,g,b,w,S=this,_=S.c,E=(e=new H(e,t)).c;if(!(_&&E&&_[0]&&E[0]))return!S.s||!e.s||_&&!_[0]&&!E||E&&!E[0]&&!_?e.c=e.e=e.s=null:(e.s*=S.s,_&&E?(e.c=[0],e.e=0):e.c=e.e=null),e;for(n=v(S.e/p)+v(e.e/p),e.s*=S.s,(u=_.length)<(d=E.length)&&(g=_,_=E,E=g,o=u,u=d,d=o),o=u+d,g=[];o--;g.push(0));for(b=f,w=y,o=d;--o>=0;){for(r=0,h=E[o]%w,m=E[o]/w|0,i=o+(a=u);i>o;)r=((c=h*(c=_[--a]%w)+(s=m*c+(l=_[a]/w|0)*h)%w*w+g[i]+r)/b|0)+(s/w|0)+m*l,g[i--]=c%b;g[i]=r}return r?++n:g.splice(0,1),$(e,g,n)},R.negated=function(){var e=new H(this);return e.s=-e.s||null,e},R.plus=function(e,t){var r,n=this,o=n.s;if(t=(e=new H(e,t)).s,!o||!t)return new H(NaN);if(o!=t)return e.s=-t,n.minus(e);var i=n.e/p,a=e.e/p,s=n.c,u=e.c;if(!i||!a){if(!s||!u)return new H(o/0);if(!s[0]||!u[0])return u[0]?e:new H(s[0]?n:0*o)}if(i=v(i),a=v(a),s=s.slice(),o=i-a){for(o>0?(a=i,r=u):(o=-o,r=s),r.reverse();o--;r.push(0));r.reverse()}for((o=s.length)-(t=u.length)<0&&(r=u,u=s,s=r,t=o),o=0;t;)o=(s[--t]=s[t]+u[t]+o)/f|0,s[t]=f===s[t]?0:s[t]%f;return o&&(s=[o].concat(s),++a),$(e,s,a)},R.precision=R.sd=function(e,t){var r,n,o,i=this;if(null!=e&&e!==!!e)return w(e,1,m),null==t?t=j:w(t,0,8),W(new H(i),e,t);if(!(r=i.c))return null;if(n=(o=r.length-1)*p+1,o=r[o]){for(;o%10==0;o/=10,n--);for(o=r[0];o>=10;o/=10,n++);}return e&&i.e+1>n&&(n=i.e+1),n},R.shiftedBy=function(e){return w(e,-9007199254740991,d),this.times("1e"+e)},R.squareRoot=R.sqrt=function(){var e,t,n,o,i,a=this,s=a.c,u=a.s,c=a.e,l=C+4,f=new H("0.5");if(1!==u||!s||!s[0])return new H(!u||u<0&&(!s||s[0])?NaN:s?a:1/0);if(0==(u=Math.sqrt(+G(a)))||u==1/0?(((t=g(s)).length+c)%2==0&&(t+="0"),u=Math.sqrt(+t),c=v((c+1)/2)-(c<0||c%2),n=new H(t=u==1/0?"5e"+c:(t=u.toExponential()).slice(0,t.indexOf("e")+1)+c)):n=new H(u+""),n.c[0])for((u=(c=n.e)+l)<3&&(u=0);;)if(i=n,n=f.times(i.plus(r(a,i,l,1))),g(i.c).slice(0,u)===(t=g(n.c)).slice(0,u)){if(n.e<c&&--u,"9999"!=(t=t.slice(u-3,u+1))&&(o||"4999"!=t)){+t&&(+t.slice(1)||"5"!=t.charAt(0))||(W(n,n.e+C+2,1),e=!n.times(n).eq(a));break}if(!o&&(W(i,i.e+C+2,0),i.times(i).eq(a))){n=i;break}l+=4,u+=4,o=1}return W(n,n.e+C+1,j,e)},R.toExponential=function(e,t){return null!=e&&(w(e,0,m),e++),z(this,e,t,1)},R.toFixed=function(e,t){return null!=e&&(w(e,0,m),e=e+this.e+1),z(this,e,t)},R.toFormat=function(e,t,r){var n,o=this;if(null==r)null!=e&&t&&"object"==typeof t?(r=t,t=null):e&&"object"==typeof e?(r=e,e=t=null):r=V;else if("object"!=typeof r)throw Error(c+"Argument not an object: "+r);if(n=o.toFixed(e,t),o.c){var i,a=n.split("."),s=+r.groupSize,u=+r.secondaryGroupSize,l=r.groupSeparator||"",f=a[0],p=a[1],d=o.s<0,h=d?f.slice(1):f,y=h.length;if(u&&(i=s,s=u,u=i,y-=i),s>0&&y>0){for(i=y%s||s,f=h.substr(0,i);i<y;i+=s)f+=l+h.substr(i,s);u>0&&(f+=l+h.slice(i)),d&&(f="-"+f)}n=p?f+(r.decimalSeparator||"")+((u=+r.fractionGroupSize)?p.replace(new RegExp("\\d{"+u+"}\\B","g"),"$&"+(r.fractionGroupSeparator||"")):p):f}return(r.prefix||"")+n+(r.suffix||"")},R.toFraction=function(e){var t,n,o,i,a,s,u,l,f,d,y,m,v=this,b=v.c;if(null!=e&&(!(u=new H(e)).isInteger()&&(u.c||1!==u.s)||u.lt(I)))throw Error(c+"Argument "+(u.isInteger()?"out of range: ":"not an integer: ")+G(u));if(!b)return new H(v);for(t=new H(I),f=n=new H(I),o=l=new H(I),m=g(b),a=t.e=m.length-v.e-1,t.c[0]=h[(s=a%p)<0?p+s:s],e=!e||u.comparedTo(t)>0?a>0?t:f:u,s=U,U=1/0,u=new H(m),l.c[0]=0;d=r(u,t,0,1),1!=(i=n.plus(d.times(o))).comparedTo(e);)n=o,o=i,f=l.plus(d.times(i=f)),l=i,t=u.minus(d.times(i=t)),u=i;return i=r(e.minus(n),o,0,1),l=l.plus(i.times(f)),n=n.plus(i.times(o)),l.s=f.s=v.s,y=r(f,o,a*=2,j).minus(v).abs().comparedTo(r(l,n,a,j).minus(v).abs())<1?[f,o]:[l,n],U=s,y},R.toNumber=function(){return+G(this)},R.toPrecision=function(e,t){return null!=e&&w(e,1,m),z(this,e,t,2)},R.toString=function(e){var t,r=this,o=r.s,i=r.e;return null===i?o?(t="Infinity",o<0&&(t="-"+t)):t="NaN":(null==e?t=i<=B||i>=L?_(g(r.c),i):E(g(r.c),i,"0"):10===e&&K?t=E(g((r=W(new H(r),C+i+1,j)).c),r.e,"0"):(w(e,2,q.length,"Base"),t=n(E(g(r.c),i,"0"),10,e,o,!0)),o<0&&r.c[0]&&(t="-"+t)),t},R.valueOf=R.toJSON=function(){return G(this)},R._isBigNumber=!0,null!=t&&H.set(t),H}(),i.default=i.BigNumber=i,void 0===(n=function(){return i}.call(t,r,t,e))||(e.exports=n)}()},8764:(e,t,r)=>{"use strict";const n=r(9742),o=r(645),i="function"==typeof Symbol&&"function"==typeof Symbol.for?Symbol.for("nodejs.util.inspect.custom"):null;t.Buffer=u,t.SlowBuffer=function(e){+e!=e&&(e=0);return u.alloc(+e)},t.INSPECT_MAX_BYTES=50;const a=2147483647;function s(e){if(e>a)throw new RangeError('The value "'+e+'" is invalid for option "size"');const t=new Uint8Array(e);return Object.setPrototypeOf(t,u.prototype),t}function u(e,t,r){if("number"==typeof e){if("string"==typeof t)throw new TypeError('The "string" argument must be of type string. Received type number');return f(e)}return c(e,t,r)}function c(e,t,r){if("string"==typeof e)return function(e,t){"string"==typeof t&&""!==t||(t="utf8");if(!u.isEncoding(t))throw new TypeError("Unknown encoding: "+t);const r=0|y(e,t);let n=s(r);const o=n.write(e,t);o!==r&&(n=n.slice(0,o));return n}(e,t);if(ArrayBuffer.isView(e))return function(e){if(G(e,Uint8Array)){const t=new Uint8Array(e);return d(t.buffer,t.byteOffset,t.byteLength)}return p(e)}(e);if(null==e)throw new TypeError("The first argument must be one of type string, Buffer, ArrayBuffer, Array, or Array-like Object. Received type "+typeof e);if(G(e,ArrayBuffer)||e&&G(e.buffer,ArrayBuffer))return d(e,t,r);if("undefined"!=typeof SharedArrayBuffer&&(G(e,SharedArrayBuffer)||e&&G(e.buffer,SharedArrayBuffer)))return d(e,t,r);if("number"==typeof e)throw new TypeError('The "value" argument must not be of type number. Received type number');const n=e.valueOf&&e.valueOf();if(null!=n&&n!==e)return u.from(n,t,r);const o=function(e){if(u.isBuffer(e)){const t=0|h(e.length),r=s(t);return 0===r.length||e.copy(r,0,0,t),r}if(void 0!==e.length)return"number"!=typeof e.length||Q(e.length)?s(0):p(e);if("Buffer"===e.type&&Array.isArray(e.data))return p(e.data)}(e);if(o)return o;if("undefined"!=typeof Symbol&&null!=Symbol.toPrimitive&&"function"==typeof e[Symbol.toPrimitive])return u.from(e[Symbol.toPrimitive]("string"),t,r);throw new TypeError("The first argument must be one of type string, Buffer, ArrayBuffer, Array, or Array-like Object. Received type "+typeof e)}function l(e){if("number"!=typeof e)throw new TypeError('"size" argument must be of type number');if(e<0)throw new RangeError('The value "'+e+'" is invalid for option "size"')}function f(e){return l(e),s(e<0?0:0|h(e))}function p(e){const t=e.length<0?0:0|h(e.length),r=s(t);for(let n=0;n<t;n+=1)r[n]=255&e[n];return r}function d(e,t,r){if(t<0||e.byteLength<t)throw new RangeError('"offset" is outside of buffer bounds');if(e.byteLength<t+(r||0))throw new RangeError('"length" is outside of buffer bounds');let n;return n=void 0===t&&void 0===r?new Uint8Array(e):void 0===r?new Uint8Array(e,t):new Uint8Array(e,t,r),Object.setPrototypeOf(n,u.prototype),n}function h(e){if(e>=a)throw new RangeError("Attempt to allocate Buffer larger than maximum size: 0x"+a.toString(16)+" bytes");return 0|e}function y(e,t){if(u.isBuffer(e))return e.length;if(ArrayBuffer.isView(e)||G(e,ArrayBuffer))return e.byteLength;if("string"!=typeof e)throw new TypeError('The "string" argument must be one of type string, Buffer, or ArrayBuffer. Received type '+typeof e);const r=e.length,n=arguments.length>2&&!0===arguments[2];if(!n&&0===r)return 0;let o=!1;for(;;)switch(t){case"ascii":case"latin1":case"binary":return r;case"utf8":case"utf-8":return X(e).length;case"ucs2":case"ucs-2":case"utf16le":case"utf-16le":return 2*r;case"hex":return r>>>1;case"base64":return $(e).length;default:if(o)return n?-1:X(e).length;t=(""+t).toLowerCase(),o=!0}}function m(e,t,r){let n=!1;if((void 0===t||t<0)&&(t=0),t>this.length)return"";if((void 0===r||r>this.length)&&(r=this.length),r<=0)return"";if((r>>>=0)<=(t>>>=0))return"";for(e||(e="utf8");;)switch(e){case"hex":return R(this,t,r);case"utf8":case"utf-8":return O(this,t,r);case"ascii":return x(this,t,r);case"latin1":case"binary":return P(this,t,r);case"base64":return k(this,t,r);case"ucs2":case"ucs-2":case"utf16le":case"utf-16le":return I(this,t,r);default:if(n)throw new TypeError("Unknown encoding: "+e);e=(e+"").toLowerCase(),n=!0}}function v(e,t,r){const n=e[t];e[t]=e[r],e[r]=n}function g(e,t,r,n,o){if(0===e.length)return-1;if("string"==typeof r?(n=r,r=0):r>2147483647?r=2147483647:r<-2147483648&&(r=-2147483648),Q(r=+r)&&(r=o?0:e.length-1),r<0&&(r=e.length+r),r>=e.length){if(o)return-1;r=e.length-1}else if(r<0){if(!o)return-1;r=0}if("string"==typeof t&&(t=u.from(t,n)),u.isBuffer(t))return 0===t.length?-1:b(e,t,r,n,o);if("number"==typeof t)return t&=255,"function"==typeof Uint8Array.prototype.indexOf?o?Uint8Array.prototype.indexOf.call(e,t,r):Uint8Array.prototype.lastIndexOf.call(e,t,r):b(e,[t],r,n,o);throw new TypeError("val must be string, number or Buffer")}function b(e,t,r,n,o){let i,a=1,s=e.length,u=t.length;if(void 0!==n&&("ucs2"===(n=String(n).toLowerCase())||"ucs-2"===n||"utf16le"===n||"utf-16le"===n)){if(e.length<2||t.length<2)return-1;a=2,s/=2,u/=2,r/=2}function c(e,t){return 1===a?e[t]:e.readUInt16BE(t*a)}if(o){let n=-1;for(i=r;i<s;i++)if(c(e,i)===c(t,-1===n?0:i-n)){if(-1===n&&(n=i),i-n+1===u)return n*a}else-1!==n&&(i-=i-n),n=-1}else for(r+u>s&&(r=s-u),i=r;i>=0;i--){let r=!0;for(let n=0;n<u;n++)if(c(e,i+n)!==c(t,n)){r=!1;break}if(r)return i}return-1}function w(e,t,r,n){r=Number(r)||0;const o=e.length-r;n?(n=Number(n))>o&&(n=o):n=o;const i=t.length;let a;for(n>i/2&&(n=i/2),a=0;a<n;++a){const n=parseInt(t.substr(2*a,2),16);if(Q(n))return a;e[r+a]=n}return a}function S(e,t,r,n){return W(X(t,e.length-r),e,r,n)}function _(e,t,r,n){return W(function(e){const t=[];for(let r=0;r<e.length;++r)t.push(255&e.charCodeAt(r));return t}(t),e,r,n)}function E(e,t,r,n){return W($(t),e,r,n)}function T(e,t,r,n){return W(function(e,t){let r,n,o;const i=[];for(let a=0;a<e.length&&!((t-=2)<0);++a)r=e.charCodeAt(a),n=r>>8,o=r%256,i.push(o),i.push(n);return i}(t,e.length-r),e,r,n)}function k(e,t,r){return 0===t&&r===e.length?n.fromByteArray(e):n.fromByteArray(e.slice(t,r))}function O(e,t,r){r=Math.min(e.length,r);const n=[];let o=t;for(;o<r;){const t=e[o];let i=null,a=t>239?4:t>223?3:t>191?2:1;if(o+a<=r){let r,n,s,u;switch(a){case 1:t<128&&(i=t);break;case 2:r=e[o+1],128==(192&r)&&(u=(31&t)<<6|63&r,u>127&&(i=u));break;case 3:r=e[o+1],n=e[o+2],128==(192&r)&&128==(192&n)&&(u=(15&t)<<12|(63&r)<<6|63&n,u>2047&&(u<55296||u>57343)&&(i=u));break;case 4:r=e[o+1],n=e[o+2],s=e[o+3],128==(192&r)&&128==(192&n)&&128==(192&s)&&(u=(15&t)<<18|(63&r)<<12|(63&n)<<6|63&s,u>65535&&u<1114112&&(i=u))}}null===i?(i=65533,a=1):i>65535&&(i-=65536,n.push(i>>>10&1023|55296),i=56320|1023&i),n.push(i),o+=a}return function(e){const t=e.length;if(t<=A)return String.fromCharCode.apply(String,e);let r="",n=0;for(;n<t;)r+=String.fromCharCode.apply(String,e.slice(n,n+=A));return r}(n)}t.kMaxLength=a,u.TYPED_ARRAY_SUPPORT=function(){try{const e=new Uint8Array(1),t={foo:function(){return 42}};return Object.setPrototypeOf(t,Uint8Array.prototype),Object.setPrototypeOf(e,t),42===e.foo()}catch(e){return!1}}(),u.TYPED_ARRAY_SUPPORT||"undefined"==typeof console||"function"!=typeof console.error||console.error("This browser lacks typed array (Uint8Array) support which is required by `buffer` v5.x. Use `buffer` v4.x if you require old browser support."),Object.defineProperty(u.prototype,"parent",{enumerable:!0,get:function(){if(u.isBuffer(this))return this.buffer}}),Object.defineProperty(u.prototype,"offset",{enumerable:!0,get:function(){if(u.isBuffer(this))return this.byteOffset}}),u.poolSize=8192,u.from=function(e,t,r){return c(e,t,r)},Object.setPrototypeOf(u.prototype,Uint8Array.prototype),Object.setPrototypeOf(u,Uint8Array),u.alloc=function(e,t,r){return function(e,t,r){return l(e),e<=0?s(e):void 0!==t?"string"==typeof r?s(e).fill(t,r):s(e).fill(t):s(e)}(e,t,r)},u.allocUnsafe=function(e){return f(e)},u.allocUnsafeSlow=function(e){return f(e)},u.isBuffer=function(e){return null!=e&&!0===e._isBuffer&&e!==u.prototype},u.compare=function(e,t){if(G(e,Uint8Array)&&(e=u.from(e,e.offset,e.byteLength)),G(t,Uint8Array)&&(t=u.from(t,t.offset,t.byteLength)),!u.isBuffer(e)||!u.isBuffer(t))throw new TypeError('The "buf1", "buf2" arguments must be one of type Buffer or Uint8Array');if(e===t)return 0;let r=e.length,n=t.length;for(let o=0,i=Math.min(r,n);o<i;++o)if(e[o]!==t[o]){r=e[o],n=t[o];break}return r<n?-1:n<r?1:0},u.isEncoding=function(e){switch(String(e).toLowerCase()){case"hex":case"utf8":case"utf-8":case"ascii":case"latin1":case"binary":case"base64":case"ucs2":case"ucs-2":case"utf16le":case"utf-16le":return!0;default:return!1}},u.concat=function(e,t){if(!Array.isArray(e))throw new TypeError('"list" argument must be an Array of Buffers');if(0===e.length)return u.alloc(0);let r;if(void 0===t)for(t=0,r=0;r<e.length;++r)t+=e[r].length;const n=u.allocUnsafe(t);let o=0;for(r=0;r<e.length;++r){let t=e[r];if(G(t,Uint8Array))o+t.length>n.length?(u.isBuffer(t)||(t=u.from(t)),t.copy(n,o)):Uint8Array.prototype.set.call(n,t,o);else{if(!u.isBuffer(t))throw new TypeError('"list" argument must be an Array of Buffers');t.copy(n,o)}o+=t.length}return n},u.byteLength=y,u.prototype._isBuffer=!0,u.prototype.swap16=function(){const e=this.length;if(e%2!=0)throw new RangeError("Buffer size must be a multiple of 16-bits");for(let t=0;t<e;t+=2)v(this,t,t+1);return this},u.prototype.swap32=function(){const e=this.length;if(e%4!=0)throw new RangeError("Buffer size must be a multiple of 32-bits");for(let t=0;t<e;t+=4)v(this,t,t+3),v(this,t+1,t+2);return this},u.prototype.swap64=function(){const e=this.length;if(e%8!=0)throw new RangeError("Buffer size must be a multiple of 64-bits");for(let t=0;t<e;t+=8)v(this,t,t+7),v(this,t+1,t+6),v(this,t+2,t+5),v(this,t+3,t+4);return this},u.prototype.toString=function(){const e=this.length;return 0===e?"":0===arguments.length?O(this,0,e):m.apply(this,arguments)},u.prototype.toLocaleString=u.prototype.toString,u.prototype.equals=function(e){if(!u.isBuffer(e))throw new TypeError("Argument must be a Buffer");return this===e||0===u.compare(this,e)},u.prototype.inspect=function(){let e="";const r=t.INSPECT_MAX_BYTES;return e=this.toString("hex",0,r).replace(/(.{2})/g,"$1 ").trim(),this.length>r&&(e+=" ... "),"<Buffer "+e+">"},i&&(u.prototype[i]=u.prototype.inspect),u.prototype.compare=function(e,t,r,n,o){if(G(e,Uint8Array)&&(e=u.from(e,e.offset,e.byteLength)),!u.isBuffer(e))throw new TypeError('The "target" argument must be one of type Buffer or Uint8Array. Received type '+typeof e);if(void 0===t&&(t=0),void 0===r&&(r=e?e.length:0),void 0===n&&(n=0),void 0===o&&(o=this.length),t<0||r>e.length||n<0||o>this.length)throw new RangeError("out of range index");if(n>=o&&t>=r)return 0;if(n>=o)return-1;if(t>=r)return 1;if(this===e)return 0;let i=(o>>>=0)-(n>>>=0),a=(r>>>=0)-(t>>>=0);const s=Math.min(i,a),c=this.slice(n,o),l=e.slice(t,r);for(let e=0;e<s;++e)if(c[e]!==l[e]){i=c[e],a=l[e];break}return i<a?-1:a<i?1:0},u.prototype.includes=function(e,t,r){return-1!==this.indexOf(e,t,r)},u.prototype.indexOf=function(e,t,r){return g(this,e,t,r,!0)},u.prototype.lastIndexOf=function(e,t,r){return g(this,e,t,r,!1)},u.prototype.write=function(e,t,r,n){if(void 0===t)n="utf8",r=this.length,t=0;else if(void 0===r&&"string"==typeof t)n=t,r=this.length,t=0;else{if(!isFinite(t))throw new Error("Buffer.write(string, encoding, offset[, length]) is no longer supported");t>>>=0,isFinite(r)?(r>>>=0,void 0===n&&(n="utf8")):(n=r,r=void 0)}const o=this.length-t;if((void 0===r||r>o)&&(r=o),e.length>0&&(r<0||t<0)||t>this.length)throw new RangeError("Attempt to write outside buffer bounds");n||(n="utf8");let i=!1;for(;;)switch(n){case"hex":return w(this,e,t,r);case"utf8":case"utf-8":return S(this,e,t,r);case"ascii":case"latin1":case"binary":return _(this,e,t,r);case"base64":return E(this,e,t,r);case"ucs2":case"ucs-2":case"utf16le":case"utf-16le":return T(this,e,t,r);default:if(i)throw new TypeError("Unknown encoding: "+n);n=(""+n).toLowerCase(),i=!0}},u.prototype.toJSON=function(){return{type:"Buffer",data:Array.prototype.slice.call(this._arr||this,0)}};const A=4096;function x(e,t,r){let n="";r=Math.min(e.length,r);for(let o=t;o<r;++o)n+=String.fromCharCode(127&e[o]);return n}function P(e,t,r){let n="";r=Math.min(e.length,r);for(let o=t;o<r;++o)n+=String.fromCharCode(e[o]);return n}function R(e,t,r){const n=e.length;(!t||t<0)&&(t=0),(!r||r<0||r>n)&&(r=n);let o="";for(let n=t;n<r;++n)o+=Y[e[n]];return o}function I(e,t,r){const n=e.slice(t,r);let o="";for(let e=0;e<n.length-1;e+=2)o+=String.fromCharCode(n[e]+256*n[e+1]);return o}function C(e,t,r){if(e%1!=0||e<0)throw new RangeError("offset is not uint");if(e+t>r)throw new RangeError("Trying to access beyond buffer length")}function j(e,t,r,n,o,i){if(!u.isBuffer(e))throw new TypeError('"buffer" argument must be a Buffer instance');if(t>o||t<i)throw new RangeError('"value" argument is out of bounds');if(r+n>e.length)throw new RangeError("Index out of range")}function B(e,t,r,n,o){q(t,n,o,e,r,7);let i=Number(t&BigInt(4294967295));e[r++]=i,i>>=8,e[r++]=i,i>>=8,e[r++]=i,i>>=8,e[r++]=i;let a=Number(t>>BigInt(32)&BigInt(4294967295));return e[r++]=a,a>>=8,e[r++]=a,a>>=8,e[r++]=a,a>>=8,e[r++]=a,r}function L(e,t,r,n,o){q(t,n,o,e,r,7);let i=Number(t&BigInt(4294967295));e[r+7]=i,i>>=8,e[r+6]=i,i>>=8,e[r+5]=i,i>>=8,e[r+4]=i;let a=Number(t>>BigInt(32)&BigInt(4294967295));return e[r+3]=a,a>>=8,e[r+2]=a,a>>=8,e[r+1]=a,a>>=8,e[r]=a,r+8}function N(e,t,r,n,o,i){if(r+n>e.length)throw new RangeError("Index out of range");if(r<0)throw new RangeError("Index out of range")}function U(e,t,r,n,i){return t=+t,r>>>=0,i||N(e,0,r,4),o.write(e,t,r,n,23,4),r+4}function M(e,t,r,n,i){return t=+t,r>>>=0,i||N(e,0,r,8),o.write(e,t,r,n,52,8),r+8}u.prototype.slice=function(e,t){const r=this.length;(e=~~e)<0?(e+=r)<0&&(e=0):e>r&&(e=r),(t=void 0===t?r:~~t)<0?(t+=r)<0&&(t=0):t>r&&(t=r),t<e&&(t=e);const n=this.subarray(e,t);return Object.setPrototypeOf(n,u.prototype),n},u.prototype.readUintLE=u.prototype.readUIntLE=function(e,t,r){e>>>=0,t>>>=0,r||C(e,t,this.length);let n=this[e],o=1,i=0;for(;++i<t&&(o*=256);)n+=this[e+i]*o;return n},u.prototype.readUintBE=u.prototype.readUIntBE=function(e,t,r){e>>>=0,t>>>=0,r||C(e,t,this.length);let n=this[e+--t],o=1;for(;t>0&&(o*=256);)n+=this[e+--t]*o;return n},u.prototype.readUint8=u.prototype.readUInt8=function(e,t){return e>>>=0,t||C(e,1,this.length),this[e]},u.prototype.readUint16LE=u.prototype.readUInt16LE=function(e,t){return e>>>=0,t||C(e,2,this.length),this[e]|this[e+1]<<8},u.prototype.readUint16BE=u.prototype.readUInt16BE=function(e,t){return e>>>=0,t||C(e,2,this.length),this[e]<<8|this[e+1]},u.prototype.readUint32LE=u.prototype.readUInt32LE=function(e,t){return e>>>=0,t||C(e,4,this.length),(this[e]|this[e+1]<<8|this[e+2]<<16)+16777216*this[e+3]},u.prototype.readUint32BE=u.prototype.readUInt32BE=function(e,t){return e>>>=0,t||C(e,4,this.length),16777216*this[e]+(this[e+1]<<16|this[e+2]<<8|this[e+3])},u.prototype.readBigUInt64LE=J((function(e){K(e>>>=0,"offset");const t=this[e],r=this[e+7];void 0!==t&&void 0!==r||H(e,this.length-8);const n=t+256*this[++e]+65536*this[++e]+this[++e]*2**24,o=this[++e]+256*this[++e]+65536*this[++e]+r*2**24;return BigInt(n)+(BigInt(o)<<BigInt(32))})),u.prototype.readBigUInt64BE=J((function(e){K(e>>>=0,"offset");const t=this[e],r=this[e+7];void 0!==t&&void 0!==r||H(e,this.length-8);const n=t*2**24+65536*this[++e]+256*this[++e]+this[++e],o=this[++e]*2**24+65536*this[++e]+256*this[++e]+r;return(BigInt(n)<<BigInt(32))+BigInt(o)})),u.prototype.readIntLE=function(e,t,r){e>>>=0,t>>>=0,r||C(e,t,this.length);let n=this[e],o=1,i=0;for(;++i<t&&(o*=256);)n+=this[e+i]*o;return o*=128,n>=o&&(n-=Math.pow(2,8*t)),n},u.prototype.readIntBE=function(e,t,r){e>>>=0,t>>>=0,r||C(e,t,this.length);let n=t,o=1,i=this[e+--n];for(;n>0&&(o*=256);)i+=this[e+--n]*o;return o*=128,i>=o&&(i-=Math.pow(2,8*t)),i},u.prototype.readInt8=function(e,t){return e>>>=0,t||C(e,1,this.length),128&this[e]?-1*(255-this[e]+1):this[e]},u.prototype.readInt16LE=function(e,t){e>>>=0,t||C(e,2,this.length);const r=this[e]|this[e+1]<<8;return 32768&r?4294901760|r:r},u.prototype.readInt16BE=function(e,t){e>>>=0,t||C(e,2,this.length);const r=this[e+1]|this[e]<<8;return 32768&r?4294901760|r:r},u.prototype.readInt32LE=function(e,t){return e>>>=0,t||C(e,4,this.length),this[e]|this[e+1]<<8|this[e+2]<<16|this[e+3]<<24},u.prototype.readInt32BE=function(e,t){return e>>>=0,t||C(e,4,this.length),this[e]<<24|this[e+1]<<16|this[e+2]<<8|this[e+3]},u.prototype.readBigInt64LE=J((function(e){K(e>>>=0,"offset");const t=this[e],r=this[e+7];void 0!==t&&void 0!==r||H(e,this.length-8);const n=this[e+4]+256*this[e+5]+65536*this[e+6]+(r<<24);return(BigInt(n)<<BigInt(32))+BigInt(t+256*this[++e]+65536*this[++e]+this[++e]*2**24)})),u.prototype.readBigInt64BE=J((function(e){K(e>>>=0,"offset");const t=this[e],r=this[e+7];void 0!==t&&void 0!==r||H(e,this.length-8);const n=(t<<24)+65536*this[++e]+256*this[++e]+this[++e];return(BigInt(n)<<BigInt(32))+BigInt(this[++e]*2**24+65536*this[++e]+256*this[++e]+r)})),u.prototype.readFloatLE=function(e,t){return e>>>=0,t||C(e,4,this.length),o.read(this,e,!0,23,4)},u.prototype.readFloatBE=function(e,t){return e>>>=0,t||C(e,4,this.length),o.read(this,e,!1,23,4)},u.prototype.readDoubleLE=function(e,t){return e>>>=0,t||C(e,8,this.length),o.read(this,e,!0,52,8)},u.prototype.readDoubleBE=function(e,t){return e>>>=0,t||C(e,8,this.length),o.read(this,e,!1,52,8)},u.prototype.writeUintLE=u.prototype.writeUIntLE=function(e,t,r,n){if(e=+e,t>>>=0,r>>>=0,!n){j(this,e,t,r,Math.pow(2,8*r)-1,0)}let o=1,i=0;for(this[t]=255&e;++i<r&&(o*=256);)this[t+i]=e/o&255;return t+r},u.prototype.writeUintBE=u.prototype.writeUIntBE=function(e,t,r,n){if(e=+e,t>>>=0,r>>>=0,!n){j(this,e,t,r,Math.pow(2,8*r)-1,0)}let o=r-1,i=1;for(this[t+o]=255&e;--o>=0&&(i*=256);)this[t+o]=e/i&255;return t+r},u.prototype.writeUint8=u.prototype.writeUInt8=function(e,t,r){return e=+e,t>>>=0,r||j(this,e,t,1,255,0),this[t]=255&e,t+1},u.prototype.writeUint16LE=u.prototype.writeUInt16LE=function(e,t,r){return e=+e,t>>>=0,r||j(this,e,t,2,65535,0),this[t]=255&e,this[t+1]=e>>>8,t+2},u.prototype.writeUint16BE=u.prototype.writeUInt16BE=function(e,t,r){return e=+e,t>>>=0,r||j(this,e,t,2,65535,0),this[t]=e>>>8,this[t+1]=255&e,t+2},u.prototype.writeUint32LE=u.prototype.writeUInt32LE=function(e,t,r){return e=+e,t>>>=0,r||j(this,e,t,4,4294967295,0),this[t+3]=e>>>24,this[t+2]=e>>>16,this[t+1]=e>>>8,this[t]=255&e,t+4},u.prototype.writeUint32BE=u.prototype.writeUInt32BE=function(e,t,r){return e=+e,t>>>=0,r||j(this,e,t,4,4294967295,0),this[t]=e>>>24,this[t+1]=e>>>16,this[t+2]=e>>>8,this[t+3]=255&e,t+4},u.prototype.writeBigUInt64LE=J((function(e,t=0){return B(this,e,t,BigInt(0),BigInt("0xffffffffffffffff"))})),u.prototype.writeBigUInt64BE=J((function(e,t=0){return L(this,e,t,BigInt(0),BigInt("0xffffffffffffffff"))})),u.prototype.writeIntLE=function(e,t,r,n){if(e=+e,t>>>=0,!n){const n=Math.pow(2,8*r-1);j(this,e,t,r,n-1,-n)}let o=0,i=1,a=0;for(this[t]=255&e;++o<r&&(i*=256);)e<0&&0===a&&0!==this[t+o-1]&&(a=1),this[t+o]=(e/i>>0)-a&255;return t+r},u.prototype.writeIntBE=function(e,t,r,n){if(e=+e,t>>>=0,!n){const n=Math.pow(2,8*r-1);j(this,e,t,r,n-1,-n)}let o=r-1,i=1,a=0;for(this[t+o]=255&e;--o>=0&&(i*=256);)e<0&&0===a&&0!==this[t+o+1]&&(a=1),this[t+o]=(e/i>>0)-a&255;return t+r},u.prototype.writeInt8=function(e,t,r){return e=+e,t>>>=0,r||j(this,e,t,1,127,-128),e<0&&(e=255+e+1),this[t]=255&e,t+1},u.prototype.writeInt16LE=function(e,t,r){return e=+e,t>>>=0,r||j(this,e,t,2,32767,-32768),this[t]=255&e,this[t+1]=e>>>8,t+2},u.prototype.writeInt16BE=function(e,t,r){return e=+e,t>>>=0,r||j(this,e,t,2,32767,-32768),this[t]=e>>>8,this[t+1]=255&e,t+2},u.prototype.writeInt32LE=function(e,t,r){return e=+e,t>>>=0,r||j(this,e,t,4,2147483647,-2147483648),this[t]=255&e,this[t+1]=e>>>8,this[t+2]=e>>>16,this[t+3]=e>>>24,t+4},u.prototype.writeInt32BE=function(e,t,r){return e=+e,t>>>=0,r||j(this,e,t,4,2147483647,-2147483648),e<0&&(e=4294967295+e+1),this[t]=e>>>24,this[t+1]=e>>>16,this[t+2]=e>>>8,this[t+3]=255&e,t+4},u.prototype.writeBigInt64LE=J((function(e,t=0){return B(this,e,t,-BigInt("0x8000000000000000"),BigInt("0x7fffffffffffffff"))})),u.prototype.writeBigInt64BE=J((function(e,t=0){return L(this,e,t,-BigInt("0x8000000000000000"),BigInt("0x7fffffffffffffff"))})),u.prototype.writeFloatLE=function(e,t,r){return U(this,e,t,!0,r)},u.prototype.writeFloatBE=function(e,t,r){return U(this,e,t,!1,r)},u.prototype.writeDoubleLE=function(e,t,r){return M(this,e,t,!0,r)},u.prototype.writeDoubleBE=function(e,t,r){return M(this,e,t,!1,r)},u.prototype.copy=function(e,t,r,n){if(!u.isBuffer(e))throw new TypeError("argument should be a Buffer");if(r||(r=0),n||0===n||(n=this.length),t>=e.length&&(t=e.length),t||(t=0),n>0&&n<r&&(n=r),n===r)return 0;if(0===e.length||0===this.length)return 0;if(t<0)throw new RangeError("targetStart out of bounds");if(r<0||r>=this.length)throw new RangeError("Index out of range");if(n<0)throw new RangeError("sourceEnd out of bounds");n>this.length&&(n=this.length),e.length-t<n-r&&(n=e.length-t+r);const o=n-r;return this===e&&"function"==typeof Uint8Array.prototype.copyWithin?this.copyWithin(t,r,n):Uint8Array.prototype.set.call(e,this.subarray(r,n),t),o},u.prototype.fill=function(e,t,r,n){if("string"==typeof e){if("string"==typeof t?(n=t,t=0,r=this.length):"string"==typeof r&&(n=r,r=this.length),void 0!==n&&"string"!=typeof n)throw new TypeError("encoding must be a string");if("string"==typeof n&&!u.isEncoding(n))throw new TypeError("Unknown encoding: "+n);if(1===e.length){const t=e.charCodeAt(0);("utf8"===n&&t<128||"latin1"===n)&&(e=t)}}else"number"==typeof e?e&=255:"boolean"==typeof e&&(e=Number(e));if(t<0||this.length<t||this.length<r)throw new RangeError("Out of range index");if(r<=t)return this;let o;if(t>>>=0,r=void 0===r?this.length:r>>>0,e||(e=0),"number"==typeof e)for(o=t;o<r;++o)this[o]=e;else{const i=u.isBuffer(e)?e:u.from(e,n),a=i.length;if(0===a)throw new TypeError('The value "'+e+'" is invalid for argument "value"');for(o=0;o<r-t;++o)this[o+t]=i[o%a]}return this};const F={};function D(e,t,r){F[e]=class extends r{constructor(){super(),Object.defineProperty(this,"message",{value:t.apply(this,arguments),writable:!0,configurable:!0}),this.name=`${this.name} [${e}]`,this.stack,delete this.name}get code(){return e}set code(e){Object.defineProperty(this,"code",{configurable:!0,enumerable:!0,value:e,writable:!0})}toString(){return`${this.name} [${e}]: ${this.message}`}}}function V(e){let t="",r=e.length;const n="-"===e[0]?1:0;for(;r>=n+4;r-=3)t=`_${e.slice(r-3,r)}${t}`;return`${e.slice(0,r)}${t}`}function q(e,t,r,n,o,i){if(e>r||e<t){const n="bigint"==typeof t?"n":"";let o;throw o=i>3?0===t||t===BigInt(0)?`>= 0${n} and < 2${n} ** ${8*(i+1)}${n}`:`>= -(2${n} ** ${8*(i+1)-1}${n}) and < 2 ** ${8*(i+1)-1}${n}`:`>= ${t}${n} and <= ${r}${n}`,new F.ERR_OUT_OF_RANGE("value",o,e)}!function(e,t,r){K(t,"offset"),void 0!==e[t]&&void 0!==e[t+r]||H(t,e.length-(r+1))}(n,o,i)}function K(e,t){if("number"!=typeof e)throw new F.ERR_INVALID_ARG_TYPE(t,"number",e)}function H(e,t,r){if(Math.floor(e)!==e)throw K(e,r),new F.ERR_OUT_OF_RANGE(r||"offset","an integer",e);if(t<0)throw new F.ERR_BUFFER_OUT_OF_BOUNDS;throw new F.ERR_OUT_OF_RANGE(r||"offset",`>= ${r?1:0} and <= ${t}`,e)}D("ERR_BUFFER_OUT_OF_BOUNDS",(function(e){return e?`${e} is outside of buffer bounds`:"Attempt to access memory outside buffer bounds"}),RangeError),D("ERR_INVALID_ARG_TYPE",(function(e,t){return`The "${e}" argument must be of type number. Received type ${typeof t}`}),TypeError),D("ERR_OUT_OF_RANGE",(function(e,t,r){let n=`The value of "${e}" is out of range.`,o=r;return Number.isInteger(r)&&Math.abs(r)>2**32?o=V(String(r)):"bigint"==typeof r&&(o=String(r),(r>BigInt(2)**BigInt(32)||r<-(BigInt(2)**BigInt(32)))&&(o=V(o)),o+="n"),n+=` It must be ${t}. Received ${o}`,n}),RangeError);const z=/[^+/0-9A-Za-z-_]/g;function X(e,t){let r;t=t||1/0;const n=e.length;let o=null;const i=[];for(let a=0;a<n;++a){if(r=e.charCodeAt(a),r>55295&&r<57344){if(!o){if(r>56319){(t-=3)>-1&&i.push(239,191,189);continue}if(a+1===n){(t-=3)>-1&&i.push(239,191,189);continue}o=r;continue}if(r<56320){(t-=3)>-1&&i.push(239,191,189),o=r;continue}r=65536+(o-55296<<10|r-56320)}else o&&(t-=3)>-1&&i.push(239,191,189);if(o=null,r<128){if((t-=1)<0)break;i.push(r)}else if(r<2048){if((t-=2)<0)break;i.push(r>>6|192,63&r|128)}else if(r<65536){if((t-=3)<0)break;i.push(r>>12|224,r>>6&63|128,63&r|128)}else{if(!(r<1114112))throw new Error("Invalid code point");if((t-=4)<0)break;i.push(r>>18|240,r>>12&63|128,r>>6&63|128,63&r|128)}}return i}function $(e){return n.toByteArray(function(e){if((e=(e=e.split("=")[0]).trim().replace(z,"")).length<2)return"";for(;e.length%4!=0;)e+="=";return e}(e))}function W(e,t,r,n){let o;for(o=0;o<n&&!(o+r>=t.length||o>=e.length);++o)t[o+r]=e[o];return o}function G(e,t){return e instanceof t||null!=e&&null!=e.constructor&&null!=e.constructor.name&&e.constructor.name===t.name}function Q(e){return e!=e}const Y=function(){const e="0123456789abcdef",t=new Array(256);for(let r=0;r<16;++r){const n=16*r;for(let o=0;o<16;++o)t[n+o]=e[r]+e[o]}return t}();function J(e){return"undefined"==typeof BigInt?Z:e}function Z(){throw new Error("BigInt not supported")}},584:e=>{e.exports={100:"Continue",101:"Switching Protocols",102:"Processing",200:"OK",201:"Created",202:"Accepted",203:"Non-Authoritative Information",204:"No Content",205:"Reset Content",206:"Partial Content",207:"Multi-Status",208:"Already Reported",226:"IM Used",300:"Multiple Choices",301:"Moved Permanently",302:"Found",303:"See Other",304:"Not Modified",305:"Use Proxy",307:"Temporary Redirect",308:"Permanent Redirect",400:"Bad Request",401:"Unauthorized",402:"Payment Required",403:"Forbidden",404:"Not Found",405:"Method Not Allowed",406:"Not Acceptable",407:"Proxy Authentication Required",408:"Request Timeout",409:"Conflict",410:"Gone",411:"Length Required",412:"Precondition Failed",413:"Payload Too Large",414:"URI Too Long",415:"Unsupported Media Type",416:"Range Not Satisfiable",417:"Expectation Failed",418:"I'm a teapot",421:"Misdirected Request",422:"Unprocessable Entity",423:"Locked",424:"Failed Dependency",425:"Unordered Collection",426:"Upgrade Required",428:"Precondition Required",429:"Too Many Requests",431:"Request Header Fields Too Large",451:"Unavailable For Legal Reasons",500:"Internal Server Error",501:"Not Implemented",502:"Bad Gateway",503:"Service Unavailable",504:"Gateway Timeout",505:"HTTP Version Not Supported",506:"Variant Also Negotiates",507:"Insufficient Storage",508:"Loop Detected",509:"Bandwidth Limit Exceeded",510:"Not Extended",511:"Network Authentication Required"}},1924:(e,t,r)=>{"use strict";var n=r(210),o=r(5559),i=o(n("String.prototype.indexOf"));e.exports=function(e,t){var r=n(e,!!t);return"function"==typeof r&&i(e,".prototype.")>-1?o(r):r}},5559:(e,t,r)=>{"use strict";var n=r(8612),o=r(210),i=r(7771),a=o("%TypeError%"),s=o("%Function.prototype.apply%"),u=o("%Function.prototype.call%"),c=o("%Reflect.apply%",!0)||n.call(u,s),l=o("%Object.defineProperty%",!0),f=o("%Math.max%");if(l)try{l({},"a",{value:1})}catch(e){l=null}e.exports=function(e){if("function"!=typeof e)throw new a("a function is required");var t=c(n,u,arguments);return i(t,1+f(0,e.length-(arguments.length-1)),!0)};var p=function(){return c(n,s,arguments)};l?l(e.exports,"apply",{value:p}):e.exports.apply=p},2296:(e,t,r)=>{"use strict";var n=r(1044)(),o=r(210),i=n&&o("%Object.defineProperty%",!0);if(i)try{i({},"a",{value:1})}catch(e){i=!1}var a=o("%SyntaxError%"),s=o("%TypeError%"),u=r(7296);e.exports=function(e,t,r){if(!e||"object"!=typeof e&&"function"!=typeof e)throw new s("`obj` must be an object or a function`");if("string"!=typeof t&&"symbol"!=typeof t)throw new s("`property` must be a string or a symbol`");if(arguments.length>3&&"boolean"!=typeof arguments[3]&&null!==arguments[3])throw new s("`nonEnumerable`, if provided, must be a boolean or null");if(arguments.length>4&&"boolean"!=typeof arguments[4]&&null!==arguments[4])throw new s("`nonWritable`, if provided, must be a boolean or null");if(arguments.length>5&&"boolean"!=typeof arguments[5]&&null!==arguments[5])throw new s("`nonConfigurable`, if provided, must be a boolean or null");if(arguments.length>6&&"boolean"!=typeof arguments[6])throw new s("`loose`, if provided, must be a boolean");var n=arguments.length>3?arguments[3]:null,o=arguments.length>4?arguments[4]:null,c=arguments.length>5?arguments[5]:null,l=arguments.length>6&&arguments[6],f=!!u&&u(e,t);if(i)i(e,t,{configurable:null===c&&f?f.configurable:!c,enumerable:null===n&&f?f.enumerable:!n,value:r,writable:null===o&&f?f.writable:!o});else{if(!l&&(n||o||c))throw new a("This environment does not support defining a property as non-configurable, non-writable, or non-enumerable.");e[t]=r}}},7187:e=>{"use strict";var t,r="object"==typeof Reflect?Reflect:null,n=r&&"function"==typeof r.apply?r.apply:function(e,t,r){return Function.prototype.apply.call(e,t,r)};t=r&&"function"==typeof r.ownKeys?r.ownKeys:Object.getOwnPropertySymbols?function(e){return Object.getOwnPropertyNames(e).concat(Object.getOwnPropertySymbols(e))}:function(e){return Object.getOwnPropertyNames(e)};var o=Number.isNaN||function(e){return e!=e};function i(){i.init.call(this)}e.exports=i,e.exports.once=function(e,t){return new Promise((function(r,n){function o(r){e.removeListener(t,i),n(r)}function i(){"function"==typeof e.removeListener&&e.removeListener("error",o),r([].slice.call(arguments))}y(e,t,i,{once:!0}),"error"!==t&&function(e,t,r){"function"==typeof e.on&&y(e,"error",t,r)}(e,o,{once:!0})}))},i.EventEmitter=i,i.prototype._events=void 0,i.prototype._eventsCount=0,i.prototype._maxListeners=void 0;var a=10;function s(e){if("function"!=typeof e)throw new TypeError('The "listener" argument must be of type Function. Received type '+typeof e)}function u(e){return void 0===e._maxListeners?i.defaultMaxListeners:e._maxListeners}function c(e,t,r,n){var o,i,a,c;if(s(r),void 0===(i=e._events)?(i=e._events=Object.create(null),e._eventsCount=0):(void 0!==i.newListener&&(e.emit("newListener",t,r.listener?r.listener:r),i=e._events),a=i[t]),void 0===a)a=i[t]=r,++e._eventsCount;else if("function"==typeof a?a=i[t]=n?[r,a]:[a,r]:n?a.unshift(r):a.push(r),(o=u(e))>0&&a.length>o&&!a.warned){a.warned=!0;var l=new Error("Possible EventEmitter memory leak detected. "+a.length+" "+String(t)+" listeners added. Use emitter.setMaxListeners() to increase limit");l.name="MaxListenersExceededWarning",l.emitter=e,l.type=t,l.count=a.length,c=l,console&&console.warn&&console.warn(c)}return e}function l(){if(!this.fired)return this.target.removeListener(this.type,this.wrapFn),this.fired=!0,0===arguments.length?this.listener.call(this.target):this.listener.apply(this.target,arguments)}function f(e,t,r){var n={fired:!1,wrapFn:void 0,target:e,type:t,listener:r},o=l.bind(n);return o.listener=r,n.wrapFn=o,o}function p(e,t,r){var n=e._events;if(void 0===n)return[];var o=n[t];return void 0===o?[]:"function"==typeof o?r?[o.listener||o]:[o]:r?function(e){for(var t=new Array(e.length),r=0;r<t.length;++r)t[r]=e[r].listener||e[r];return t}(o):h(o,o.length)}function d(e){var t=this._events;if(void 0!==t){var r=t[e];if("function"==typeof r)return 1;if(void 0!==r)return r.length}return 0}function h(e,t){for(var r=new Array(t),n=0;n<t;++n)r[n]=e[n];return r}function y(e,t,r,n){if("function"==typeof e.on)n.once?e.once(t,r):e.on(t,r);else{if("function"!=typeof e.addEventListener)throw new TypeError('The "emitter" argument must be of type EventEmitter. Received type '+typeof e);e.addEventListener(t,(function o(i){n.once&&e.removeEventListener(t,o),r(i)}))}}Object.defineProperty(i,"defaultMaxListeners",{enumerable:!0,get:function(){return a},set:function(e){if("number"!=typeof e||e<0||o(e))throw new RangeError('The value of "defaultMaxListeners" is out of range. It must be a non-negative number. Received '+e+".");a=e}}),i.init=function(){void 0!==this._events&&this._events!==Object.getPrototypeOf(this)._events||(this._events=Object.create(null),this._eventsCount=0),this._maxListeners=this._maxListeners||void 0},i.prototype.setMaxListeners=function(e){if("number"!=typeof e||e<0||o(e))throw new RangeError('The value of "n" is out of range. It must be a non-negative number. Received '+e+".");return this._maxListeners=e,this},i.prototype.getMaxListeners=function(){return u(this)},i.prototype.emit=function(e){for(var t=[],r=1;r<arguments.length;r++)t.push(arguments[r]);var o="error"===e,i=this._events;if(void 0!==i)o=o&&void 0===i.error;else if(!o)return!1;if(o){var a;if(t.length>0&&(a=t[0]),a instanceof Error)throw a;var s=new Error("Unhandled error."+(a?" ("+a.message+")":""));throw s.context=a,s}var u=i[e];if(void 0===u)return!1;if("function"==typeof u)n(u,this,t);else{var c=u.length,l=h(u,c);for(r=0;r<c;++r)n(l[r],this,t)}return!0},i.prototype.addListener=function(e,t){return c(this,e,t,!1)},i.prototype.on=i.prototype.addListener,i.prototype.prependListener=function(e,t){return c(this,e,t,!0)},i.prototype.once=function(e,t){return s(t),this.on(e,f(this,e,t)),this},i.prototype.prependOnceListener=function(e,t){return s(t),this.prependListener(e,f(this,e,t)),this},i.prototype.removeListener=function(e,t){var r,n,o,i,a;if(s(t),void 0===(n=this._events))return this;if(void 0===(r=n[e]))return this;if(r===t||r.listener===t)0==--this._eventsCount?this._events=Object.create(null):(delete n[e],n.removeListener&&this.emit("removeListener",e,r.listener||t));else if("function"!=typeof r){for(o=-1,i=r.length-1;i>=0;i--)if(r[i]===t||r[i].listener===t){a=r[i].listener,o=i;break}if(o<0)return this;0===o?r.shift():function(e,t){for(;t+1<e.length;t++)e[t]=e[t+1];e.pop()}(r,o),1===r.length&&(n[e]=r[0]),void 0!==n.removeListener&&this.emit("removeListener",e,a||t)}return this},i.prototype.off=i.prototype.removeListener,i.prototype.removeAllListeners=function(e){var t,r,n;if(void 0===(r=this._events))return this;if(void 0===r.removeListener)return 0===arguments.length?(this._events=Object.create(null),this._eventsCount=0):void 0!==r[e]&&(0==--this._eventsCount?this._events=Object.create(null):delete r[e]),this;if(0===arguments.length){var o,i=Object.keys(r);for(n=0;n<i.length;++n)"removeListener"!==(o=i[n])&&this.removeAllListeners(o);return this.removeAllListeners("removeListener"),this._events=Object.create(null),this._eventsCount=0,this}if("function"==typeof(t=r[e]))this.removeListener(e,t);else if(void 0!==t)for(n=t.length-1;n>=0;n--)this.removeListener(e,t[n]);return this},i.prototype.listeners=function(e){return p(this,e,!0)},i.prototype.rawListeners=function(e){return p(this,e,!1)},i.listenerCount=function(e,t){return"function"==typeof e.listenerCount?e.listenerCount(t):d.call(e,t)},i.prototype.listenerCount=d,i.prototype.eventNames=function(){return this._eventsCount>0?t(this._events):[]}},8751:(e,t,r)=>{var n=r(8764).Buffer,o=r(8575).parse,i=r(7187),a=r(9267),s=r(8501),u=r(9539),c=["pfx","key","passphrase","cert","ca","ciphers","rejectUnauthorized","secureProtocol","servername","checkServerIdentity"],l=[239,187,191],f=262144,p=/^(cookie|authorization)$/i;function d(e,t){var r=d.CONNECTING,i=t&&t.headers,u=!1;Object.defineProperty(this,"readyState",{get:function(){return r}}),Object.defineProperty(this,"url",{get:function(){return e}});var m,v=this;function g(t){r!==d.CLOSED&&(r=d.CONNECTING,k("error",new h("error",{message:t})),E&&(e=E,E=null,u=!1),setTimeout((function(){r!==d.CONNECTING||v.connectionInProgress||(v.connectionInProgress=!0,T())}),v.reconnectInterval))}v.reconnectInterval=1e3,v.connectionInProgress=!1;var b="";i&&i["Last-Event-ID"]&&(b=i["Last-Event-ID"],delete i["Last-Event-ID"]);var w=!1,S="",_="",E=null;function T(){var y=o(e),S="https:"===y.protocol;if(y.headers={"Cache-Control":"no-cache",Accept:"text/event-stream"},b&&(y.headers["Last-Event-ID"]=b),i){var _=u?function(e){var t={};for(var r in e)p.test(r)||(t[r]=e[r]);return t}(i):i;for(var A in _){var x=_[A];x&&(y.headers[A]=x)}}if(y.rejectUnauthorized=!(t&&!t.rejectUnauthorized),t&&void 0!==t.createConnection&&(y.createConnection=t.createConnection),t&&t.proxy){var P=o(t.proxy);S="https:"===P.protocol,y.protocol=S?"https:":"http:",y.path=e,y.headers.Host=y.host,y.hostname=P.hostname,y.host=P.host,y.port=P.port}if(t&&t.https)for(var R in t.https)if(-1!==c.indexOf(R)){var I=t.https[R];void 0!==I&&(y[R]=I)}t&&void 0!==t.withCredentials&&(y.withCredentials=t.withCredentials),m=(S?a:s).request(y,(function(t){if(v.connectionInProgress=!1,500===t.statusCode||502===t.statusCode||503===t.statusCode||504===t.statusCode)return k("error",new h("error",{status:t.statusCode,message:t.statusMessage})),void g();if(301===t.statusCode||302===t.statusCode||307===t.statusCode){var o=t.headers.location;if(!o)return void k("error",new h("error",{status:t.statusCode,message:t.statusMessage}));var i=new URL(e).origin,a=new URL(o).origin;return u=i!==a,307===t.statusCode&&(E=e),e=o,void process.nextTick(T)}if(200!==t.statusCode)return k("error",new h("error",{status:t.statusCode,message:t.statusMessage})),v.close();var s,c;r=d.OPEN,t.on("close",(function(){t.removeAllListeners("close"),t.removeAllListeners("end"),g()})),t.on("end",(function(){t.removeAllListeners("close"),t.removeAllListeners("end"),g()})),k("open",new h("open"));var p=0,y=-1,m=0,b=0;t.on("data",(function(e){s?(e.length>s.length-b&&((m=2*s.length+e.length)>f&&(m=s.length+e.length+f),c=n.alloc(m),s.copy(c,0,0,b),s=c),e.copy(s,b),b+=e.length):(function(e){return l.every((function(t,r){return e[r]===t}))}(s=e)&&(s=s.slice(l.length)),b=s.length);for(var t=0,r=b;t<r;){w&&(10===s[t]&&++t,w=!1);for(var o,i=-1,a=y,u=p;i<0&&u<r;++u)58===(o=s[u])?a<0&&(a=u-t):13===o?(w=!0,i=u-t):10===o&&(i=u-t);if(i<0){p=r-t,y=a;break}p=0,y=-1,O(s,t,a,i),t+=i+1}t===r?(s=void 0,b=0):t>0&&(s=s.slice(t,b),b=s.length)}))})),m.on("error",(function(e){v.connectionInProgress=!1,g(e.message)})),m.setNoDelay&&m.setNoDelay(!0),m.end()}function k(){v.listeners(arguments[0]).length>0&&v.emit.apply(v,arguments)}function O(t,r,n,o){if(0===o){if(S.length>0){var i=_||"message";k(i,new y(i,{data:S.slice(0,-1),lastEventId:b,origin:new URL(e).origin})),S=""}_=void 0}else if(n>0){var a=n<0,s=0,u=t.slice(r,r+(a?o:n)).toString();r+=s=a?o:32!==t[r+n+1]?n+1:n+2;var c=o-s,l=t.slice(r,r+c).toString();if("data"===u)S+=l+"\n";else if("event"===u)_=l;else if("id"===u)b=l;else if("retry"===u){var f=parseInt(l,10);Number.isNaN(f)||(v.reconnectInterval=f)}}}T(),this._close=function(){r!==d.CLOSED&&(r=d.CLOSED,m.abort&&m.abort(),m.xhr&&m.xhr.abort&&m.xhr.abort())}}function h(e,t){if(Object.defineProperty(this,"type",{writable:!1,value:e,enumerable:!0}),t)for(var r in t)t.hasOwnProperty(r)&&Object.defineProperty(this,r,{writable:!1,value:t[r],enumerable:!0})}function y(e,t){for(var r in Object.defineProperty(this,"type",{writable:!1,value:e,enumerable:!0}),t)t.hasOwnProperty(r)&&Object.defineProperty(this,r,{writable:!1,value:t[r],enumerable:!0})}e.exports=d,u.inherits(d,i.EventEmitter),d.prototype.constructor=d,["open","error","message"].forEach((function(e){Object.defineProperty(d.prototype,"on"+e,{get:function(){var t=this.listeners(e)[0];return t?t._listener?t._listener:t:void 0},set:function(t){this.removeAllListeners(e),this.addEventListener(e,t)}})})),Object.defineProperty(d,"CONNECTING",{enumerable:!0,value:0}),Object.defineProperty(d,"OPEN",{enumerable:!0,value:1}),Object.defineProperty(d,"CLOSED",{enumerable:!0,value:2}),d.prototype.CONNECTING=0,d.prototype.OPEN=1,d.prototype.CLOSED=2,d.prototype.close=function(){this._close()},d.prototype.addEventListener=function(e,t){"function"==typeof t&&(t._listener=t,this.on(e,t))},d.prototype.dispatchEvent=function(e){if(!e.type)throw new Error("UNSPECIFIED_EVENT_TYPE_ERR");this.emit(e.type,e.detail)},d.prototype.removeEventListener=function(e,t){"function"==typeof t&&(t._listener=void 0,this.removeListener(e,t))}},4029:(e,t,r)=>{"use strict";var n=r(5320),o=Object.prototype.toString,i=Object.prototype.hasOwnProperty;e.exports=function(e,t,r){if(!n(t))throw new TypeError("iterator must be a function");var a;arguments.length>=3&&(a=r),"[object Array]"===o.call(e)?function(e,t,r){for(var n=0,o=e.length;n<o;n++)i.call(e,n)&&(null==r?t(e[n],n,e):t.call(r,e[n],n,e))}(e,t,a):"string"==typeof e?function(e,t,r){for(var n=0,o=e.length;n<o;n++)null==r?t(e.charAt(n),n,e):t.call(r,e.charAt(n),n,e)}(e,t,a):function(e,t,r){for(var n in e)i.call(e,n)&&(null==r?t(e[n],n,e):t.call(r,e[n],n,e))}(e,t,a)}},7648:e=>{"use strict";var t=Object.prototype.toString,r=Math.max,n=function(e,t){for(var r=[],n=0;n<e.length;n+=1)r[n]=e[n];for(var o=0;o<t.length;o+=1)r[o+e.length]=t[o];return r};e.exports=function(e){var o=this;if("function"!=typeof o||"[object Function]"!==t.apply(o))throw new TypeError("Function.prototype.bind called on incompatible "+o);for(var i,a=function(e,t){for(var r=[],n=t||0,o=0;n<e.length;n+=1,o+=1)r[o]=e[n];return r}(arguments,1),s=r(0,o.length-a.length),u=[],c=0;c<s;c++)u[c]="$"+c;if(i=Function("binder","return function ("+function(e,t){for(var r="",n=0;n<e.length;n+=1)r+=e[n],n+1<e.length&&(r+=t);return r}(u,",")+"){ return binder.apply(this,arguments); }")((function(){if(this instanceof i){var t=o.apply(this,n(a,arguments));return Object(t)===t?t:this}return o.apply(e,n(a,arguments))})),o.prototype){var l=function(){};l.prototype=o.prototype,i.prototype=new l,l.prototype=null}return i}},8612:(e,t,r)=>{"use strict";var n=r(7648);e.exports=Function.prototype.bind||n},210:(e,t,r)=>{"use strict";var n,o=SyntaxError,i=Function,a=TypeError,s=function(e){try{return i('"use strict"; return ('+e+").constructor;")()}catch(e){}},u=Object.getOwnPropertyDescriptor;if(u)try{u({},"")}catch(e){u=null}var c=function(){throw new a},l=u?function(){try{return c}catch(e){try{return u(arguments,"callee").get}catch(e){return c}}}():c,f=r(1405)(),p=r(8185)(),d=Object.getPrototypeOf||(p?function(e){return e.__proto__}:null),h={},y="undefined"!=typeof Uint8Array&&d?d(Uint8Array):n,m={"%AggregateError%":"undefined"==typeof AggregateError?n:AggregateError,"%Array%":Array,"%ArrayBuffer%":"undefined"==typeof ArrayBuffer?n:ArrayBuffer,"%ArrayIteratorPrototype%":f&&d?d([][Symbol.iterator]()):n,"%AsyncFromSyncIteratorPrototype%":n,"%AsyncFunction%":h,"%AsyncGenerator%":h,"%AsyncGeneratorFunction%":h,"%AsyncIteratorPrototype%":h,"%Atomics%":"undefined"==typeof Atomics?n:Atomics,"%BigInt%":"undefined"==typeof BigInt?n:BigInt,"%BigInt64Array%":"undefined"==typeof BigInt64Array?n:BigInt64Array,"%BigUint64Array%":"undefined"==typeof BigUint64Array?n:BigUint64Array,"%Boolean%":Boolean,"%DataView%":"undefined"==typeof DataView?n:DataView,"%Date%":Date,"%decodeURI%":decodeURI,"%decodeURIComponent%":decodeURIComponent,"%encodeURI%":encodeURI,"%encodeURIComponent%":encodeURIComponent,"%Error%":Error,"%eval%":eval,"%EvalError%":EvalError,"%Float32Array%":"undefined"==typeof Float32Array?n:Float32Array,"%Float64Array%":"undefined"==typeof Float64Array?n:Float64Array,"%FinalizationRegistry%":"undefined"==typeof FinalizationRegistry?n:FinalizationRegistry,"%Function%":i,"%GeneratorFunction%":h,"%Int8Array%":"undefined"==typeof Int8Array?n:Int8Array,"%Int16Array%":"undefined"==typeof Int16Array?n:Int16Array,"%Int32Array%":"undefined"==typeof Int32Array?n:Int32Array,"%isFinite%":isFinite,"%isNaN%":isNaN,"%IteratorPrototype%":f&&d?d(d([][Symbol.iterator]())):n,"%JSON%":"object"==typeof JSON?JSON:n,"%Map%":"undefined"==typeof Map?n:Map,"%MapIteratorPrototype%":"undefined"!=typeof Map&&f&&d?d((new Map)[Symbol.iterator]()):n,"%Math%":Math,"%Number%":Number,"%Object%":Object,"%parseFloat%":parseFloat,"%parseInt%":parseInt,"%Promise%":"undefined"==typeof Promise?n:Promise,"%Proxy%":"undefined"==typeof Proxy?n:Proxy,"%RangeError%":RangeError,"%ReferenceError%":ReferenceError,"%Reflect%":"undefined"==typeof Reflect?n:Reflect,"%RegExp%":RegExp,"%Set%":"undefined"==typeof Set?n:Set,"%SetIteratorPrototype%":"undefined"!=typeof Set&&f&&d?d((new Set)[Symbol.iterator]()):n,"%SharedArrayBuffer%":"undefined"==typeof SharedArrayBuffer?n:SharedArrayBuffer,"%String%":String,"%StringIteratorPrototype%":f&&d?d(""[Symbol.iterator]()):n,"%Symbol%":f?Symbol:n,"%SyntaxError%":o,"%ThrowTypeError%":l,"%TypedArray%":y,"%TypeError%":a,"%Uint8Array%":"undefined"==typeof Uint8Array?n:Uint8Array,"%Uint8ClampedArray%":"undefined"==typeof Uint8ClampedArray?n:Uint8ClampedArray,"%Uint16Array%":"undefined"==typeof Uint16Array?n:Uint16Array,"%Uint32Array%":"undefined"==typeof Uint32Array?n:Uint32Array,"%URIError%":URIError,"%WeakMap%":"undefined"==typeof WeakMap?n:WeakMap,"%WeakRef%":"undefined"==typeof WeakRef?n:WeakRef,"%WeakSet%":"undefined"==typeof WeakSet?n:WeakSet};if(d)try{null.error}catch(e){var v=d(d(e));m["%Error.prototype%"]=v}var g=function e(t){var r;if("%AsyncFunction%"===t)r=s("async function () {}");else if("%GeneratorFunction%"===t)r=s("function* () {}");else if("%AsyncGeneratorFunction%"===t)r=s("async function* () {}");else if("%AsyncGenerator%"===t){var n=e("%AsyncGeneratorFunction%");n&&(r=n.prototype)}else if("%AsyncIteratorPrototype%"===t){var o=e("%AsyncGenerator%");o&&d&&(r=d(o.prototype))}return m[t]=r,r},b={"%ArrayBufferPrototype%":["ArrayBuffer","prototype"],"%ArrayPrototype%":["Array","prototype"],"%ArrayProto_entries%":["Array","prototype","entries"],"%ArrayProto_forEach%":["Array","prototype","forEach"],"%ArrayProto_keys%":["Array","prototype","keys"],"%ArrayProto_values%":["Array","prototype","values"],"%AsyncFunctionPrototype%":["AsyncFunction","prototype"],"%AsyncGenerator%":["AsyncGeneratorFunction","prototype"],"%AsyncGeneratorPrototype%":["AsyncGeneratorFunction","prototype","prototype"],"%BooleanPrototype%":["Boolean","prototype"],"%DataViewPrototype%":["DataView","prototype"],"%DatePrototype%":["Date","prototype"],"%ErrorPrototype%":["Error","prototype"],"%EvalErrorPrototype%":["EvalError","prototype"],"%Float32ArrayPrototype%":["Float32Array","prototype"],"%Float64ArrayPrototype%":["Float64Array","prototype"],"%FunctionPrototype%":["Function","prototype"],"%Generator%":["GeneratorFunction","prototype"],"%GeneratorPrototype%":["GeneratorFunction","prototype","prototype"],"%Int8ArrayPrototype%":["Int8Array","prototype"],"%Int16ArrayPrototype%":["Int16Array","prototype"],"%Int32ArrayPrototype%":["Int32Array","prototype"],"%JSONParse%":["JSON","parse"],"%JSONStringify%":["JSON","stringify"],"%MapPrototype%":["Map","prototype"],"%NumberPrototype%":["Number","prototype"],"%ObjectPrototype%":["Object","prototype"],"%ObjProto_toString%":["Object","prototype","toString"],"%ObjProto_valueOf%":["Object","prototype","valueOf"],"%PromisePrototype%":["Promise","prototype"],"%PromiseProto_then%":["Promise","prototype","then"],"%Promise_all%":["Promise","all"],"%Promise_reject%":["Promise","reject"],"%Promise_resolve%":["Promise","resolve"],"%RangeErrorPrototype%":["RangeError","prototype"],"%ReferenceErrorPrototype%":["ReferenceError","prototype"],"%RegExpPrototype%":["RegExp","prototype"],"%SetPrototype%":["Set","prototype"],"%SharedArrayBufferPrototype%":["SharedArrayBuffer","prototype"],"%StringPrototype%":["String","prototype"],"%SymbolPrototype%":["Symbol","prototype"],"%SyntaxErrorPrototype%":["SyntaxError","prototype"],"%TypedArrayPrototype%":["TypedArray","prototype"],"%TypeErrorPrototype%":["TypeError","prototype"],"%Uint8ArrayPrototype%":["Uint8Array","prototype"],"%Uint8ClampedArrayPrototype%":["Uint8ClampedArray","prototype"],"%Uint16ArrayPrototype%":["Uint16Array","prototype"],"%Uint32ArrayPrototype%":["Uint32Array","prototype"],"%URIErrorPrototype%":["URIError","prototype"],"%WeakMapPrototype%":["WeakMap","prototype"],"%WeakSetPrototype%":["WeakSet","prototype"]},w=r(8612),S=r(8824),_=w.call(Function.call,Array.prototype.concat),E=w.call(Function.apply,Array.prototype.splice),T=w.call(Function.call,String.prototype.replace),k=w.call(Function.call,String.prototype.slice),O=w.call(Function.call,RegExp.prototype.exec),A=/[^%.[\]]+|\[(?:(-?\d+(?:\.\d+)?)|(["'])((?:(?!\2)[^\\]|\\.)*?)\2)\]|(?=(?:\.|\[\])(?:\.|\[\]|%$))/g,x=/\\(\\)?/g,P=function(e,t){var r,n=e;if(S(b,n)&&(n="%"+(r=b[n])[0]+"%"),S(m,n)){var i=m[n];if(i===h&&(i=g(n)),void 0===i&&!t)throw new a("intrinsic "+e+" exists, but is not available. Please file an issue!");return{alias:r,name:n,value:i}}throw new o("intrinsic "+e+" does not exist!")};e.exports=function(e,t){if("string"!=typeof e||0===e.length)throw new a("intrinsic name must be a non-empty string");if(arguments.length>1&&"boolean"!=typeof t)throw new a('"allowMissing" argument must be a boolean');if(null===O(/^%?[^%]*%?$/,e))throw new o("`%` may not be present anywhere but at the beginning and end of the intrinsic name");var r=function(e){var t=k(e,0,1),r=k(e,-1);if("%"===t&&"%"!==r)throw new o("invalid intrinsic syntax, expected closing `%`");if("%"===r&&"%"!==t)throw new o("invalid intrinsic syntax, expected opening `%`");var n=[];return T(e,A,(function(e,t,r,o){n[n.length]=r?T(o,x,"$1"):t||e})),n}(e),n=r.length>0?r[0]:"",i=P("%"+n+"%",t),s=i.name,c=i.value,l=!1,f=i.alias;f&&(n=f[0],E(r,_([0,1],f)));for(var p=1,d=!0;p<r.length;p+=1){var h=r[p],y=k(h,0,1),v=k(h,-1);if(('"'===y||"'"===y||"`"===y||'"'===v||"'"===v||"`"===v)&&y!==v)throw new o("property names with quotes must have matching quotes");if("constructor"!==h&&d||(l=!0),S(m,s="%"+(n+="."+h)+"%"))c=m[s];else if(null!=c){if(!(h in c)){if(!t)throw new a("base intrinsic for "+e+" exists, but the property is not available.");return}if(u&&p+1>=r.length){var g=u(c,h);c=(d=!!g)&&"get"in g&&!("originalValue"in g.get)?g.get:c[h]}else d=S(c,h),c=c[h];d&&!l&&(m[s]=c)}}return c}},7296:(e,t,r)=>{"use strict";var n=r(210)("%Object.getOwnPropertyDescriptor%",!0);if(n)try{n([],"length")}catch(e){n=null}e.exports=n},1044:(e,t,r)=>{"use strict";var n=r(210)("%Object.defineProperty%",!0),o=function(){if(n)try{return n({},"a",{value:1}),!0}catch(e){return!1}return!1};o.hasArrayLengthDefineBug=function(){if(!o())return null;try{return 1!==n([],"length",{value:1}).length}catch(e){return!0}},e.exports=o},8185:e=>{"use strict";var t={foo:{}},r=Object;e.exports=function(){return{__proto__:t}.foo===t.foo&&!({__proto__:null}instanceof r)}},1405:(e,t,r)=>{"use strict";var n="undefined"!=typeof Symbol&&Symbol,o=r(5419);e.exports=function(){return"function"==typeof n&&("function"==typeof Symbol&&("symbol"==typeof n("foo")&&("symbol"==typeof Symbol("bar")&&o())))}},5419:e=>{"use strict";e.exports=function(){if("function"!=typeof Symbol||"function"!=typeof Object.getOwnPropertySymbols)return!1;if("symbol"==typeof Symbol.iterator)return!0;var e={},t=Symbol("test"),r=Object(t);if("string"==typeof t)return!1;if("[object Symbol]"!==Object.prototype.toString.call(t))return!1;if("[object Symbol]"!==Object.prototype.toString.call(r))return!1;for(t in e[t]=42,e)return!1;if("function"==typeof Object.keys&&0!==Object.keys(e).length)return!1;if("function"==typeof Object.getOwnPropertyNames&&0!==Object.getOwnPropertyNames(e).length)return!1;var n=Object.getOwnPropertySymbols(e);if(1!==n.length||n[0]!==t)return!1;if(!Object.prototype.propertyIsEnumerable.call(e,t))return!1;if("function"==typeof Object.getOwnPropertyDescriptor){var o=Object.getOwnPropertyDescriptor(e,t);if(42!==o.value||!0!==o.enumerable)return!1}return!0}},6410:(e,t,r)=>{"use strict";var n=r(5419);e.exports=function(){return n()&&!!Symbol.toStringTag}},8824:(e,t,r)=>{"use strict";var n=Function.prototype.call,o=Object.prototype.hasOwnProperty,i=r(8612);e.exports=i.call(n,o)},9267:(e,t,r)=>{var n=r(8501),o=r(8575),i=e.exports;for(var a in n)n.hasOwnProperty(a)&&(i[a]=n[a]);function s(e){if("string"==typeof e&&(e=o.parse(e)),e.protocol||(e.protocol="https:"),"https:"!==e.protocol)throw new Error('Protocol "'+e.protocol+'" not supported. Expected "https:"');return e}i.request=function(e,t){return e=s(e),n.request.call(this,e,t)},i.get=function(e,t){return e=s(e),n.get.call(this,e,t)}},645:(e,t)=>{t.read=function(e,t,r,n,o){var i,a,s=8*o-n-1,u=(1<<s)-1,c=u>>1,l=-7,f=r?o-1:0,p=r?-1:1,d=e[t+f];for(f+=p,i=d&(1<<-l)-1,d>>=-l,l+=s;l>0;i=256*i+e[t+f],f+=p,l-=8);for(a=i&(1<<-l)-1,i>>=-l,l+=n;l>0;a=256*a+e[t+f],f+=p,l-=8);if(0===i)i=1-c;else{if(i===u)return a?NaN:1/0*(d?-1:1);a+=Math.pow(2,n),i-=c}return(d?-1:1)*a*Math.pow(2,i-n)},t.write=function(e,t,r,n,o,i){var a,s,u,c=8*i-o-1,l=(1<<c)-1,f=l>>1,p=23===o?Math.pow(2,-24)-Math.pow(2,-77):0,d=n?0:i-1,h=n?1:-1,y=t<0||0===t&&1/t<0?1:0;for(t=Math.abs(t),isNaN(t)||t===1/0?(s=isNaN(t)?1:0,a=l):(a=Math.floor(Math.log(t)/Math.LN2),t*(u=Math.pow(2,-a))<1&&(a--,u*=2),(t+=a+f>=1?p/u:p*Math.pow(2,1-f))*u>=2&&(a++,u/=2),a+f>=l?(s=0,a=l):a+f>=1?(s=(t*u-1)*Math.pow(2,o),a+=f):(s=t*Math.pow(2,f-1)*Math.pow(2,o),a=0));o>=8;e[r+d]=255&s,d+=h,s/=256,o-=8);for(a=a<<o|s,c+=o;c>0;e[r+d]=255&a,d+=h,a/=256,c-=8);e[r+d-h]|=128*y}},5717:e=>{"function"==typeof Object.create?e.exports=function(e,t){t&&(e.super_=t,e.prototype=Object.create(t.prototype,{constructor:{value:e,enumerable:!1,writable:!0,configurable:!0}}))}:e.exports=function(e,t){if(t){e.super_=t;var r=function(){};r.prototype=t.prototype,e.prototype=new r,e.prototype.constructor=e}}},2584:(e,t,r)=>{"use strict";var n=r(6410)(),o=r(1924)("Object.prototype.toString"),i=function(e){return!(n&&e&&"object"==typeof e&&Symbol.toStringTag in e)&&"[object Arguments]"===o(e)},a=function(e){return!!i(e)||null!==e&&"object"==typeof e&&"number"==typeof e.length&&e.length>=0&&"[object Array]"!==o(e)&&"[object Function]"===o(e.callee)},s=function(){return i(arguments)}();i.isLegacyArguments=a,e.exports=s?i:a},5320:e=>{"use strict";var t,r,n=Function.prototype.toString,o="object"==typeof Reflect&&null!==Reflect&&Reflect.apply;if("function"==typeof o&&"function"==typeof Object.defineProperty)try{t=Object.defineProperty({},"length",{get:function(){throw r}}),r={},o((function(){throw 42}),null,t)}catch(e){e!==r&&(o=null)}else o=null;var i=/^\s*class\b/,a=function(e){try{var t=n.call(e);return i.test(t)}catch(e){return!1}},s=function(e){try{return!a(e)&&(n.call(e),!0)}catch(e){return!1}},u=Object.prototype.toString,c="function"==typeof Symbol&&!!Symbol.toStringTag,l=!(0 in[,]),f=function(){return!1};if("object"==typeof document){var p=document.all;u.call(p)===u.call(document.all)&&(f=function(e){if((l||!e)&&(void 0===e||"object"==typeof e))try{var t=u.call(e);return("[object HTMLAllCollection]"===t||"[object HTML document.all class]"===t||"[object HTMLCollection]"===t||"[object Object]"===t)&&null==e("")}catch(e){}return!1})}e.exports=o?function(e){if(f(e))return!0;if(!e)return!1;if("function"!=typeof e&&"object"!=typeof e)return!1;try{o(e,null,t)}catch(e){if(e!==r)return!1}return!a(e)&&s(e)}:function(e){if(f(e))return!0;if(!e)return!1;if("function"!=typeof e&&"object"!=typeof e)return!1;if(c)return s(e);if(a(e))return!1;var t=u.call(e);return!("[object Function]"!==t&&"[object GeneratorFunction]"!==t&&!/^\[object HTML/.test(t))&&s(e)}},8662:(e,t,r)=>{"use strict";var n,o=Object.prototype.toString,i=Function.prototype.toString,a=/^\s*(?:function)?\*/,s=r(6410)(),u=Object.getPrototypeOf;e.exports=function(e){if("function"!=typeof e)return!1;if(a.test(i.call(e)))return!0;if(!s)return"[object GeneratorFunction]"===o.call(e);if(!u)return!1;if(void 0===n){var t=function(){if(!s)return!1;try{return Function("return function*() {}")()}catch(e){}}();n=!!t&&u(t)}return u(e)===n}},5692:(e,t,r)=>{"use strict";var n=r(6430);e.exports=function(e){return!!n(e)}},631:(e,t,r)=>{var n="function"==typeof Map&&Map.prototype,o=Object.getOwnPropertyDescriptor&&n?Object.getOwnPropertyDescriptor(Map.prototype,"size"):null,i=n&&o&&"function"==typeof o.get?o.get:null,a=n&&Map.prototype.forEach,s="function"==typeof Set&&Set.prototype,u=Object.getOwnPropertyDescriptor&&s?Object.getOwnPropertyDescriptor(Set.prototype,"size"):null,c=s&&u&&"function"==typeof u.get?u.get:null,l=s&&Set.prototype.forEach,f="function"==typeof WeakMap&&WeakMap.prototype?WeakMap.prototype.has:null,p="function"==typeof WeakSet&&WeakSet.prototype?WeakSet.prototype.has:null,d="function"==typeof WeakRef&&WeakRef.prototype?WeakRef.prototype.deref:null,h=Boolean.prototype.valueOf,y=Object.prototype.toString,m=Function.prototype.toString,v=String.prototype.match,g=String.prototype.slice,b=String.prototype.replace,w=String.prototype.toUpperCase,S=String.prototype.toLowerCase,_=RegExp.prototype.test,E=Array.prototype.concat,T=Array.prototype.join,k=Array.prototype.slice,O=Math.floor,A="function"==typeof BigInt?BigInt.prototype.valueOf:null,x=Object.getOwnPropertySymbols,P="function"==typeof Symbol&&"symbol"==typeof Symbol.iterator?Symbol.prototype.toString:null,R="function"==typeof Symbol&&"object"==typeof Symbol.iterator,I="function"==typeof Symbol&&Symbol.toStringTag&&(typeof Symbol.toStringTag===R||"symbol")?Symbol.toStringTag:null,C=Object.prototype.propertyIsEnumerable,j=("function"==typeof Reflect?Reflect.getPrototypeOf:Object.getPrototypeOf)||([].__proto__===Array.prototype?function(e){return e.__proto__}:null);function B(e,t){if(e===1/0||e===-1/0||e!=e||e&&e>-1e3&&e<1e3||_.call(/e/,t))return t;var r=/[0-9](?=(?:[0-9]{3})+(?![0-9]))/g;if("number"==typeof e){var n=e<0?-O(-e):O(e);if(n!==e){var o=String(n),i=g.call(t,o.length+1);return b.call(o,r,"$&_")+"."+b.call(b.call(i,/([0-9]{3})/g,"$&_"),/_$/,"")}}return b.call(t,r,"$&_")}var L=r(4654),N=L.custom,U=q(N)?N:null;function M(e,t,r){var n="double"===(r.quoteStyle||t)?'"':"'";return n+e+n}function F(e){return b.call(String(e),/"/g,"&quot;")}function D(e){return!("[object Array]"!==z(e)||I&&"object"==typeof e&&I in e)}function V(e){return!("[object RegExp]"!==z(e)||I&&"object"==typeof e&&I in e)}function q(e){if(R)return e&&"object"==typeof e&&e instanceof Symbol;if("symbol"==typeof e)return!0;if(!e||"object"!=typeof e||!P)return!1;try{return P.call(e),!0}catch(e){}return!1}e.exports=function e(t,n,o,s){var u=n||{};if(H(u,"quoteStyle")&&"single"!==u.quoteStyle&&"double"!==u.quoteStyle)throw new TypeError('option "quoteStyle" must be "single" or "double"');if(H(u,"maxStringLength")&&("number"==typeof u.maxStringLength?u.maxStringLength<0&&u.maxStringLength!==1/0:null!==u.maxStringLength))throw new TypeError('option "maxStringLength", if provided, must be a positive integer, Infinity, or `null`');var y=!H(u,"customInspect")||u.customInspect;if("boolean"!=typeof y&&"symbol"!==y)throw new TypeError("option \"customInspect\", if provided, must be `true`, `false`, or `'symbol'`");if(H(u,"indent")&&null!==u.indent&&"\t"!==u.indent&&!(parseInt(u.indent,10)===u.indent&&u.indent>0))throw new TypeError('option "indent" must be "\\t", an integer > 0, or `null`');if(H(u,"numericSeparator")&&"boolean"!=typeof u.numericSeparator)throw new TypeError('option "numericSeparator", if provided, must be `true` or `false`');var w=u.numericSeparator;if(void 0===t)return"undefined";if(null===t)return"null";if("boolean"==typeof t)return t?"true":"false";if("string"==typeof t)return $(t,u);if("number"==typeof t){if(0===t)return 1/0/t>0?"0":"-0";var _=String(t);return w?B(t,_):_}if("bigint"==typeof t){var O=String(t)+"n";return w?B(t,O):O}var x=void 0===u.depth?5:u.depth;if(void 0===o&&(o=0),o>=x&&x>0&&"object"==typeof t)return D(t)?"[Array]":"[Object]";var N=function(e,t){var r;if("\t"===e.indent)r="\t";else{if(!("number"==typeof e.indent&&e.indent>0))return null;r=T.call(Array(e.indent+1)," ")}return{base:r,prev:T.call(Array(t+1),r)}}(u,o);if(void 0===s)s=[];else if(X(s,t)>=0)return"[Circular]";function K(t,r,n){if(r&&(s=k.call(s)).push(r),n){var i={depth:u.depth};return H(u,"quoteStyle")&&(i.quoteStyle=u.quoteStyle),e(t,i,o+1,s)}return e(t,u,o+1,s)}if("function"==typeof t&&!V(t)){var W=function(e){if(e.name)return e.name;var t=v.call(m.call(e),/^function\s*([\w$]+)/);if(t)return t[1];return null}(t),ee=Z(t,K);return"[Function"+(W?": "+W:" (anonymous)")+"]"+(ee.length>0?" { "+T.call(ee,", ")+" }":"")}if(q(t)){var te=R?b.call(String(t),/^(Symbol\(.*\))_[^)]*$/,"$1"):P.call(t);return"object"!=typeof t||R?te:G(te)}if(function(e){if(!e||"object"!=typeof e)return!1;if("undefined"!=typeof HTMLElement&&e instanceof HTMLElement)return!0;return"string"==typeof e.nodeName&&"function"==typeof e.getAttribute}(t)){for(var re="<"+S.call(String(t.nodeName)),ne=t.attributes||[],oe=0;oe<ne.length;oe++)re+=" "+ne[oe].name+"="+M(F(ne[oe].value),"double",u);return re+=">",t.childNodes&&t.childNodes.length&&(re+="..."),re+="</"+S.call(String(t.nodeName))+">"}if(D(t)){if(0===t.length)return"[]";var ie=Z(t,K);return N&&!function(e){for(var t=0;t<e.length;t++)if(X(e[t],"\n")>=0)return!1;return!0}(ie)?"["+J(ie,N)+"]":"[ "+T.call(ie,", ")+" ]"}if(function(e){return!("[object Error]"!==z(e)||I&&"object"==typeof e&&I in e)}(t)){var ae=Z(t,K);return"cause"in Error.prototype||!("cause"in t)||C.call(t,"cause")?0===ae.length?"["+String(t)+"]":"{ ["+String(t)+"] "+T.call(ae,", ")+" }":"{ ["+String(t)+"] "+T.call(E.call("[cause]: "+K(t.cause),ae),", ")+" }"}if("object"==typeof t&&y){if(U&&"function"==typeof t[U]&&L)return L(t,{depth:x-o});if("symbol"!==y&&"function"==typeof t.inspect)return t.inspect()}if(function(e){if(!i||!e||"object"!=typeof e)return!1;try{i.call(e);try{c.call(e)}catch(e){return!0}return e instanceof Map}catch(e){}return!1}(t)){var se=[];return a&&a.call(t,(function(e,r){se.push(K(r,t,!0)+" => "+K(e,t))})),Y("Map",i.call(t),se,N)}if(function(e){if(!c||!e||"object"!=typeof e)return!1;try{c.call(e);try{i.call(e)}catch(e){return!0}return e instanceof Set}catch(e){}return!1}(t)){var ue=[];return l&&l.call(t,(function(e){ue.push(K(e,t))})),Y("Set",c.call(t),ue,N)}if(function(e){if(!f||!e||"object"!=typeof e)return!1;try{f.call(e,f);try{p.call(e,p)}catch(e){return!0}return e instanceof WeakMap}catch(e){}return!1}(t))return Q("WeakMap");if(function(e){if(!p||!e||"object"!=typeof e)return!1;try{p.call(e,p);try{f.call(e,f)}catch(e){return!0}return e instanceof WeakSet}catch(e){}return!1}(t))return Q("WeakSet");if(function(e){if(!d||!e||"object"!=typeof e)return!1;try{return d.call(e),!0}catch(e){}return!1}(t))return Q("WeakRef");if(function(e){return!("[object Number]"!==z(e)||I&&"object"==typeof e&&I in e)}(t))return G(K(Number(t)));if(function(e){if(!e||"object"!=typeof e||!A)return!1;try{return A.call(e),!0}catch(e){}return!1}(t))return G(K(A.call(t)));if(function(e){return!("[object Boolean]"!==z(e)||I&&"object"==typeof e&&I in e)}(t))return G(h.call(t));if(function(e){return!("[object String]"!==z(e)||I&&"object"==typeof e&&I in e)}(t))return G(K(String(t)));if("undefined"!=typeof window&&t===window)return"{ [object Window] }";if(t===r.g)return"{ [object globalThis] }";if(!function(e){return!("[object Date]"!==z(e)||I&&"object"==typeof e&&I in e)}(t)&&!V(t)){var ce=Z(t,K),le=j?j(t)===Object.prototype:t instanceof Object||t.constructor===Object,fe=t instanceof Object?"":"null prototype",pe=!le&&I&&Object(t)===t&&I in t?g.call(z(t),8,-1):fe?"Object":"",de=(le||"function"!=typeof t.constructor?"":t.constructor.name?t.constructor.name+" ":"")+(pe||fe?"["+T.call(E.call([],pe||[],fe||[]),": ")+"] ":"");return 0===ce.length?de+"{}":N?de+"{"+J(ce,N)+"}":de+"{ "+T.call(ce,", ")+" }"}return String(t)};var K=Object.prototype.hasOwnProperty||function(e){return e in this};function H(e,t){return K.call(e,t)}function z(e){return y.call(e)}function X(e,t){if(e.indexOf)return e.indexOf(t);for(var r=0,n=e.length;r<n;r++)if(e[r]===t)return r;return-1}function $(e,t){if(e.length>t.maxStringLength){var r=e.length-t.maxStringLength,n="... "+r+" more character"+(r>1?"s":"");return $(g.call(e,0,t.maxStringLength),t)+n}return M(b.call(b.call(e,/(['\\])/g,"\\$1"),/[\x00-\x1f]/g,W),"single",t)}function W(e){var t=e.charCodeAt(0),r={8:"b",9:"t",10:"n",12:"f",13:"r"}[t];return r?"\\"+r:"\\x"+(t<16?"0":"")+w.call(t.toString(16))}function G(e){return"Object("+e+")"}function Q(e){return e+" { ? }"}function Y(e,t,r,n){return e+" ("+t+") {"+(n?J(r,n):T.call(r,", "))+"}"}function J(e,t){if(0===e.length)return"";var r="\n"+t.prev+t.base;return r+T.call(e,","+r)+"\n"+t.prev}function Z(e,t){var r=D(e),n=[];if(r){n.length=e.length;for(var o=0;o<e.length;o++)n[o]=H(e,o)?t(e[o],e):""}var i,a="function"==typeof x?x(e):[];if(R){i={};for(var s=0;s<a.length;s++)i["$"+a[s]]=a[s]}for(var u in e)H(e,u)&&(r&&String(Number(u))===u&&u<e.length||R&&i["$"+u]instanceof Symbol||(_.call(/[^\w$]/,u)?n.push(t(u,e)+": "+t(e[u],e)):n.push(u+": "+t(e[u],e))));if("function"==typeof x)for(var c=0;c<a.length;c++)C.call(e,a[c])&&n.push("["+t(a[c])+"]: "+t(e[a[c]],e));return n}},5798:e=>{"use strict";var t=String.prototype.replace,r=/%20/g,n="RFC1738",o="RFC3986";e.exports={default:o,formatters:{RFC1738:function(e){return t.call(e,r,"+")},RFC3986:function(e){return String(e)}},RFC1738:n,RFC3986:o}},129:(e,t,r)=>{"use strict";var n=r(8261),o=r(5235),i=r(5798);e.exports={formats:i,parse:o,stringify:n}},5235:(e,t,r)=>{"use strict";var n=r(2769),o=Object.prototype.hasOwnProperty,i=Array.isArray,a={allowDots:!1,allowPrototypes:!1,allowSparse:!1,arrayLimit:20,charset:"utf-8",charsetSentinel:!1,comma:!1,decoder:n.decode,delimiter:"&",depth:5,ignoreQueryPrefix:!1,interpretNumericEntities:!1,parameterLimit:1e3,parseArrays:!0,plainObjects:!1,strictNullHandling:!1},s=function(e){return e.replace(/&#(\d+);/g,(function(e,t){return String.fromCharCode(parseInt(t,10))}))},u=function(e,t){return e&&"string"==typeof e&&t.comma&&e.indexOf(",")>-1?e.split(","):e},c=function(e,t,r,n){if(e){var i=r.allowDots?e.replace(/\.([^.[]+)/g,"[$1]"):e,a=/(\[[^[\]]*])/g,s=r.depth>0&&/(\[[^[\]]*])/.exec(i),c=s?i.slice(0,s.index):i,l=[];if(c){if(!r.plainObjects&&o.call(Object.prototype,c)&&!r.allowPrototypes)return;l.push(c)}for(var f=0;r.depth>0&&null!==(s=a.exec(i))&&f<r.depth;){if(f+=1,!r.plainObjects&&o.call(Object.prototype,s[1].slice(1,-1))&&!r.allowPrototypes)return;l.push(s[1])}return s&&l.push("["+i.slice(s.index)+"]"),function(e,t,r,n){for(var o=n?t:u(t,r),i=e.length-1;i>=0;--i){var a,s=e[i];if("[]"===s&&r.parseArrays)a=[].concat(o);else{a=r.plainObjects?Object.create(null):{};var c="["===s.charAt(0)&&"]"===s.charAt(s.length-1)?s.slice(1,-1):s,l=parseInt(c,10);r.parseArrays||""!==c?!isNaN(l)&&s!==c&&String(l)===c&&l>=0&&r.parseArrays&&l<=r.arrayLimit?(a=[])[l]=o:"__proto__"!==c&&(a[c]=o):a={0:o}}o=a}return o}(l,t,r,n)}};e.exports=function(e,t){var r=function(e){if(!e)return a;if(null!==e.decoder&&void 0!==e.decoder&&"function"!=typeof e.decoder)throw new TypeError("Decoder has to be a function.");if(void 0!==e.charset&&"utf-8"!==e.charset&&"iso-8859-1"!==e.charset)throw new TypeError("The charset option must be either utf-8, iso-8859-1, or undefined");var t=void 0===e.charset?a.charset:e.charset;return{allowDots:void 0===e.allowDots?a.allowDots:!!e.allowDots,allowPrototypes:"boolean"==typeof e.allowPrototypes?e.allowPrototypes:a.allowPrototypes,allowSparse:"boolean"==typeof e.allowSparse?e.allowSparse:a.allowSparse,arrayLimit:"number"==typeof e.arrayLimit?e.arrayLimit:a.arrayLimit,charset:t,charsetSentinel:"boolean"==typeof e.charsetSentinel?e.charsetSentinel:a.charsetSentinel,comma:"boolean"==typeof e.comma?e.comma:a.comma,decoder:"function"==typeof e.decoder?e.decoder:a.decoder,delimiter:"string"==typeof e.delimiter||n.isRegExp(e.delimiter)?e.delimiter:a.delimiter,depth:"number"==typeof e.depth||!1===e.depth?+e.depth:a.depth,ignoreQueryPrefix:!0===e.ignoreQueryPrefix,interpretNumericEntities:"boolean"==typeof e.interpretNumericEntities?e.interpretNumericEntities:a.interpretNumericEntities,parameterLimit:"number"==typeof e.parameterLimit?e.parameterLimit:a.parameterLimit,parseArrays:!1!==e.parseArrays,plainObjects:"boolean"==typeof e.plainObjects?e.plainObjects:a.plainObjects,strictNullHandling:"boolean"==typeof e.strictNullHandling?e.strictNullHandling:a.strictNullHandling}}(t);if(""===e||null==e)return r.plainObjects?Object.create(null):{};for(var l="string"==typeof e?function(e,t){var r,c={__proto__:null},l=t.ignoreQueryPrefix?e.replace(/^\?/,""):e,f=t.parameterLimit===1/0?void 0:t.parameterLimit,p=l.split(t.delimiter,f),d=-1,h=t.charset;if(t.charsetSentinel)for(r=0;r<p.length;++r)0===p[r].indexOf("utf8=")&&("utf8=%E2%9C%93"===p[r]?h="utf-8":"utf8=%26%2310003%3B"===p[r]&&(h="iso-8859-1"),d=r,r=p.length);for(r=0;r<p.length;++r)if(r!==d){var y,m,v=p[r],g=v.indexOf("]="),b=-1===g?v.indexOf("="):g+1;-1===b?(y=t.decoder(v,a.decoder,h,"key"),m=t.strictNullHandling?null:""):(y=t.decoder(v.slice(0,b),a.decoder,h,"key"),m=n.maybeMap(u(v.slice(b+1),t),(function(e){return t.decoder(e,a.decoder,h,"value")}))),m&&t.interpretNumericEntities&&"iso-8859-1"===h&&(m=s(m)),v.indexOf("[]=")>-1&&(m=i(m)?[m]:m),o.call(c,y)?c[y]=n.combine(c[y],m):c[y]=m}return c}(e,r):e,f=r.plainObjects?Object.create(null):{},p=Object.keys(l),d=0;d<p.length;++d){var h=p[d],y=c(h,l[h],r,"string"==typeof e);f=n.merge(f,y,r)}return!0===r.allowSparse?f:n.compact(f)}},8261:(e,t,r)=>{"use strict";var n=r(7478),o=r(2769),i=r(5798),a=Object.prototype.hasOwnProperty,s={brackets:function(e){return e+"[]"},comma:"comma",indices:function(e,t){return e+"["+t+"]"},repeat:function(e){return e}},u=Array.isArray,c=Array.prototype.push,l=function(e,t){c.apply(e,u(t)?t:[t])},f=Date.prototype.toISOString,p=i.default,d={addQueryPrefix:!1,allowDots:!1,charset:"utf-8",charsetSentinel:!1,delimiter:"&",encode:!0,encoder:o.encode,encodeValuesOnly:!1,format:p,formatter:i.formatters[p],indices:!1,serializeDate:function(e){return f.call(e)},skipNulls:!1,strictNullHandling:!1},h={},y=function e(t,r,i,a,s,c,f,p,y,m,v,g,b,w,S,_){for(var E,T=t,k=_,O=0,A=!1;void 0!==(k=k.get(h))&&!A;){var x=k.get(t);if(O+=1,void 0!==x){if(x===O)throw new RangeError("Cyclic object value");A=!0}void 0===k.get(h)&&(O=0)}if("function"==typeof p?T=p(r,T):T instanceof Date?T=v(T):"comma"===i&&u(T)&&(T=o.maybeMap(T,(function(e){return e instanceof Date?v(e):e}))),null===T){if(s)return f&&!w?f(r,d.encoder,S,"key",g):r;T=""}if("string"==typeof(E=T)||"number"==typeof E||"boolean"==typeof E||"symbol"==typeof E||"bigint"==typeof E||o.isBuffer(T))return f?[b(w?r:f(r,d.encoder,S,"key",g))+"="+b(f(T,d.encoder,S,"value",g))]:[b(r)+"="+b(String(T))];var P,R=[];if(void 0===T)return R;if("comma"===i&&u(T))w&&f&&(T=o.maybeMap(T,f)),P=[{value:T.length>0?T.join(",")||null:void 0}];else if(u(p))P=p;else{var I=Object.keys(T);P=y?I.sort(y):I}for(var C=a&&u(T)&&1===T.length?r+"[]":r,j=0;j<P.length;++j){var B=P[j],L="object"==typeof B&&void 0!==B.value?B.value:T[B];if(!c||null!==L){var N=u(T)?"function"==typeof i?i(C,B):C:C+(m?"."+B:"["+B+"]");_.set(t,O);var U=n();U.set(h,_),l(R,e(L,N,i,a,s,c,"comma"===i&&w&&u(T)?null:f,p,y,m,v,g,b,w,S,U))}}return R};e.exports=function(e,t){var r,o=e,c=function(e){if(!e)return d;if(null!==e.encoder&&void 0!==e.encoder&&"function"!=typeof e.encoder)throw new TypeError("Encoder has to be a function.");var t=e.charset||d.charset;if(void 0!==e.charset&&"utf-8"!==e.charset&&"iso-8859-1"!==e.charset)throw new TypeError("The charset option must be either utf-8, iso-8859-1, or undefined");var r=i.default;if(void 0!==e.format){if(!a.call(i.formatters,e.format))throw new TypeError("Unknown format option provided.");r=e.format}var n=i.formatters[r],o=d.filter;return("function"==typeof e.filter||u(e.filter))&&(o=e.filter),{addQueryPrefix:"boolean"==typeof e.addQueryPrefix?e.addQueryPrefix:d.addQueryPrefix,allowDots:void 0===e.allowDots?d.allowDots:!!e.allowDots,charset:t,charsetSentinel:"boolean"==typeof e.charsetSentinel?e.charsetSentinel:d.charsetSentinel,delimiter:void 0===e.delimiter?d.delimiter:e.delimiter,encode:"boolean"==typeof e.encode?e.encode:d.encode,encoder:"function"==typeof e.encoder?e.encoder:d.encoder,encodeValuesOnly:"boolean"==typeof e.encodeValuesOnly?e.encodeValuesOnly:d.encodeValuesOnly,filter:o,format:r,formatter:n,serializeDate:"function"==typeof e.serializeDate?e.serializeDate:d.serializeDate,skipNulls:"boolean"==typeof e.skipNulls?e.skipNulls:d.skipNulls,sort:"function"==typeof e.sort?e.sort:null,strictNullHandling:"boolean"==typeof e.strictNullHandling?e.strictNullHandling:d.strictNullHandling}}(t);"function"==typeof c.filter?o=(0,c.filter)("",o):u(c.filter)&&(r=c.filter);var f,p=[];if("object"!=typeof o||null===o)return"";f=t&&t.arrayFormat in s?t.arrayFormat:t&&"indices"in t?t.indices?"indices":"repeat":"indices";var h=s[f];if(t&&"commaRoundTrip"in t&&"boolean"!=typeof t.commaRoundTrip)throw new TypeError("`commaRoundTrip` must be a boolean, or absent");var m="comma"===h&&t&&t.commaRoundTrip;r||(r=Object.keys(o)),c.sort&&r.sort(c.sort);for(var v=n(),g=0;g<r.length;++g){var b=r[g];c.skipNulls&&null===o[b]||l(p,y(o[b],b,h,m,c.strictNullHandling,c.skipNulls,c.encode?c.encoder:null,c.filter,c.sort,c.allowDots,c.serializeDate,c.format,c.formatter,c.encodeValuesOnly,c.charset,v))}var w=p.join(c.delimiter),S=!0===c.addQueryPrefix?"?":"";return c.charsetSentinel&&("iso-8859-1"===c.charset?S+="utf8=%26%2310003%3B&":S+="utf8=%E2%9C%93&"),w.length>0?S+w:""}},2769:(e,t,r)=>{"use strict";var n=r(5798),o=Object.prototype.hasOwnProperty,i=Array.isArray,a=function(){for(var e=[],t=0;t<256;++t)e.push("%"+((t<16?"0":"")+t.toString(16)).toUpperCase());return e}(),s=function(e,t){for(var r=t&&t.plainObjects?Object.create(null):{},n=0;n<e.length;++n)void 0!==e[n]&&(r[n]=e[n]);return r};e.exports={arrayToObject:s,assign:function(e,t){return Object.keys(t).reduce((function(e,r){return e[r]=t[r],e}),e)},combine:function(e,t){return[].concat(e,t)},compact:function(e){for(var t=[{obj:{o:e},prop:"o"}],r=[],n=0;n<t.length;++n)for(var o=t[n],a=o.obj[o.prop],s=Object.keys(a),u=0;u<s.length;++u){var c=s[u],l=a[c];"object"==typeof l&&null!==l&&-1===r.indexOf(l)&&(t.push({obj:a,prop:c}),r.push(l))}return function(e){for(;e.length>1;){var t=e.pop(),r=t.obj[t.prop];if(i(r)){for(var n=[],o=0;o<r.length;++o)void 0!==r[o]&&n.push(r[o]);t.obj[t.prop]=n}}}(t),e},decode:function(e,t,r){var n=e.replace(/\+/g," ");if("iso-8859-1"===r)return n.replace(/%[0-9a-f]{2}/gi,unescape);try{return decodeURIComponent(n)}catch(e){return n}},encode:function(e,t,r,o,i){if(0===e.length)return e;var s=e;if("symbol"==typeof e?s=Symbol.prototype.toString.call(e):"string"!=typeof e&&(s=String(e)),"iso-8859-1"===r)return escape(s).replace(/%u[0-9a-f]{4}/gi,(function(e){return"%26%23"+parseInt(e.slice(2),16)+"%3B"}));for(var u="",c=0;c<s.length;++c){var l=s.charCodeAt(c);45===l||46===l||95===l||126===l||l>=48&&l<=57||l>=65&&l<=90||l>=97&&l<=122||i===n.RFC1738&&(40===l||41===l)?u+=s.charAt(c):l<128?u+=a[l]:l<2048?u+=a[192|l>>6]+a[128|63&l]:l<55296||l>=57344?u+=a[224|l>>12]+a[128|l>>6&63]+a[128|63&l]:(c+=1,l=65536+((1023&l)<<10|1023&s.charCodeAt(c)),u+=a[240|l>>18]+a[128|l>>12&63]+a[128|l>>6&63]+a[128|63&l])}return u},isBuffer:function(e){return!(!e||"object"!=typeof e)&&!!(e.constructor&&e.constructor.isBuffer&&e.constructor.isBuffer(e))},isRegExp:function(e){return"[object RegExp]"===Object.prototype.toString.call(e)},maybeMap:function(e,t){if(i(e)){for(var r=[],n=0;n<e.length;n+=1)r.push(t(e[n]));return r}return t(e)},merge:function e(t,r,n){if(!r)return t;if("object"!=typeof r){if(i(t))t.push(r);else{if(!t||"object"!=typeof t)return[t,r];(n&&(n.plainObjects||n.allowPrototypes)||!o.call(Object.prototype,r))&&(t[r]=!0)}return t}if(!t||"object"!=typeof t)return[t].concat(r);var a=t;return i(t)&&!i(r)&&(a=s(t,n)),i(t)&&i(r)?(r.forEach((function(r,i){if(o.call(t,i)){var a=t[i];a&&"object"==typeof a&&r&&"object"==typeof r?t[i]=e(a,r,n):t.push(r)}else t[i]=r})),t):Object.keys(r).reduce((function(t,i){var a=r[i];return o.call(t,i)?t[i]=e(t[i],a,n):t[i]=a,t}),a)}}},1798:(e,t,r)=>{"use strict";var n=65536,o=4294967295;var i=r(9509).Buffer,a=r.g.crypto||r.g.msCrypto;a&&a.getRandomValues?e.exports=function(e,t){if(e>o)throw new RangeError("requested too many random bytes");var r=i.allocUnsafe(e);if(e>0)if(e>n)for(var s=0;s<e;s+=n)a.getRandomValues(r.slice(s,s+n));else a.getRandomValues(r);if("function"==typeof t)return process.nextTick((function(){t(null,r)}));return r}:e.exports=function(){throw new Error("Secure random number generation is not supported by this browser.\nUse Chrome, Firefox or Internet Explorer 11")}},4281:e=>{"use strict";var t={};function r(e,r,n){n||(n=Error);var o=function(e){var t,n;function o(t,n,o){return e.call(this,function(e,t,n){return"string"==typeof r?r:r(e,t,n)}(t,n,o))||this}return n=e,(t=o).prototype=Object.create(n.prototype),t.prototype.constructor=t,t.__proto__=n,o}(n);o.prototype.name=n.name,o.prototype.code=e,t[e]=o}function n(e,t){if(Array.isArray(e)){var r=e.length;return e=e.map((function(e){return String(e)})),r>2?"one of ".concat(t," ").concat(e.slice(0,r-1).join(", "),", or ")+e[r-1]:2===r?"one of ".concat(t," ").concat(e[0]," or ").concat(e[1]):"of ".concat(t," ").concat(e[0])}return"of ".concat(t," ").concat(String(e))}r("ERR_INVALID_OPT_VALUE",(function(e,t){return'The value "'+t+'" is invalid for option "'+e+'"'}),TypeError),r("ERR_INVALID_ARG_TYPE",(function(e,t,r){var o,i,a,s;if("string"==typeof t&&(i="not ",t.substr(!a||a<0?0:+a,i.length)===i)?(o="must not be",t=t.replace(/^not /,"")):o="must be",function(e,t,r){return(void 0===r||r>e.length)&&(r=e.length),e.substring(r-t.length,r)===t}(e," argument"))s="The ".concat(e," ").concat(o," ").concat(n(t,"type"));else{var u=function(e,t,r){return"number"!=typeof r&&(r=0),!(r+t.length>e.length)&&-1!==e.indexOf(t,r)}(e,".")?"property":"argument";s='The "'.concat(e,'" ').concat(u," ").concat(o," ").concat(n(t,"type"))}return s+=". Received type ".concat(typeof r)}),TypeError),r("ERR_STREAM_PUSH_AFTER_EOF","stream.push() after EOF"),r("ERR_METHOD_NOT_IMPLEMENTED",(function(e){return"The "+e+" method is not implemented"})),r("ERR_STREAM_PREMATURE_CLOSE","Premature close"),r("ERR_STREAM_DESTROYED",(function(e){return"Cannot call "+e+" after a stream was destroyed"})),r("ERR_MULTIPLE_CALLBACK","Callback called multiple times"),r("ERR_STREAM_CANNOT_PIPE","Cannot pipe, not readable"),r("ERR_STREAM_WRITE_AFTER_END","write after end"),r("ERR_STREAM_NULL_VALUES","May not write null values to stream",TypeError),r("ERR_UNKNOWN_ENCODING",(function(e){return"Unknown encoding: "+e}),TypeError),r("ERR_STREAM_UNSHIFT_AFTER_END_EVENT","stream.unshift() after end event"),e.exports.q=t},6753:(e,t,r)=>{"use strict";var n=Object.keys||function(e){var t=[];for(var r in e)t.push(r);return t};e.exports=c;var o=r(9481),i=r(4229);r(5717)(c,o);for(var a=n(i.prototype),s=0;s<a.length;s++){var u=a[s];c.prototype[u]||(c.prototype[u]=i.prototype[u])}function c(e){if(!(this instanceof c))return new c(e);o.call(this,e),i.call(this,e),this.allowHalfOpen=!0,e&&(!1===e.readable&&(this.readable=!1),!1===e.writable&&(this.writable=!1),!1===e.allowHalfOpen&&(this.allowHalfOpen=!1,this.once("end",l)))}function l(){this._writableState.ended||process.nextTick(f,this)}function f(e){e.end()}Object.defineProperty(c.prototype,"writableHighWaterMark",{enumerable:!1,get:function(){return this._writableState.highWaterMark}}),Object.defineProperty(c.prototype,"writableBuffer",{enumerable:!1,get:function(){return this._writableState&&this._writableState.getBuffer()}}),Object.defineProperty(c.prototype,"writableLength",{enumerable:!1,get:function(){return this._writableState.length}}),Object.defineProperty(c.prototype,"destroyed",{enumerable:!1,get:function(){return void 0!==this._readableState&&void 0!==this._writableState&&(this._readableState.destroyed&&this._writableState.destroyed)},set:function(e){void 0!==this._readableState&&void 0!==this._writableState&&(this._readableState.destroyed=e,this._writableState.destroyed=e)}})},2725:(e,t,r)=>{"use strict";e.exports=o;var n=r(4605);function o(e){if(!(this instanceof o))return new o(e);n.call(this,e)}r(5717)(o,n),o.prototype._transform=function(e,t,r){r(null,e)}},9481:(e,t,r)=>{"use strict";var n;e.exports=T,T.ReadableState=E;r(7187).EventEmitter;var o=function(e,t){return e.listeners(t).length},i=r(2503),a=r(8764).Buffer,s=(void 0!==r.g?r.g:"undefined"!=typeof window?window:"undefined"!=typeof self?self:{}).Uint8Array||function(){};var u,c=r(4616);u=c&&c.debuglog?c.debuglog("stream"):function(){};var l,f,p,d=r(7327),h=r(1195),y=r(2457).getHighWaterMark,m=r(4281).q,v=m.ERR_INVALID_ARG_TYPE,g=m.ERR_STREAM_PUSH_AFTER_EOF,b=m.ERR_METHOD_NOT_IMPLEMENTED,w=m.ERR_STREAM_UNSHIFT_AFTER_END_EVENT;r(5717)(T,i);var S=h.errorOrDestroy,_=["error","close","destroy","pause","resume"];function E(e,t,o){n=n||r(6753),e=e||{},"boolean"!=typeof o&&(o=t instanceof n),this.objectMode=!!e.objectMode,o&&(this.objectMode=this.objectMode||!!e.readableObjectMode),this.highWaterMark=y(this,e,"readableHighWaterMark",o),this.buffer=new d,this.length=0,this.pipes=null,this.pipesCount=0,this.flowing=null,this.ended=!1,this.endEmitted=!1,this.reading=!1,this.sync=!0,this.needReadable=!1,this.emittedReadable=!1,this.readableListening=!1,this.resumeScheduled=!1,this.paused=!0,this.emitClose=!1!==e.emitClose,this.autoDestroy=!!e.autoDestroy,this.destroyed=!1,this.defaultEncoding=e.defaultEncoding||"utf8",this.awaitDrain=0,this.readingMore=!1,this.decoder=null,this.encoding=null,e.encoding&&(l||(l=r(2553).s),this.decoder=new l(e.encoding),this.encoding=e.encoding)}function T(e){if(n=n||r(6753),!(this instanceof T))return new T(e);var t=this instanceof n;this._readableState=new E(e,this,t),this.readable=!0,e&&("function"==typeof e.read&&(this._read=e.read),"function"==typeof e.destroy&&(this._destroy=e.destroy)),i.call(this)}function k(e,t,r,n,o){u("readableAddChunk",t);var i,c=e._readableState;if(null===t)c.reading=!1,function(e,t){if(u("onEofChunk"),t.ended)return;if(t.decoder){var r=t.decoder.end();r&&r.length&&(t.buffer.push(r),t.length+=t.objectMode?1:r.length)}t.ended=!0,t.sync?P(e):(t.needReadable=!1,t.emittedReadable||(t.emittedReadable=!0,R(e)))}(e,c);else if(o||(i=function(e,t){var r;n=t,a.isBuffer(n)||n instanceof s||"string"==typeof t||void 0===t||e.objectMode||(r=new v("chunk",["string","Buffer","Uint8Array"],t));var n;return r}(c,t)),i)S(e,i);else if(c.objectMode||t&&t.length>0)if("string"==typeof t||c.objectMode||Object.getPrototypeOf(t)===a.prototype||(t=function(e){return a.from(e)}(t)),n)c.endEmitted?S(e,new w):O(e,c,t,!0);else if(c.ended)S(e,new g);else{if(c.destroyed)return!1;c.reading=!1,c.decoder&&!r?(t=c.decoder.write(t),c.objectMode||0!==t.length?O(e,c,t,!1):I(e,c)):O(e,c,t,!1)}else n||(c.reading=!1,I(e,c));return!c.ended&&(c.length<c.highWaterMark||0===c.length)}function O(e,t,r,n){t.flowing&&0===t.length&&!t.sync?(t.awaitDrain=0,e.emit("data",r)):(t.length+=t.objectMode?1:r.length,n?t.buffer.unshift(r):t.buffer.push(r),t.needReadable&&P(e)),I(e,t)}Object.defineProperty(T.prototype,"destroyed",{enumerable:!1,get:function(){return void 0!==this._readableState&&this._readableState.destroyed},set:function(e){this._readableState&&(this._readableState.destroyed=e)}}),T.prototype.destroy=h.destroy,T.prototype._undestroy=h.undestroy,T.prototype._destroy=function(e,t){t(e)},T.prototype.push=function(e,t){var r,n=this._readableState;return n.objectMode?r=!0:"string"==typeof e&&((t=t||n.defaultEncoding)!==n.encoding&&(e=a.from(e,t),t=""),r=!0),k(this,e,t,!1,r)},T.prototype.unshift=function(e){return k(this,e,null,!0,!1)},T.prototype.isPaused=function(){return!1===this._readableState.flowing},T.prototype.setEncoding=function(e){l||(l=r(2553).s);var t=new l(e);this._readableState.decoder=t,this._readableState.encoding=this._readableState.decoder.encoding;for(var n=this._readableState.buffer.head,o="";null!==n;)o+=t.write(n.data),n=n.next;return this._readableState.buffer.clear(),""!==o&&this._readableState.buffer.push(o),this._readableState.length=o.length,this};var A=1073741824;function x(e,t){return e<=0||0===t.length&&t.ended?0:t.objectMode?1:e!=e?t.flowing&&t.length?t.buffer.head.data.length:t.length:(e>t.highWaterMark&&(t.highWaterMark=function(e){return e>=A?e=A:(e--,e|=e>>>1,e|=e>>>2,e|=e>>>4,e|=e>>>8,e|=e>>>16,e++),e}(e)),e<=t.length?e:t.ended?t.length:(t.needReadable=!0,0))}function P(e){var t=e._readableState;u("emitReadable",t.needReadable,t.emittedReadable),t.needReadable=!1,t.emittedReadable||(u("emitReadable",t.flowing),t.emittedReadable=!0,process.nextTick(R,e))}function R(e){var t=e._readableState;u("emitReadable_",t.destroyed,t.length,t.ended),t.destroyed||!t.length&&!t.ended||(e.emit("readable"),t.emittedReadable=!1),t.needReadable=!t.flowing&&!t.ended&&t.length<=t.highWaterMark,N(e)}function I(e,t){t.readingMore||(t.readingMore=!0,process.nextTick(C,e,t))}function C(e,t){for(;!t.reading&&!t.ended&&(t.length<t.highWaterMark||t.flowing&&0===t.length);){var r=t.length;if(u("maybeReadMore read 0"),e.read(0),r===t.length)break}t.readingMore=!1}function j(e){var t=e._readableState;t.readableListening=e.listenerCount("readable")>0,t.resumeScheduled&&!t.paused?t.flowing=!0:e.listenerCount("data")>0&&e.resume()}function B(e){u("readable nexttick read 0"),e.read(0)}function L(e,t){u("resume",t.reading),t.reading||e.read(0),t.resumeScheduled=!1,e.emit("resume"),N(e),t.flowing&&!t.reading&&e.read(0)}function N(e){var t=e._readableState;for(u("flow",t.flowing);t.flowing&&null!==e.read(););}function U(e,t){return 0===t.length?null:(t.objectMode?r=t.buffer.shift():!e||e>=t.length?(r=t.decoder?t.buffer.join(""):1===t.buffer.length?t.buffer.first():t.buffer.concat(t.length),t.buffer.clear()):r=t.buffer.consume(e,t.decoder),r);var r}function M(e){var t=e._readableState;u("endReadable",t.endEmitted),t.endEmitted||(t.ended=!0,process.nextTick(F,t,e))}function F(e,t){if(u("endReadableNT",e.endEmitted,e.length),!e.endEmitted&&0===e.length&&(e.endEmitted=!0,t.readable=!1,t.emit("end"),e.autoDestroy)){var r=t._writableState;(!r||r.autoDestroy&&r.finished)&&t.destroy()}}function D(e,t){for(var r=0,n=e.length;r<n;r++)if(e[r]===t)return r;return-1}T.prototype.read=function(e){u("read",e),e=parseInt(e,10);var t=this._readableState,r=e;if(0!==e&&(t.emittedReadable=!1),0===e&&t.needReadable&&((0!==t.highWaterMark?t.length>=t.highWaterMark:t.length>0)||t.ended))return u("read: emitReadable",t.length,t.ended),0===t.length&&t.ended?M(this):P(this),null;if(0===(e=x(e,t))&&t.ended)return 0===t.length&&M(this),null;var n,o=t.needReadable;return u("need readable",o),(0===t.length||t.length-e<t.highWaterMark)&&u("length less than watermark",o=!0),t.ended||t.reading?u("reading or ended",o=!1):o&&(u("do read"),t.reading=!0,t.sync=!0,0===t.length&&(t.needReadable=!0),this._read(t.highWaterMark),t.sync=!1,t.reading||(e=x(r,t))),null===(n=e>0?U(e,t):null)?(t.needReadable=t.length<=t.highWaterMark,e=0):(t.length-=e,t.awaitDrain=0),0===t.length&&(t.ended||(t.needReadable=!0),r!==e&&t.ended&&M(this)),null!==n&&this.emit("data",n),n},T.prototype._read=function(e){S(this,new b("_read()"))},T.prototype.pipe=function(e,t){var r=this,n=this._readableState;switch(n.pipesCount){case 0:n.pipes=e;break;case 1:n.pipes=[n.pipes,e];break;default:n.pipes.push(e)}n.pipesCount+=1,u("pipe count=%d opts=%j",n.pipesCount,t);var i=(!t||!1!==t.end)&&e!==process.stdout&&e!==process.stderr?s:y;function a(t,o){u("onunpipe"),t===r&&o&&!1===o.hasUnpiped&&(o.hasUnpiped=!0,u("cleanup"),e.removeListener("close",d),e.removeListener("finish",h),e.removeListener("drain",c),e.removeListener("error",p),e.removeListener("unpipe",a),r.removeListener("end",s),r.removeListener("end",y),r.removeListener("data",f),l=!0,!n.awaitDrain||e._writableState&&!e._writableState.needDrain||c())}function s(){u("onend"),e.end()}n.endEmitted?process.nextTick(i):r.once("end",i),e.on("unpipe",a);var c=function(e){return function(){var t=e._readableState;u("pipeOnDrain",t.awaitDrain),t.awaitDrain&&t.awaitDrain--,0===t.awaitDrain&&o(e,"data")&&(t.flowing=!0,N(e))}}(r);e.on("drain",c);var l=!1;function f(t){u("ondata");var o=e.write(t);u("dest.write",o),!1===o&&((1===n.pipesCount&&n.pipes===e||n.pipesCount>1&&-1!==D(n.pipes,e))&&!l&&(u("false write response, pause",n.awaitDrain),n.awaitDrain++),r.pause())}function p(t){u("onerror",t),y(),e.removeListener("error",p),0===o(e,"error")&&S(e,t)}function d(){e.removeListener("finish",h),y()}function h(){u("onfinish"),e.removeListener("close",d),y()}function y(){u("unpipe"),r.unpipe(e)}return r.on("data",f),function(e,t,r){if("function"==typeof e.prependListener)return e.prependListener(t,r);e._events&&e._events[t]?Array.isArray(e._events[t])?e._events[t].unshift(r):e._events[t]=[r,e._events[t]]:e.on(t,r)}(e,"error",p),e.once("close",d),e.once("finish",h),e.emit("pipe",r),n.flowing||(u("pipe resume"),r.resume()),e},T.prototype.unpipe=function(e){var t=this._readableState,r={hasUnpiped:!1};if(0===t.pipesCount)return this;if(1===t.pipesCount)return e&&e!==t.pipes||(e||(e=t.pipes),t.pipes=null,t.pipesCount=0,t.flowing=!1,e&&e.emit("unpipe",this,r)),this;if(!e){var n=t.pipes,o=t.pipesCount;t.pipes=null,t.pipesCount=0,t.flowing=!1;for(var i=0;i<o;i++)n[i].emit("unpipe",this,{hasUnpiped:!1});return this}var a=D(t.pipes,e);return-1===a||(t.pipes.splice(a,1),t.pipesCount-=1,1===t.pipesCount&&(t.pipes=t.pipes[0]),e.emit("unpipe",this,r)),this},T.prototype.on=function(e,t){var r=i.prototype.on.call(this,e,t),n=this._readableState;return"data"===e?(n.readableListening=this.listenerCount("readable")>0,!1!==n.flowing&&this.resume()):"readable"===e&&(n.endEmitted||n.readableListening||(n.readableListening=n.needReadable=!0,n.flowing=!1,n.emittedReadable=!1,u("on readable",n.length,n.reading),n.length?P(this):n.reading||process.nextTick(B,this))),r},T.prototype.addListener=T.prototype.on,T.prototype.removeListener=function(e,t){var r=i.prototype.removeListener.call(this,e,t);return"readable"===e&&process.nextTick(j,this),r},T.prototype.removeAllListeners=function(e){var t=i.prototype.removeAllListeners.apply(this,arguments);return"readable"!==e&&void 0!==e||process.nextTick(j,this),t},T.prototype.resume=function(){var e=this._readableState;return e.flowing||(u("resume"),e.flowing=!e.readableListening,function(e,t){t.resumeScheduled||(t.resumeScheduled=!0,process.nextTick(L,e,t))}(this,e)),e.paused=!1,this},T.prototype.pause=function(){return u("call pause flowing=%j",this._readableState.flowing),!1!==this._readableState.flowing&&(u("pause"),this._readableState.flowing=!1,this.emit("pause")),this._readableState.paused=!0,this},T.prototype.wrap=function(e){var t=this,r=this._readableState,n=!1;for(var o in e.on("end",(function(){if(u("wrapped end"),r.decoder&&!r.ended){var e=r.decoder.end();e&&e.length&&t.push(e)}t.push(null)})),e.on("data",(function(o){(u("wrapped data"),r.decoder&&(o=r.decoder.write(o)),r.objectMode&&null==o)||(r.objectMode||o&&o.length)&&(t.push(o)||(n=!0,e.pause()))})),e)void 0===this[o]&&"function"==typeof e[o]&&(this[o]=function(t){return function(){return e[t].apply(e,arguments)}}(o));for(var i=0;i<_.length;i++)e.on(_[i],this.emit.bind(this,_[i]));return this._read=function(t){u("wrapped _read",t),n&&(n=!1,e.resume())},this},"function"==typeof Symbol&&(T.prototype[Symbol.asyncIterator]=function(){return void 0===f&&(f=r(5850)),f(this)}),Object.defineProperty(T.prototype,"readableHighWaterMark",{enumerable:!1,get:function(){return this._readableState.highWaterMark}}),Object.defineProperty(T.prototype,"readableBuffer",{enumerable:!1,get:function(){return this._readableState&&this._readableState.buffer}}),Object.defineProperty(T.prototype,"readableFlowing",{enumerable:!1,get:function(){return this._readableState.flowing},set:function(e){this._readableState&&(this._readableState.flowing=e)}}),T._fromList=U,Object.defineProperty(T.prototype,"readableLength",{enumerable:!1,get:function(){return this._readableState.length}}),"function"==typeof Symbol&&(T.from=function(e,t){return void 0===p&&(p=r(5167)),p(T,e,t)})},4605:(e,t,r)=>{"use strict";e.exports=l;var n=r(4281).q,o=n.ERR_METHOD_NOT_IMPLEMENTED,i=n.ERR_MULTIPLE_CALLBACK,a=n.ERR_TRANSFORM_ALREADY_TRANSFORMING,s=n.ERR_TRANSFORM_WITH_LENGTH_0,u=r(6753);function c(e,t){var r=this._transformState;r.transforming=!1;var n=r.writecb;if(null===n)return this.emit("error",new i);r.writechunk=null,r.writecb=null,null!=t&&this.push(t),n(e);var o=this._readableState;o.reading=!1,(o.needReadable||o.length<o.highWaterMark)&&this._read(o.highWaterMark)}function l(e){if(!(this instanceof l))return new l(e);u.call(this,e),this._transformState={afterTransform:c.bind(this),needTransform:!1,transforming:!1,writecb:null,writechunk:null,writeencoding:null},this._readableState.needReadable=!0,this._readableState.sync=!1,e&&("function"==typeof e.transform&&(this._transform=e.transform),"function"==typeof e.flush&&(this._flush=e.flush)),this.on("prefinish",f)}function f(){var e=this;"function"!=typeof this._flush||this._readableState.destroyed?p(this,null,null):this._flush((function(t,r){p(e,t,r)}))}function p(e,t,r){if(t)return e.emit("error",t);if(null!=r&&e.push(r),e._writableState.length)throw new s;if(e._transformState.transforming)throw new a;return e.push(null)}r(5717)(l,u),l.prototype.push=function(e,t){return this._transformState.needTransform=!1,u.prototype.push.call(this,e,t)},l.prototype._transform=function(e,t,r){r(new o("_transform()"))},l.prototype._write=function(e,t,r){var n=this._transformState;if(n.writecb=r,n.writechunk=e,n.writeencoding=t,!n.transforming){var o=this._readableState;(n.needTransform||o.needReadable||o.length<o.highWaterMark)&&this._read(o.highWaterMark)}},l.prototype._read=function(e){var t=this._transformState;null===t.writechunk||t.transforming?t.needTransform=!0:(t.transforming=!0,this._transform(t.writechunk,t.writeencoding,t.afterTransform))},l.prototype._destroy=function(e,t){u.prototype._destroy.call(this,e,(function(e){t(e)}))}},4229:(e,t,r)=>{"use strict";function n(e){var t=this;this.next=null,this.entry=null,this.finish=function(){!function(e,t,r){var n=e.entry;e.entry=null;for(;n;){var o=n.callback;t.pendingcb--,o(r),n=n.next}t.corkedRequestsFree.next=e}(t,e)}}var o;e.exports=T,T.WritableState=E;var i={deprecate:r(4927)},a=r(2503),s=r(8764).Buffer,u=(void 0!==r.g?r.g:"undefined"!=typeof window?window:"undefined"!=typeof self?self:{}).Uint8Array||function(){};var c,l=r(1195),f=r(2457).getHighWaterMark,p=r(4281).q,d=p.ERR_INVALID_ARG_TYPE,h=p.ERR_METHOD_NOT_IMPLEMENTED,y=p.ERR_MULTIPLE_CALLBACK,m=p.ERR_STREAM_CANNOT_PIPE,v=p.ERR_STREAM_DESTROYED,g=p.ERR_STREAM_NULL_VALUES,b=p.ERR_STREAM_WRITE_AFTER_END,w=p.ERR_UNKNOWN_ENCODING,S=l.errorOrDestroy;function _(){}function E(e,t,i){o=o||r(6753),e=e||{},"boolean"!=typeof i&&(i=t instanceof o),this.objectMode=!!e.objectMode,i&&(this.objectMode=this.objectMode||!!e.writableObjectMode),this.highWaterMark=f(this,e,"writableHighWaterMark",i),this.finalCalled=!1,this.needDrain=!1,this.ending=!1,this.ended=!1,this.finished=!1,this.destroyed=!1;var a=!1===e.decodeStrings;this.decodeStrings=!a,this.defaultEncoding=e.defaultEncoding||"utf8",this.length=0,this.writing=!1,this.corked=0,this.sync=!0,this.bufferProcessing=!1,this.onwrite=function(e){!function(e,t){var r=e._writableState,n=r.sync,o=r.writecb;if("function"!=typeof o)throw new y;if(function(e){e.writing=!1,e.writecb=null,e.length-=e.writelen,e.writelen=0}(r),t)!function(e,t,r,n,o){--t.pendingcb,r?(process.nextTick(o,n),process.nextTick(R,e,t),e._writableState.errorEmitted=!0,S(e,n)):(o(n),e._writableState.errorEmitted=!0,S(e,n),R(e,t))}(e,r,n,t,o);else{var i=x(r)||e.destroyed;i||r.corked||r.bufferProcessing||!r.bufferedRequest||A(e,r),n?process.nextTick(O,e,r,i,o):O(e,r,i,o)}}(t,e)},this.writecb=null,this.writelen=0,this.bufferedRequest=null,this.lastBufferedRequest=null,this.pendingcb=0,this.prefinished=!1,this.errorEmitted=!1,this.emitClose=!1!==e.emitClose,this.autoDestroy=!!e.autoDestroy,this.bufferedRequestCount=0,this.corkedRequestsFree=new n(this)}function T(e){var t=this instanceof(o=o||r(6753));if(!t&&!c.call(T,this))return new T(e);this._writableState=new E(e,this,t),this.writable=!0,e&&("function"==typeof e.write&&(this._write=e.write),"function"==typeof e.writev&&(this._writev=e.writev),"function"==typeof e.destroy&&(this._destroy=e.destroy),"function"==typeof e.final&&(this._final=e.final)),a.call(this)}function k(e,t,r,n,o,i,a){t.writelen=n,t.writecb=a,t.writing=!0,t.sync=!0,t.destroyed?t.onwrite(new v("write")):r?e._writev(o,t.onwrite):e._write(o,i,t.onwrite),t.sync=!1}function O(e,t,r,n){r||function(e,t){0===t.length&&t.needDrain&&(t.needDrain=!1,e.emit("drain"))}(e,t),t.pendingcb--,n(),R(e,t)}function A(e,t){t.bufferProcessing=!0;var r=t.bufferedRequest;if(e._writev&&r&&r.next){var o=t.bufferedRequestCount,i=new Array(o),a=t.corkedRequestsFree;a.entry=r;for(var s=0,u=!0;r;)i[s]=r,r.isBuf||(u=!1),r=r.next,s+=1;i.allBuffers=u,k(e,t,!0,t.length,i,"",a.finish),t.pendingcb++,t.lastBufferedRequest=null,a.next?(t.corkedRequestsFree=a.next,a.next=null):t.corkedRequestsFree=new n(t),t.bufferedRequestCount=0}else{for(;r;){var c=r.chunk,l=r.encoding,f=r.callback;if(k(e,t,!1,t.objectMode?1:c.length,c,l,f),r=r.next,t.bufferedRequestCount--,t.writing)break}null===r&&(t.lastBufferedRequest=null)}t.bufferedRequest=r,t.bufferProcessing=!1}function x(e){return e.ending&&0===e.length&&null===e.bufferedRequest&&!e.finished&&!e.writing}function P(e,t){e._final((function(r){t.pendingcb--,r&&S(e,r),t.prefinished=!0,e.emit("prefinish"),R(e,t)}))}function R(e,t){var r=x(t);if(r&&(function(e,t){t.prefinished||t.finalCalled||("function"!=typeof e._final||t.destroyed?(t.prefinished=!0,e.emit("prefinish")):(t.pendingcb++,t.finalCalled=!0,process.nextTick(P,e,t)))}(e,t),0===t.pendingcb&&(t.finished=!0,e.emit("finish"),t.autoDestroy))){var n=e._readableState;(!n||n.autoDestroy&&n.endEmitted)&&e.destroy()}return r}r(5717)(T,a),E.prototype.getBuffer=function(){for(var e=this.bufferedRequest,t=[];e;)t.push(e),e=e.next;return t},function(){try{Object.defineProperty(E.prototype,"buffer",{get:i.deprecate((function(){return this.getBuffer()}),"_writableState.buffer is deprecated. Use _writableState.getBuffer instead.","DEP0003")})}catch(e){}}(),"function"==typeof Symbol&&Symbol.hasInstance&&"function"==typeof Function.prototype[Symbol.hasInstance]?(c=Function.prototype[Symbol.hasInstance],Object.defineProperty(T,Symbol.hasInstance,{value:function(e){return!!c.call(this,e)||this===T&&(e&&e._writableState instanceof E)}})):c=function(e){return e instanceof this},T.prototype.pipe=function(){S(this,new m)},T.prototype.write=function(e,t,r){var n,o=this._writableState,i=!1,a=!o.objectMode&&(n=e,s.isBuffer(n)||n instanceof u);return a&&!s.isBuffer(e)&&(e=function(e){return s.from(e)}(e)),"function"==typeof t&&(r=t,t=null),a?t="buffer":t||(t=o.defaultEncoding),"function"!=typeof r&&(r=_),o.ending?function(e,t){var r=new b;S(e,r),process.nextTick(t,r)}(this,r):(a||function(e,t,r,n){var o;return null===r?o=new g:"string"==typeof r||t.objectMode||(o=new d("chunk",["string","Buffer"],r)),!o||(S(e,o),process.nextTick(n,o),!1)}(this,o,e,r))&&(o.pendingcb++,i=function(e,t,r,n,o,i){if(!r){var a=function(e,t,r){e.objectMode||!1===e.decodeStrings||"string"!=typeof t||(t=s.from(t,r));return t}(t,n,o);n!==a&&(r=!0,o="buffer",n=a)}var u=t.objectMode?1:n.length;t.length+=u;var c=t.length<t.highWaterMark;c||(t.needDrain=!0);if(t.writing||t.corked){var l=t.lastBufferedRequest;t.lastBufferedRequest={chunk:n,encoding:o,isBuf:r,callback:i,next:null},l?l.next=t.lastBufferedRequest:t.bufferedRequest=t.lastBufferedRequest,t.bufferedRequestCount+=1}else k(e,t,!1,u,n,o,i);return c}(this,o,a,e,t,r)),i},T.prototype.cork=function(){this._writableState.corked++},T.prototype.uncork=function(){var e=this._writableState;e.corked&&(e.corked--,e.writing||e.corked||e.bufferProcessing||!e.bufferedRequest||A(this,e))},T.prototype.setDefaultEncoding=function(e){if("string"==typeof e&&(e=e.toLowerCase()),!(["hex","utf8","utf-8","ascii","binary","base64","ucs2","ucs-2","utf16le","utf-16le","raw"].indexOf((e+"").toLowerCase())>-1))throw new w(e);return this._writableState.defaultEncoding=e,this},Object.defineProperty(T.prototype,"writableBuffer",{enumerable:!1,get:function(){return this._writableState&&this._writableState.getBuffer()}}),Object.defineProperty(T.prototype,"writableHighWaterMark",{enumerable:!1,get:function(){return this._writableState.highWaterMark}}),T.prototype._write=function(e,t,r){r(new h("_write()"))},T.prototype._writev=null,T.prototype.end=function(e,t,r){var n=this._writableState;return"function"==typeof e?(r=e,e=null,t=null):"function"==typeof t&&(r=t,t=null),null!=e&&this.write(e,t),n.corked&&(n.corked=1,this.uncork()),n.ending||function(e,t,r){t.ending=!0,R(e,t),r&&(t.finished?process.nextTick(r):e.once("finish",r));t.ended=!0,e.writable=!1}(this,n,r),this},Object.defineProperty(T.prototype,"writableLength",{enumerable:!1,get:function(){return this._writableState.length}}),Object.defineProperty(T.prototype,"destroyed",{enumerable:!1,get:function(){return void 0!==this._writableState&&this._writableState.destroyed},set:function(e){this._writableState&&(this._writableState.destroyed=e)}}),T.prototype.destroy=l.destroy,T.prototype._undestroy=l.undestroy,T.prototype._destroy=function(e,t){t(e)}},5850:(e,t,r)=>{"use strict";var n;function o(e,t,r){return(t=function(e){var t=function(e,t){if("object"!=typeof e||null===e)return e;var r=e[Symbol.toPrimitive];if(void 0!==r){var n=r.call(e,t||"default");if("object"!=typeof n)return n;throw new TypeError("@@toPrimitive must return a primitive value.")}return("string"===t?String:Number)(e)}(e,"string");return"symbol"==typeof t?t:String(t)}(t))in e?Object.defineProperty(e,t,{value:r,enumerable:!0,configurable:!0,writable:!0}):e[t]=r,e}var i=r(8610),a=Symbol("lastResolve"),s=Symbol("lastReject"),u=Symbol("error"),c=Symbol("ended"),l=Symbol("lastPromise"),f=Symbol("handlePromise"),p=Symbol("stream");function d(e,t){return{value:e,done:t}}function h(e){var t=e[a];if(null!==t){var r=e[p].read();null!==r&&(e[l]=null,e[a]=null,e[s]=null,t(d(r,!1)))}}function y(e){process.nextTick(h,e)}var m=Object.getPrototypeOf((function(){})),v=Object.setPrototypeOf((o(n={get stream(){return this[p]},next:function(){var e=this,t=this[u];if(null!==t)return Promise.reject(t);if(this[c])return Promise.resolve(d(void 0,!0));if(this[p].destroyed)return new Promise((function(t,r){process.nextTick((function(){e[u]?r(e[u]):t(d(void 0,!0))}))}));var r,n=this[l];if(n)r=new Promise(function(e,t){return function(r,n){e.then((function(){t[c]?r(d(void 0,!0)):t[f](r,n)}),n)}}(n,this));else{var o=this[p].read();if(null!==o)return Promise.resolve(d(o,!1));r=new Promise(this[f])}return this[l]=r,r}},Symbol.asyncIterator,(function(){return this})),o(n,"return",(function(){var e=this;return new Promise((function(t,r){e[p].destroy(null,(function(e){e?r(e):t(d(void 0,!0))}))}))})),n),m);e.exports=function(e){var t,r=Object.create(v,(o(t={},p,{value:e,writable:!0}),o(t,a,{value:null,writable:!0}),o(t,s,{value:null,writable:!0}),o(t,u,{value:null,writable:!0}),o(t,c,{value:e._readableState.endEmitted,writable:!0}),o(t,f,{value:function(e,t){var n=r[p].read();n?(r[l]=null,r[a]=null,r[s]=null,e(d(n,!1))):(r[a]=e,r[s]=t)},writable:!0}),t));return r[l]=null,i(e,(function(e){if(e&&"ERR_STREAM_PREMATURE_CLOSE"!==e.code){var t=r[s];return null!==t&&(r[l]=null,r[a]=null,r[s]=null,t(e)),void(r[u]=e)}var n=r[a];null!==n&&(r[l]=null,r[a]=null,r[s]=null,n(d(void 0,!0))),r[c]=!0})),e.on("readable",y.bind(null,r)),r}},7327:(e,t,r)=>{"use strict";function n(e,t){var r=Object.keys(e);if(Object.getOwnPropertySymbols){var n=Object.getOwnPropertySymbols(e);t&&(n=n.filter((function(t){return Object.getOwnPropertyDescriptor(e,t).enumerable}))),r.push.apply(r,n)}return r}function o(e){for(var t=1;t<arguments.length;t++){var r=null!=arguments[t]?arguments[t]:{};t%2?n(Object(r),!0).forEach((function(t){i(e,t,r[t])})):Object.getOwnPropertyDescriptors?Object.defineProperties(e,Object.getOwnPropertyDescriptors(r)):n(Object(r)).forEach((function(t){Object.defineProperty(e,t,Object.getOwnPropertyDescriptor(r,t))}))}return e}function i(e,t,r){return(t=s(t))in e?Object.defineProperty(e,t,{value:r,enumerable:!0,configurable:!0,writable:!0}):e[t]=r,e}function a(e,t){for(var r=0;r<t.length;r++){var n=t[r];n.enumerable=n.enumerable||!1,n.configurable=!0,"value"in n&&(n.writable=!0),Object.defineProperty(e,s(n.key),n)}}function s(e){var t=function(e,t){if("object"!=typeof e||null===e)return e;var r=e[Symbol.toPrimitive];if(void 0!==r){var n=r.call(e,t||"default");if("object"!=typeof n)return n;throw new TypeError("@@toPrimitive must return a primitive value.")}return("string"===t?String:Number)(e)}(e,"string");return"symbol"==typeof t?t:String(t)}var u=r(8764).Buffer,c=r(2361).inspect,l=c&&c.custom||"inspect";e.exports=function(){function e(){!function(e,t){if(!(e instanceof t))throw new TypeError("Cannot call a class as a function")}(this,e),this.head=null,this.tail=null,this.length=0}var t,r,n;return t=e,(r=[{key:"push",value:function(e){var t={data:e,next:null};this.length>0?this.tail.next=t:this.head=t,this.tail=t,++this.length}},{key:"unshift",value:function(e){var t={data:e,next:this.head};0===this.length&&(this.tail=t),this.head=t,++this.length}},{key:"shift",value:function(){if(0!==this.length){var e=this.head.data;return 1===this.length?this.head=this.tail=null:this.head=this.head.next,--this.length,e}}},{key:"clear",value:function(){this.head=this.tail=null,this.length=0}},{key:"join",value:function(e){if(0===this.length)return"";for(var t=this.head,r=""+t.data;t=t.next;)r+=e+t.data;return r}},{key:"concat",value:function(e){if(0===this.length)return u.alloc(0);for(var t,r,n,o=u.allocUnsafe(e>>>0),i=this.head,a=0;i;)t=i.data,r=o,n=a,u.prototype.copy.call(t,r,n),a+=i.data.length,i=i.next;return o}},{key:"consume",value:function(e,t){var r;return e<this.head.data.length?(r=this.head.data.slice(0,e),this.head.data=this.head.data.slice(e)):r=e===this.head.data.length?this.shift():t?this._getString(e):this._getBuffer(e),r}},{key:"first",value:function(){return this.head.data}},{key:"_getString",value:function(e){var t=this.head,r=1,n=t.data;for(e-=n.length;t=t.next;){var o=t.data,i=e>o.length?o.length:e;if(i===o.length?n+=o:n+=o.slice(0,e),0==(e-=i)){i===o.length?(++r,t.next?this.head=t.next:this.head=this.tail=null):(this.head=t,t.data=o.slice(i));break}++r}return this.length-=r,n}},{key:"_getBuffer",value:function(e){var t=u.allocUnsafe(e),r=this.head,n=1;for(r.data.copy(t),e-=r.data.length;r=r.next;){var o=r.data,i=e>o.length?o.length:e;if(o.copy(t,t.length-e,0,i),0==(e-=i)){i===o.length?(++n,r.next?this.head=r.next:this.head=this.tail=null):(this.head=r,r.data=o.slice(i));break}++n}return this.length-=n,t}},{key:l,value:function(e,t){return c(this,o(o({},t),{},{depth:0,customInspect:!1}))}}])&&a(t.prototype,r),n&&a(t,n),Object.defineProperty(t,"prototype",{writable:!1}),e}()},1195:e=>{"use strict";function t(e,t){n(e,t),r(e)}function r(e){e._writableState&&!e._writableState.emitClose||e._readableState&&!e._readableState.emitClose||e.emit("close")}function n(e,t){e.emit("error",t)}e.exports={destroy:function(e,o){var i=this,a=this._readableState&&this._readableState.destroyed,s=this._writableState&&this._writableState.destroyed;return a||s?(o?o(e):e&&(this._writableState?this._writableState.errorEmitted||(this._writableState.errorEmitted=!0,process.nextTick(n,this,e)):process.nextTick(n,this,e)),this):(this._readableState&&(this._readableState.destroyed=!0),this._writableState&&(this._writableState.destroyed=!0),this._destroy(e||null,(function(e){!o&&e?i._writableState?i._writableState.errorEmitted?process.nextTick(r,i):(i._writableState.errorEmitted=!0,process.nextTick(t,i,e)):process.nextTick(t,i,e):o?(process.nextTick(r,i),o(e)):process.nextTick(r,i)})),this)},undestroy:function(){this._readableState&&(this._readableState.destroyed=!1,this._readableState.reading=!1,this._readableState.ended=!1,this._readableState.endEmitted=!1),this._writableState&&(this._writableState.destroyed=!1,this._writableState.ended=!1,this._writableState.ending=!1,this._writableState.finalCalled=!1,this._writableState.prefinished=!1,this._writableState.finished=!1,this._writableState.errorEmitted=!1)},errorOrDestroy:function(e,t){var r=e._readableState,n=e._writableState;r&&r.autoDestroy||n&&n.autoDestroy?e.destroy(t):e.emit("error",t)}}},8610:(e,t,r)=>{"use strict";var n=r(4281).q.ERR_STREAM_PREMATURE_CLOSE;function o(){}e.exports=function e(t,r,i){if("function"==typeof r)return e(t,null,r);r||(r={}),i=function(e){var t=!1;return function(){if(!t){t=!0;for(var r=arguments.length,n=new Array(r),o=0;o<r;o++)n[o]=arguments[o];e.apply(this,n)}}}(i||o);var a=r.readable||!1!==r.readable&&t.readable,s=r.writable||!1!==r.writable&&t.writable,u=function(){t.writable||l()},c=t._writableState&&t._writableState.finished,l=function(){s=!1,c=!0,a||i.call(t)},f=t._readableState&&t._readableState.endEmitted,p=function(){a=!1,f=!0,s||i.call(t)},d=function(e){i.call(t,e)},h=function(){var e;return a&&!f?(t._readableState&&t._readableState.ended||(e=new n),i.call(t,e)):s&&!c?(t._writableState&&t._writableState.ended||(e=new n),i.call(t,e)):void 0},y=function(){t.req.on("finish",l)};return!function(e){return e.setHeader&&"function"==typeof e.abort}(t)?s&&!t._writableState&&(t.on("end",u),t.on("close",u)):(t.on("complete",l),t.on("abort",h),t.req?y():t.on("request",y)),t.on("end",p),t.on("finish",l),!1!==r.error&&t.on("error",d),t.on("close",h),function(){t.removeListener("complete",l),t.removeListener("abort",h),t.removeListener("request",y),t.req&&t.req.removeListener("finish",l),t.removeListener("end",u),t.removeListener("close",u),t.removeListener("finish",l),t.removeListener("end",p),t.removeListener("error",d),t.removeListener("close",h)}}},5167:e=>{e.exports=function(){throw new Error("Readable.from is not available in the browser")}},9946:(e,t,r)=>{"use strict";var n;var o=r(4281).q,i=o.ERR_MISSING_ARGS,a=o.ERR_STREAM_DESTROYED;function s(e){if(e)throw e}function u(e){e()}function c(e,t){return e.pipe(t)}e.exports=function(){for(var e=arguments.length,t=new Array(e),o=0;o<e;o++)t[o]=arguments[o];var l,f=function(e){return e.length?"function"!=typeof e[e.length-1]?s:e.pop():s}(t);if(Array.isArray(t[0])&&(t=t[0]),t.length<2)throw new i("streams");var p=t.map((function(e,o){var i=o<t.length-1;return function(e,t,o,i){i=function(e){var t=!1;return function(){t||(t=!0,e.apply(void 0,arguments))}}(i);var s=!1;e.on("close",(function(){s=!0})),void 0===n&&(n=r(8610)),n(e,{readable:t,writable:o},(function(e){if(e)return i(e);s=!0,i()}));var u=!1;return function(t){if(!s&&!u)return u=!0,function(e){return e.setHeader&&"function"==typeof e.abort}(e)?e.abort():"function"==typeof e.destroy?e.destroy():void i(t||new a("pipe"))}}(e,i,o>0,(function(e){l||(l=e),e&&p.forEach(u),i||(p.forEach(u),f(l))}))}));return t.reduce(c)}},2457:(e,t,r)=>{"use strict";var n=r(4281).q.ERR_INVALID_OPT_VALUE;e.exports={getHighWaterMark:function(e,t,r,o){var i=function(e,t,r){return null!=e.highWaterMark?e.highWaterMark:t?e[r]:null}(t,o,r);if(null!=i){if(!isFinite(i)||Math.floor(i)!==i||i<0)throw new n(o?r:"highWaterMark",i);return Math.floor(i)}return e.objectMode?16:16384}}},2503:(e,t,r)=>{e.exports=r(7187).EventEmitter},8473:(e,t,r)=>{(t=e.exports=r(9481)).Stream=t,t.Readable=t,t.Writable=r(4229),t.Duplex=r(6753),t.Transform=r(4605),t.PassThrough=r(2725),t.finished=r(8610),t.pipeline=r(9946)},9509:(e,t,r)=>{var n=r(8764),o=n.Buffer;function i(e,t){for(var r in e)t[r]=e[r]}function a(e,t,r){return o(e,t,r)}o.from&&o.alloc&&o.allocUnsafe&&o.allocUnsafeSlow?e.exports=n:(i(n,t),t.Buffer=a),a.prototype=Object.create(o.prototype),i(o,a),a.from=function(e,t,r){if("number"==typeof e)throw new TypeError("Argument must not be a number");return o(e,t,r)},a.alloc=function(e,t,r){if("number"!=typeof e)throw new TypeError("Argument must be a number");var n=o(e);return void 0!==t?"string"==typeof r?n.fill(t,r):n.fill(t):n.fill(0),n},a.allocUnsafe=function(e){if("number"!=typeof e)throw new TypeError("Argument must be a number");return o(e)},a.allocUnsafeSlow=function(e){if("number"!=typeof e)throw new TypeError("Argument must be a number");return n.SlowBuffer(e)}},7771:(e,t,r)=>{"use strict";var n=r(210),o=r(2296),i=r(1044)(),a=r(7296),s=n("%TypeError%"),u=n("%Math.floor%");e.exports=function(e,t){if("function"!=typeof e)throw new s("`fn` is not a function");if("number"!=typeof t||t<0||t>4294967295||u(t)!==t)throw new s("`length` must be a positive 32-bit integer");var r=arguments.length>2&&!!arguments[2],n=!0,c=!0;if("length"in e&&a){var l=a(e,"length");l&&!l.configurable&&(n=!1),l&&!l.writable&&(c=!1)}return(n||c||!r)&&(i?o(e,"length",t,!0,!0):o(e,"length",t)),e}},4189:(e,t,r)=>{var n=r(9509).Buffer;function o(e,t){this._block=n.alloc(e),this._finalSize=t,this._blockSize=e,this._len=0}o.prototype.update=function(e,t){"string"==typeof e&&(t=t||"utf8",e=n.from(e,t));for(var r=this._block,o=this._blockSize,i=e.length,a=this._len,s=0;s<i;){for(var u=a%o,c=Math.min(i-s,o-u),l=0;l<c;l++)r[u+l]=e[s+l];s+=c,(a+=c)%o==0&&this._update(r)}return this._len+=i,this},o.prototype.digest=function(e){var t=this._len%this._blockSize;this._block[t]=128,this._block.fill(0,t+1),t>=this._finalSize&&(this._update(this._block),this._block.fill(0));var r=8*this._len;if(r<=4294967295)this._block.writeUInt32BE(r,this._blockSize-4);else{var n=(4294967295&r)>>>0,o=(r-n)/4294967296;this._block.writeUInt32BE(o,this._blockSize-8),this._block.writeUInt32BE(n,this._blockSize-4)}this._update(this._block);var i=this._hash();return e?i.toString(e):i},o.prototype._update=function(){throw new Error("_update must be implemented by subclass")},e.exports=o},9072:(e,t,r)=>{var n=e.exports=function(e){e=e.toLowerCase();var t=n[e];if(!t)throw new Error(e+" is not supported (we accept pull requests)");return new t};n.sha=r(4448),n.sha1=r(8336),n.sha224=r(8432),n.sha256=r(7499),n.sha384=r(1686),n.sha512=r(7816)},4448:(e,t,r)=>{var n=r(5717),o=r(4189),i=r(9509).Buffer,a=[1518500249,1859775393,-1894007588,-899497514],s=new Array(80);function u(){this.init(),this._w=s,o.call(this,64,56)}function c(e){return e<<30|e>>>2}function l(e,t,r,n){return 0===e?t&r|~t&n:2===e?t&r|t&n|r&n:t^r^n}n(u,o),u.prototype.init=function(){return this._a=1732584193,this._b=4023233417,this._c=2562383102,this._d=271733878,this._e=3285377520,this},u.prototype._update=function(e){for(var t,r=this._w,n=0|this._a,o=0|this._b,i=0|this._c,s=0|this._d,u=0|this._e,f=0;f<16;++f)r[f]=e.readInt32BE(4*f);for(;f<80;++f)r[f]=r[f-3]^r[f-8]^r[f-14]^r[f-16];for(var p=0;p<80;++p){var d=~~(p/20),h=0|((t=n)<<5|t>>>27)+l(d,o,i,s)+u+r[p]+a[d];u=s,s=i,i=c(o),o=n,n=h}this._a=n+this._a|0,this._b=o+this._b|0,this._c=i+this._c|0,this._d=s+this._d|0,this._e=u+this._e|0},u.prototype._hash=function(){var e=i.allocUnsafe(20);return e.writeInt32BE(0|this._a,0),e.writeInt32BE(0|this._b,4),e.writeInt32BE(0|this._c,8),e.writeInt32BE(0|this._d,12),e.writeInt32BE(0|this._e,16),e},e.exports=u},8336:(e,t,r)=>{var n=r(5717),o=r(4189),i=r(9509).Buffer,a=[1518500249,1859775393,-1894007588,-899497514],s=new Array(80);function u(){this.init(),this._w=s,o.call(this,64,56)}function c(e){return e<<5|e>>>27}function l(e){return e<<30|e>>>2}function f(e,t,r,n){return 0===e?t&r|~t&n:2===e?t&r|t&n|r&n:t^r^n}n(u,o),u.prototype.init=function(){return this._a=1732584193,this._b=4023233417,this._c=2562383102,this._d=271733878,this._e=3285377520,this},u.prototype._update=function(e){for(var t,r=this._w,n=0|this._a,o=0|this._b,i=0|this._c,s=0|this._d,u=0|this._e,p=0;p<16;++p)r[p]=e.readInt32BE(4*p);for(;p<80;++p)r[p]=(t=r[p-3]^r[p-8]^r[p-14]^r[p-16])<<1|t>>>31;for(var d=0;d<80;++d){var h=~~(d/20),y=c(n)+f(h,o,i,s)+u+r[d]+a[h]|0;u=s,s=i,i=l(o),o=n,n=y}this._a=n+this._a|0,this._b=o+this._b|0,this._c=i+this._c|0,this._d=s+this._d|0,this._e=u+this._e|0},u.prototype._hash=function(){var e=i.allocUnsafe(20);return e.writeInt32BE(0|this._a,0),e.writeInt32BE(0|this._b,4),e.writeInt32BE(0|this._c,8),e.writeInt32BE(0|this._d,12),e.writeInt32BE(0|this._e,16),e},e.exports=u},8432:(e,t,r)=>{var n=r(5717),o=r(7499),i=r(4189),a=r(9509).Buffer,s=new Array(64);function u(){this.init(),this._w=s,i.call(this,64,56)}n(u,o),u.prototype.init=function(){return this._a=3238371032,this._b=914150663,this._c=812702999,this._d=4144912697,this._e=4290775857,this._f=1750603025,this._g=1694076839,this._h=3204075428,this},u.prototype._hash=function(){var e=a.allocUnsafe(28);return e.writeInt32BE(this._a,0),e.writeInt32BE(this._b,4),e.writeInt32BE(this._c,8),e.writeInt32BE(this._d,12),e.writeInt32BE(this._e,16),e.writeInt32BE(this._f,20),e.writeInt32BE(this._g,24),e},e.exports=u},7499:(e,t,r)=>{var n=r(5717),o=r(4189),i=r(9509).Buffer,a=[1116352408,1899447441,3049323471,3921009573,961987163,1508970993,2453635748,2870763221,3624381080,310598401,607225278,1426881987,1925078388,2162078206,2614888103,3248222580,3835390401,4022224774,264347078,604807628,770255983,1249150122,1555081692,1996064986,2554220882,2821834349,2952996808,3210313671,3336571891,3584528711,113926993,338241895,666307205,773529912,1294757372,1396182291,1695183700,1986661051,2177026350,2456956037,2730485921,2820302411,3259730800,3345764771,3516065817,3600352804,4094571909,275423344,430227734,506948616,659060556,883997877,958139571,1322822218,1537002063,1747873779,1955562222,2024104815,2227730452,2361852424,2428436474,2756734187,3204031479,3329325298],s=new Array(64);function u(){this.init(),this._w=s,o.call(this,64,56)}function c(e,t,r){return r^e&(t^r)}function l(e,t,r){return e&t|r&(e|t)}function f(e){return(e>>>2|e<<30)^(e>>>13|e<<19)^(e>>>22|e<<10)}function p(e){return(e>>>6|e<<26)^(e>>>11|e<<21)^(e>>>25|e<<7)}function d(e){return(e>>>7|e<<25)^(e>>>18|e<<14)^e>>>3}n(u,o),u.prototype.init=function(){return this._a=1779033703,this._b=3144134277,this._c=1013904242,this._d=2773480762,this._e=1359893119,this._f=2600822924,this._g=528734635,this._h=1541459225,this},u.prototype._update=function(e){for(var t,r=this._w,n=0|this._a,o=0|this._b,i=0|this._c,s=0|this._d,u=0|this._e,h=0|this._f,y=0|this._g,m=0|this._h,v=0;v<16;++v)r[v]=e.readInt32BE(4*v);for(;v<64;++v)r[v]=0|(((t=r[v-2])>>>17|t<<15)^(t>>>19|t<<13)^t>>>10)+r[v-7]+d(r[v-15])+r[v-16];for(var g=0;g<64;++g){var b=m+p(u)+c(u,h,y)+a[g]+r[g]|0,w=f(n)+l(n,o,i)|0;m=y,y=h,h=u,u=s+b|0,s=i,i=o,o=n,n=b+w|0}this._a=n+this._a|0,this._b=o+this._b|0,this._c=i+this._c|0,this._d=s+this._d|0,this._e=u+this._e|0,this._f=h+this._f|0,this._g=y+this._g|0,this._h=m+this._h|0},u.prototype._hash=function(){var e=i.allocUnsafe(32);return e.writeInt32BE(this._a,0),e.writeInt32BE(this._b,4),e.writeInt32BE(this._c,8),e.writeInt32BE(this._d,12),e.writeInt32BE(this._e,16),e.writeInt32BE(this._f,20),e.writeInt32BE(this._g,24),e.writeInt32BE(this._h,28),e},e.exports=u},1686:(e,t,r)=>{var n=r(5717),o=r(7816),i=r(4189),a=r(9509).Buffer,s=new Array(160);function u(){this.init(),this._w=s,i.call(this,128,112)}n(u,o),u.prototype.init=function(){return this._ah=3418070365,this._bh=1654270250,this._ch=2438529370,this._dh=355462360,this._eh=1731405415,this._fh=2394180231,this._gh=3675008525,this._hh=1203062813,this._al=3238371032,this._bl=914150663,this._cl=812702999,this._dl=4144912697,this._el=4290775857,this._fl=1750603025,this._gl=1694076839,this._hl=3204075428,this},u.prototype._hash=function(){var e=a.allocUnsafe(48);function t(t,r,n){e.writeInt32BE(t,n),e.writeInt32BE(r,n+4)}return t(this._ah,this._al,0),t(this._bh,this._bl,8),t(this._ch,this._cl,16),t(this._dh,this._dl,24),t(this._eh,this._el,32),t(this._fh,this._fl,40),e},e.exports=u},7816:(e,t,r)=>{var n=r(5717),o=r(4189),i=r(9509).Buffer,a=[1116352408,3609767458,1899447441,602891725,3049323471,3964484399,3921009573,2173295548,961987163,4081628472,1508970993,3053834265,2453635748,2937671579,2870763221,3664609560,3624381080,2734883394,310598401,1164996542,607225278,1323610764,1426881987,3590304994,1925078388,4068182383,2162078206,991336113,2614888103,633803317,3248222580,3479774868,3835390401,2666613458,4022224774,944711139,264347078,2341262773,604807628,2007800933,770255983,1495990901,1249150122,1856431235,1555081692,3175218132,1996064986,2198950837,2554220882,3999719339,2821834349,766784016,2952996808,2566594879,3210313671,3203337956,3336571891,1034457026,3584528711,2466948901,113926993,3758326383,338241895,168717936,666307205,1188179964,773529912,1546045734,1294757372,1522805485,1396182291,2643833823,1695183700,2343527390,1986661051,1014477480,2177026350,1206759142,2456956037,344077627,2730485921,1290863460,2820302411,3158454273,3259730800,3505952657,3345764771,106217008,3516065817,3606008344,3600352804,1432725776,4094571909,1467031594,275423344,851169720,430227734,3100823752,506948616,1363258195,659060556,3750685593,883997877,3785050280,958139571,3318307427,1322822218,3812723403,1537002063,2003034995,1747873779,3602036899,1955562222,1575990012,2024104815,1125592928,2227730452,2716904306,2361852424,442776044,2428436474,593698344,2756734187,3733110249,3204031479,2999351573,3329325298,3815920427,3391569614,3928383900,3515267271,566280711,3940187606,3454069534,4118630271,4000239992,116418474,1914138554,174292421,2731055270,289380356,3203993006,460393269,320620315,685471733,587496836,852142971,1086792851,1017036298,365543100,1126000580,2618297676,1288033470,3409855158,1501505948,4234509866,1607167915,987167468,1816402316,1246189591],s=new Array(160);function u(){this.init(),this._w=s,o.call(this,128,112)}function c(e,t,r){return r^e&(t^r)}function l(e,t,r){return e&t|r&(e|t)}function f(e,t){return(e>>>28|t<<4)^(t>>>2|e<<30)^(t>>>7|e<<25)}function p(e,t){return(e>>>14|t<<18)^(e>>>18|t<<14)^(t>>>9|e<<23)}function d(e,t){return(e>>>1|t<<31)^(e>>>8|t<<24)^e>>>7}function h(e,t){return(e>>>1|t<<31)^(e>>>8|t<<24)^(e>>>7|t<<25)}function y(e,t){return(e>>>19|t<<13)^(t>>>29|e<<3)^e>>>6}function m(e,t){return(e>>>19|t<<13)^(t>>>29|e<<3)^(e>>>6|t<<26)}function v(e,t){return e>>>0<t>>>0?1:0}n(u,o),u.prototype.init=function(){return this._ah=1779033703,this._bh=3144134277,this._ch=1013904242,this._dh=2773480762,this._eh=1359893119,this._fh=2600822924,this._gh=528734635,this._hh=1541459225,this._al=4089235720,this._bl=2227873595,this._cl=4271175723,this._dl=1595750129,this._el=2917565137,this._fl=725511199,this._gl=4215389547,this._hl=327033209,this},u.prototype._update=function(e){for(var t=this._w,r=0|this._ah,n=0|this._bh,o=0|this._ch,i=0|this._dh,s=0|this._eh,u=0|this._fh,g=0|this._gh,b=0|this._hh,w=0|this._al,S=0|this._bl,_=0|this._cl,E=0|this._dl,T=0|this._el,k=0|this._fl,O=0|this._gl,A=0|this._hl,x=0;x<32;x+=2)t[x]=e.readInt32BE(4*x),t[x+1]=e.readInt32BE(4*x+4);for(;x<160;x+=2){var P=t[x-30],R=t[x-30+1],I=d(P,R),C=h(R,P),j=y(P=t[x-4],R=t[x-4+1]),B=m(R,P),L=t[x-14],N=t[x-14+1],U=t[x-32],M=t[x-32+1],F=C+N|0,D=I+L+v(F,C)|0;D=(D=D+j+v(F=F+B|0,B)|0)+U+v(F=F+M|0,M)|0,t[x]=D,t[x+1]=F}for(var V=0;V<160;V+=2){D=t[V],F=t[V+1];var q=l(r,n,o),K=l(w,S,_),H=f(r,w),z=f(w,r),X=p(s,T),$=p(T,s),W=a[V],G=a[V+1],Q=c(s,u,g),Y=c(T,k,O),J=A+$|0,Z=b+X+v(J,A)|0;Z=(Z=(Z=Z+Q+v(J=J+Y|0,Y)|0)+W+v(J=J+G|0,G)|0)+D+v(J=J+F|0,F)|0;var ee=z+K|0,te=H+q+v(ee,z)|0;b=g,A=O,g=u,O=k,u=s,k=T,s=i+Z+v(T=E+J|0,E)|0,i=o,E=_,o=n,_=S,n=r,S=w,r=Z+te+v(w=J+ee|0,J)|0}this._al=this._al+w|0,this._bl=this._bl+S|0,this._cl=this._cl+_|0,this._dl=this._dl+E|0,this._el=this._el+T|0,this._fl=this._fl+k|0,this._gl=this._gl+O|0,this._hl=this._hl+A|0,this._ah=this._ah+r+v(this._al,w)|0,this._bh=this._bh+n+v(this._bl,S)|0,this._ch=this._ch+o+v(this._cl,_)|0,this._dh=this._dh+i+v(this._dl,E)|0,this._eh=this._eh+s+v(this._el,T)|0,this._fh=this._fh+u+v(this._fl,k)|0,this._gh=this._gh+g+v(this._gl,O)|0,this._hh=this._hh+b+v(this._hl,A)|0},u.prototype._hash=function(){var e=i.allocUnsafe(64);function t(t,r,n){e.writeInt32BE(t,n),e.writeInt32BE(r,n+4)}return t(this._ah,this._al,0),t(this._bh,this._bl,8),t(this._ch,this._cl,16),t(this._dh,this._dl,24),t(this._eh,this._el,32),t(this._fh,this._fl,40),t(this._gh,this._gl,48),t(this._hh,this._hl,56),e},e.exports=u},7478:(e,t,r)=>{"use strict";var n=r(210),o=r(1924),i=r(631),a=n("%TypeError%"),s=n("%WeakMap%",!0),u=n("%Map%",!0),c=o("WeakMap.prototype.get",!0),l=o("WeakMap.prototype.set",!0),f=o("WeakMap.prototype.has",!0),p=o("Map.prototype.get",!0),d=o("Map.prototype.set",!0),h=o("Map.prototype.has",!0),y=function(e,t){for(var r,n=e;null!==(r=n.next);n=r)if(r.key===t)return n.next=r.next,r.next=e.next,e.next=r,r};e.exports=function(){var e,t,r,n={assert:function(e){if(!n.has(e))throw new a("Side channel does not contain "+i(e))},get:function(n){if(s&&n&&("object"==typeof n||"function"==typeof n)){if(e)return c(e,n)}else if(u){if(t)return p(t,n)}else if(r)return function(e,t){var r=y(e,t);return r&&r.value}(r,n)},has:function(n){if(s&&n&&("object"==typeof n||"function"==typeof n)){if(e)return f(e,n)}else if(u){if(t)return h(t,n)}else if(r)return function(e,t){return!!y(e,t)}(r,n);return!1},set:function(n,o){s&&n&&("object"==typeof n||"function"==typeof n)?(e||(e=new s),l(e,n,o)):u?(t||(t=new u),d(t,n,o)):(r||(r={key:{},next:null}),function(e,t,r){var n=y(e,t);n?n.value=r:e.next={key:t,next:e.next,value:r}}(r,n,o))}};return n}},8501:(e,t,r)=>{var n=r(1989),o=r(5676),i=r(7529),a=r(584),s=r(8575),u=t;u.request=function(e,t){e="string"==typeof e?s.parse(e):i(e);var o=-1===r.g.location.protocol.search(/^https?:$/)?"http:":"",a=e.protocol||o,u=e.hostname||e.host,c=e.port,l=e.path||"/";u&&-1!==u.indexOf(":")&&(u="["+u+"]"),e.url=(u?a+"//"+u:"")+(c?":"+c:"")+l,e.method=(e.method||"GET").toUpperCase(),e.headers=e.headers||{};var f=new n(e);return t&&f.on("response",t),f},u.get=function(e,t){var r=u.request(e,t);return r.end(),r},u.ClientRequest=n,u.IncomingMessage=o.IncomingMessage,u.Agent=function(){},u.Agent.defaultMaxSockets=4,u.globalAgent=new u.Agent,u.STATUS_CODES=a,u.METHODS=["CHECKOUT","CONNECT","COPY","DELETE","GET","HEAD","LOCK","M-SEARCH","MERGE","MKACTIVITY","MKCOL","MOVE","NOTIFY","OPTIONS","PATCH","POST","PROPFIND","PROPPATCH","PURGE","PUT","REPORT","SEARCH","SUBSCRIBE","TRACE","UNLOCK","UNSUBSCRIBE"]},8725:(e,t,r)=>{var n;function o(){if(void 0!==n)return n;if(r.g.XMLHttpRequest){n=new r.g.XMLHttpRequest;try{n.open("GET",r.g.XDomainRequest?"/":"https://example.com")}catch(e){n=null}}else n=null;return n}function i(e){var t=o();if(!t)return!1;try{return t.responseType=e,t.responseType===e}catch(e){}return!1}function a(e){return"function"==typeof e}t.fetch=a(r.g.fetch)&&a(r.g.ReadableStream),t.writableStream=a(r.g.WritableStream),t.abortController=a(r.g.AbortController),t.arraybuffer=t.fetch||i("arraybuffer"),t.msstream=!t.fetch&&i("ms-stream"),t.mozchunkedarraybuffer=!t.fetch&&i("moz-chunked-arraybuffer"),t.overrideMimeType=t.fetch||!!o()&&a(o().overrideMimeType),n=null},1989:(e,t,r)=>{var n=r(8764).Buffer,o=r(8725),i=r(5717),a=r(5676),s=r(8473),u=a.IncomingMessage,c=a.readyStates;var l=e.exports=function(e){var t,r=this;s.Writable.call(r),r._opts=e,r._body=[],r._headers={},e.auth&&r.setHeader("Authorization","Basic "+n.from(e.auth).toString("base64")),Object.keys(e.headers).forEach((function(t){r.setHeader(t,e.headers[t])}));var i=!0;if("disable-fetch"===e.mode||"requestTimeout"in e&&!o.abortController)i=!1,t=!0;else if("prefer-streaming"===e.mode)t=!1;else if("allow-wrong-content-type"===e.mode)t=!o.overrideMimeType;else{if(e.mode&&"default"!==e.mode&&"prefer-fast"!==e.mode)throw new Error("Invalid value for opts.mode");t=!0}r._mode=function(e,t){return o.fetch&&t?"fetch":o.mozchunkedarraybuffer?"moz-chunked-arraybuffer":o.msstream?"ms-stream":o.arraybuffer&&e?"arraybuffer":"text"}(t,i),r._fetchTimer=null,r._socketTimeout=null,r._socketTimer=null,r.on("finish",(function(){r._onFinish()}))};i(l,s.Writable),l.prototype.setHeader=function(e,t){var r=e.toLowerCase();-1===f.indexOf(r)&&(this._headers[r]={name:e,value:t})},l.prototype.getHeader=function(e){var t=this._headers[e.toLowerCase()];return t?t.value:null},l.prototype.removeHeader=function(e){delete this._headers[e.toLowerCase()]},l.prototype._onFinish=function(){var e=this;if(!e._destroyed){var t=e._opts;"timeout"in t&&0!==t.timeout&&e.setTimeout(t.timeout);var n=e._headers,i=null;"GET"!==t.method&&"HEAD"!==t.method&&(i=new Blob(e._body,{type:(n["content-type"]||{}).value||""}));var a=[];if(Object.keys(n).forEach((function(e){var t=n[e].name,r=n[e].value;Array.isArray(r)?r.forEach((function(e){a.push([t,e])})):a.push([t,r])})),"fetch"===e._mode){var s=null;if(o.abortController){var u=new AbortController;s=u.signal,e._fetchAbortController=u,"requestTimeout"in t&&0!==t.requestTimeout&&(e._fetchTimer=r.g.setTimeout((function(){e.emit("requestTimeout"),e._fetchAbortController&&e._fetchAbortController.abort()}),t.requestTimeout))}r.g.fetch(e._opts.url,{method:e._opts.method,headers:a,body:i||void 0,mode:"cors",credentials:t.withCredentials?"include":"same-origin",signal:s}).then((function(t){e._fetchResponse=t,e._resetTimers(!1),e._connect()}),(function(t){e._resetTimers(!0),e._destroyed||e.emit("error",t)}))}else{var l=e._xhr=new r.g.XMLHttpRequest;try{l.open(e._opts.method,e._opts.url,!0)}catch(t){return void process.nextTick((function(){e.emit("error",t)}))}"responseType"in l&&(l.responseType=e._mode),"withCredentials"in l&&(l.withCredentials=!!t.withCredentials),"text"===e._mode&&"overrideMimeType"in l&&l.overrideMimeType("text/plain; charset=x-user-defined"),"requestTimeout"in t&&(l.timeout=t.requestTimeout,l.ontimeout=function(){e.emit("requestTimeout")}),a.forEach((function(e){l.setRequestHeader(e[0],e[1])})),e._response=null,l.onreadystatechange=function(){switch(l.readyState){case c.LOADING:case c.DONE:e._onXHRProgress()}},"moz-chunked-arraybuffer"===e._mode&&(l.onprogress=function(){e._onXHRProgress()}),l.onerror=function(){e._destroyed||(e._resetTimers(!0),e.emit("error",new Error("XHR error")))};try{l.send(i)}catch(t){return void process.nextTick((function(){e.emit("error",t)}))}}}},l.prototype._onXHRProgress=function(){var e=this;e._resetTimers(!1),function(e){try{var t=e.status;return null!==t&&0!==t}catch(e){return!1}}(e._xhr)&&!e._destroyed&&(e._response||e._connect(),e._response._onXHRProgress(e._resetTimers.bind(e)))},l.prototype._connect=function(){var e=this;e._destroyed||(e._response=new u(e._xhr,e._fetchResponse,e._mode,e._resetTimers.bind(e)),e._response.on("error",(function(t){e.emit("error",t)})),e.emit("response",e._response))},l.prototype._write=function(e,t,r){this._body.push(e),r()},l.prototype._resetTimers=function(e){var t=this;r.g.clearTimeout(t._socketTimer),t._socketTimer=null,e?(r.g.clearTimeout(t._fetchTimer),t._fetchTimer=null):t._socketTimeout&&(t._socketTimer=r.g.setTimeout((function(){t.emit("timeout")}),t._socketTimeout))},l.prototype.abort=l.prototype.destroy=function(e){var t=this;t._destroyed=!0,t._resetTimers(!0),t._response&&(t._response._destroyed=!0),t._xhr?t._xhr.abort():t._fetchAbortController&&t._fetchAbortController.abort(),e&&t.emit("error",e)},l.prototype.end=function(e,t,r){"function"==typeof e&&(r=e,e=void 0),s.Writable.prototype.end.call(this,e,t,r)},l.prototype.setTimeout=function(e,t){var r=this;t&&r.once("timeout",t),r._socketTimeout=e,r._resetTimers(!1)},l.prototype.flushHeaders=function(){},l.prototype.setNoDelay=function(){},l.prototype.setSocketKeepAlive=function(){};var f=["accept-charset","accept-encoding","access-control-request-headers","access-control-request-method","connection","content-length","cookie","cookie2","date","dnt","expect","host","keep-alive","origin","referer","te","trailer","transfer-encoding","upgrade","via"]},5676:(e,t,r)=>{var n=r(8764).Buffer,o=r(8725),i=r(5717),a=r(8473),s=t.readyStates={UNSENT:0,OPENED:1,HEADERS_RECEIVED:2,LOADING:3,DONE:4},u=t.IncomingMessage=function(e,t,r,i){var s=this;if(a.Readable.call(s),s._mode=r,s.headers={},s.rawHeaders=[],s.trailers={},s.rawTrailers=[],s.on("end",(function(){process.nextTick((function(){s.emit("close")}))})),"fetch"===r){if(s._fetchResponse=t,s.url=t.url,s.statusCode=t.status,s.statusMessage=t.statusText,t.headers.forEach((function(e,t){s.headers[t.toLowerCase()]=e,s.rawHeaders.push(t,e)})),o.writableStream){var u=new WritableStream({write:function(e){return i(!1),new Promise((function(t,r){s._destroyed?r():s.push(n.from(e))?t():s._resumeFetch=t}))},close:function(){i(!0),s._destroyed||s.push(null)},abort:function(e){i(!0),s._destroyed||s.emit("error",e)}});try{return void t.body.pipeTo(u).catch((function(e){i(!0),s._destroyed||s.emit("error",e)}))}catch(e){}}var c=t.body.getReader();!function e(){c.read().then((function(t){s._destroyed||(i(t.done),t.done?s.push(null):(s.push(n.from(t.value)),e()))})).catch((function(e){i(!0),s._destroyed||s.emit("error",e)}))}()}else{if(s._xhr=e,s._pos=0,s.url=e.responseURL,s.statusCode=e.status,s.statusMessage=e.statusText,e.getAllResponseHeaders().split(/\r?\n/).forEach((function(e){var t=e.match(/^([^:]+):\s*(.*)/);if(t){var r=t[1].toLowerCase();"set-cookie"===r?(void 0===s.headers[r]&&(s.headers[r]=[]),s.headers[r].push(t[2])):void 0!==s.headers[r]?s.headers[r]+=", "+t[2]:s.headers[r]=t[2],s.rawHeaders.push(t[1],t[2])}})),s._charset="x-user-defined",!o.overrideMimeType){var l=s.rawHeaders["mime-type"];if(l){var f=l.match(/;\s*charset=([^;])(;|$)/);f&&(s._charset=f[1].toLowerCase())}s._charset||(s._charset="utf-8")}}};i(u,a.Readable),u.prototype._read=function(){var e=this._resumeFetch;e&&(this._resumeFetch=null,e())},u.prototype._onXHRProgress=function(e){var t=this,o=t._xhr,i=null;switch(t._mode){case"text":if((i=o.responseText).length>t._pos){var a=i.substr(t._pos);if("x-user-defined"===t._charset){for(var u=n.alloc(a.length),c=0;c<a.length;c++)u[c]=255&a.charCodeAt(c);t.push(u)}else t.push(a,t._charset);t._pos=i.length}break;case"arraybuffer":if(o.readyState!==s.DONE||!o.response)break;i=o.response,t.push(n.from(new Uint8Array(i)));break;case"moz-chunked-arraybuffer":if(i=o.response,o.readyState!==s.LOADING||!i)break;t.push(n.from(new Uint8Array(i)));break;case"ms-stream":if(i=o.response,o.readyState!==s.LOADING)break;var l=new r.g.MSStreamReader;l.onprogress=function(){l.result.byteLength>t._pos&&(t.push(n.from(new Uint8Array(l.result.slice(t._pos)))),t._pos=l.result.byteLength)},l.onload=function(){e(!0),t.push(null)},l.readAsArrayBuffer(i)}t._xhr.readyState===s.DONE&&"ms-stream"!==t._mode&&(e(!0),t.push(null))}},2553:(e,t,r)=>{"use strict";var n=r(9509).Buffer,o=n.isEncoding||function(e){switch((e=""+e)&&e.toLowerCase()){case"hex":case"utf8":case"utf-8":case"ascii":case"binary":case"base64":case"ucs2":case"ucs-2":case"utf16le":case"utf-16le":case"raw":return!0;default:return!1}};function i(e){var t;switch(this.encoding=function(e){var t=function(e){if(!e)return"utf8";for(var t;;)switch(e){case"utf8":case"utf-8":return"utf8";case"ucs2":case"ucs-2":case"utf16le":case"utf-16le":return"utf16le";case"latin1":case"binary":return"latin1";case"base64":case"ascii":case"hex":return e;default:if(t)return;e=(""+e).toLowerCase(),t=!0}}(e);if("string"!=typeof t&&(n.isEncoding===o||!o(e)))throw new Error("Unknown encoding: "+e);return t||e}(e),this.encoding){case"utf16le":this.text=u,this.end=c,t=4;break;case"utf8":this.fillLast=s,t=4;break;case"base64":this.text=l,this.end=f,t=3;break;default:return this.write=p,void(this.end=d)}this.lastNeed=0,this.lastTotal=0,this.lastChar=n.allocUnsafe(t)}function a(e){return e<=127?0:e>>5==6?2:e>>4==14?3:e>>3==30?4:e>>6==2?-1:-2}function s(e){var t=this.lastTotal-this.lastNeed,r=function(e,t,r){if(128!=(192&t[0]))return e.lastNeed=0,"\ufffd";if(e.lastNeed>1&&t.length>1){if(128!=(192&t[1]))return e.lastNeed=1,"\ufffd";if(e.lastNeed>2&&t.length>2&&128!=(192&t[2]))return e.lastNeed=2,"\ufffd"}}(this,e);return void 0!==r?r:this.lastNeed<=e.length?(e.copy(this.lastChar,t,0,this.lastNeed),this.lastChar.toString(this.encoding,0,this.lastTotal)):(e.copy(this.lastChar,t,0,e.length),void(this.lastNeed-=e.length))}function u(e,t){if((e.length-t)%2==0){var r=e.toString("utf16le",t);if(r){var n=r.charCodeAt(r.length-1);if(n>=55296&&n<=56319)return this.lastNeed=2,this.lastTotal=4,this.lastChar[0]=e[e.length-2],this.lastChar[1]=e[e.length-1],r.slice(0,-1)}return r}return this.lastNeed=1,this.lastTotal=2,this.lastChar[0]=e[e.length-1],e.toString("utf16le",t,e.length-1)}function c(e){var t=e&&e.length?this.write(e):"";if(this.lastNeed){var r=this.lastTotal-this.lastNeed;return t+this.lastChar.toString("utf16le",0,r)}return t}function l(e,t){var r=(e.length-t)%3;return 0===r?e.toString("base64",t):(this.lastNeed=3-r,this.lastTotal=3,1===r?this.lastChar[0]=e[e.length-1]:(this.lastChar[0]=e[e.length-2],this.lastChar[1]=e[e.length-1]),e.toString("base64",t,e.length-r))}function f(e){var t=e&&e.length?this.write(e):"";return this.lastNeed?t+this.lastChar.toString("base64",0,3-this.lastNeed):t}function p(e){return e.toString(this.encoding)}function d(e){return e&&e.length?this.write(e):""}t.s=i,i.prototype.write=function(e){if(0===e.length)return"";var t,r;if(this.lastNeed){if(void 0===(t=this.fillLast(e)))return"";r=this.lastNeed,this.lastNeed=0}else r=0;return r<e.length?t?t+this.text(e,r):this.text(e,r):t||""},i.prototype.end=function(e){var t=e&&e.length?this.write(e):"";return this.lastNeed?t+"\ufffd":t},i.prototype.text=function(e,t){var r=function(e,t,r){var n=t.length-1;if(n<r)return 0;var o=a(t[n]);if(o>=0)return o>0&&(e.lastNeed=o-1),o;if(--n<r||-2===o)return 0;if(o=a(t[n]),o>=0)return o>0&&(e.lastNeed=o-2),o;if(--n<r||-2===o)return 0;if(o=a(t[n]),o>=0)return o>0&&(2===o?o=0:e.lastNeed=o-3),o;return 0}(this,e,t);if(!this.lastNeed)return e.toString("utf8",t);this.lastTotal=r;var n=e.length-(r-this.lastNeed);return e.copy(this.lastChar,0,n),e.toString("utf8",t,n)},i.prototype.fillLast=function(e){if(this.lastNeed<=e.length)return e.copy(this.lastChar,this.lastTotal-this.lastNeed,0,this.lastNeed),this.lastChar.toString(this.encoding,0,this.lastTotal);e.copy(this.lastChar,this.lastTotal-this.lastNeed,0,e.length),this.lastNeed-=e.length}},5424:(e,t,r)=>{var n=r(8311),o=r(5133);e.exports={parse:function(e){var t=n.parse(e.toString());return o.compile(t)}}},5133:e=>{"use strict";e.exports={compile:function(e){var t=[],r=[],n="",o=Object.create(null),i=o;return function(e){for(var t,r=0;r<e.length;r++)switch((t=e[r]).type){case"Assign":s(t);break;case"ObjectPath":f(t);break;case"ArrayPath":p(t)}return o}(e);function a(e,t,r){var n=new Error(e);throw n.line=t,n.column=r,n}function s(e){var o,s=e.key,l=e.value,f=e.line,p=e.column;o=n?n+"."+s:s,void 0!==i[s]&&a("Cannot redefine existing key '"+o+"'.",f,p),i[s]=c(l),u(o)||(t.push(o),r.push(o))}function u(e){return-1!==t.indexOf(e)}function c(e){return"Array"===e.type?function(e){for(var t=null,r=0;r<e.length;r++){var n=e[r];null===t?t=n.type:n.type!==t&&a("Cannot add value of type "+n.type+" to array of type "+t+".",n.line,n.column)}return e.map(c)}(e.value):"InlineTable"===e.type?l(e.value):e.value}function l(e){for(var t=Object.create(null),r=0;r<e.length;r++){var n=e[r];"InlineTable"===n.value.type?t[n.key]=l(n.value.value):"InlineTableValue"===n.type&&(t[n.key]=c(n.value))}return t}function f(e){var r=e.value,s=r.map(h).join("."),c=e.line,l=e.column;u(s)&&a("Cannot redefine existing key '"+r+"'.",c,l),t.push(s),i=d(o,r,Object.create(null),c,l),n=r}function p(e){var r=e.value,s=r.map(h).join("."),c=e.line,l=e.column;if(u(s)||t.push(s),(t=t.filter((function(e){return 0!==e.indexOf(s)}))).push(s),i=d(o,r,[],c,l),n=s,i instanceof Array){var f=Object.create(null);i.push(f),i=f}else a("Cannot redefine existing key '"+r+"'.",c,l)}function d(e,t,n,o,i){for(var s=[],u="",c=(t.join("."),e),l=0;l<t.length;l++){var f=t[l];s.push(f),u=s.join("."),void 0===c[f]?l===t.length-1?c[f]=n:c[f]=Object.create(null):l!==t.length-1&&r.indexOf(u)>-1&&a("Cannot redefine existing key '"+u+"'.",o,i),(c=c[f])instanceof Array&&c.length&&l<t.length-1&&(c=c[c.length-1])}return c}function h(e){return e.indexOf(".")>-1?'"'+e+'"':e}}}},8311:e=>{e.exports=function(){function e(e,t,r,n,o,i){this.message=e,this.expected=t,this.found=r,this.offset=n,this.line=o,this.column=i,this.name="SyntaxError"}return function(e,t){function r(){this.constructor=e}r.prototype=t.prototype,e.prototype=new r}(e,Error),{SyntaxError:e,parse:function(t){var r,n=arguments.length>1?arguments[1]:{},o={},i={start:Bt},a=Bt,s=function(){return pr},u=o,c="#",l={type:"literal",value:"#",description:'"#"'},f=void 0,p={type:"any",description:"any character"},d="[",h={type:"literal",value:"[",description:'"["'},y="]",m={type:"literal",value:"]",description:'"]"'},v=function(e){dr(hr("ObjectPath",e,Pt,Rt))},g=function(e){dr(hr("ArrayPath",e,Pt,Rt))},b=function(e,t){return e.concat(t)},w=function(e){return[e]},S=function(e){return e},_=".",E={type:"literal",value:".",description:'"."'},T="=",k={type:"literal",value:"=",description:'"="'},O=function(e,t){dr(hr("Assign",t,Pt,Rt,e))},A=function(e){return e.join("")},x=function(e){return e.value},P='"""',R={type:"literal",value:'"""',description:'"\\"\\"\\""'},I=null,C=function(e){return hr("String",e.join(""),Pt,Rt)},j='"',B={type:"literal",value:'"',description:'"\\""'},L="'''",N={type:"literal",value:"'''",description:"\"'''\""},U="'",M={type:"literal",value:"'",description:'"\'"'},F=function(e){return e},D=function(e){return e},V="\\",q={type:"literal",value:"\\",description:'"\\\\"'},K=function(){return""},H="e",z={type:"literal",value:"e",description:'"e"'},X="E",$={type:"literal",value:"E",description:'"E"'},W=function(e,t){return hr("Float",parseFloat(e+"e"+t),Pt,Rt)},G=function(e){return hr("Float",parseFloat(e),Pt,Rt)},Q="+",Y={type:"literal",value:"+",description:'"+"'},J=function(e){return e.join("")},Z="-",ee={type:"literal",value:"-",description:'"-"'},te=function(e){return"-"+e.join("")},re=function(e){return hr("Integer",parseInt(e,10),Pt,Rt)},ne="true",oe={type:"literal",value:"true",description:'"true"'},ie=function(){return hr("Boolean",!0,Pt,Rt)},ae="false",se={type:"literal",value:"false",description:'"false"'},ue=function(){return hr("Boolean",!1,Pt,Rt)},ce=function(){return hr("Array",[],Pt,Rt)},le=function(e){return hr("Array",e?[e]:[],Pt,Rt)},fe=function(e){return hr("Array",e,Pt,Rt)},pe=function(e,t){return hr("Array",e.concat(t),Pt,Rt)},de=function(e){return e},he=",",ye={type:"literal",value:",",description:'","'},me="{",ve={type:"literal",value:"{",description:'"{"'},ge="}",be={type:"literal",value:"}",description:'"}"'},we=function(e){return hr("InlineTable",e,Pt,Rt)},Se=function(e,t){return hr("InlineTableValue",t,Pt,Rt,e)},_e=function(e){return"."+e},Ee=function(e){return e.join("")},Te=":",ke={type:"literal",value:":",description:'":"'},Oe=function(e){return e.join("")},Ae="T",xe={type:"literal",value:"T",description:'"T"'},Pe="Z",Re={type:"literal",value:"Z",description:'"Z"'},Ie=function(e,t){return hr("Date",new Date(e+"T"+t+"Z"),Pt,Rt)},Ce=function(e,t){return hr("Date",new Date(e+"T"+t),Pt,Rt)},je=/^[ \t]/,Be={type:"class",value:"[ \\t]",description:"[ \\t]"},Le="\n",Ne={type:"literal",value:"\n",description:'"\\n"'},Ue="\r",Me={type:"literal",value:"\r",description:'"\\r"'},Fe=/^[0-9a-f]/i,De={type:"class",value:"[0-9a-f]i",description:"[0-9a-f]i"},Ve=/^[0-9]/,qe={type:"class",value:"[0-9]",description:"[0-9]"},Ke="_",He={type:"literal",value:"_",description:'"_"'},ze=function(){return""},Xe=/^[A-Za-z0-9_\-]/,$e={type:"class",value:"[A-Za-z0-9_\\-]",description:"[A-Za-z0-9_\\-]"},We=function(e){return e.join("")},Ge='\\"',Qe={type:"literal",value:'\\"',description:'"\\\\\\""'},Ye=function(){return'"'},Je="\\\\",Ze={type:"literal",value:"\\\\",description:'"\\\\\\\\"'},et=function(){return"\\"},tt="\\b",rt={type:"literal",value:"\\b",description:'"\\\\b"'},nt=function(){return"\b"},ot="\\t",it={type:"literal",value:"\\t",description:'"\\\\t"'},at=function(){return"\t"},st="\\n",ut={type:"literal",value:"\\n",description:'"\\\\n"'},ct=function(){return"\n"},lt="\\f",ft={type:"literal",value:"\\f",description:'"\\\\f"'},pt=function(){return"\f"},dt="\\r",ht={type:"literal",value:"\\r",description:'"\\\\r"'},yt=function(){return"\r"},mt="\\U",vt={type:"literal",value:"\\U",description:'"\\\\U"'},gt=function(e){return function(e,t,r){var n=parseInt("0x"+e);if(!(!isFinite(n)||Math.floor(n)!=n||n<0||n>1114111||n>55295&&n<57344))return function(){var e,t,r=16384,n=[],o=-1,i=arguments.length;if(!i)return"";var a="";for(;++o<i;){var s=Number(arguments[o]);s<=65535?n.push(s):(e=55296+((s-=65536)>>10),t=s%1024+56320,n.push(e,t)),(o+1==i||n.length>r)&&(a+=String.fromCharCode.apply(null,n),n.length=0)}return a}(n);!function(e,t,r){var n=new Error(e);throw n.line=t,n.column=r,n}("Invalid Unicode escape code: "+e,t,r)}(e.join(""))},bt="\\u",wt={type:"literal",value:"\\u",description:'"\\\\u"'},St=0,_t=0,Et=0,Tt={line:1,column:1,seenCR:!1},kt=0,Ot=[],At=0,xt={};if("startRule"in n){if(!(n.startRule in i))throw new Error("Can't start parsing from rule \""+n.startRule+'".');a=i[n.startRule]}function Pt(){return It(_t).line}function Rt(){return It(_t).column}function It(e){return Et!==e&&(Et>e&&(Et=0,Tt={line:1,column:1,seenCR:!1}),function(e,r,n){var o,i;for(o=r;o<n;o++)"\n"===(i=t.charAt(o))?(e.seenCR||e.line++,e.column=1,e.seenCR=!1):"\r"===i||"\u2028"===i||"\u2029"===i?(e.line++,e.column=1,e.seenCR=!0):(e.column++,e.seenCR=!1)}(Tt,Et,e),Et=e),Tt}function Ct(e){St<kt||(St>kt&&(kt=St,Ot=[]),Ot.push(e))}function jt(r,n,o){var i=It(o),a=o<t.length?t.charAt(o):null;return null!==n&&function(e){var t=1;for(e.sort((function(e,t){return e.description<t.description?-1:e.description>t.description?1:0}));t<e.length;)e[t-1]===e[t]?e.splice(t,1):t++}(n),new e(null!==r?r:function(e,t){var r,n=new Array(e.length);for(r=0;r<e.length;r++)n[r]=e[r].description;return"Expected "+(e.length>1?n.slice(0,-1).join(", ")+" or "+n[e.length-1]:n[0])+" but "+(t?'"'+function(e){function t(e){return e.charCodeAt(0).toString(16).toUpperCase()}return e.replace(/\\/g,"\\\\").replace(/"/g,'\\"').replace(/\x08/g,"\\b").replace(/\t/g,"\\t").replace(/\n/g,"\\n").replace(/\f/g,"\\f").replace(/\r/g,"\\r").replace(/[\x00-\x07\x0B\x0E\x0F]/g,(function(e){return"\\x0"+t(e)})).replace(/[\x10-\x1F\x80-\xFF]/g,(function(e){return"\\x"+t(e)})).replace(/[\u0180-\u0FFF]/g,(function(e){return"\\u0"+t(e)})).replace(/[\u1080-\uFFFF]/g,(function(e){return"\\u"+t(e)}))}(t)+'"':"end of input")+" found."}(n,a),n,a,o,i.line,i.column)}function Bt(){var e,t,r,n=49*St+0,i=xt[n];if(i)return St=i.nextPos,i.result;for(e=St,t=[],r=Lt();r!==o;)t.push(r),r=Lt();return t!==o&&(_t=e,t=s()),e=t,xt[n]={nextPos:St,result:e},e}function Lt(){var e,r,n,i,a,s,c,l=49*St+1,f=xt[l];if(f)return St=f.nextPos,f.result;for(e=St,r=[],n=nr();n!==o;)r.push(n),n=nr();if(r!==o)if(n=function(){var e,r=49*St+2,n=xt[r];if(n)return St=n.nextPos,n.result;e=Nt(),e===o&&(e=function(){var e,r,n,i,a,s,c=49*St+4,l=xt[c];if(l)return St=l.nextPos,l.result;e=St,91===t.charCodeAt(St)?(r=d,St++):(r=o,0===At&&Ct(h));if(r!==o){for(n=[],i=nr();i!==o;)n.push(i),i=nr();if(n!==o)if((i=Ut())!==o){for(a=[],s=nr();s!==o;)a.push(s),s=nr();a!==o?(93===t.charCodeAt(St)?(s=y,St++):(s=o,0===At&&Ct(m)),s!==o?(_t=e,e=r=v(i)):(St=e,e=u)):(St=e,e=u)}else St=e,e=u;else St=e,e=u}else St=e,e=u;return xt[c]={nextPos:St,result:e},e}(),e===o&&(e=function(){var e,r,n,i,a,s,c,l,f=49*St+5,p=xt[f];if(p)return St=p.nextPos,p.result;e=St,91===t.charCodeAt(St)?(r=d,St++):(r=o,0===At&&Ct(h));if(r!==o)if(91===t.charCodeAt(St)?(n=d,St++):(n=o,0===At&&Ct(h)),n!==o){for(i=[],a=nr();a!==o;)i.push(a),a=nr();if(i!==o)if((a=Ut())!==o){for(s=[],c=nr();c!==o;)s.push(c),c=nr();s!==o?(93===t.charCodeAt(St)?(c=y,St++):(c=o,0===At&&Ct(m)),c!==o?(93===t.charCodeAt(St)?(l=y,St++):(l=o,0===At&&Ct(m)),l!==o?(_t=e,e=r=g(a)):(St=e,e=u)):(St=e,e=u)):(St=e,e=u)}else St=e,e=u;else St=e,e=u}else St=e,e=u;else St=e,e=u;return xt[f]={nextPos:St,result:e},e}(),e===o&&(e=function(){var e,r,n,i,a,s,c=49*St+9,l=xt[c];if(l)return St=l.nextPos,l.result;if(e=St,r=Dt(),r!==o){for(n=[],i=nr();i!==o;)n.push(i),i=nr();if(n!==o)if(61===t.charCodeAt(St)?(i=T,St++):(i=o,0===At&&Ct(k)),i!==o){for(a=[],s=nr();s!==o;)a.push(s),s=nr();a!==o&&(s=qt())!==o?(_t=e,e=r=O(r,s)):(St=e,e=u)}else St=e,e=u;else St=e,e=u}else St=e,e=u;if(e===o)if(e=St,(r=Vt())!==o){for(n=[],i=nr();i!==o;)n.push(i),i=nr();if(n!==o)if(61===t.charCodeAt(St)?(i=T,St++):(i=o,0===At&&Ct(k)),i!==o){for(a=[],s=nr();s!==o;)a.push(s),s=nr();a!==o&&(s=qt())!==o?(_t=e,e=r=O(r,s)):(St=e,e=u)}else St=e,e=u;else St=e,e=u}else St=e,e=u;return xt[c]={nextPos:St,result:e},e}())));return xt[r]={nextPos:St,result:e},e}(),n!==o){for(i=[],a=nr();a!==o;)i.push(a),a=nr();if(i!==o){for(a=[],s=Nt();s!==o;)a.push(s),s=Nt();if(a!==o){if(s=[],(c=or())!==o)for(;c!==o;)s.push(c),c=or();else s=u;s===o&&(s=ar()),s!==o?e=r=[r,n,i,a,s]:(St=e,e=u)}else St=e,e=u}else St=e,e=u}else St=e,e=u;else St=e,e=u;if(e===o){if(e=St,r=[],(n=nr())!==o)for(;n!==o;)r.push(n),n=nr();else r=u;if(r!==o){if(n=[],(i=or())!==o)for(;i!==o;)n.push(i),i=or();else n=u;n===o&&(n=ar()),n!==o?e=r=[r,n]:(St=e,e=u)}else St=e,e=u;e===o&&(e=or())}return xt[l]={nextPos:St,result:e},e}function Nt(){var e,r,n,i,a,s,d=49*St+3,h=xt[d];if(h)return St=h.nextPos,h.result;if(e=St,35===t.charCodeAt(St)?(r=c,St++):(r=o,0===At&&Ct(l)),r!==o){for(n=[],i=St,a=St,At++,(s=or())===o&&(s=ar()),At--,s===o?a=f:(St=a,a=u),a!==o?(t.length>St?(s=t.charAt(St),St++):(s=o,0===At&&Ct(p)),s!==o?i=a=[a,s]:(St=i,i=u)):(St=i,i=u);i!==o;)n.push(i),i=St,a=St,At++,(s=or())===o&&(s=ar()),At--,s===o?a=f:(St=a,a=u),a!==o?(t.length>St?(s=t.charAt(St),St++):(s=o,0===At&&Ct(p)),s!==o?i=a=[a,s]:(St=i,i=u)):(St=i,i=u);n!==o?e=r=[r,n]:(St=e,e=u)}else St=e,e=u;return xt[d]={nextPos:St,result:e},e}function Ut(){var e,t,r,n=49*St+6,i=xt[n];if(i)return St=i.nextPos,i.result;if(e=St,t=[],(r=Ft())!==o)for(;r!==o;)t.push(r),r=Ft();else t=u;return t!==o&&(r=Mt())!==o?(_t=e,e=t=b(t,r)):(St=e,e=u),e===o&&(e=St,(t=Mt())!==o&&(_t=e,t=w(t)),e=t),xt[n]={nextPos:St,result:e},e}function Mt(){var e,t,r,n,i,a=49*St+7,s=xt[a];if(s)return St=s.nextPos,s.result;for(e=St,t=[],r=nr();r!==o;)t.push(r),r=nr();if(t!==o)if((r=Dt())!==o){for(n=[],i=nr();i!==o;)n.push(i),i=nr();n!==o?(_t=e,e=t=S(r)):(St=e,e=u)}else St=e,e=u;else St=e,e=u;if(e===o){for(e=St,t=[],r=nr();r!==o;)t.push(r),r=nr();if(t!==o)if((r=Vt())!==o){for(n=[],i=nr();i!==o;)n.push(i),i=nr();n!==o?(_t=e,e=t=S(r)):(St=e,e=u)}else St=e,e=u;else St=e,e=u}return xt[a]={nextPos:St,result:e},e}function Ft(){var e,r,n,i,a,s,c,l=49*St+8,f=xt[l];if(f)return St=f.nextPos,f.result;for(e=St,r=[],n=nr();n!==o;)r.push(n),n=nr();if(r!==o)if((n=Dt())!==o){for(i=[],a=nr();a!==o;)i.push(a),a=nr();if(i!==o)if(46===t.charCodeAt(St)?(a=_,St++):(a=o,0===At&&Ct(E)),a!==o){for(s=[],c=nr();c!==o;)s.push(c),c=nr();s!==o?(_t=e,e=r=S(n)):(St=e,e=u)}else St=e,e=u;else St=e,e=u}else St=e,e=u;else St=e,e=u;if(e===o){for(e=St,r=[],n=nr();n!==o;)r.push(n),n=nr();if(r!==o)if((n=Vt())!==o){for(i=[],a=nr();a!==o;)i.push(a),a=nr();if(i!==o)if(46===t.charCodeAt(St)?(a=_,St++):(a=o,0===At&&Ct(E)),a!==o){for(s=[],c=nr();c!==o;)s.push(c),c=nr();s!==o?(_t=e,e=r=S(n)):(St=e,e=u)}else St=e,e=u;else St=e,e=u}else St=e,e=u;else St=e,e=u}return xt[l]={nextPos:St,result:e},e}function Dt(){var e,t,r,n=49*St+10,i=xt[n];if(i)return St=i.nextPos,i.result;if(e=St,t=[],(r=cr())!==o)for(;r!==o;)t.push(r),r=cr();else t=u;return t!==o&&(_t=e,t=A(t)),e=t,xt[n]={nextPos:St,result:e},e}function Vt(){var e,t,r=49*St+11,n=xt[r];return n?(St=n.nextPos,n.result):(e=St,(t=Kt())!==o&&(_t=e,t=x(t)),(e=t)===o&&(e=St,(t=Ht())!==o&&(_t=e,t=x(t)),e=t),xt[r]={nextPos:St,result:e},e)}function qt(){var e,r=49*St+12,n=xt[r];return n?(St=n.nextPos,n.result):(e=function(){var e,r=49*St+13,n=xt[r];if(n)return St=n.nextPos,n.result;e=function(){var e,r,n,i,a,s=49*St+14,c=xt[s];if(c)return St=c.nextPos,c.result;e=St,t.substr(St,3)===P?(r=P,St+=3):(r=o,0===At&&Ct(R));if(r!==o)if((n=or())===o&&(n=I),n!==o){for(i=[],a=$t();a!==o;)i.push(a),a=$t();i!==o?(t.substr(St,3)===P?(a=P,St+=3):(a=o,0===At&&Ct(R)),a!==o?(_t=e,e=r=C(i)):(St=e,e=u)):(St=e,e=u)}else St=e,e=u;else St=e,e=u;return xt[s]={nextPos:St,result:e},e}(),e===o&&(e=Kt())===o&&(e=function(){var e,r,n,i,a,s=49*St+16,c=xt[s];if(c)return St=c.nextPos,c.result;e=St,t.substr(St,3)===L?(r=L,St+=3):(r=o,0===At&&Ct(N));if(r!==o)if((n=or())===o&&(n=I),n!==o){for(i=[],a=Wt();a!==o;)i.push(a),a=Wt();i!==o?(t.substr(St,3)===L?(a=L,St+=3):(a=o,0===At&&Ct(N)),a!==o?(_t=e,e=r=C(i)):(St=e,e=u)):(St=e,e=u)}else St=e,e=u;else St=e,e=u;return xt[s]={nextPos:St,result:e},e}(),e===o&&(e=Ht()));return xt[r]={nextPos:St,result:e},e}(),e===o&&(e=function(){var e,r,n,i,a,s=49*St+38,c=xt[s];if(c)return St=c.nextPos,c.result;e=St,(r=rr())!==o?(84===t.charCodeAt(St)?(n=Ae,St++):(n=o,0===At&&Ct(xe)),n!==o?(i=function(){var e,r,n,i,a,s,c,l,f,p,d,h=49*St+36,y=xt[h];if(y)return St=y.nextPos,y.result;e=St,r=St,n=ur(),n!==o&&(i=ur())!==o?(58===t.charCodeAt(St)?(a=Te,St++):(a=o,0===At&&Ct(ke)),a!==o&&(s=ur())!==o&&(c=ur())!==o?(58===t.charCodeAt(St)?(l=Te,St++):(l=o,0===At&&Ct(ke)),l!==o&&(f=ur())!==o&&(p=ur())!==o?((d=tr())===o&&(d=I),d!==o?r=n=[n,i,a,s,c,l,f,p,d]:(St=r,r=u)):(St=r,r=u)):(St=r,r=u)):(St=r,r=u);r!==o&&(_t=e,r=Oe(r));return e=r,xt[h]={nextPos:St,result:e},e}(),i!==o?(90===t.charCodeAt(St)?(a=Pe,St++):(a=o,0===At&&Ct(Re)),a!==o?(_t=e,e=r=Ie(r,i)):(St=e,e=u)):(St=e,e=u)):(St=e,e=u)):(St=e,e=u);e===o&&(e=St,(r=rr())!==o?(84===t.charCodeAt(St)?(n=Ae,St++):(n=o,0===At&&Ct(xe)),n!==o?(i=function(){var e,r,n,i,a,s,c,l,f,p,d,h,y,m,v,g,b,w=49*St+37,S=xt[w];if(S)return St=S.nextPos,S.result;e=St,r=St,n=ur(),n!==o&&(i=ur())!==o?(58===t.charCodeAt(St)?(a=Te,St++):(a=o,0===At&&Ct(ke)),a!==o&&(s=ur())!==o&&(c=ur())!==o?(58===t.charCodeAt(St)?(l=Te,St++):(l=o,0===At&&Ct(ke)),l!==o&&(f=ur())!==o&&(p=ur())!==o?((d=tr())===o&&(d=I),d!==o?(45===t.charCodeAt(St)?(h=Z,St++):(h=o,0===At&&Ct(ee)),h===o&&(43===t.charCodeAt(St)?(h=Q,St++):(h=o,0===At&&Ct(Y))),h!==o&&(y=ur())!==o&&(m=ur())!==o?(58===t.charCodeAt(St)?(v=Te,St++):(v=o,0===At&&Ct(ke)),v!==o&&(g=ur())!==o&&(b=ur())!==o?r=n=[n,i,a,s,c,l,f,p,d,h,y,m,v,g,b]:(St=r,r=u)):(St=r,r=u)):(St=r,r=u)):(St=r,r=u)):(St=r,r=u)):(St=r,r=u);r!==o&&(_t=e,r=Oe(r));return e=r,xt[w]={nextPos:St,result:e},e}(),i!==o?(_t=e,e=r=Ce(r,i)):(St=e,e=u)):(St=e,e=u)):(St=e,e=u));return xt[s]={nextPos:St,result:e},e}(),e===o&&(e=function(){var e,r,n,i,a=49*St+23,s=xt[a];if(s)return St=s.nextPos,s.result;e=St,(r=Gt())===o&&(r=Qt());r!==o?(101===t.charCodeAt(St)?(n=H,St++):(n=o,0===At&&Ct(z)),n===o&&(69===t.charCodeAt(St)?(n=X,St++):(n=o,0===At&&Ct($))),n!==o&&(i=Qt())!==o?(_t=e,e=r=W(r,i)):(St=e,e=u)):(St=e,e=u);e===o&&(e=St,(r=Gt())!==o&&(_t=e,r=G(r)),e=r);return xt[a]={nextPos:St,result:e},e}(),e===o&&(e=function(){var e,t,r=49*St+25,n=xt[r];if(n)return St=n.nextPos,n.result;e=St,(t=Qt())!==o&&(_t=e,t=re(t));return e=t,xt[r]={nextPos:St,result:e},e}(),e===o&&(e=function(){var e,r,n=49*St+27,i=xt[n];if(i)return St=i.nextPos,i.result;e=St,t.substr(St,4)===ne?(r=ne,St+=4):(r=o,0===At&&Ct(oe));r!==o&&(_t=e,r=ie());e=r,e===o&&(e=St,t.substr(St,5)===ae?(r=ae,St+=5):(r=o,0===At&&Ct(se)),r!==o&&(_t=e,r=ue()),e=r);return xt[n]={nextPos:St,result:e},e}(),e===o&&(e=function(){var e,r,n,i,a,s=49*St+28,c=xt[s];if(c)return St=c.nextPos,c.result;e=St,91===t.charCodeAt(St)?(r=d,St++):(r=o,0===At&&Ct(h));if(r!==o){for(n=[],i=Zt();i!==o;)n.push(i),i=Zt();n!==o?(93===t.charCodeAt(St)?(i=y,St++):(i=o,0===At&&Ct(m)),i!==o?(_t=e,e=r=ce()):(St=e,e=u)):(St=e,e=u)}else St=e,e=u;if(e===o&&(e=St,91===t.charCodeAt(St)?(r=d,St++):(r=o,0===At&&Ct(h)),r!==o?((n=Yt())===o&&(n=I),n!==o?(93===t.charCodeAt(St)?(i=y,St++):(i=o,0===At&&Ct(m)),i!==o?(_t=e,e=r=le(n)):(St=e,e=u)):(St=e,e=u)):(St=e,e=u),e===o)){if(e=St,91===t.charCodeAt(St)?(r=d,St++):(r=o,0===At&&Ct(h)),r!==o){if(n=[],(i=Jt())!==o)for(;i!==o;)n.push(i),i=Jt();else n=u;n!==o?(93===t.charCodeAt(St)?(i=y,St++):(i=o,0===At&&Ct(m)),i!==o?(_t=e,e=r=fe(n)):(St=e,e=u)):(St=e,e=u)}else St=e,e=u;if(e===o)if(e=St,91===t.charCodeAt(St)?(r=d,St++):(r=o,0===At&&Ct(h)),r!==o){if(n=[],(i=Jt())!==o)for(;i!==o;)n.push(i),i=Jt();else n=u;n!==o&&(i=Yt())!==o?(93===t.charCodeAt(St)?(a=y,St++):(a=o,0===At&&Ct(m)),a!==o?(_t=e,e=r=pe(n,i)):(St=e,e=u)):(St=e,e=u)}else St=e,e=u}return xt[s]={nextPos:St,result:e},e}(),e===o&&(e=function(){var e,r,n,i,a,s,c=49*St+32,l=xt[c];if(l)return St=l.nextPos,l.result;e=St,123===t.charCodeAt(St)?(r=me,St++):(r=o,0===At&&Ct(ve));if(r!==o){for(n=[],i=nr();i!==o;)n.push(i),i=nr();if(n!==o){for(i=[],a=er();a!==o;)i.push(a),a=er();if(i!==o){for(a=[],s=nr();s!==o;)a.push(s),s=nr();a!==o?(125===t.charCodeAt(St)?(s=ge,St++):(s=o,0===At&&Ct(be)),s!==o?(_t=e,e=r=we(i)):(St=e,e=u)):(St=e,e=u)}else St=e,e=u}else St=e,e=u}else St=e,e=u;return xt[c]={nextPos:St,result:e},e}())))))),xt[r]={nextPos:St,result:e},e)}function Kt(){var e,r,n,i,a=49*St+15,s=xt[a];if(s)return St=s.nextPos,s.result;if(e=St,34===t.charCodeAt(St)?(r=j,St++):(r=o,0===At&&Ct(B)),r!==o){for(n=[],i=zt();i!==o;)n.push(i),i=zt();n!==o?(34===t.charCodeAt(St)?(i=j,St++):(i=o,0===At&&Ct(B)),i!==o?(_t=e,e=r=C(n)):(St=e,e=u)):(St=e,e=u)}else St=e,e=u;return xt[a]={nextPos:St,result:e},e}function Ht(){var e,r,n,i,a=49*St+17,s=xt[a];if(s)return St=s.nextPos,s.result;if(e=St,39===t.charCodeAt(St)?(r=U,St++):(r=o,0===At&&Ct(M)),r!==o){for(n=[],i=Xt();i!==o;)n.push(i),i=Xt();n!==o?(39===t.charCodeAt(St)?(i=U,St++):(i=o,0===At&&Ct(M)),i!==o?(_t=e,e=r=C(n)):(St=e,e=u)):(St=e,e=u)}else St=e,e=u;return xt[a]={nextPos:St,result:e},e}function zt(){var e,r,n,i=49*St+18,a=xt[i];return a?(St=a.nextPos,a.result):((e=fr())===o&&(e=St,r=St,At++,34===t.charCodeAt(St)?(n=j,St++):(n=o,0===At&&Ct(B)),At--,n===o?r=f:(St=r,r=u),r!==o?(t.length>St?(n=t.charAt(St),St++):(n=o,0===At&&Ct(p)),n!==o?(_t=e,e=r=F(n)):(St=e,e=u)):(St=e,e=u)),xt[i]={nextPos:St,result:e},e)}function Xt(){var e,r,n,i=49*St+19,a=xt[i];return a?(St=a.nextPos,a.result):(e=St,r=St,At++,39===t.charCodeAt(St)?(n=U,St++):(n=o,0===At&&Ct(M)),At--,n===o?r=f:(St=r,r=u),r!==o?(t.length>St?(n=t.charAt(St),St++):(n=o,0===At&&Ct(p)),n!==o?(_t=e,e=r=F(n)):(St=e,e=u)):(St=e,e=u),xt[i]={nextPos:St,result:e},e)}function $t(){var e,r,n,i=49*St+20,a=xt[i];return a?(St=a.nextPos,a.result):((e=fr())===o&&(e=function(){var e,r,n,i,a=49*St+21,s=xt[a];if(s)return St=s.nextPos,s.result;e=St,92===t.charCodeAt(St)?(r=V,St++):(r=o,0===At&&Ct(q));if(r!==o)if(or()!==o){for(n=[],i=ir();i!==o;)n.push(i),i=ir();n!==o?(_t=e,e=r=K()):(St=e,e=u)}else St=e,e=u;else St=e,e=u;return xt[a]={nextPos:St,result:e},e}(),e===o&&(e=St,r=St,At++,t.substr(St,3)===P?(n=P,St+=3):(n=o,0===At&&Ct(R)),At--,n===o?r=f:(St=r,r=u),r!==o?(t.length>St?(n=t.charAt(St),St++):(n=o,0===At&&Ct(p)),n!==o?(_t=e,e=r=D(n)):(St=e,e=u)):(St=e,e=u))),xt[i]={nextPos:St,result:e},e)}function Wt(){var e,r,n,i=49*St+22,a=xt[i];return a?(St=a.nextPos,a.result):(e=St,r=St,At++,t.substr(St,3)===L?(n=L,St+=3):(n=o,0===At&&Ct(N)),At--,n===o?r=f:(St=r,r=u),r!==o?(t.length>St?(n=t.charAt(St),St++):(n=o,0===At&&Ct(p)),n!==o?(_t=e,e=r=F(n)):(St=e,e=u)):(St=e,e=u),xt[i]={nextPos:St,result:e},e)}function Gt(){var e,r,n,i,a,s,c=49*St+24,l=xt[c];return l?(St=l.nextPos,l.result):(e=St,43===t.charCodeAt(St)?(r=Q,St++):(r=o,0===At&&Ct(Y)),r===o&&(r=I),r!==o?(n=St,(i=lr())!==o?(46===t.charCodeAt(St)?(a=_,St++):(a=o,0===At&&Ct(E)),a!==o&&(s=lr())!==o?n=i=[i,a,s]:(St=n,n=u)):(St=n,n=u),n!==o?(_t=e,e=r=J(n)):(St=e,e=u)):(St=e,e=u),e===o&&(e=St,45===t.charCodeAt(St)?(r=Z,St++):(r=o,0===At&&Ct(ee)),r!==o?(n=St,(i=lr())!==o?(46===t.charCodeAt(St)?(a=_,St++):(a=o,0===At&&Ct(E)),a!==o&&(s=lr())!==o?n=i=[i,a,s]:(St=n,n=u)):(St=n,n=u),n!==o?(_t=e,e=r=te(n)):(St=e,e=u)):(St=e,e=u)),xt[c]={nextPos:St,result:e},e)}function Qt(){var e,r,n,i,a,s=49*St+26,c=xt[s];if(c)return St=c.nextPos,c.result;if(e=St,43===t.charCodeAt(St)?(r=Q,St++):(r=o,0===At&&Ct(Y)),r===o&&(r=I),r!==o){if(n=[],(i=ur())!==o)for(;i!==o;)n.push(i),i=ur();else n=u;n!==o?(i=St,At++,46===t.charCodeAt(St)?(a=_,St++):(a=o,0===At&&Ct(E)),At--,a===o?i=f:(St=i,i=u),i!==o?(_t=e,e=r=J(n)):(St=e,e=u)):(St=e,e=u)}else St=e,e=u;if(e===o)if(e=St,45===t.charCodeAt(St)?(r=Z,St++):(r=o,0===At&&Ct(ee)),r!==o){if(n=[],(i=ur())!==o)for(;i!==o;)n.push(i),i=ur();else n=u;n!==o?(i=St,At++,46===t.charCodeAt(St)?(a=_,St++):(a=o,0===At&&Ct(E)),At--,a===o?i=f:(St=i,i=u),i!==o?(_t=e,e=r=te(n)):(St=e,e=u)):(St=e,e=u)}else St=e,e=u;return xt[s]={nextPos:St,result:e},e}function Yt(){var e,t,r,n,i,a=49*St+29,s=xt[a];if(s)return St=s.nextPos,s.result;for(e=St,t=[],r=Zt();r!==o;)t.push(r),r=Zt();if(t!==o)if((r=qt())!==o){for(n=[],i=Zt();i!==o;)n.push(i),i=Zt();n!==o?(_t=e,e=t=de(r)):(St=e,e=u)}else St=e,e=u;else St=e,e=u;return xt[a]={nextPos:St,result:e},e}function Jt(){var e,r,n,i,a,s,c,l=49*St+30,f=xt[l];if(f)return St=f.nextPos,f.result;for(e=St,r=[],n=Zt();n!==o;)r.push(n),n=Zt();if(r!==o)if((n=qt())!==o){for(i=[],a=Zt();a!==o;)i.push(a),a=Zt();if(i!==o)if(44===t.charCodeAt(St)?(a=he,St++):(a=o,0===At&&Ct(ye)),a!==o){for(s=[],c=Zt();c!==o;)s.push(c),c=Zt();s!==o?(_t=e,e=r=de(n)):(St=e,e=u)}else St=e,e=u;else St=e,e=u}else St=e,e=u;else St=e,e=u;return xt[l]={nextPos:St,result:e},e}function Zt(){var e,t=49*St+31,r=xt[t];return r?(St=r.nextPos,r.result):((e=nr())===o&&(e=or())===o&&(e=Nt()),xt[t]={nextPos:St,result:e},e)}function er(){var e,r,n,i,a,s,c,l,f,p,d,h=49*St+33,y=xt[h];if(y)return St=y.nextPos,y.result;for(e=St,r=[],n=nr();n!==o;)r.push(n),n=nr();if(r!==o)if((n=Dt())!==o){for(i=[],a=nr();a!==o;)i.push(a),a=nr();if(i!==o)if(61===t.charCodeAt(St)?(a=T,St++):(a=o,0===At&&Ct(k)),a!==o){for(s=[],c=nr();c!==o;)s.push(c),c=nr();if(s!==o)if((c=qt())!==o){for(l=[],f=nr();f!==o;)l.push(f),f=nr();if(l!==o)if(44===t.charCodeAt(St)?(f=he,St++):(f=o,0===At&&Ct(ye)),f!==o){for(p=[],d=nr();d!==o;)p.push(d),d=nr();p!==o?(_t=e,e=r=Se(n,c)):(St=e,e=u)}else St=e,e=u;else St=e,e=u}else St=e,e=u;else St=e,e=u}else St=e,e=u;else St=e,e=u}else St=e,e=u;else St=e,e=u;if(e===o){for(e=St,r=[],n=nr();n!==o;)r.push(n),n=nr();if(r!==o)if((n=Dt())!==o){for(i=[],a=nr();a!==o;)i.push(a),a=nr();if(i!==o)if(61===t.charCodeAt(St)?(a=T,St++):(a=o,0===At&&Ct(k)),a!==o){for(s=[],c=nr();c!==o;)s.push(c),c=nr();s!==o&&(c=qt())!==o?(_t=e,e=r=Se(n,c)):(St=e,e=u)}else St=e,e=u;else St=e,e=u}else St=e,e=u;else St=e,e=u}return xt[h]={nextPos:St,result:e},e}function tr(){var e,r,n,i=49*St+34,a=xt[i];return a?(St=a.nextPos,a.result):(e=St,46===t.charCodeAt(St)?(r=_,St++):(r=o,0===At&&Ct(E)),r!==o&&(n=lr())!==o?(_t=e,e=r=_e(n)):(St=e,e=u),xt[i]={nextPos:St,result:e},e)}function rr(){var e,r,n,i,a,s,c,l,f,p,d,h,y=49*St+35,m=xt[y];return m?(St=m.nextPos,m.result):(e=St,r=St,(n=ur())!==o&&(i=ur())!==o&&(a=ur())!==o&&(s=ur())!==o?(45===t.charCodeAt(St)?(c=Z,St++):(c=o,0===At&&Ct(ee)),c!==o&&(l=ur())!==o&&(f=ur())!==o?(45===t.charCodeAt(St)?(p=Z,St++):(p=o,0===At&&Ct(ee)),p!==o&&(d=ur())!==o&&(h=ur())!==o?r=n=[n,i,a,s,c,l,f,p,d,h]:(St=r,r=u)):(St=r,r=u)):(St=r,r=u),r!==o&&(_t=e,r=Ee(r)),e=r,xt[y]={nextPos:St,result:e},e)}function nr(){var e,r=49*St+39,n=xt[r];return n?(St=n.nextPos,n.result):(je.test(t.charAt(St))?(e=t.charAt(St),St++):(e=o,0===At&&Ct(Be)),xt[r]={nextPos:St,result:e},e)}function or(){var e,r,n,i=49*St+40,a=xt[i];return a?(St=a.nextPos,a.result):(10===t.charCodeAt(St)?(e=Le,St++):(e=o,0===At&&Ct(Ne)),e===o&&(e=St,13===t.charCodeAt(St)?(r=Ue,St++):(r=o,0===At&&Ct(Me)),r!==o?(10===t.charCodeAt(St)?(n=Le,St++):(n=o,0===At&&Ct(Ne)),n!==o?e=r=[r,n]:(St=e,e=u)):(St=e,e=u)),xt[i]={nextPos:St,result:e},e)}function ir(){var e,t=49*St+41,r=xt[t];return r?(St=r.nextPos,r.result):((e=or())===o&&(e=nr()),xt[t]={nextPos:St,result:e},e)}function ar(){var e,r,n=49*St+42,i=xt[n];return i?(St=i.nextPos,i.result):(e=St,At++,t.length>St?(r=t.charAt(St),St++):(r=o,0===At&&Ct(p)),At--,r===o?e=f:(St=e,e=u),xt[n]={nextPos:St,result:e},e)}function sr(){var e,r=49*St+43,n=xt[r];return n?(St=n.nextPos,n.result):(Fe.test(t.charAt(St))?(e=t.charAt(St),St++):(e=o,0===At&&Ct(De)),xt[r]={nextPos:St,result:e},e)}function ur(){var e,r,n=49*St+44,i=xt[n];return i?(St=i.nextPos,i.result):(Ve.test(t.charAt(St))?(e=t.charAt(St),St++):(e=o,0===At&&Ct(qe)),e===o&&(e=St,95===t.charCodeAt(St)?(r=Ke,St++):(r=o,0===At&&Ct(He)),r!==o&&(_t=e,r=ze()),e=r),xt[n]={nextPos:St,result:e},e)}function cr(){var e,r=49*St+45,n=xt[r];return n?(St=n.nextPos,n.result):(Xe.test(t.charAt(St))?(e=t.charAt(St),St++):(e=o,0===At&&Ct($e)),xt[r]={nextPos:St,result:e},e)}function lr(){var e,t,r,n=49*St+46,i=xt[n];if(i)return St=i.nextPos,i.result;if(e=St,t=[],(r=ur())!==o)for(;r!==o;)t.push(r),r=ur();else t=u;return t!==o&&(_t=e,t=We(t)),e=t,xt[n]={nextPos:St,result:e},e}function fr(){var e,r,n=49*St+47,i=xt[n];return i?(St=i.nextPos,i.result):(e=St,t.substr(St,2)===Ge?(r=Ge,St+=2):(r=o,0===At&&Ct(Qe)),r!==o&&(_t=e,r=Ye()),(e=r)===o&&(e=St,t.substr(St,2)===Je?(r=Je,St+=2):(r=o,0===At&&Ct(Ze)),r!==o&&(_t=e,r=et()),(e=r)===o&&(e=St,t.substr(St,2)===tt?(r=tt,St+=2):(r=o,0===At&&Ct(rt)),r!==o&&(_t=e,r=nt()),(e=r)===o&&(e=St,t.substr(St,2)===ot?(r=ot,St+=2):(r=o,0===At&&Ct(it)),r!==o&&(_t=e,r=at()),(e=r)===o&&(e=St,t.substr(St,2)===st?(r=st,St+=2):(r=o,0===At&&Ct(ut)),r!==o&&(_t=e,r=ct()),(e=r)===o&&(e=St,t.substr(St,2)===lt?(r=lt,St+=2):(r=o,0===At&&Ct(ft)),r!==o&&(_t=e,r=pt()),(e=r)===o&&(e=St,t.substr(St,2)===dt?(r=dt,St+=2):(r=o,0===At&&Ct(ht)),r!==o&&(_t=e,r=yt()),(e=r)===o&&(e=function(){var e,r,n,i,a,s,c,l,f,p,d,h=49*St+48,y=xt[h];if(y)return St=y.nextPos,y.result;e=St,t.substr(St,2)===mt?(r=mt,St+=2):(r=o,0===At&&Ct(vt));r!==o?(n=St,(i=sr())!==o&&(a=sr())!==o&&(s=sr())!==o&&(c=sr())!==o&&(l=sr())!==o&&(f=sr())!==o&&(p=sr())!==o&&(d=sr())!==o?n=i=[i,a,s,c,l,f,p,d]:(St=n,n=u),n!==o?(_t=e,e=r=gt(n)):(St=e,e=u)):(St=e,e=u);e===o&&(e=St,t.substr(St,2)===bt?(r=bt,St+=2):(r=o,0===At&&Ct(wt)),r!==o?(n=St,(i=sr())!==o&&(a=sr())!==o&&(s=sr())!==o&&(c=sr())!==o?n=i=[i,a,s,c]:(St=n,n=u),n!==o?(_t=e,e=r=gt(n)):(St=e,e=u)):(St=e,e=u));return xt[h]={nextPos:St,result:e},e}()))))))),xt[n]={nextPos:St,result:e},e)}var pr=[];function dr(e){pr.push(e)}function hr(e,t,r,n,o){var i={type:e,value:t,line:r(),column:n()};return o&&(i.key=o),i}if((r=a())!==o&&St===t.length)return r;throw r!==o&&St<t.length&&Ct({type:"end",description:"end of input"}),jt(null,Ot,kt)}}}()},2251:function(e,t,r){var n,o;!function(i,a){"use strict";e.exports?e.exports=a():void 0===(o="function"==typeof(n=a)?n.call(t,r,t,e):n)||(e.exports=o)}(0,(function(e){"use strict";var t=e&&e.IPv6;return{best:function(e){var t,r,n=e.toLowerCase().split(":"),o=n.length,i=8;for(""===n[0]&&""===n[1]&&""===n[2]?(n.shift(),n.shift()):""===n[0]&&""===n[1]?n.shift():""===n[o-1]&&""===n[o-2]&&n.pop(),-1!==n[(o=n.length)-1].indexOf(".")&&(i=7),t=0;t<o&&""!==n[t];t++);if(t<i)for(n.splice(t,1,"0000");n.length<i;)n.splice(t,0,"0000");for(var a=0;a<i;a++){r=n[a].split("");for(var s=0;s<3&&("0"===r[0]&&r.length>1);s++)r.splice(0,1);n[a]=r.join("")}var u=-1,c=0,l=0,f=-1,p=!1;for(a=0;a<i;a++)p?"0"===n[a]?l+=1:(p=!1,l>c&&(u=f,c=l)):"0"===n[a]&&(p=!0,f=a,l=1);l>c&&(u=f,c=l),c>1&&n.splice(u,c,""),o=n.length;var d="";for(""===n[0]&&(d=":"),a=0;a<o&&(d+=n[a],a!==o-1);a++)d+=":";return""===n[o-1]&&(d+=":"),d},noConflict:function(){return e.IPv6===this&&(e.IPv6=t),this}}}))},8640:function(e,t,r){var n,o;!function(i,a){"use strict";e.exports?e.exports=a():void 0===(o="function"==typeof(n=a)?n.call(t,r,t,e):n)||(e.exports=o)}(0,(function(e){"use strict";var t=e&&e.SecondLevelDomains,r={list:{ac:" com gov mil net org ",ae:" ac co gov mil name net org pro sch ",af:" com edu gov net org ",al:" com edu gov mil net org ",ao:" co ed gv it og pb ",ar:" com edu gob gov int mil net org tur ",at:" ac co gv or ",au:" asn com csiro edu gov id net org ",ba:" co com edu gov mil net org rs unbi unmo unsa untz unze ",bb:" biz co com edu gov info net org store tv ",bh:" biz cc com edu gov info net org ",bn:" com edu gov net org ",bo:" com edu gob gov int mil net org tv ",br:" adm adv agr am arq art ato b bio blog bmd cim cng cnt com coop ecn edu eng esp etc eti far flog fm fnd fot fst g12 ggf gov imb ind inf jor jus lel mat med mil mus net nom not ntr odo org ppg pro psc psi qsl rec slg srv tmp trd tur tv vet vlog wiki zlg ",bs:" com edu gov net org ",bz:" du et om ov rg ",ca:" ab bc mb nb nf nl ns nt nu on pe qc sk yk ",ck:" biz co edu gen gov info net org ",cn:" ac ah bj com cq edu fj gd gov gs gx gz ha hb he hi hl hn jl js jx ln mil net nm nx org qh sc sd sh sn sx tj tw xj xz yn zj ",co:" com edu gov mil net nom org ",cr:" ac c co ed fi go or sa ",cy:" ac biz com ekloges gov ltd name net org parliament press pro tm ",do:" art com edu gob gov mil net org sld web ",dz:" art asso com edu gov net org pol ",ec:" com edu fin gov info med mil net org pro ",eg:" com edu eun gov mil name net org sci ",er:" com edu gov ind mil net org rochest w ",es:" com edu gob nom org ",et:" biz com edu gov info name net org ",fj:" ac biz com info mil name net org pro ",fk:" ac co gov net nom org ",fr:" asso com f gouv nom prd presse tm ",gg:" co net org ",gh:" com edu gov mil org ",gn:" ac com gov net org ",gr:" com edu gov mil net org ",gt:" com edu gob ind mil net org ",gu:" com edu gov net org ",hk:" com edu gov idv net org ",hu:" 2000 agrar bolt casino city co erotica erotika film forum games hotel info ingatlan jogasz konyvelo lakas media news org priv reklam sex shop sport suli szex tm tozsde utazas video ",id:" ac co go mil net or sch web ",il:" ac co gov idf k12 muni net org ",in:" ac co edu ernet firm gen gov i ind mil net nic org res ",iq:" com edu gov i mil net org ",ir:" ac co dnssec gov i id net org sch ",it:" edu gov ",je:" co net org ",jo:" com edu gov mil name net org sch ",jp:" ac ad co ed go gr lg ne or ",ke:" ac co go info me mobi ne or sc ",kh:" com edu gov mil net org per ",ki:" biz com de edu gov info mob net org tel ",km:" asso com coop edu gouv k medecin mil nom notaires pharmaciens presse tm veterinaire ",kn:" edu gov net org ",kr:" ac busan chungbuk chungnam co daegu daejeon es gangwon go gwangju gyeongbuk gyeonggi gyeongnam hs incheon jeju jeonbuk jeonnam k kg mil ms ne or pe re sc seoul ulsan ",kw:" com edu gov net org ",ky:" com edu gov net org ",kz:" com edu gov mil net org ",lb:" com edu gov net org ",lk:" assn com edu gov grp hotel int ltd net ngo org sch soc web ",lr:" com edu gov net org ",lv:" asn com conf edu gov id mil net org ",ly:" com edu gov id med net org plc sch ",ma:" ac co gov m net org press ",mc:" asso tm ",me:" ac co edu gov its net org priv ",mg:" com edu gov mil nom org prd tm ",mk:" com edu gov inf name net org pro ",ml:" com edu gov net org presse ",mn:" edu gov org ",mo:" com edu gov net org ",mt:" com edu gov net org ",mv:" aero biz com coop edu gov info int mil museum name net org pro ",mw:" ac co com coop edu gov int museum net org ",mx:" com edu gob net org ",my:" com edu gov mil name net org sch ",nf:" arts com firm info net other per rec store web ",ng:" biz com edu gov mil mobi name net org sch ",ni:" ac co com edu gob mil net nom org ",np:" com edu gov mil net org ",nr:" biz com edu gov info net org ",om:" ac biz co com edu gov med mil museum net org pro sch ",pe:" com edu gob mil net nom org sld ",ph:" com edu gov i mil net ngo org ",pk:" biz com edu fam gob gok gon gop gos gov net org web ",pl:" art bialystok biz com edu gda gdansk gorzow gov info katowice krakow lodz lublin mil net ngo olsztyn org poznan pwr radom slupsk szczecin torun warszawa waw wroc wroclaw zgora ",pr:" ac biz com edu est gov info isla name net org pro prof ",ps:" com edu gov net org plo sec ",pw:" belau co ed go ne or ",ro:" arts com firm info nom nt org rec store tm www ",rs:" ac co edu gov in org ",sb:" com edu gov net org ",sc:" com edu gov net org ",sh:" co com edu gov net nom org ",sl:" com edu gov net org ",st:" co com consulado edu embaixada gov mil net org principe saotome store ",sv:" com edu gob org red ",sz:" ac co org ",tr:" av bbs bel biz com dr edu gen gov info k12 name net org pol tel tsk tv web ",tt:" aero biz cat co com coop edu gov info int jobs mil mobi museum name net org pro tel travel ",tw:" club com ebiz edu game gov idv mil net org ",mu:" ac co com gov net or org ",mz:" ac co edu gov org ",na:" co com ",nz:" ac co cri geek gen govt health iwi maori mil net org parliament school ",pa:" abo ac com edu gob ing med net nom org sld ",pt:" com edu gov int net nome org publ ",py:" com edu gov mil net org ",qa:" com edu gov mil net org ",re:" asso com nom ",ru:" ac adygeya altai amur arkhangelsk astrakhan bashkiria belgorod bir bryansk buryatia cbg chel chelyabinsk chita chukotka chuvashia com dagestan e-burg edu gov grozny int irkutsk ivanovo izhevsk jar joshkar-ola kalmykia kaluga kamchatka karelia kazan kchr kemerovo khabarovsk khakassia khv kirov koenig komi kostroma kranoyarsk kuban kurgan kursk lipetsk magadan mari mari-el marine mil mordovia mosreg msk murmansk nalchik net nnov nov novosibirsk nsk omsk orenburg org oryol penza perm pp pskov ptz rnd ryazan sakhalin samara saratov simbirsk smolensk spb stavropol stv surgut tambov tatarstan tom tomsk tsaritsyn tsk tula tuva tver tyumen udm udmurtia ulan-ude vladikavkaz vladimir vladivostok volgograd vologda voronezh vrn vyatka yakutia yamal yekaterinburg yuzhno-sakhalinsk ",rw:" ac co com edu gouv gov int mil net ",sa:" com edu gov med net org pub sch ",sd:" com edu gov info med net org tv ",se:" a ac b bd c d e f g h i k l m n o org p parti pp press r s t tm u w x y z ",sg:" com edu gov idn net org per ",sn:" art com edu gouv org perso univ ",sy:" com edu gov mil net news org ",th:" ac co go in mi net or ",tj:" ac biz co com edu go gov info int mil name net nic org test web ",tn:" agrinet com defense edunet ens fin gov ind info intl mincom nat net org perso rnrt rns rnu tourism ",tz:" ac co go ne or ",ua:" biz cherkassy chernigov chernovtsy ck cn co com crimea cv dn dnepropetrovsk donetsk dp edu gov if in ivano-frankivsk kh kharkov kherson khmelnitskiy kiev kirovograd km kr ks kv lg lugansk lutsk lviv me mk net nikolaev od odessa org pl poltava pp rovno rv sebastopol sumy te ternopil uzhgorod vinnica vn zaporizhzhe zhitomir zp zt ",ug:" ac co go ne or org sc ",uk:" ac bl british-library co cym gov govt icnet jet lea ltd me mil mod national-library-scotland nel net nhs nic nls org orgn parliament plc police sch scot soc ",us:" dni fed isa kids nsn ",uy:" com edu gub mil net org ",ve:" co com edu gob info mil net org web ",vi:" co com k12 net org ",vn:" ac biz com edu gov health info int name net org pro ",ye:" co com gov ltd me net org plc ",yu:" ac co edu gov org ",za:" ac agric alt bourse city co cybernet db edu gov grondar iaccess imt inca landesign law mil net ngo nis nom olivetti org pix school tm web ",zm:" ac co com edu gov net org sch ",com:"ar br cn de eu gb gr hu jpn kr no qc ru sa se uk us uy za ",net:"gb jp se uk ",org:"ae",de:"com "},has:function(e){var t=e.lastIndexOf(".");if(t<=0||t>=e.length-1)return!1;var n=e.lastIndexOf(".",t-1);if(n<=0||n>=t-1)return!1;var o=r.list[e.slice(t+1)];return!!o&&o.indexOf(" "+e.slice(n+1,t)+" ")>=0},is:function(e){var t=e.lastIndexOf(".");if(t<=0||t>=e.length-1)return!1;if(e.lastIndexOf(".",t-1)>=0)return!1;var n=r.list[e.slice(t+1)];return!!n&&n.indexOf(" "+e.slice(0,t)+" ")>=0},get:function(e){var t=e.lastIndexOf(".");if(t<=0||t>=e.length-1)return null;var n=e.lastIndexOf(".",t-1);if(n<=0||n>=t-1)return null;var o=r.list[e.slice(t+1)];return o?o.indexOf(" "+e.slice(n+1,t)+" ")<0?null:e.slice(n+1):null},noConflict:function(){return e.SecondLevelDomains===this&&(e.SecondLevelDomains=t),this}};return r}))},4998:function(e,t,r){var n,o,i;!function(a,s){"use strict";e.exports?e.exports=s(r(3132),r(2251),r(8640)):(o=[r(3132),r(2251),r(8640)],void 0===(i="function"==typeof(n=s)?n.apply(t,o):n)||(e.exports=i))}(0,(function(e,t,r,n){"use strict";var o=n&&n.URI;function i(e,t){var r=arguments.length>=1;if(!(this instanceof i))return r?arguments.length>=2?new i(e,t):new i(e):new i;if(void 0===e){if(r)throw new TypeError("undefined is not a valid argument for URI");e="undefined"!=typeof location?location.href+"":""}if(null===e&&r)throw new TypeError("null is not a valid argument for URI");return this.href(e),void 0!==t?this.absoluteTo(t):this}i.version="1.19.11";var a=i.prototype,s=Object.prototype.hasOwnProperty;function u(e){return e.replace(/([.*+?^=!:${}()|[\]\/\\])/g,"\\$1")}function c(e){return void 0===e?"Undefined":String(Object.prototype.toString.call(e)).slice(8,-1)}function l(e){return"Array"===c(e)}function f(e,t){var r,n,o={};if("RegExp"===c(t))o=null;else if(l(t))for(r=0,n=t.length;r<n;r++)o[t[r]]=!0;else o[t]=!0;for(r=0,n=e.length;r<n;r++){(o&&void 0!==o[e[r]]||!o&&t.test(e[r]))&&(e.splice(r,1),n--,r--)}return e}function p(e,t){var r,n;if(l(t)){for(r=0,n=t.length;r<n;r++)if(!p(e,t[r]))return!1;return!0}var o=c(t);for(r=0,n=e.length;r<n;r++)if("RegExp"===o){if("string"==typeof e[r]&&e[r].match(t))return!0}else if(e[r]===t)return!0;return!1}function d(e,t){if(!l(e)||!l(t))return!1;if(e.length!==t.length)return!1;e.sort(),t.sort();for(var r=0,n=e.length;r<n;r++)if(e[r]!==t[r])return!1;return!0}function h(e){return e.replace(/^\/+|\/+$/g,"")}function y(e){return escape(e)}function m(e){return encodeURIComponent(e).replace(/[!'()*]/g,y).replace(/\*/g,"%2A")}i._parts=function(){return{protocol:null,username:null,password:null,hostname:null,urn:null,port:null,path:null,query:null,fragment:null,preventInvalidHostname:i.preventInvalidHostname,duplicateQueryParameters:i.duplicateQueryParameters,escapeQuerySpace:i.escapeQuerySpace}},i.preventInvalidHostname=!1,i.duplicateQueryParameters=!1,i.escapeQuerySpace=!0,i.protocol_expression=/^[a-z][a-z0-9.+-]*$/i,i.idn_expression=/[^a-z0-9\._-]/i,i.punycode_expression=/(xn--)/i,i.ip4_expression=/^\d{1,3}\.\d{1,3}\.\d{1,3}\.\d{1,3}$/,i.ip6_expression=/^\s*((([0-9A-Fa-f]{1,4}:){7}([0-9A-Fa-f]{1,4}|:))|(([0-9A-Fa-f]{1,4}:){6}(:[0-9A-Fa-f]{1,4}|((25[0-5]|2[0-4]\d|1\d\d|[1-9]?\d)(\.(25[0-5]|2[0-4]\d|1\d\d|[1-9]?\d)){3})|:))|(([0-9A-Fa-f]{1,4}:){5}(((:[0-9A-Fa-f]{1,4}){1,2})|:((25[0-5]|2[0-4]\d|1\d\d|[1-9]?\d)(\.(25[0-5]|2[0-4]\d|1\d\d|[1-9]?\d)){3})|:))|(([0-9A-Fa-f]{1,4}:){4}(((:[0-9A-Fa-f]{1,4}){1,3})|((:[0-9A-Fa-f]{1,4})?:((25[0-5]|2[0-4]\d|1\d\d|[1-9]?\d)(\.(25[0-5]|2[0-4]\d|1\d\d|[1-9]?\d)){3}))|:))|(([0-9A-Fa-f]{1,4}:){3}(((:[0-9A-Fa-f]{1,4}){1,4})|((:[0-9A-Fa-f]{1,4}){0,2}:((25[0-5]|2[0-4]\d|1\d\d|[1-9]?\d)(\.(25[0-5]|2[0-4]\d|1\d\d|[1-9]?\d)){3}))|:))|(([0-9A-Fa-f]{1,4}:){2}(((:[0-9A-Fa-f]{1,4}){1,5})|((:[0-9A-Fa-f]{1,4}){0,3}:((25[0-5]|2[0-4]\d|1\d\d|[1-9]?\d)(\.(25[0-5]|2[0-4]\d|1\d\d|[1-9]?\d)){3}))|:))|(([0-9A-Fa-f]{1,4}:){1}(((:[0-9A-Fa-f]{1,4}){1,6})|((:[0-9A-Fa-f]{1,4}){0,4}:((25[0-5]|2[0-4]\d|1\d\d|[1-9]?\d)(\.(25[0-5]|2[0-4]\d|1\d\d|[1-9]?\d)){3}))|:))|(:(((:[0-9A-Fa-f]{1,4}){1,7})|((:[0-9A-Fa-f]{1,4}){0,5}:((25[0-5]|2[0-4]\d|1\d\d|[1-9]?\d)(\.(25[0-5]|2[0-4]\d|1\d\d|[1-9]?\d)){3}))|:)))(%.+)?\s*$/,i.find_uri_expression=/\b((?:[a-z][\w-]+:(?:\/{1,3}|[a-z0-9%])|www\d{0,3}[.]|[a-z0-9.\-]+[.][a-z]{2,4}\/)(?:[^\s()<>]+|\(([^\s()<>]+|(\([^\s()<>]+\)))*\))+(?:\(([^\s()<>]+|(\([^\s()<>]+\)))*\)|[^\s`!()\[\]{};:'".,<>?\xab\xbb\u201c\u201d\u2018\u2019]))/gi,i.findUri={start:/\b(?:([a-z][a-z0-9.+-]*:\/\/)|www\.)/gi,end:/[\s\r\n]|$/,trim:/[`!()\[\]{};:'".,<>?\xab\xbb\u201c\u201d\u201e\u2018\u2019]+$/,parens:/(\([^\)]*\)|\[[^\]]*\]|\{[^}]*\}|<[^>]*>)/g},i.leading_whitespace_expression=/^[\x00-\x20\u00a0\u1680\u2000-\u200a\u2028\u2029\u202f\u205f\u3000\ufeff]+/,i.ascii_tab_whitespace=/[\u0009\u000A\u000D]+/g,i.defaultPorts={http:"80",https:"443",ftp:"21",gopher:"70",ws:"80",wss:"443"},i.hostProtocols=["http","https"],i.invalid_hostname_characters=/[^a-zA-Z0-9\.\-:_]/,i.domAttributes={a:"href",blockquote:"cite",link:"href",base:"href",script:"src",form:"action",img:"src",area:"href",iframe:"src",embed:"src",source:"src",track:"src",input:"src",audio:"src",video:"src"},i.getDomAttribute=function(e){if(e&&e.nodeName){var t=e.nodeName.toLowerCase();if("input"!==t||"image"===e.type)return i.domAttributes[t]}},i.encode=m,i.decode=decodeURIComponent,i.iso8859=function(){i.encode=escape,i.decode=unescape},i.unicode=function(){i.encode=m,i.decode=decodeURIComponent},i.characters={pathname:{encode:{expression:/%(24|26|2B|2C|3B|3D|3A|40)/gi,map:{"%24":"$","%26":"&","%2B":"+","%2C":",","%3B":";","%3D":"=","%3A":":","%40":"@"}},decode:{expression:/[\/\?#]/g,map:{"/":"%2F","?":"%3F","#":"%23"}}},reserved:{encode:{expression:/%(21|23|24|26|27|28|29|2A|2B|2C|2F|3A|3B|3D|3F|40|5B|5D)/gi,map:{"%3A":":","%2F":"/","%3F":"?","%23":"#","%5B":"[","%5D":"]","%40":"@","%21":"!","%24":"$","%26":"&","%27":"'","%28":"(","%29":")","%2A":"*","%2B":"+","%2C":",","%3B":";","%3D":"="}}},urnpath:{encode:{expression:/%(21|24|27|28|29|2A|2B|2C|3B|3D|40)/gi,map:{"%21":"!","%24":"$","%27":"'","%28":"(","%29":")","%2A":"*","%2B":"+","%2C":",","%3B":";","%3D":"=","%40":"@"}},decode:{expression:/[\/\?#:]/g,map:{"/":"%2F","?":"%3F","#":"%23",":":"%3A"}}}},i.encodeQuery=function(e,t){var r=i.encode(e+"");return void 0===t&&(t=i.escapeQuerySpace),t?r.replace(/%20/g,"+"):r},i.decodeQuery=function(e,t){e+="",void 0===t&&(t=i.escapeQuerySpace);try{return i.decode(t?e.replace(/\+/g,"%20"):e)}catch(t){return e}};var v,g={encode:"encode",decode:"decode"},b=function(e,t){return function(r){try{return i[t](r+"").replace(i.characters[e][t].expression,(function(r){return i.characters[e][t].map[r]}))}catch(e){return r}}};for(v in g)i[v+"PathSegment"]=b("pathname",g[v]),i[v+"UrnPathSegment"]=b("urnpath",g[v]);var w=function(e,t,r){return function(n){var o;o=r?function(e){return i[t](i[r](e))}:i[t];for(var a=(n+"").split(e),s=0,u=a.length;s<u;s++)a[s]=o(a[s]);return a.join(e)}};function S(e){return function(t,r){return void 0===t?this._parts[e]||"":(this._parts[e]=t||null,this.build(!r),this)}}function _(e,t){return function(r,n){return void 0===r?this._parts[e]||"":(null!==r&&(r+="").charAt(0)===t&&(r=r.substring(1)),this._parts[e]=r,this.build(!n),this)}}i.decodePath=w("/","decodePathSegment"),i.decodeUrnPath=w(":","decodeUrnPathSegment"),i.recodePath=w("/","encodePathSegment","decode"),i.recodeUrnPath=w(":","encodeUrnPathSegment","decode"),i.encodeReserved=b("reserved","encode"),i.parse=function(e,t){var r;return t||(t={preventInvalidHostname:i.preventInvalidHostname}),(r=(e=(e=e.replace(i.leading_whitespace_expression,"")).replace(i.ascii_tab_whitespace,"")).indexOf("#"))>-1&&(t.fragment=e.substring(r+1)||null,e=e.substring(0,r)),(r=e.indexOf("?"))>-1&&(t.query=e.substring(r+1)||null,e=e.substring(0,r)),"//"===(e=(e=e.replace(/^(https?|ftp|wss?)?:+[/\\]*/i,"$1://")).replace(/^[/\\]{2,}/i,"//")).substring(0,2)?(t.protocol=null,e=e.substring(2),e=i.parseAuthority(e,t)):(r=e.indexOf(":"))>-1&&(t.protocol=e.substring(0,r)||null,t.protocol&&!t.protocol.match(i.protocol_expression)?t.protocol=void 0:"//"===e.substring(r+1,r+3).replace(/\\/g,"/")?(e=e.substring(r+3),e=i.parseAuthority(e,t)):(e=e.substring(r+1),t.urn=!0)),t.path=e,t},i.parseHost=function(e,t){e||(e="");var r,n,o=(e=e.replace(/\\/g,"/")).indexOf("/");if(-1===o&&(o=e.length),"["===e.charAt(0))r=e.indexOf("]"),t.hostname=e.substring(1,r)||null,t.port=e.substring(r+2,o)||null,"/"===t.port&&(t.port=null);else{var a=e.indexOf(":"),s=e.indexOf("/"),u=e.indexOf(":",a+1);-1!==u&&(-1===s||u<s)?(t.hostname=e.substring(0,o)||null,t.port=null):(n=e.substring(0,o).split(":"),t.hostname=n[0]||null,t.port=n[1]||null)}return t.hostname&&"/"!==e.substring(o).charAt(0)&&(o++,e="/"+e),t.preventInvalidHostname&&i.ensureValidHostname(t.hostname,t.protocol),t.port&&i.ensureValidPort(t.port),e.substring(o)||"/"},i.parseAuthority=function(e,t){return e=i.parseUserinfo(e,t),i.parseHost(e,t)},i.parseUserinfo=function(e,t){var r=e;-1!==e.indexOf("\\")&&(e=e.replace(/\\/g,"/"));var n,o=e.indexOf("/"),a=e.lastIndexOf("@",o>-1?o:e.length-1);return a>-1&&(-1===o||a<o)?(n=e.substring(0,a).split(":"),t.username=n[0]?i.decode(n[0]):null,n.shift(),t.password=n[0]?i.decode(n.join(":")):null,e=r.substring(a+1)):(t.username=null,t.password=null),e},i.parseQuery=function(e,t){if(!e)return{};if(!(e=e.replace(/&+/g,"&").replace(/^\?*&*|&+$/g,"")))return{};for(var r,n,o,a={},u=e.split("&"),c=u.length,l=0;l<c;l++)r=u[l].split("="),n=i.decodeQuery(r.shift(),t),o=r.length?i.decodeQuery(r.join("="),t):null,"__proto__"!==n&&(s.call(a,n)?("string"!=typeof a[n]&&null!==a[n]||(a[n]=[a[n]]),a[n].push(o)):a[n]=o);return a},i.build=function(e){var t="",r=!1;return e.protocol&&(t+=e.protocol+":"),e.urn||!t&&!e.hostname||(t+="//",r=!0),t+=i.buildAuthority(e)||"","string"==typeof e.path&&("/"!==e.path.charAt(0)&&r&&(t+="/"),t+=e.path),"string"==typeof e.query&&e.query&&(t+="?"+e.query),"string"==typeof e.fragment&&e.fragment&&(t+="#"+e.fragment),t},i.buildHost=function(e){var t="";return e.hostname?(i.ip6_expression.test(e.hostname)?t+="["+e.hostname+"]":t+=e.hostname,e.port&&(t+=":"+e.port),t):""},i.buildAuthority=function(e){return i.buildUserinfo(e)+i.buildHost(e)},i.buildUserinfo=function(e){var t="";return e.username&&(t+=i.encode(e.username)),e.password&&(t+=":"+i.encode(e.password)),t&&(t+="@"),t},i.buildQuery=function(e,t,r){var n,o,a,u,c="";for(o in e)if("__proto__"!==o&&s.call(e,o))if(l(e[o]))for(n={},a=0,u=e[o].length;a<u;a++)void 0!==e[o][a]&&void 0===n[e[o][a]+""]&&(c+="&"+i.buildQueryParameter(o,e[o][a],r),!0!==t&&(n[e[o][a]+""]=!0));else void 0!==e[o]&&(c+="&"+i.buildQueryParameter(o,e[o],r));return c.substring(1)},i.buildQueryParameter=function(e,t,r){return i.encodeQuery(e,r)+(null!==t?"="+i.encodeQuery(t,r):"")},i.addQuery=function(e,t,r){if("object"==typeof t)for(var n in t)s.call(t,n)&&i.addQuery(e,n,t[n]);else{if("string"!=typeof t)throw new TypeError("URI.addQuery() accepts an object, string as the name parameter");if(void 0===e[t])return void(e[t]=r);"string"==typeof e[t]&&(e[t]=[e[t]]),l(r)||(r=[r]),e[t]=(e[t]||[]).concat(r)}},i.setQuery=function(e,t,r){if("object"==typeof t)for(var n in t)s.call(t,n)&&i.setQuery(e,n,t[n]);else{if("string"!=typeof t)throw new TypeError("URI.setQuery() accepts an object, string as the name parameter");e[t]=void 0===r?null:r}},i.removeQuery=function(e,t,r){var n,o,a;if(l(t))for(n=0,o=t.length;n<o;n++)e[t[n]]=void 0;else if("RegExp"===c(t))for(a in e)t.test(a)&&(e[a]=void 0);else if("object"==typeof t)for(a in t)s.call(t,a)&&i.removeQuery(e,a,t[a]);else{if("string"!=typeof t)throw new TypeError("URI.removeQuery() accepts an object, string, RegExp as the first parameter");void 0!==r?"RegExp"===c(r)?!l(e[t])&&r.test(e[t])?e[t]=void 0:e[t]=f(e[t],r):e[t]!==String(r)||l(r)&&1!==r.length?l(e[t])&&(e[t]=f(e[t],r)):e[t]=void 0:e[t]=void 0}},i.hasQuery=function(e,t,r,n){switch(c(t)){case"String":break;case"RegExp":for(var o in e)if(s.call(e,o)&&t.test(o)&&(void 0===r||i.hasQuery(e,o,r)))return!0;return!1;case"Object":for(var a in t)if(s.call(t,a)&&!i.hasQuery(e,a,t[a]))return!1;return!0;default:throw new TypeError("URI.hasQuery() accepts a string, regular expression or object as the name parameter")}switch(c(r)){case"Undefined":return t in e;case"Boolean":return r===Boolean(l(e[t])?e[t].length:e[t]);case"Function":return!!r(e[t],t,e);case"Array":return!!l(e[t])&&(n?p:d)(e[t],r);case"RegExp":return l(e[t])?!!n&&p(e[t],r):Boolean(e[t]&&e[t].match(r));case"Number":r=String(r);case"String":return l(e[t])?!!n&&p(e[t],r):e[t]===r;default:throw new TypeError("URI.hasQuery() accepts undefined, boolean, string, number, RegExp, Function as the value parameter")}},i.joinPaths=function(){for(var e=[],t=[],r=0,n=0;n<arguments.length;n++){var o=new i(arguments[n]);e.push(o);for(var a=o.segment(),s=0;s<a.length;s++)"string"==typeof a[s]&&t.push(a[s]),a[s]&&r++}if(!t.length||!r)return new i("");var u=new i("").segment(t);return""!==e[0].path()&&"/"!==e[0].path().slice(0,1)||u.path("/"+u.path()),u.normalize()},i.commonPath=function(e,t){var r,n=Math.min(e.length,t.length);for(r=0;r<n;r++)if(e.charAt(r)!==t.charAt(r)){r--;break}return r<1?e.charAt(0)===t.charAt(0)&&"/"===e.charAt(0)?"/":"":("/"===e.charAt(r)&&"/"===t.charAt(r)||(r=e.substring(0,r).lastIndexOf("/")),e.substring(0,r+1))},i.withinString=function(e,t,r){r||(r={});var n=r.start||i.findUri.start,o=r.end||i.findUri.end,a=r.trim||i.findUri.trim,s=r.parens||i.findUri.parens,u=/[a-z0-9-]=["']?$/i;for(n.lastIndex=0;;){var c=n.exec(e);if(!c)break;var l=c.index;if(r.ignoreHtml){var f=e.slice(Math.max(l-3,0),l);if(f&&u.test(f))continue}for(var p=l+e.slice(l).search(o),d=e.slice(l,p),h=-1;;){var y=s.exec(d);if(!y)break;var m=y.index+y[0].length;h=Math.max(h,m)}if(!((d=h>-1?d.slice(0,h)+d.slice(h).replace(a,""):d.replace(a,"")).length<=c[0].length||r.ignore&&r.ignore.test(d))){var v=t(d,l,p=l+d.length,e);void 0!==v?(v=String(v),e=e.slice(0,l)+v+e.slice(p),n.lastIndex=l+v.length):n.lastIndex=p}}return n.lastIndex=0,e},i.ensureValidHostname=function(t,r){var n=!!t,o=!1;if(!!r&&(o=p(i.hostProtocols,r)),o&&!n)throw new TypeError("Hostname cannot be empty, if protocol is "+r);if(t&&t.match(i.invalid_hostname_characters)){if(!e)throw new TypeError('Hostname "'+t+'" contains characters other than [A-Z0-9.-:_] and Punycode.js is not available');if(e.toASCII(t).match(i.invalid_hostname_characters))throw new TypeError('Hostname "'+t+'" contains characters other than [A-Z0-9.-:_]')}},i.ensureValidPort=function(e){if(e){var t=Number(e);if(!(/^[0-9]+$/.test(t)&&t>0&&t<65536))throw new TypeError('Port "'+e+'" is not a valid port')}},i.noConflict=function(e){if(e){var t={URI:this.noConflict()};return n.URITemplate&&"function"==typeof n.URITemplate.noConflict&&(t.URITemplate=n.URITemplate.noConflict()),n.IPv6&&"function"==typeof n.IPv6.noConflict&&(t.IPv6=n.IPv6.noConflict()),n.SecondLevelDomains&&"function"==typeof n.SecondLevelDomains.noConflict&&(t.SecondLevelDomains=n.SecondLevelDomains.noConflict()),t}return n.URI===this&&(n.URI=o),this},a.build=function(e){return!0===e?this._deferred_build=!0:(void 0===e||this._deferred_build)&&(this._string=i.build(this._parts),this._deferred_build=!1),this},a.clone=function(){return new i(this)},a.valueOf=a.toString=function(){return this.build(!1)._string},a.protocol=S("protocol"),a.username=S("username"),a.password=S("password"),a.hostname=S("hostname"),a.port=S("port"),a.query=_("query","?"),a.fragment=_("fragment","#"),a.search=function(e,t){var r=this.query(e,t);return"string"==typeof r&&r.length?"?"+r:r},a.hash=function(e,t){var r=this.fragment(e,t);return"string"==typeof r&&r.length?"#"+r:r},a.pathname=function(e,t){if(void 0===e||!0===e){var r=this._parts.path||(this._parts.hostname?"/":"");return e?(this._parts.urn?i.decodeUrnPath:i.decodePath)(r):r}return this._parts.urn?this._parts.path=e?i.recodeUrnPath(e):"":this._parts.path=e?i.recodePath(e):"/",this.build(!t),this},a.path=a.pathname,a.href=function(e,t){var r;if(void 0===e)return this.toString();this._string="",this._parts=i._parts();var n=e instanceof i,o="object"==typeof e&&(e.hostname||e.path||e.pathname);e.nodeName&&(e=e[i.getDomAttribute(e)]||"",o=!1);if(!n&&o&&void 0!==e.pathname&&(e=e.toString()),"string"==typeof e||e instanceof String)this._parts=i.parse(String(e),this._parts);else{if(!n&&!o)throw new TypeError("invalid input");var a=n?e._parts:e;for(r in a)"query"!==r&&s.call(this._parts,r)&&(this._parts[r]=a[r]);a.query&&this.query(a.query,!1)}return this.build(!t),this},a.is=function(e){var t=!1,n=!1,o=!1,a=!1,s=!1,u=!1,c=!1,l=!this._parts.urn;switch(this._parts.hostname&&(l=!1,n=i.ip4_expression.test(this._parts.hostname),o=i.ip6_expression.test(this._parts.hostname),s=(a=!(t=n||o))&&r&&r.has(this._parts.hostname),u=a&&i.idn_expression.test(this._parts.hostname),c=a&&i.punycode_expression.test(this._parts.hostname)),e.toLowerCase()){case"relative":return l;case"absolute":return!l;case"domain":case"name":return a;case"sld":return s;case"ip":return t;case"ip4":case"ipv4":case"inet4":return n;case"ip6":case"ipv6":case"inet6":return o;case"idn":return u;case"url":return!this._parts.urn;case"urn":return!!this._parts.urn;case"punycode":return c}return null};var E=a.protocol,T=a.port,k=a.hostname;a.protocol=function(e,t){if(e&&!(e=e.replace(/:(\/\/)?$/,"")).match(i.protocol_expression))throw new TypeError('Protocol "'+e+"\" contains characters other than [A-Z0-9.+-] or doesn't start with [A-Z]");return E.call(this,e,t)},a.scheme=a.protocol,a.port=function(e,t){return this._parts.urn?void 0===e?"":this:(void 0!==e&&(0===e&&(e=null),e&&(":"===(e+="").charAt(0)&&(e=e.substring(1)),i.ensureValidPort(e))),T.call(this,e,t))},a.hostname=function(e,t){if(this._parts.urn)return void 0===e?"":this;if(void 0!==e){var r={preventInvalidHostname:this._parts.preventInvalidHostname};if("/"!==i.parseHost(e,r))throw new TypeError('Hostname "'+e+'" contains characters other than [A-Z0-9.-]');e=r.hostname,this._parts.preventInvalidHostname&&i.ensureValidHostname(e,this._parts.protocol)}return k.call(this,e,t)},a.origin=function(e,t){if(this._parts.urn)return void 0===e?"":this;if(void 0===e){var r=this.protocol();return this.authority()?(r?r+"://":"")+this.authority():""}var n=i(e);return this.protocol(n.protocol()).authority(n.authority()).build(!t),this},a.host=function(e,t){if(this._parts.urn)return void 0===e?"":this;if(void 0===e)return this._parts.hostname?i.buildHost(this._parts):"";if("/"!==i.parseHost(e,this._parts))throw new TypeError('Hostname "'+e+'" contains characters other than [A-Z0-9.-]');return this.build(!t),this},a.authority=function(e,t){if(this._parts.urn)return void 0===e?"":this;if(void 0===e)return this._parts.hostname?i.buildAuthority(this._parts):"";if("/"!==i.parseAuthority(e,this._parts))throw new TypeError('Hostname "'+e+'" contains characters other than [A-Z0-9.-]');return this.build(!t),this},a.userinfo=function(e,t){if(this._parts.urn)return void 0===e?"":this;if(void 0===e){var r=i.buildUserinfo(this._parts);return r?r.substring(0,r.length-1):r}return"@"!==e[e.length-1]&&(e+="@"),i.parseUserinfo(e,this._parts),this.build(!t),this},a.resource=function(e,t){var r;return void 0===e?this.path()+this.search()+this.hash():(r=i.parse(e),this._parts.path=r.path,this._parts.query=r.query,this._parts.fragment=r.fragment,this.build(!t),this)},a.subdomain=function(e,t){if(this._parts.urn)return void 0===e?"":this;if(void 0===e){if(!this._parts.hostname||this.is("IP"))return"";var r=this._parts.hostname.length-this.domain().length-1;return this._parts.hostname.substring(0,r)||""}var n=this._parts.hostname.length-this.domain().length,o=this._parts.hostname.substring(0,n),a=new RegExp("^"+u(o));if(e&&"."!==e.charAt(e.length-1)&&(e+="."),-1!==e.indexOf(":"))throw new TypeError("Domains cannot contain colons");return e&&i.ensureValidHostname(e,this._parts.protocol),this._parts.hostname=this._parts.hostname.replace(a,e),this.build(!t),this},a.domain=function(e,t){if(this._parts.urn)return void 0===e?"":this;if("boolean"==typeof e&&(t=e,e=void 0),void 0===e){if(!this._parts.hostname||this.is("IP"))return"";var r=this._parts.hostname.match(/\./g);if(r&&r.length<2)return this._parts.hostname;var n=this._parts.hostname.length-this.tld(t).length-1;return n=this._parts.hostname.lastIndexOf(".",n-1)+1,this._parts.hostname.substring(n)||""}if(!e)throw new TypeError("cannot set domain empty");if(-1!==e.indexOf(":"))throw new TypeError("Domains cannot contain colons");if(i.ensureValidHostname(e,this._parts.protocol),!this._parts.hostname||this.is("IP"))this._parts.hostname=e;else{var o=new RegExp(u(this.domain())+"$");this._parts.hostname=this._parts.hostname.replace(o,e)}return this.build(!t),this},a.tld=function(e,t){if(this._parts.urn)return void 0===e?"":this;if("boolean"==typeof e&&(t=e,e=void 0),void 0===e){if(!this._parts.hostname||this.is("IP"))return"";var n=this._parts.hostname.lastIndexOf("."),o=this._parts.hostname.substring(n+1);return!0!==t&&r&&r.list[o.toLowerCase()]&&r.get(this._parts.hostname)||o}var i;if(!e)throw new TypeError("cannot set TLD empty");if(e.match(/[^a-zA-Z0-9-]/)){if(!r||!r.is(e))throw new TypeError('TLD "'+e+'" contains characters other than [A-Z0-9]');i=new RegExp(u(this.tld())+"$"),this._parts.hostname=this._parts.hostname.replace(i,e)}else{if(!this._parts.hostname||this.is("IP"))throw new ReferenceError("cannot set TLD on non-domain host");i=new RegExp(u(this.tld())+"$"),this._parts.hostname=this._parts.hostname.replace(i,e)}return this.build(!t),this},a.directory=function(e,t){if(this._parts.urn)return void 0===e?"":this;if(void 0===e||!0===e){if(!this._parts.path&&!this._parts.hostname)return"";if("/"===this._parts.path)return"/";var r=this._parts.path.length-this.filename().length-1,n=this._parts.path.substring(0,r)||(this._parts.hostname?"/":"");return e?i.decodePath(n):n}var o=this._parts.path.length-this.filename().length,a=this._parts.path.substring(0,o),s=new RegExp("^"+u(a));return this.is("relative")||(e||(e="/"),"/"!==e.charAt(0)&&(e="/"+e)),e&&"/"!==e.charAt(e.length-1)&&(e+="/"),e=i.recodePath(e),this._parts.path=this._parts.path.replace(s,e),this.build(!t),this},a.filename=function(e,t){if(this._parts.urn)return void 0===e?"":this;if("string"!=typeof e){if(!this._parts.path||"/"===this._parts.path)return"";var r=this._parts.path.lastIndexOf("/"),n=this._parts.path.substring(r+1);return e?i.decodePathSegment(n):n}var o=!1;"/"===e.charAt(0)&&(e=e.substring(1)),e.match(/\.?\//)&&(o=!0);var a=new RegExp(u(this.filename())+"$");return e=i.recodePath(e),this._parts.path=this._parts.path.replace(a,e),o?this.normalizePath(t):this.build(!t),this},a.suffix=function(e,t){if(this._parts.urn)return void 0===e?"":this;if(void 0===e||!0===e){if(!this._parts.path||"/"===this._parts.path)return"";var r,n,o=this.filename(),a=o.lastIndexOf(".");return-1===a?"":(r=o.substring(a+1),n=/^[a-z0-9%]+$/i.test(r)?r:"",e?i.decodePathSegment(n):n)}"."===e.charAt(0)&&(e=e.substring(1));var s,c=this.suffix();if(c)s=e?new RegExp(u(c)+"$"):new RegExp(u("."+c)+"$");else{if(!e)return this;this._parts.path+="."+i.recodePath(e)}return s&&(e=i.recodePath(e),this._parts.path=this._parts.path.replace(s,e)),this.build(!t),this},a.segment=function(e,t,r){var n=this._parts.urn?":":"/",o=this.path(),i="/"===o.substring(0,1),a=o.split(n);if(void 0!==e&&"number"!=typeof e&&(r=t,t=e,e=void 0),void 0!==e&&"number"!=typeof e)throw new Error('Bad segment "'+e+'", must be 0-based integer');if(i&&a.shift(),e<0&&(e=Math.max(a.length+e,0)),void 0===t)return void 0===e?a:a[e];if(null===e||void 0===a[e])if(l(t)){a=[];for(var s=0,u=t.length;s<u;s++)(t[s].length||a.length&&a[a.length-1].length)&&(a.length&&!a[a.length-1].length&&a.pop(),a.push(h(t[s])))}else(t||"string"==typeof t)&&(t=h(t),""===a[a.length-1]?a[a.length-1]=t:a.push(t));else t?a[e]=h(t):a.splice(e,1);return i&&a.unshift(""),this.path(a.join(n),r)},a.segmentCoded=function(e,t,r){var n,o,a;if("number"!=typeof e&&(r=t,t=e,e=void 0),void 0===t){if(l(n=this.segment(e,t,r)))for(o=0,a=n.length;o<a;o++)n[o]=i.decode(n[o]);else n=void 0!==n?i.decode(n):void 0;return n}if(l(t))for(o=0,a=t.length;o<a;o++)t[o]=i.encode(t[o]);else t="string"==typeof t||t instanceof String?i.encode(t):t;return this.segment(e,t,r)};var O=a.query;return a.query=function(e,t){if(!0===e)return i.parseQuery(this._parts.query,this._parts.escapeQuerySpace);if("function"==typeof e){var r=i.parseQuery(this._parts.query,this._parts.escapeQuerySpace),n=e.call(this,r);return this._parts.query=i.buildQuery(n||r,this._parts.duplicateQueryParameters,this._parts.escapeQuerySpace),this.build(!t),this}return void 0!==e&&"string"!=typeof e?(this._parts.query=i.buildQuery(e,this._parts.duplicateQueryParameters,this._parts.escapeQuerySpace),this.build(!t),this):O.call(this,e,t)},a.setQuery=function(e,t,r){var n=i.parseQuery(this._parts.query,this._parts.escapeQuerySpace);if("string"==typeof e||e instanceof String)n[e]=void 0!==t?t:null;else{if("object"!=typeof e)throw new TypeError("URI.addQuery() accepts an object, string as the name parameter");for(var o in e)s.call(e,o)&&(n[o]=e[o])}return this._parts.query=i.buildQuery(n,this._parts.duplicateQueryParameters,this._parts.escapeQuerySpace),"string"!=typeof e&&(r=t),this.build(!r),this},a.addQuery=function(e,t,r){var n=i.parseQuery(this._parts.query,this._parts.escapeQuerySpace);return i.addQuery(n,e,void 0===t?null:t),this._parts.query=i.buildQuery(n,this._parts.duplicateQueryParameters,this._parts.escapeQuerySpace),"string"!=typeof e&&(r=t),this.build(!r),this},a.removeQuery=function(e,t,r){var n=i.parseQuery(this._parts.query,this._parts.escapeQuerySpace);return i.removeQuery(n,e,t),this._parts.query=i.buildQuery(n,this._parts.duplicateQueryParameters,this._parts.escapeQuerySpace),"string"!=typeof e&&(r=t),this.build(!r),this},a.hasQuery=function(e,t,r){var n=i.parseQuery(this._parts.query,this._parts.escapeQuerySpace);return i.hasQuery(n,e,t,r)},a.setSearch=a.setQuery,a.addSearch=a.addQuery,a.removeSearch=a.removeQuery,a.hasSearch=a.hasQuery,a.normalize=function(){return this._parts.urn?this.normalizeProtocol(!1).normalizePath(!1).normalizeQuery(!1).normalizeFragment(!1).build():this.normalizeProtocol(!1).normalizeHostname(!1).normalizePort(!1).normalizePath(!1).normalizeQuery(!1).normalizeFragment(!1).build()},a.normalizeProtocol=function(e){return"string"==typeof this._parts.protocol&&(this._parts.protocol=this._parts.protocol.toLowerCase(),this.build(!e)),this},a.normalizeHostname=function(r){return this._parts.hostname&&(this.is("IDN")&&e?this._parts.hostname=e.toASCII(this._parts.hostname):this.is("IPv6")&&t&&(this._parts.hostname=t.best(this._parts.hostname)),this._parts.hostname=this._parts.hostname.toLowerCase(),this.build(!r)),this},a.normalizePort=function(e){return"string"==typeof this._parts.protocol&&this._parts.port===i.defaultPorts[this._parts.protocol]&&(this._parts.port=null,this.build(!e)),this},a.normalizePath=function(e){var t,r=this._parts.path;if(!r)return this;if(this._parts.urn)return this._parts.path=i.recodeUrnPath(this._parts.path),this.build(!e),this;if("/"===this._parts.path)return this;var n,o,a="";for("/"!==(r=i.recodePath(r)).charAt(0)&&(t=!0,r="/"+r),"/.."!==r.slice(-3)&&"/."!==r.slice(-2)||(r+="/"),r=r.replace(/(\/(\.\/)+)|(\/\.$)/g,"/").replace(/\/{2,}/g,"/"),t&&(a=r.substring(1).match(/^(\.\.\/)+/)||"")&&(a=a[0]);-1!==(n=r.search(/\/\.\.(\/|$)/));)0!==n?(-1===(o=r.substring(0,n).lastIndexOf("/"))&&(o=n),r=r.substring(0,o)+r.substring(n+3)):r=r.substring(3);return t&&this.is("relative")&&(r=a+r.substring(1)),this._parts.path=r,this.build(!e),this},a.normalizePathname=a.normalizePath,a.normalizeQuery=function(e){return"string"==typeof this._parts.query&&(this._parts.query.length?this.query(i.parseQuery(this._parts.query,this._parts.escapeQuerySpace)):this._parts.query=null,this.build(!e)),this},a.normalizeFragment=function(e){return this._parts.fragment||(this._parts.fragment=null,this.build(!e)),this},a.normalizeSearch=a.normalizeQuery,a.normalizeHash=a.normalizeFragment,a.iso8859=function(){var e=i.encode,t=i.decode;i.encode=escape,i.decode=decodeURIComponent;try{this.normalize()}finally{i.encode=e,i.decode=t}return this},a.unicode=function(){var e=i.encode,t=i.decode;i.encode=m,i.decode=unescape;try{this.normalize()}finally{i.encode=e,i.decode=t}return this},a.readable=function(){var t=this.clone();t.username("").password("").normalize();var r="";if(t._parts.protocol&&(r+=t._parts.protocol+"://"),t._parts.hostname&&(t.is("punycode")&&e?(r+=e.toUnicode(t._parts.hostname),t._parts.port&&(r+=":"+t._parts.port)):r+=t.host()),t._parts.hostname&&t._parts.path&&"/"!==t._parts.path.charAt(0)&&(r+="/"),r+=t.path(!0),t._parts.query){for(var n="",o=0,a=t._parts.query.split("&"),s=a.length;o<s;o++){var u=(a[o]||"").split("=");n+="&"+i.decodeQuery(u[0],this._parts.escapeQuerySpace).replace(/&/g,"%26"),void 0!==u[1]&&(n+="="+i.decodeQuery(u[1],this._parts.escapeQuerySpace).replace(/&/g,"%26"))}r+="?"+n.substring(1)}return r+=i.decodeQuery(t.hash(),!0)},a.absoluteTo=function(e){var t,r,n,o=this.clone(),a=["protocol","username","password","hostname","port"];if(this._parts.urn)throw new Error("URNs do not have any generally defined hierarchical components");if(e instanceof i||(e=new i(e)),o._parts.protocol)return o;if(o._parts.protocol=e._parts.protocol,this._parts.hostname)return o;for(r=0;n=a[r];r++)o._parts[n]=e._parts[n];return o._parts.path?(".."===o._parts.path.substring(-2)&&(o._parts.path+="/"),"/"!==o.path().charAt(0)&&(t=(t=e.directory())||(0===e.path().indexOf("/")?"/":""),o._parts.path=(t?t+"/":"")+o._parts.path,o.normalizePath())):(o._parts.path=e._parts.path,o._parts.query||(o._parts.query=e._parts.query)),o.build(),o},a.relativeTo=function(e){var t,r,n,o,a,s=this.clone().normalize();if(s._parts.urn)throw new Error("URNs do not have any generally defined hierarchical components");if(e=new i(e).normalize(),t=s._parts,r=e._parts,o=s.path(),a=e.path(),"/"!==o.charAt(0))throw new Error("URI is already relative");if("/"!==a.charAt(0))throw new Error("Cannot calculate a URI relative to another relative URI");if(t.protocol===r.protocol&&(t.protocol=null),t.username!==r.username||t.password!==r.password)return s.build();if(null!==t.protocol||null!==t.username||null!==t.password)return s.build();if(t.hostname!==r.hostname||t.port!==r.port)return s.build();if(t.hostname=null,t.port=null,o===a)return t.path="",s.build();if(!(n=i.commonPath(o,a)))return s.build();var u=r.path.substring(n.length).replace(/[^\/]*$/,"").replace(/.*?\//g,"../");return t.path=u+t.path.substring(n.length)||"./",s.build()},a.equals=function(e){var t,r,n,o,a,u=this.clone(),c=new i(e),f={};if(u.normalize(),c.normalize(),u.toString()===c.toString())return!0;if(n=u.query(),o=c.query(),u.query(""),c.query(""),u.toString()!==c.toString())return!1;if(n.length!==o.length)return!1;for(a in t=i.parseQuery(n,this._parts.escapeQuerySpace),r=i.parseQuery(o,this._parts.escapeQuerySpace),t)if(s.call(t,a)){if(l(t[a])){if(!d(t[a],r[a]))return!1}else if(t[a]!==r[a])return!1;f[a]=!0}for(a in r)if(s.call(r,a)&&!f[a])return!1;return!0},a.preventInvalidHostname=function(e){return this._parts.preventInvalidHostname=!!e,this},a.duplicateQueryParameters=function(e){return this._parts.duplicateQueryParameters=!!e,this},a.escapeQuerySpace=function(e){return this._parts.escapeQuerySpace=!!e,this},i}))},1950:function(e,t,r){var n,o,i;!function(a,s){"use strict";e.exports?e.exports=s(r(4998)):(o=[r(4998)],void 0===(i="function"==typeof(n=s)?n.apply(t,o):n)||(e.exports=i))}(0,(function(e,t){"use strict";var r=t&&t.URITemplate,n=Object.prototype.hasOwnProperty;function o(e){return o._cache[e]?o._cache[e]:this instanceof o?(this.expression=e,o._cache[e]=this,this):new o(e)}function i(e){this.data=e,this.cache={}}var a=o.prototype,s={"":{prefix:"",separator:",",named:!1,empty_name_separator:!1,encode:"encode"},"+":{prefix:"",separator:",",named:!1,empty_name_separator:!1,encode:"encodeReserved"},"#":{prefix:"#",separator:",",named:!1,empty_name_separator:!1,encode:"encodeReserved"},".":{prefix:".",separator:".",named:!1,empty_name_separator:!1,encode:"encode"},"/":{prefix:"/",separator:"/",named:!1,empty_name_separator:!1,encode:"encode"},";":{prefix:";",separator:";",named:!0,empty_name_separator:!1,encode:"encode"},"?":{prefix:"?",separator:"&",named:!0,empty_name_separator:!0,encode:"encode"},"&":{prefix:"&",separator:"&",named:!0,empty_name_separator:!0,encode:"encode"}};return o._cache={},o.EXPRESSION_PATTERN=/\{([^a-zA-Z0-9%_]?)([^\}]+)(\}|$)/g,o.VARIABLE_PATTERN=/^([^*:.](?:\.?[^*:.])*)((\*)|:(\d+))?$/,o.VARIABLE_NAME_PATTERN=/[^a-zA-Z0-9%_.]/,o.LITERAL_PATTERN=/[<>{}"`^| \\]/,o.expand=function(e,t,r){var n,i,a,u=s[e.operator],c=u.named?"Named":"Unnamed",l=e.variables,f=[];for(a=0;i=l[a];a++){if(0===(n=t.get(i.name)).type&&r&&r.strict)throw new Error('Missing expansion value for variable "'+i.name+'"');if(n.val.length){if(n.type>1&&i.maxlength)throw new Error('Invalid expression: Prefix modifier not applicable to variable "'+i.name+'"');f.push(o["expand"+c](n,u,i.explode,i.explode&&u.separator||",",i.maxlength,i.name))}else n.type&&f.push("")}return f.length?u.prefix+f.join(u.separator):""},o.expandNamed=function(t,r,n,o,i,a){var s,u,c,l="",f=r.encode,p=r.empty_name_separator,d=!t[f].length,h=2===t.type?"":e[f](a);for(u=0,c=t.val.length;u<c;u++)i?(s=e[f](t.val[u][1].substring(0,i)),2===t.type&&(h=e[f](t.val[u][0].substring(0,i)))):d?(s=e[f](t.val[u][1]),2===t.type?(h=e[f](t.val[u][0]),t[f].push([h,s])):t[f].push([void 0,s])):(s=t[f][u][1],2===t.type&&(h=t[f][u][0])),l&&(l+=o),n?l+=h+(p||s?"=":"")+s:(u||(l+=e[f](a)+(p||s?"=":"")),2===t.type&&(l+=h+","),l+=s);return l},o.expandUnnamed=function(t,r,n,o,i){var a,s,u,c="",l=r.encode,f=r.empty_name_separator,p=!t[l].length;for(s=0,u=t.val.length;s<u;s++)i?a=e[l](t.val[s][1].substring(0,i)):p?(a=e[l](t.val[s][1]),t[l].push([2===t.type?e[l](t.val[s][0]):void 0,a])):a=t[l][s][1],c&&(c+=o),2===t.type&&(c+=i?e[l](t.val[s][0].substring(0,i)):t[l][s][0],c+=n?f||a?"=":"":","),c+=a;return c},o.noConflict=function(){return t.URITemplate===o&&(t.URITemplate=r),o},a.expand=function(e,t){var r="";this.parts&&this.parts.length||this.parse(),e instanceof i||(e=new i(e));for(var n=0,a=this.parts.length;n<a;n++)r+="string"==typeof this.parts[n]?this.parts[n]:o.expand(this.parts[n],e,t);return r},a.parse=function(){var e,t,r,n=this.expression,i=o.EXPRESSION_PATTERN,a=o.VARIABLE_PATTERN,u=o.VARIABLE_NAME_PATTERN,c=o.LITERAL_PATTERN,l=[],f=0,p=function(e){if(e.match(c))throw new Error('Invalid Literal "'+e+'"');return e};for(i.lastIndex=0;;){if(null===(t=i.exec(n))){l.push(p(n.substring(f)));break}if(l.push(p(n.substring(f,t.index))),f=t.index+t[0].length,!s[t[1]])throw new Error('Unknown Operator "'+t[1]+'" in "'+t[0]+'"');if(!t[3])throw new Error('Unclosed Expression "'+t[0]+'"');for(var d=0,h=(e=t[2].split(",")).length;d<h;d++){if(null===(r=e[d].match(a)))throw new Error('Invalid Variable "'+e[d]+'" in "'+t[0]+'"');if(r[1].match(u))throw new Error('Invalid Variable Name "'+r[1]+'" in "'+t[0]+'"');e[d]={name:r[1],explode:!!r[3],maxlength:r[4]&&parseInt(r[4],10)}}if(!e.length)throw new Error('Expression Missing Variable(s) "'+t[0]+'"');l.push({expression:t[0],operator:t[1],variables:e})}return l.length||l.push(p(n)),this.parts=l,this},i.prototype.get=function(e){var t,r,o,i=this.data,a={type:0,val:[],encode:[],encodeReserved:[]};if(void 0!==this.cache[e])return this.cache[e];if(this.cache[e]=a,null==(o="[object Function]"===String(Object.prototype.toString.call(i))?i(e):"[object Function]"===String(Object.prototype.toString.call(i[e]))?i[e](e):i[e]))return a;if("[object Array]"===String(Object.prototype.toString.call(o))){for(t=0,r=o.length;t<r;t++)void 0!==o[t]&&null!==o[t]&&a.val.push([void 0,String(o[t])]);a.val.length&&(a.type=3)}else if("[object Object]"===String(Object.prototype.toString.call(o))){for(t in o)n.call(o,t)&&void 0!==o[t]&&null!==o[t]&&a.val.push([t,String(o[t])]);a.val.length&&(a.type=2)}else a.type=1,a.val.push([void 0,String(o)]);return a},e.expand=function(t,r){var n=new o(t).expand(r);return new e(n)},o}))},3132:function(e,t,r){var n;e=r.nmd(e),function(o){t&&t.nodeType,e&&e.nodeType;var i="object"==typeof r.g&&r.g;i.global!==i&&i.window!==i&&i.self;var a,s=2147483647,u=36,c=1,l=26,f=38,p=700,d=72,h=128,y="-",m=/^xn--/,v=/[^\x20-\x7E]/,g=/[\x2E\u3002\uFF0E\uFF61]/g,b={overflow:"Overflow: input needs wider integers to process","not-basic":"Illegal input >= 0x80 (not a basic code point)","invalid-input":"Invalid input"},w=u-c,S=Math.floor,_=String.fromCharCode;function E(e){throw new RangeError(b[e])}function T(e,t){for(var r=e.length,n=[];r--;)n[r]=t(e[r]);return n}function k(e,t){var r=e.split("@"),n="";return r.length>1&&(n=r[0]+"@",e=r[1]),n+T((e=e.replace(g,".")).split("."),t).join(".")}function O(e){for(var t,r,n=[],o=0,i=e.length;o<i;)(t=e.charCodeAt(o++))>=55296&&t<=56319&&o<i?56320==(64512&(r=e.charCodeAt(o++)))?n.push(((1023&t)<<10)+(1023&r)+65536):(n.push(t),o--):n.push(t);return n}function A(e){return T(e,(function(e){var t="";return e>65535&&(t+=_((e-=65536)>>>10&1023|55296),e=56320|1023&e),t+=_(e)})).join("")}function x(e,t){return e+22+75*(e<26)-((0!=t)<<5)}function P(e,t,r){var n=0;for(e=r?S(e/p):e>>1,e+=S(e/t);e>w*l>>1;n+=u)e=S(e/w);return S(n+(w+1)*e/(e+f))}function R(e){var t,r,n,o,i,a,f,p,m,v,g,b=[],w=e.length,_=0,T=h,k=d;for((r=e.lastIndexOf(y))<0&&(r=0),n=0;n<r;++n)e.charCodeAt(n)>=128&&E("not-basic"),b.push(e.charCodeAt(n));for(o=r>0?r+1:0;o<w;){for(i=_,a=1,f=u;o>=w&&E("invalid-input"),((p=(g=e.charCodeAt(o++))-48<10?g-22:g-65<26?g-65:g-97<26?g-97:u)>=u||p>S((s-_)/a))&&E("overflow"),_+=p*a,!(p<(m=f<=k?c:f>=k+l?l:f-k));f+=u)a>S(s/(v=u-m))&&E("overflow"),a*=v;k=P(_-i,t=b.length+1,0==i),S(_/t)>s-T&&E("overflow"),T+=S(_/t),_%=t,b.splice(_++,0,T)}return A(b)}function I(e){var t,r,n,o,i,a,f,p,m,v,g,b,w,T,k,A=[];for(b=(e=O(e)).length,t=h,r=0,i=d,a=0;a<b;++a)(g=e[a])<128&&A.push(_(g));for(n=o=A.length,o&&A.push(y);n<b;){for(f=s,a=0;a<b;++a)(g=e[a])>=t&&g<f&&(f=g);for(f-t>S((s-r)/(w=n+1))&&E("overflow"),r+=(f-t)*w,t=f,a=0;a<b;++a)if((g=e[a])<t&&++r>s&&E("overflow"),g==t){for(p=r,m=u;!(p<(v=m<=i?c:m>=i+l?l:m-i));m+=u)k=p-v,T=u-v,A.push(_(x(v+k%T,0))),p=S(k/T);A.push(_(x(p,0))),i=P(r,w,n==o),r=0,++n}++r,++t}return A.join("")}a={version:"1.3.2",ucs2:{decode:O,encode:A},decode:R,encode:I,toASCII:function(e){return k(e,(function(e){return v.test(e)?"xn--"+I(e):e}))},toUnicode:function(e){return k(e,(function(e){return m.test(e)?R(e.slice(4).toLowerCase()):e}))}},void 0===(n=function(){return a}.call(t,r,t,e))||(e.exports=n)}()},2511:function(e,t,r){var n;e=r.nmd(e),function(o){t&&t.nodeType,e&&e.nodeType;var i="object"==typeof r.g&&r.g;i.global!==i&&i.window!==i&&i.self;var a,s=2147483647,u=36,c=1,l=26,f=38,p=700,d=72,h=128,y="-",m=/^xn--/,v=/[^\x20-\x7E]/,g=/[\x2E\u3002\uFF0E\uFF61]/g,b={overflow:"Overflow: input needs wider integers to process","not-basic":"Illegal input >= 0x80 (not a basic code point)","invalid-input":"Invalid input"},w=u-c,S=Math.floor,_=String.fromCharCode;function E(e){throw new RangeError(b[e])}function T(e,t){for(var r=e.length,n=[];r--;)n[r]=t(e[r]);return n}function k(e,t){var r=e.split("@"),n="";return r.length>1&&(n=r[0]+"@",e=r[1]),n+T((e=e.replace(g,".")).split("."),t).join(".")}function O(e){for(var t,r,n=[],o=0,i=e.length;o<i;)(t=e.charCodeAt(o++))>=55296&&t<=56319&&o<i?56320==(64512&(r=e.charCodeAt(o++)))?n.push(((1023&t)<<10)+(1023&r)+65536):(n.push(t),o--):n.push(t);return n}function A(e){return T(e,(function(e){var t="";return e>65535&&(t+=_((e-=65536)>>>10&1023|55296),e=56320|1023&e),t+=_(e)})).join("")}function x(e,t){return e+22+75*(e<26)-((0!=t)<<5)}function P(e,t,r){var n=0;for(e=r?S(e/p):e>>1,e+=S(e/t);e>w*l>>1;n+=u)e=S(e/w);return S(n+(w+1)*e/(e+f))}function R(e){var t,r,n,o,i,a,f,p,m,v,g,b=[],w=e.length,_=0,T=h,k=d;for((r=e.lastIndexOf(y))<0&&(r=0),n=0;n<r;++n)e.charCodeAt(n)>=128&&E("not-basic"),b.push(e.charCodeAt(n));for(o=r>0?r+1:0;o<w;){for(i=_,a=1,f=u;o>=w&&E("invalid-input"),((p=(g=e.charCodeAt(o++))-48<10?g-22:g-65<26?g-65:g-97<26?g-97:u)>=u||p>S((s-_)/a))&&E("overflow"),_+=p*a,!(p<(m=f<=k?c:f>=k+l?l:f-k));f+=u)a>S(s/(v=u-m))&&E("overflow"),a*=v;k=P(_-i,t=b.length+1,0==i),S(_/t)>s-T&&E("overflow"),T+=S(_/t),_%=t,b.splice(_++,0,T)}return A(b)}function I(e){var t,r,n,o,i,a,f,p,m,v,g,b,w,T,k,A=[];for(b=(e=O(e)).length,t=h,r=0,i=d,a=0;a<b;++a)(g=e[a])<128&&A.push(_(g));for(n=o=A.length,o&&A.push(y);n<b;){for(f=s,a=0;a<b;++a)(g=e[a])>=t&&g<f&&(f=g);for(f-t>S((s-r)/(w=n+1))&&E("overflow"),r+=(f-t)*w,t=f,a=0;a<b;++a)if((g=e[a])<t&&++r>s&&E("overflow"),g==t){for(p=r,m=u;!(p<(v=m<=i?c:m>=i+l?l:m-i));m+=u)k=p-v,T=u-v,A.push(_(x(v+k%T,0))),p=S(k/T);A.push(_(x(p,0))),i=P(r,w,n==o),r=0,++n}++r,++t}return A.join("")}a={version:"1.4.1",ucs2:{decode:O,encode:A},decode:R,encode:I,toASCII:function(e){return k(e,(function(e){return v.test(e)?"xn--"+I(e):e}))},toUnicode:function(e){return k(e,(function(e){return m.test(e)?R(e.slice(4).toLowerCase()):e}))}},void 0===(n=function(){return a}.call(t,r,t,e))||(e.exports=n)}()},8575:(e,t,r)=>{"use strict";var n=r(2511);function o(){this.protocol=null,this.slashes=null,this.auth=null,this.host=null,this.port=null,this.hostname=null,this.hash=null,this.search=null,this.query=null,this.pathname=null,this.path=null,this.href=null}var i=/^([a-z0-9.+-]+:)/i,a=/:[0-9]*$/,s=/^(\/\/?(?!\/)[^?\s]*)(\?[^\s]*)?$/,u=["{","}","|","\\","^","`"].concat(["<",">",'"',"`"," ","\r","\n","\t"]),c=["'"].concat(u),l=["%","/","?",";","#"].concat(c),f=["/","?","#"],p=/^[+a-z0-9A-Z_-]{0,63}$/,d=/^([+a-z0-9A-Z_-]{0,63})(.*)$/,h={javascript:!0,"javascript:":!0},y={javascript:!0,"javascript:":!0},m={http:!0,https:!0,ftp:!0,gopher:!0,file:!0,"http:":!0,"https:":!0,"ftp:":!0,"gopher:":!0,"file:":!0},v=r(129);function g(e,t,r){if(e&&"object"==typeof e&&e instanceof o)return e;var n=new o;return n.parse(e,t,r),n}o.prototype.parse=function(e,t,r){if("string"!=typeof e)throw new TypeError("Parameter 'url' must be a string, not "+typeof e);var o=e.indexOf("?"),a=-1!==o&&o<e.indexOf("#")?"?":"#",u=e.split(a);u[0]=u[0].replace(/\\/g,"/");var g=e=u.join(a);if(g=g.trim(),!r&&1===e.split("#").length){var b=s.exec(g);if(b)return this.path=g,this.href=g,this.pathname=b[1],b[2]?(this.search=b[2],this.query=t?v.parse(this.search.substr(1)):this.search.substr(1)):t&&(this.search="",this.query={}),this}var w=i.exec(g);if(w){var S=(w=w[0]).toLowerCase();this.protocol=S,g=g.substr(w.length)}if(r||w||g.match(/^\/\/[^@/]+@[^@/]+/)){var _="//"===g.substr(0,2);!_||w&&y[w]||(g=g.substr(2),this.slashes=!0)}if(!y[w]&&(_||w&&!m[w])){for(var E,T,k=-1,O=0;O<f.length;O++){-1!==(A=g.indexOf(f[O]))&&(-1===k||A<k)&&(k=A)}-1!==(T=-1===k?g.lastIndexOf("@"):g.lastIndexOf("@",k))&&(E=g.slice(0,T),g=g.slice(T+1),this.auth=decodeURIComponent(E)),k=-1;for(O=0;O<l.length;O++){var A;-1!==(A=g.indexOf(l[O]))&&(-1===k||A<k)&&(k=A)}-1===k&&(k=g.length),this.host=g.slice(0,k),g=g.slice(k),this.parseHost(),this.hostname=this.hostname||"";var x="["===this.hostname[0]&&"]"===this.hostname[this.hostname.length-1];if(!x)for(var P=this.hostname.split(/\./),R=(O=0,P.length);O<R;O++){var I=P[O];if(I&&!I.match(p)){for(var C="",j=0,B=I.length;j<B;j++)I.charCodeAt(j)>127?C+="x":C+=I[j];if(!C.match(p)){var L=P.slice(0,O),N=P.slice(O+1),U=I.match(d);U&&(L.push(U[1]),N.unshift(U[2])),N.length&&(g="/"+N.join(".")+g),this.hostname=L.join(".");break}}}this.hostname.length>255?this.hostname="":this.hostname=this.hostname.toLowerCase(),x||(this.hostname=n.toASCII(this.hostname));var M=this.port?":"+this.port:"",F=this.hostname||"";this.host=F+M,this.href+=this.host,x&&(this.hostname=this.hostname.substr(1,this.hostname.length-2),"/"!==g[0]&&(g="/"+g))}if(!h[S])for(O=0,R=c.length;O<R;O++){var D=c[O];if(-1!==g.indexOf(D)){var V=encodeURIComponent(D);V===D&&(V=escape(D)),g=g.split(D).join(V)}}var q=g.indexOf("#");-1!==q&&(this.hash=g.substr(q),g=g.slice(0,q));var K=g.indexOf("?");if(-1!==K?(this.search=g.substr(K),this.query=g.substr(K+1),t&&(this.query=v.parse(this.query)),g=g.slice(0,K)):t&&(this.search="",this.query={}),g&&(this.pathname=g),m[S]&&this.hostname&&!this.pathname&&(this.pathname="/"),this.pathname||this.search){M=this.pathname||"";var H=this.search||"";this.path=M+H}return this.href=this.format(),this},o.prototype.format=function(){var e=this.auth||"";e&&(e=(e=encodeURIComponent(e)).replace(/%3A/i,":"),e+="@");var t=this.protocol||"",r=this.pathname||"",n=this.hash||"",o=!1,i="";this.host?o=e+this.host:this.hostname&&(o=e+(-1===this.hostname.indexOf(":")?this.hostname:"["+this.hostname+"]"),this.port&&(o+=":"+this.port)),this.query&&"object"==typeof this.query&&Object.keys(this.query).length&&(i=v.stringify(this.query,{arrayFormat:"repeat",addQueryPrefix:!1}));var a=this.search||i&&"?"+i||"";return t&&":"!==t.substr(-1)&&(t+=":"),this.slashes||(!t||m[t])&&!1!==o?(o="//"+(o||""),r&&"/"!==r.charAt(0)&&(r="/"+r)):o||(o=""),n&&"#"!==n.charAt(0)&&(n="#"+n),a&&"?"!==a.charAt(0)&&(a="?"+a),t+o+(r=r.replace(/[?#]/g,(function(e){return encodeURIComponent(e)})))+(a=a.replace("#","%23"))+n},o.prototype.resolve=function(e){return this.resolveObject(g(e,!1,!0)).format()},o.prototype.resolveObject=function(e){if("string"==typeof e){var t=new o;t.parse(e,!1,!0),e=t}for(var r=new o,n=Object.keys(this),i=0;i<n.length;i++){var a=n[i];r[a]=this[a]}if(r.hash=e.hash,""===e.href)return r.href=r.format(),r;if(e.slashes&&!e.protocol){for(var s=Object.keys(e),u=0;u<s.length;u++){var c=s[u];"protocol"!==c&&(r[c]=e[c])}return m[r.protocol]&&r.hostname&&!r.pathname&&(r.pathname="/",r.path=r.pathname),r.href=r.format(),r}if(e.protocol&&e.protocol!==r.protocol){if(!m[e.protocol]){for(var l=Object.keys(e),f=0;f<l.length;f++){var p=l[f];r[p]=e[p]}return r.href=r.format(),r}if(r.protocol=e.protocol,e.host||y[e.protocol])r.pathname=e.pathname;else{for(var d=(e.pathname||"").split("/");d.length&&!(e.host=d.shift()););e.host||(e.host=""),e.hostname||(e.hostname=""),""!==d[0]&&d.unshift(""),d.length<2&&d.unshift(""),r.pathname=d.join("/")}if(r.search=e.search,r.query=e.query,r.host=e.host||"",r.auth=e.auth,r.hostname=e.hostname||e.host,r.port=e.port,r.pathname||r.search){var h=r.pathname||"",v=r.search||"";r.path=h+v}return r.slashes=r.slashes||e.slashes,r.href=r.format(),r}var g=r.pathname&&"/"===r.pathname.charAt(0),b=e.host||e.pathname&&"/"===e.pathname.charAt(0),w=b||g||r.host&&e.pathname,S=w,_=r.pathname&&r.pathname.split("/")||[],E=(d=e.pathname&&e.pathname.split("/")||[],r.protocol&&!m[r.protocol]);if(E&&(r.hostname="",r.port=null,r.host&&(""===_[0]?_[0]=r.host:_.unshift(r.host)),r.host="",e.protocol&&(e.hostname=null,e.port=null,e.host&&(""===d[0]?d[0]=e.host:d.unshift(e.host)),e.host=null),w=w&&(""===d[0]||""===_[0])),b)r.host=e.host||""===e.host?e.host:r.host,r.hostname=e.hostname||""===e.hostname?e.hostname:r.hostname,r.search=e.search,r.query=e.query,_=d;else if(d.length)_||(_=[]),_.pop(),_=_.concat(d),r.search=e.search,r.query=e.query;else if(null!=e.search){if(E)r.host=_.shift(),r.hostname=r.host,(x=!!(r.host&&r.host.indexOf("@")>0)&&r.host.split("@"))&&(r.auth=x.shift(),r.hostname=x.shift(),r.host=r.hostname);return r.search=e.search,r.query=e.query,null===r.pathname&&null===r.search||(r.path=(r.pathname?r.pathname:"")+(r.search?r.search:"")),r.href=r.format(),r}if(!_.length)return r.pathname=null,r.search?r.path="/"+r.search:r.path=null,r.href=r.format(),r;for(var T=_.slice(-1)[0],k=(r.host||e.host||_.length>1)&&("."===T||".."===T)||""===T,O=0,A=_.length;A>=0;A--)"."===(T=_[A])?_.splice(A,1):".."===T?(_.splice(A,1),O++):O&&(_.splice(A,1),O--);if(!w&&!S)for(;O--;O)_.unshift("..");!w||""===_[0]||_[0]&&"/"===_[0].charAt(0)||_.unshift(""),k&&"/"!==_.join("/").substr(-1)&&_.push("");var x,P=""===_[0]||_[0]&&"/"===_[0].charAt(0);E&&(r.hostname=P?"":_.length?_.shift():"",r.host=r.hostname,(x=!!(r.host&&r.host.indexOf("@")>0)&&r.host.split("@"))&&(r.auth=x.shift(),r.hostname=x.shift(),r.host=r.hostname));return(w=w||r.host&&_.length)&&!P&&_.unshift(""),_.length>0?r.pathname=_.join("/"):(r.pathname=null,r.path=null),null===r.pathname&&null===r.search||(r.path=(r.pathname?r.pathname:"")+(r.search?r.search:"")),r.auth=e.auth||r.auth,r.slashes=r.slashes||e.slashes,r.href=r.format(),r},o.prototype.parseHost=function(){var e=this.host,t=a.exec(e);t&&(":"!==(t=t[0])&&(this.port=t.substr(1)),e=e.substr(0,e.length-t.length)),e&&(this.hostname=e)},t.parse=g,t.resolve=function(e,t){return g(e,!1,!0).resolve(t)},t.resolveObject=function(e,t){return e?g(e,!1,!0).resolveObject(t):t},t.format=function(e){return"string"==typeof e&&(e=g(e)),e instanceof o?e.format():o.prototype.format.call(e)},t.Url=o},4927:(e,t,r)=>{function n(e){try{if(!r.g.localStorage)return!1}catch(e){return!1}var t=r.g.localStorage[e];return null!=t&&"true"===String(t).toLowerCase()}e.exports=function(e,t){if(n("noDeprecation"))return e;var r=!1;return function(){if(!r){if(n("throwDeprecation"))throw new Error(t);n("traceDeprecation")?console.trace(t):console.warn(t),r=!0}return e.apply(this,arguments)}}},384:e=>{e.exports=function(e){return e&&"object"==typeof e&&"function"==typeof e.copy&&"function"==typeof e.fill&&"function"==typeof e.readUInt8}},5955:(e,t,r)=>{"use strict";var n=r(2584),o=r(8662),i=r(6430),a=r(5692);function s(e){return e.call.bind(e)}var u="undefined"!=typeof BigInt,c="undefined"!=typeof Symbol,l=s(Object.prototype.toString),f=s(Number.prototype.valueOf),p=s(String.prototype.valueOf),d=s(Boolean.prototype.valueOf);if(u)var h=s(BigInt.prototype.valueOf);if(c)var y=s(Symbol.prototype.valueOf);function m(e,t){if("object"!=typeof e)return!1;try{return t(e),!0}catch(e){return!1}}function v(e){return"[object Map]"===l(e)}function g(e){return"[object Set]"===l(e)}function b(e){return"[object WeakMap]"===l(e)}function w(e){return"[object WeakSet]"===l(e)}function S(e){return"[object ArrayBuffer]"===l(e)}function _(e){return"undefined"!=typeof ArrayBuffer&&(S.working?S(e):e instanceof ArrayBuffer)}function E(e){return"[object DataView]"===l(e)}function T(e){return"undefined"!=typeof DataView&&(E.working?E(e):e instanceof DataView)}t.isArgumentsObject=n,t.isGeneratorFunction=o,t.isTypedArray=a,t.isPromise=function(e){return"undefined"!=typeof Promise&&e instanceof Promise||null!==e&&"object"==typeof e&&"function"==typeof e.then&&"function"==typeof e.catch},t.isArrayBufferView=function(e){return"undefined"!=typeof ArrayBuffer&&ArrayBuffer.isView?ArrayBuffer.isView(e):a(e)||T(e)},t.isUint8Array=function(e){return"Uint8Array"===i(e)},t.isUint8ClampedArray=function(e){return"Uint8ClampedArray"===i(e)},t.isUint16Array=function(e){return"Uint16Array"===i(e)},t.isUint32Array=function(e){return"Uint32Array"===i(e)},t.isInt8Array=function(e){return"Int8Array"===i(e)},t.isInt16Array=function(e){return"Int16Array"===i(e)},t.isInt32Array=function(e){return"Int32Array"===i(e)},t.isFloat32Array=function(e){return"Float32Array"===i(e)},t.isFloat64Array=function(e){return"Float64Array"===i(e)},t.isBigInt64Array=function(e){return"BigInt64Array"===i(e)},t.isBigUint64Array=function(e){return"BigUint64Array"===i(e)},v.working="undefined"!=typeof Map&&v(new Map),t.isMap=function(e){return"undefined"!=typeof Map&&(v.working?v(e):e instanceof Map)},g.working="undefined"!=typeof Set&&g(new Set),t.isSet=function(e){return"undefined"!=typeof Set&&(g.working?g(e):e instanceof Set)},b.working="undefined"!=typeof WeakMap&&b(new WeakMap),t.isWeakMap=function(e){return"undefined"!=typeof WeakMap&&(b.working?b(e):e instanceof WeakMap)},w.working="undefined"!=typeof WeakSet&&w(new WeakSet),t.isWeakSet=function(e){return w(e)},S.working="undefined"!=typeof ArrayBuffer&&S(new ArrayBuffer),t.isArrayBuffer=_,E.working="undefined"!=typeof ArrayBuffer&&"undefined"!=typeof DataView&&E(new DataView(new ArrayBuffer(1),0,1)),t.isDataView=T;var k="undefined"!=typeof SharedArrayBuffer?SharedArrayBuffer:void 0;function O(e){return"[object SharedArrayBuffer]"===l(e)}function A(e){return void 0!==k&&(void 0===O.working&&(O.working=O(new k)),O.working?O(e):e instanceof k)}function x(e){return m(e,f)}function P(e){return m(e,p)}function R(e){return m(e,d)}function I(e){return u&&m(e,h)}function C(e){return c&&m(e,y)}t.isSharedArrayBuffer=A,t.isAsyncFunction=function(e){return"[object AsyncFunction]"===l(e)},t.isMapIterator=function(e){return"[object Map Iterator]"===l(e)},t.isSetIterator=function(e){return"[object Set Iterator]"===l(e)},t.isGeneratorObject=function(e){return"[object Generator]"===l(e)},t.isWebAssemblyCompiledModule=function(e){return"[object WebAssembly.Module]"===l(e)},t.isNumberObject=x,t.isStringObject=P,t.isBooleanObject=R,t.isBigIntObject=I,t.isSymbolObject=C,t.isBoxedPrimitive=function(e){return x(e)||P(e)||R(e)||I(e)||C(e)},t.isAnyArrayBuffer=function(e){return"undefined"!=typeof Uint8Array&&(_(e)||A(e))},["isProxy","isExternal","isModuleNamespaceObject"].forEach((function(e){Object.defineProperty(t,e,{enumerable:!1,value:function(){throw new Error(e+" is not supported in userland")}})}))},9539:(e,t,r)=>{var n=Object.getOwnPropertyDescriptors||function(e){for(var t=Object.keys(e),r={},n=0;n<t.length;n++)r[t[n]]=Object.getOwnPropertyDescriptor(e,t[n]);return r},o=/%[sdj%]/g;t.format=function(e){if(!g(e)){for(var t=[],r=0;r<arguments.length;r++)t.push(u(arguments[r]));return t.join(" ")}r=1;for(var n=arguments,i=n.length,a=String(e).replace(o,(function(e){if("%%"===e)return"%";if(r>=i)return e;switch(e){case"%s":return String(n[r++]);case"%d":return Number(n[r++]);case"%j":try{return JSON.stringify(n[r++])}catch(e){return"[Circular]"}default:return e}})),s=n[r];r<i;s=n[++r])m(s)||!S(s)?a+=" "+s:a+=" "+u(s);return a},t.deprecate=function(e,r){if("undefined"!=typeof process&&!0===process.noDeprecation)return e;if("undefined"==typeof process)return function(){return t.deprecate(e,r).apply(this,arguments)};var n=!1;return function(){if(!n){if(process.throwDeprecation)throw new Error(r);process.traceDeprecation?console.trace(r):console.error(r),n=!0}return e.apply(this,arguments)}};var i={},a=/^$/;if(process.env.NODE_DEBUG){var s=process.env.NODE_DEBUG;s=s.replace(/[|\\{}()[\]^$+?.]/g,"\\$&").replace(/\*/g,".*").replace(/,/g,"$|^").toUpperCase(),a=new RegExp("^"+s+"$","i")}function u(e,r){var n={seen:[],stylize:l};return arguments.length>=3&&(n.depth=arguments[2]),arguments.length>=4&&(n.colors=arguments[3]),y(r)?n.showHidden=r:r&&t._extend(n,r),b(n.showHidden)&&(n.showHidden=!1),b(n.depth)&&(n.depth=2),b(n.colors)&&(n.colors=!1),b(n.customInspect)&&(n.customInspect=!0),n.colors&&(n.stylize=c),f(n,e,n.depth)}function c(e,t){var r=u.styles[t];return r?"\x1b["+u.colors[r][0]+"m"+e+"\x1b["+u.colors[r][1]+"m":e}function l(e,t){return e}function f(e,r,n){if(e.customInspect&&r&&T(r.inspect)&&r.inspect!==t.inspect&&(!r.constructor||r.constructor.prototype!==r)){var o=r.inspect(n,e);return g(o)||(o=f(e,o,n)),o}var i=function(e,t){if(b(t))return e.stylize("undefined","undefined");if(g(t)){var r="'"+JSON.stringify(t).replace(/^"|"$/g,"").replace(/'/g,"\\'").replace(/\\"/g,'"')+"'";return e.stylize(r,"string")}if(v(t))return e.stylize(""+t,"number");if(y(t))return e.stylize(""+t,"boolean");if(m(t))return e.stylize("null","null")}(e,r);if(i)return i;var a=Object.keys(r),s=function(e){var t={};return e.forEach((function(e,r){t[e]=!0})),t}(a);if(e.showHidden&&(a=Object.getOwnPropertyNames(r)),E(r)&&(a.indexOf("message")>=0||a.indexOf("description")>=0))return p(r);if(0===a.length){if(T(r)){var u=r.name?": "+r.name:"";return e.stylize("[Function"+u+"]","special")}if(w(r))return e.stylize(RegExp.prototype.toString.call(r),"regexp");if(_(r))return e.stylize(Date.prototype.toString.call(r),"date");if(E(r))return p(r)}var c,l="",S=!1,k=["{","}"];(h(r)&&(S=!0,k=["[","]"]),T(r))&&(l=" [Function"+(r.name?": "+r.name:"")+"]");return w(r)&&(l=" "+RegExp.prototype.toString.call(r)),_(r)&&(l=" "+Date.prototype.toUTCString.call(r)),E(r)&&(l=" "+p(r)),0!==a.length||S&&0!=r.length?n<0?w(r)?e.stylize(RegExp.prototype.toString.call(r),"regexp"):e.stylize("[Object]","special"):(e.seen.push(r),c=S?function(e,t,r,n,o){for(var i=[],a=0,s=t.length;a<s;++a)x(t,String(a))?i.push(d(e,t,r,n,String(a),!0)):i.push("");return o.forEach((function(o){o.match(/^\d+$/)||i.push(d(e,t,r,n,o,!0))})),i}(e,r,n,s,a):a.map((function(t){return d(e,r,n,s,t,S)})),e.seen.pop(),function(e,t,r){var n=e.reduce((function(e,t){return t.indexOf("\n")>=0&&0,e+t.replace(/\u001b\[\d\d?m/g,"").length+1}),0);if(n>60)return r[0]+(""===t?"":t+"\n ")+" "+e.join(",\n  ")+" "+r[1];return r[0]+t+" "+e.join(", ")+" "+r[1]}(c,l,k)):k[0]+l+k[1]}function p(e){return"["+Error.prototype.toString.call(e)+"]"}function d(e,t,r,n,o,i){var a,s,u;if((u=Object.getOwnPropertyDescriptor(t,o)||{value:t[o]}).get?s=u.set?e.stylize("[Getter/Setter]","special"):e.stylize("[Getter]","special"):u.set&&(s=e.stylize("[Setter]","special")),x(n,o)||(a="["+o+"]"),s||(e.seen.indexOf(u.value)<0?(s=m(r)?f(e,u.value,null):f(e,u.value,r-1)).indexOf("\n")>-1&&(s=i?s.split("\n").map((function(e){return"  "+e})).join("\n").slice(2):"\n"+s.split("\n").map((function(e){return"   "+e})).join("\n")):s=e.stylize("[Circular]","special")),b(a)){if(i&&o.match(/^\d+$/))return s;(a=JSON.stringify(""+o)).match(/^"([a-zA-Z_][a-zA-Z_0-9]*)"$/)?(a=a.slice(1,-1),a=e.stylize(a,"name")):(a=a.replace(/'/g,"\\'").replace(/\\"/g,'"').replace(/(^"|"$)/g,"'"),a=e.stylize(a,"string"))}return a+": "+s}function h(e){return Array.isArray(e)}function y(e){return"boolean"==typeof e}function m(e){return null===e}function v(e){return"number"==typeof e}function g(e){return"string"==typeof e}function b(e){return void 0===e}function w(e){return S(e)&&"[object RegExp]"===k(e)}function S(e){return"object"==typeof e&&null!==e}function _(e){return S(e)&&"[object Date]"===k(e)}function E(e){return S(e)&&("[object Error]"===k(e)||e instanceof Error)}function T(e){return"function"==typeof e}function k(e){return Object.prototype.toString.call(e)}function O(e){return e<10?"0"+e.toString(10):e.toString(10)}t.debuglog=function(e){if(e=e.toUpperCase(),!i[e])if(a.test(e)){var r=process.pid;i[e]=function(){var n=t.format.apply(t,arguments);console.error("%s %d: %s",e,r,n)}}else i[e]=function(){};return i[e]},t.inspect=u,u.colors={bold:[1,22],italic:[3,23],underline:[4,24],inverse:[7,27],white:[37,39],grey:[90,39],black:[30,39],blue:[34,39],cyan:[36,39],green:[32,39],magenta:[35,39],red:[31,39],yellow:[33,39]},u.styles={special:"cyan",number:"yellow",boolean:"yellow",undefined:"grey",null:"bold",string:"green",date:"magenta",regexp:"red"},t.types=r(5955),t.isArray=h,t.isBoolean=y,t.isNull=m,t.isNullOrUndefined=function(e){return null==e},t.isNumber=v,t.isString=g,t.isSymbol=function(e){return"symbol"==typeof e},t.isUndefined=b,t.isRegExp=w,t.types.isRegExp=w,t.isObject=S,t.isDate=_,t.types.isDate=_,t.isError=E,t.types.isNativeError=E,t.isFunction=T,t.isPrimitive=function(e){return null===e||"boolean"==typeof e||"number"==typeof e||"string"==typeof e||"symbol"==typeof e||void 0===e},t.isBuffer=r(384);var A=["Jan","Feb","Mar","Apr","May","Jun","Jul","Aug","Sep","Oct","Nov","Dec"];function x(e,t){return Object.prototype.hasOwnProperty.call(e,t)}t.log=function(){var e,r;console.log("%s - %s",(e=new Date,r=[O(e.getHours()),O(e.getMinutes()),O(e.getSeconds())].join(":"),[e.getDate(),A[e.getMonth()],r].join(" ")),t.format.apply(t,arguments))},t.inherits=r(5717),t._extend=function(e,t){if(!t||!S(t))return e;for(var r=Object.keys(t),n=r.length;n--;)e[r[n]]=t[r[n]];return e};var P="undefined"!=typeof Symbol?Symbol("util.promisify.custom"):void 0;function R(e,t){if(!e){var r=new Error("Promise was rejected with a falsy value");r.reason=e,e=r}return t(e)}t.promisify=function(e){if("function"!=typeof e)throw new TypeError('The "original" argument must be of type Function');if(P&&e[P]){var t;if("function"!=typeof(t=e[P]))throw new TypeError('The "util.promisify.custom" argument must be of type Function');return Object.defineProperty(t,P,{value:t,enumerable:!1,writable:!1,configurable:!0}),t}function t(){for(var t,r,n=new Promise((function(e,n){t=e,r=n})),o=[],i=0;i<arguments.length;i++)o.push(arguments[i]);o.push((function(e,n){e?r(e):t(n)}));try{e.apply(this,o)}catch(e){r(e)}return n}return Object.setPrototypeOf(t,Object.getPrototypeOf(e)),P&&Object.defineProperty(t,P,{value:t,enumerable:!1,writable:!1,configurable:!0}),Object.defineProperties(t,n(e))},t.promisify.custom=P,t.callbackify=function(e){if("function"!=typeof e)throw new TypeError('The "original" argument must be of type Function');function t(){for(var t=[],r=0;r<arguments.length;r++)t.push(arguments[r]);var n=t.pop();if("function"!=typeof n)throw new TypeError("The last argument must be of type Function");var o=this,i=function(){return n.apply(o,arguments)};e.apply(this,t).then((function(e){process.nextTick(i.bind(null,null,e))}),(function(e){process.nextTick(R.bind(null,e,i))}))}return Object.setPrototypeOf(t,Object.getPrototypeOf(e)),Object.defineProperties(t,n(e)),t}},6430:(e,t,r)=>{"use strict";var n=r(4029),o=r(3083),i=r(5559),a=r(1924),s=r(7296),u=a("Object.prototype.toString"),c=r(6410)(),l="undefined"==typeof globalThis?r.g:globalThis,f=o(),p=a("String.prototype.slice"),d=Object.getPrototypeOf,h=a("Array.prototype.indexOf",!0)||function(e,t){for(var r=0;r<e.length;r+=1)if(e[r]===t)return r;return-1},y={__proto__:null};n(f,c&&s&&d?function(e){var t=new l[e];if(Symbol.toStringTag in t){var r=d(t),n=s(r,Symbol.toStringTag);if(!n){var o=d(r);n=s(o,Symbol.toStringTag)}y["$"+e]=i(n.get)}}:function(e){var t=new l[e],r=t.slice||t.set;r&&(y["$"+e]=i(r))});e.exports=function(e){if(!e||"object"!=typeof e)return!1;if(!c){var t=p(u(e),8,-1);return h(f,t)>-1?t:"Object"===t&&function(e){var t=!1;return n(y,(function(r,n){if(!t)try{r(e),t=p(n,1)}catch(e){}})),t}(e)}return s?function(e){var t=!1;return n(y,(function(r,n){if(!t)try{"$"+r(e)===n&&(t=p(n,1))}catch(e){}})),t}(e):null}},7529:e=>{e.exports=function(){for(var e={},r=0;r<arguments.length;r++){var n=arguments[r];for(var o in n)t.call(n,o)&&(e[o]=n[o])}return e};var t=Object.prototype.hasOwnProperty},8371:()=>{},4654:()=>{},2361:()=>{},4616:()=>{},3083:(e,t,r)=>{"use strict";var n=["BigInt64Array","BigUint64Array","Float32Array","Float64Array","Int16Array","Int32Array","Int8Array","Uint16Array","Uint32Array","Uint8Array","Uint8ClampedArray"],o="undefined"==typeof globalThis?r.g:globalThis;e.exports=function(){for(var e=[],t=0;t<n.length;t++)"function"==typeof o[n[t]]&&(e[e.length]=n[t]);return e}},1257:(e,t,r)=>{"use strict";r.d(t,{Z:()=>We});var n={};function o(e,t){return function(){return e.apply(t,arguments)}}r.r(n),r.d(n,{hasBrowserEnv:()=>oe,hasStandardBrowserEnv:()=>ie,hasStandardBrowserWebWorkerEnv:()=>se});const{toString:i}=Object.prototype,{getPrototypeOf:a}=Object,s=(u=Object.create(null),e=>{const t=i.call(e);return u[t]||(u[t]=t.slice(8,-1).toLowerCase())});var u;const c=e=>(e=e.toLowerCase(),t=>s(t)===e),l=e=>t=>typeof t===e,{isArray:f}=Array,p=l("undefined");const d=c("ArrayBuffer");const h=l("string"),y=l("function"),m=l("number"),v=e=>null!==e&&"object"==typeof e,g=e=>{if("object"!==s(e))return!1;const t=a(e);return!(null!==t&&t!==Object.prototype&&null!==Object.getPrototypeOf(t)||Symbol.toStringTag in e||Symbol.iterator in e)},b=c("Date"),w=c("File"),S=c("Blob"),_=c("FileList"),E=c("URLSearchParams");function T(e,t,{allOwnKeys:r=!1}={}){if(null==e)return;let n,o;if("object"!=typeof e&&(e=[e]),f(e))for(n=0,o=e.length;n<o;n++)t.call(null,e[n],n,e);else{const o=r?Object.getOwnPropertyNames(e):Object.keys(e),i=o.length;let a;for(n=0;n<i;n++)a=o[n],t.call(null,e[a],a,e)}}function k(e,t){t=t.toLowerCase();const r=Object.keys(e);let n,o=r.length;for(;o-- >0;)if(n=r[o],t===n.toLowerCase())return n;return null}const O="undefined"!=typeof globalThis?globalThis:"undefined"!=typeof self?self:"undefined"!=typeof window?window:global,A=e=>!p(e)&&e!==O;const x=(P="undefined"!=typeof Uint8Array&&a(Uint8Array),e=>P&&e instanceof P);var P;const R=c("HTMLFormElement"),I=(({hasOwnProperty:e})=>(t,r)=>e.call(t,r))(Object.prototype),C=c("RegExp"),j=(e,t)=>{const r=Object.getOwnPropertyDescriptors(e),n={};T(r,((r,o)=>{let i;!1!==(i=t(r,o,e))&&(n[o]=i||r)})),Object.defineProperties(e,n)},B="abcdefghijklmnopqrstuvwxyz",L="0123456789",N={DIGIT:L,ALPHA:B,ALPHA_DIGIT:B+B.toUpperCase()+L};const U=c("AsyncFunction"),M={isArray:f,isArrayBuffer:d,isBuffer:function(e){return null!==e&&!p(e)&&null!==e.constructor&&!p(e.constructor)&&y(e.constructor.isBuffer)&&e.constructor.isBuffer(e)},isFormData:e=>{let t;return e&&("function"==typeof FormData&&e instanceof FormData||y(e.append)&&("formdata"===(t=s(e))||"object"===t&&y(e.toString)&&"[object FormData]"===e.toString()))},isArrayBufferView:function(e){let t;return t="undefined"!=typeof ArrayBuffer&&ArrayBuffer.isView?ArrayBuffer.isView(e):e&&e.buffer&&d(e.buffer),t},isString:h,isNumber:m,isBoolean:e=>!0===e||!1===e,isObject:v,isPlainObject:g,isUndefined:p,isDate:b,isFile:w,isBlob:S,isRegExp:C,isFunction:y,isStream:e=>v(e)&&y(e.pipe),isURLSearchParams:E,isTypedArray:x,isFileList:_,forEach:T,merge:function e(){const{caseless:t}=A(this)&&this||{},r={},n=(n,o)=>{const i=t&&k(r,o)||o;g(r[i])&&g(n)?r[i]=e(r[i],n):g(n)?r[i]=e({},n):f(n)?r[i]=n.slice():r[i]=n};for(let e=0,t=arguments.length;e<t;e++)arguments[e]&&T(arguments[e],n);return r},extend:(e,t,r,{allOwnKeys:n}={})=>(T(t,((t,n)=>{r&&y(t)?e[n]=o(t,r):e[n]=t}),{allOwnKeys:n}),e),trim:e=>e.trim?e.trim():e.replace(/^[\s\uFEFF\xA0]+|[\s\uFEFF\xA0]+$/g,""),stripBOM:e=>(65279===e.charCodeAt(0)&&(e=e.slice(1)),e),inherits:(e,t,r,n)=>{e.prototype=Object.create(t.prototype,n),e.prototype.constructor=e,Object.defineProperty(e,"super",{value:t.prototype}),r&&Object.assign(e.prototype,r)},toFlatObject:(e,t,r,n)=>{let o,i,s;const u={};if(t=t||{},null==e)return t;do{for(o=Object.getOwnPropertyNames(e),i=o.length;i-- >0;)s=o[i],n&&!n(s,e,t)||u[s]||(t[s]=e[s],u[s]=!0);e=!1!==r&&a(e)}while(e&&(!r||r(e,t))&&e!==Object.prototype);return t},kindOf:s,kindOfTest:c,endsWith:(e,t,r)=>{e=String(e),(void 0===r||r>e.length)&&(r=e.length),r-=t.length;const n=e.indexOf(t,r);return-1!==n&&n===r},toArray:e=>{if(!e)return null;if(f(e))return e;let t=e.length;if(!m(t))return null;const r=new Array(t);for(;t-- >0;)r[t]=e[t];return r},forEachEntry:(e,t)=>{const r=(e&&e[Symbol.iterator]).call(e);let n;for(;(n=r.next())&&!n.done;){const r=n.value;t.call(e,r[0],r[1])}},matchAll:(e,t)=>{let r;const n=[];for(;null!==(r=e.exec(t));)n.push(r);return n},isHTMLForm:R,hasOwnProperty:I,hasOwnProp:I,reduceDescriptors:j,freezeMethods:e=>{j(e,((t,r)=>{if(y(e)&&-1!==["arguments","caller","callee"].indexOf(r))return!1;const n=e[r];y(n)&&(t.enumerable=!1,"writable"in t?t.writable=!1:t.set||(t.set=()=>{throw Error("Can not rewrite read-only method '"+r+"'")}))}))},toObjectSet:(e,t)=>{const r={},n=e=>{e.forEach((e=>{r[e]=!0}))};return f(e)?n(e):n(String(e).split(t)),r},toCamelCase:e=>e.toLowerCase().replace(/[-_\s]([a-z\d])(\w*)/g,(function(e,t,r){return t.toUpperCase()+r})),noop:()=>{},toFiniteNumber:(e,t)=>(e=+e,Number.isFinite(e)?e:t),findKey:k,global:O,isContextDefined:A,ALPHABET:N,generateString:(e=16,t=N.ALPHA_DIGIT)=>{let r="";const{length:n}=t;for(;e--;)r+=t[Math.random()*n|0];return r},isSpecCompliantForm:function(e){return!!(e&&y(e.append)&&"FormData"===e[Symbol.toStringTag]&&e[Symbol.iterator])},toJSONObject:e=>{const t=new Array(10),r=(e,n)=>{if(v(e)){if(t.indexOf(e)>=0)return;if(!("toJSON"in e)){t[n]=e;const o=f(e)?[]:{};return T(e,((e,t)=>{const i=r(e,n+1);!p(i)&&(o[t]=i)})),t[n]=void 0,o}}return e};return r(e,0)},isAsyncFn:U,isThenable:e=>e&&(v(e)||y(e))&&y(e.then)&&y(e.catch)};function F(e,t,r,n,o){Error.call(this),Error.captureStackTrace?Error.captureStackTrace(this,this.constructor):this.stack=(new Error).stack,this.message=e,this.name="AxiosError",t&&(this.code=t),r&&(this.config=r),n&&(this.request=n),o&&(this.response=o)}M.inherits(F,Error,{toJSON:function(){return{message:this.message,name:this.name,description:this.description,number:this.number,fileName:this.fileName,lineNumber:this.lineNumber,columnNumber:this.columnNumber,stack:this.stack,config:M.toJSONObject(this.config),code:this.code,status:this.response&&this.response.status?this.response.status:null}}});const D=F.prototype,V={};["ERR_BAD_OPTION_VALUE","ERR_BAD_OPTION","ECONNABORTED","ETIMEDOUT","ERR_NETWORK","ERR_FR_TOO_MANY_REDIRECTS","ERR_DEPRECATED","ERR_BAD_RESPONSE","ERR_BAD_REQUEST","ERR_CANCELED","ERR_NOT_SUPPORT","ERR_INVALID_URL"].forEach((e=>{V[e]={value:e}})),Object.defineProperties(F,V),Object.defineProperty(D,"isAxiosError",{value:!0}),F.from=(e,t,r,n,o,i)=>{const a=Object.create(D);return M.toFlatObject(e,a,(function(e){return e!==Error.prototype}),(e=>"isAxiosError"!==e)),F.call(a,e.message,t,r,n,o),a.cause=e,a.name=e.name,i&&Object.assign(a,i),a};const q=F;var K=r(8764).Buffer;function H(e){return M.isPlainObject(e)||M.isArray(e)}function z(e){return M.endsWith(e,"[]")?e.slice(0,-2):e}function X(e,t,r){return e?e.concat(t).map((function(e,t){return e=z(e),!r&&t?"["+e+"]":e})).join(r?".":""):t}const $=M.toFlatObject(M,{},null,(function(e){return/^is[A-Z]/.test(e)}));const W=function(e,t,r){if(!M.isObject(e))throw new TypeError("target must be an object");t=t||new FormData;const n=(r=M.toFlatObject(r,{metaTokens:!0,dots:!1,indexes:!1},!1,(function(e,t){return!M.isUndefined(t[e])}))).metaTokens,o=r.visitor||c,i=r.dots,a=r.indexes,s=(r.Blob||"undefined"!=typeof Blob&&Blob)&&M.isSpecCompliantForm(t);if(!M.isFunction(o))throw new TypeError("visitor must be a function");function u(e){if(null===e)return"";if(M.isDate(e))return e.toISOString();if(!s&&M.isBlob(e))throw new q("Blob is not supported. Use a Buffer instead.");return M.isArrayBuffer(e)||M.isTypedArray(e)?s&&"function"==typeof Blob?new Blob([e]):K.from(e):e}function c(e,r,o){let s=e;if(e&&!o&&"object"==typeof e)if(M.endsWith(r,"{}"))r=n?r:r.slice(0,-2),e=JSON.stringify(e);else if(M.isArray(e)&&function(e){return M.isArray(e)&&!e.some(H)}(e)||(M.isFileList(e)||M.endsWith(r,"[]"))&&(s=M.toArray(e)))return r=z(r),s.forEach((function(e,n){!M.isUndefined(e)&&null!==e&&t.append(!0===a?X([r],n,i):null===a?r:r+"[]",u(e))})),!1;return!!H(e)||(t.append(X(o,r,i),u(e)),!1)}const l=[],f=Object.assign($,{defaultVisitor:c,convertValue:u,isVisitable:H});if(!M.isObject(e))throw new TypeError("data must be an object");return function e(r,n){if(!M.isUndefined(r)){if(-1!==l.indexOf(r))throw Error("Circular reference detected in "+n.join("."));l.push(r),M.forEach(r,(function(r,i){!0===(!(M.isUndefined(r)||null===r)&&o.call(t,r,M.isString(i)?i.trim():i,n,f))&&e(r,n?n.concat(i):[i])})),l.pop()}}(e),t};function G(e){const t={"!":"%21","'":"%27","(":"%28",")":"%29","~":"%7E","%20":"+","%00":"\0"};return encodeURIComponent(e).replace(/[!'()~]|%20|%00/g,(function(e){return t[e]}))}function Q(e,t){this._pairs=[],e&&W(e,this,t)}const Y=Q.prototype;Y.append=function(e,t){this._pairs.push([e,t])},Y.toString=function(e){const t=e?function(t){return e.call(this,t,G)}:G;return this._pairs.map((function(e){return t(e[0])+"="+t(e[1])}),"").join("&")};const J=Q;function Z(e){return encodeURIComponent(e).replace(/%3A/gi,":").replace(/%24/g,"$").replace(/%2C/gi,",").replace(/%20/g,"+").replace(/%5B/gi,"[").replace(/%5D/gi,"]")}function ee(e,t,r){if(!t)return e;const n=r&&r.encode||Z,o=r&&r.serialize;let i;if(i=o?o(t,r):M.isURLSearchParams(t)?t.toString():new J(t,r).toString(n),i){const t=e.indexOf("#");-1!==t&&(e=e.slice(0,t)),e+=(-1===e.indexOf("?")?"?":"&")+i}return e}const te=class{constructor(){this.handlers=[]}use(e,t,r){return this.handlers.push({fulfilled:e,rejected:t,synchronous:!!r&&r.synchronous,runWhen:r?r.runWhen:null}),this.handlers.length-1}eject(e){this.handlers[e]&&(this.handlers[e]=null)}clear(){this.handlers&&(this.handlers=[])}forEach(e){M.forEach(this.handlers,(function(t){null!==t&&e(t)}))}},re={silentJSONParsing:!0,forcedJSONParsing:!0,clarifyTimeoutError:!1},ne={isBrowser:!0,classes:{URLSearchParams:"undefined"!=typeof URLSearchParams?URLSearchParams:J,FormData:"undefined"!=typeof FormData?FormData:null,Blob:"undefined"!=typeof Blob?Blob:null},protocols:["http","https","file","blob","url","data"]},oe="undefined"!=typeof window&&"undefined"!=typeof document,ie=(ae="undefined"!=typeof navigator&&navigator.product,oe&&["ReactNative","NativeScript","NS"].indexOf(ae)<0);var ae;const se="undefined"!=typeof WorkerGlobalScope&&self instanceof WorkerGlobalScope&&"function"==typeof self.importScripts,ue={...n,...ne};const ce=function(e){function t(e,r,n,o){let i=e[o++];if("__proto__"===i)return!0;const a=Number.isFinite(+i),s=o>=e.length;if(i=!i&&M.isArray(n)?n.length:i,s)return M.hasOwnProp(n,i)?n[i]=[n[i],r]:n[i]=r,!a;n[i]&&M.isObject(n[i])||(n[i]=[]);return t(e,r,n[i],o)&&M.isArray(n[i])&&(n[i]=function(e){const t={},r=Object.keys(e);let n;const o=r.length;let i;for(n=0;n<o;n++)i=r[n],t[i]=e[i];return t}(n[i])),!a}if(M.isFormData(e)&&M.isFunction(e.entries)){const r={};return M.forEachEntry(e,((e,n)=>{t(function(e){return M.matchAll(/\w+|\[(\w*)]/g,e).map((e=>"[]"===e[0]?"":e[1]||e[0]))}(e),n,r,0)})),r}return null};const le={transitional:re,adapter:["xhr","http"],transformRequest:[function(e,t){const r=t.getContentType()||"",n=r.indexOf("application/json")>-1,o=M.isObject(e);o&&M.isHTMLForm(e)&&(e=new FormData(e));if(M.isFormData(e))return n&&n?JSON.stringify(ce(e)):e;if(M.isArrayBuffer(e)||M.isBuffer(e)||M.isStream(e)||M.isFile(e)||M.isBlob(e))return e;if(M.isArrayBufferView(e))return e.buffer;if(M.isURLSearchParams(e))return t.setContentType("application/x-www-form-urlencoded;charset=utf-8",!1),e.toString();let i;if(o){if(r.indexOf("application/x-www-form-urlencoded")>-1)return function(e,t){return W(e,new ue.classes.URLSearchParams,Object.assign({visitor:function(e,t,r,n){return ue.isNode&&M.isBuffer(e)?(this.append(t,e.toString("base64")),!1):n.defaultVisitor.apply(this,arguments)}},t))}(e,this.formSerializer).toString();if((i=M.isFileList(e))||r.indexOf("multipart/form-data")>-1){const t=this.env&&this.env.FormData;return W(i?{"files[]":e}:e,t&&new t,this.formSerializer)}}return o||n?(t.setContentType("application/json",!1),function(e,t,r){if(M.isString(e))try{return(t||JSON.parse)(e),M.trim(e)}catch(e){if("SyntaxError"!==e.name)throw e}return(r||JSON.stringify)(e)}(e)):e}],transformResponse:[function(e){const t=this.transitional||le.transitional,r=t&&t.forcedJSONParsing,n="json"===this.responseType;if(e&&M.isString(e)&&(r&&!this.responseType||n)){const r=!(t&&t.silentJSONParsing)&&n;try{return JSON.parse(e)}catch(e){if(r){if("SyntaxError"===e.name)throw q.from(e,q.ERR_BAD_RESPONSE,this,null,this.response);throw e}}}return e}],timeout:0,xsrfCookieName:"XSRF-TOKEN",xsrfHeaderName:"X-XSRF-TOKEN",maxContentLength:-1,maxBodyLength:-1,env:{FormData:ue.classes.FormData,Blob:ue.classes.Blob},validateStatus:function(e){return e>=200&&e<300},headers:{common:{Accept:"application/json, text/plain, */*","Content-Type":void 0}}};M.forEach(["delete","get","head","post","put","patch"],(e=>{le.headers[e]={}}));const fe=le,pe=M.toObjectSet(["age","authorization","content-length","content-type","etag","expires","from","host","if-modified-since","if-unmodified-since","last-modified","location","max-forwards","proxy-authorization","referer","retry-after","user-agent"]),de=Symbol("internals");function he(e){return e&&String(e).trim().toLowerCase()}function ye(e){return!1===e||null==e?e:M.isArray(e)?e.map(ye):String(e)}function me(e,t,r,n,o){return M.isFunction(n)?n.call(this,t,r):(o&&(t=r),M.isString(t)?M.isString(n)?-1!==t.indexOf(n):M.isRegExp(n)?n.test(t):void 0:void 0)}class ve{constructor(e){e&&this.set(e)}set(e,t,r){const n=this;function o(e,t,r){const o=he(t);if(!o)throw new Error("header name must be a non-empty string");const i=M.findKey(n,o);(!i||void 0===n[i]||!0===r||void 0===r&&!1!==n[i])&&(n[i||t]=ye(e))}const i=(e,t)=>M.forEach(e,((e,r)=>o(e,r,t)));return M.isPlainObject(e)||e instanceof this.constructor?i(e,t):M.isString(e)&&(e=e.trim())&&!/^[-_a-zA-Z0-9^`|~,!#$%&'*+.]+$/.test(e.trim())?i((e=>{const t={};let r,n,o;return e&&e.split("\n").forEach((function(e){o=e.indexOf(":"),r=e.substring(0,o).trim().toLowerCase(),n=e.substring(o+1).trim(),!r||t[r]&&pe[r]||("set-cookie"===r?t[r]?t[r].push(n):t[r]=[n]:t[r]=t[r]?t[r]+", "+n:n)})),t})(e),t):null!=e&&o(t,e,r),this}get(e,t){if(e=he(e)){const r=M.findKey(this,e);if(r){const e=this[r];if(!t)return e;if(!0===t)return function(e){const t=Object.create(null),r=/([^\s,;=]+)\s*(?:=\s*([^,;]+))?/g;let n;for(;n=r.exec(e);)t[n[1]]=n[2];return t}(e);if(M.isFunction(t))return t.call(this,e,r);if(M.isRegExp(t))return t.exec(e);throw new TypeError("parser must be boolean|regexp|function")}}}has(e,t){if(e=he(e)){const r=M.findKey(this,e);return!(!r||void 0===this[r]||t&&!me(0,this[r],r,t))}return!1}delete(e,t){const r=this;let n=!1;function o(e){if(e=he(e)){const o=M.findKey(r,e);!o||t&&!me(0,r[o],o,t)||(delete r[o],n=!0)}}return M.isArray(e)?e.forEach(o):o(e),n}clear(e){const t=Object.keys(this);let r=t.length,n=!1;for(;r--;){const o=t[r];e&&!me(0,this[o],o,e,!0)||(delete this[o],n=!0)}return n}normalize(e){const t=this,r={};return M.forEach(this,((n,o)=>{const i=M.findKey(r,o);if(i)return t[i]=ye(n),void delete t[o];const a=e?function(e){return e.trim().toLowerCase().replace(/([a-z\d])(\w*)/g,((e,t,r)=>t.toUpperCase()+r))}(o):String(o).trim();a!==o&&delete t[o],t[a]=ye(n),r[a]=!0})),this}concat(...e){return this.constructor.concat(this,...e)}toJSON(e){const t=Object.create(null);return M.forEach(this,((r,n)=>{null!=r&&!1!==r&&(t[n]=e&&M.isArray(r)?r.join(", "):r)})),t}[Symbol.iterator](){return Object.entries(this.toJSON())[Symbol.iterator]()}toString(){return Object.entries(this.toJSON()).map((([e,t])=>e+": "+t)).join("\n")}get[Symbol.toStringTag](){return"AxiosHeaders"}static from(e){return e instanceof this?e:new this(e)}static concat(e,...t){const r=new this(e);return t.forEach((e=>r.set(e))),r}static accessor(e){const t=(this[de]=this[de]={accessors:{}}).accessors,r=this.prototype;function n(e){const n=he(e);t[n]||(!function(e,t){const r=M.toCamelCase(" "+t);["get","set","has"].forEach((n=>{Object.defineProperty(e,n+r,{value:function(e,r,o){return this[n].call(this,t,e,r,o)},configurable:!0})}))}(r,e),t[n]=!0)}return M.isArray(e)?e.forEach(n):n(e),this}}ve.accessor(["Content-Type","Content-Length","Accept","Accept-Encoding","User-Agent","Authorization"]),M.reduceDescriptors(ve.prototype,(({value:e},t)=>{let r=t[0].toUpperCase()+t.slice(1);return{get:()=>e,set(e){this[r]=e}}})),M.freezeMethods(ve);const ge=ve;function be(e,t){const r=this||fe,n=t||r,o=ge.from(n.headers);let i=n.data;return M.forEach(e,(function(e){i=e.call(r,i,o.normalize(),t?t.status:void 0)})),o.normalize(),i}function we(e){return!(!e||!e.__CANCEL__)}function Se(e,t,r){q.call(this,null==e?"canceled":e,q.ERR_CANCELED,t,r),this.name="CanceledError"}M.inherits(Se,q,{__CANCEL__:!0});const _e=Se;const Ee=ue.hasStandardBrowserEnv?{write(e,t,r,n,o,i){const a=[e+"="+encodeURIComponent(t)];M.isNumber(r)&&a.push("expires="+new Date(r).toGMTString()),M.isString(n)&&a.push("path="+n),M.isString(o)&&a.push("domain="+o),!0===i&&a.push("secure"),document.cookie=a.join("; ")},read(e){const t=document.cookie.match(new RegExp("(^|;\\s*)("+e+")=([^;]*)"));return t?decodeURIComponent(t[3]):null},remove(e){this.write(e,"",Date.now()-864e5)}}:{write(){},read:()=>null,remove(){}};function Te(e,t){return e&&!/^([a-z][a-z\d+\-.]*:)?\/\//i.test(t)?function(e,t){return t?e.replace(/\/?\/$/,"")+"/"+t.replace(/^\/+/,""):e}(e,t):t}const ke=ue.hasStandardBrowserEnv?function(){const e=/(msie|trident)/i.test(navigator.userAgent),t=document.createElement("a");let r;function n(r){let n=r;return e&&(t.setAttribute("href",n),n=t.href),t.setAttribute("href",n),{href:t.href,protocol:t.protocol?t.protocol.replace(/:$/,""):"",host:t.host,search:t.search?t.search.replace(/^\?/,""):"",hash:t.hash?t.hash.replace(/^#/,""):"",hostname:t.hostname,port:t.port,pathname:"/"===t.pathname.charAt(0)?t.pathname:"/"+t.pathname}}return r=n(window.location.href),function(e){const t=M.isString(e)?n(e):e;return t.protocol===r.protocol&&t.host===r.host}}():function(){return!0};const Oe=function(e,t){e=e||10;const r=new Array(e),n=new Array(e);let o,i=0,a=0;return t=void 0!==t?t:1e3,function(s){const u=Date.now(),c=n[a];o||(o=u),r[i]=s,n[i]=u;let l=a,f=0;for(;l!==i;)f+=r[l++],l%=e;if(i=(i+1)%e,i===a&&(a=(a+1)%e),u-o<t)return;const p=c&&u-c;return p?Math.round(1e3*f/p):void 0}};function Ae(e,t){let r=0;const n=Oe(50,250);return o=>{const i=o.loaded,a=o.lengthComputable?o.total:void 0,s=i-r,u=n(s);r=i;const c={loaded:i,total:a,progress:a?i/a:void 0,bytes:s,rate:u||void 0,estimated:u&&a&&i<=a?(a-i)/u:void 0,event:o};c[t?"download":"upload"]=!0,e(c)}}const xe={http:null,xhr:"undefined"!=typeof XMLHttpRequest&&function(e){return new Promise((function(t,r){let n=e.data;const o=ge.from(e.headers).normalize();let i,a,{responseType:s,withXSRFToken:u}=e;function c(){e.cancelToken&&e.cancelToken.unsubscribe(i),e.signal&&e.signal.removeEventListener("abort",i)}if(M.isFormData(n))if(ue.hasStandardBrowserEnv||ue.hasStandardBrowserWebWorkerEnv)o.setContentType(!1);else if(!1!==(a=o.getContentType())){const[e,...t]=a?a.split(";").map((e=>e.trim())).filter(Boolean):[];o.setContentType([e||"multipart/form-data",...t].join("; "))}let l=new XMLHttpRequest;if(e.auth){const t=e.auth.username||"",r=e.auth.password?unescape(encodeURIComponent(e.auth.password)):"";o.set("Authorization","Basic "+btoa(t+":"+r))}const f=Te(e.baseURL,e.url);function p(){if(!l)return;const n=ge.from("getAllResponseHeaders"in l&&l.getAllResponseHeaders());!function(e,t,r){const n=r.config.validateStatus;r.status&&n&&!n(r.status)?t(new q("Request failed with status code "+r.status,[q.ERR_BAD_REQUEST,q.ERR_BAD_RESPONSE][Math.floor(r.status/100)-4],r.config,r.request,r)):e(r)}((function(e){t(e),c()}),(function(e){r(e),c()}),{data:s&&"text"!==s&&"json"!==s?l.response:l.responseText,status:l.status,statusText:l.statusText,headers:n,config:e,request:l}),l=null}if(l.open(e.method.toUpperCase(),ee(f,e.params,e.paramsSerializer),!0),l.timeout=e.timeout,"onloadend"in l?l.onloadend=p:l.onreadystatechange=function(){l&&4===l.readyState&&(0!==l.status||l.responseURL&&0===l.responseURL.indexOf("file:"))&&setTimeout(p)},l.onabort=function(){l&&(r(new q("Request aborted",q.ECONNABORTED,e,l)),l=null)},l.onerror=function(){r(new q("Network Error",q.ERR_NETWORK,e,l)),l=null},l.ontimeout=function(){let t=e.timeout?"timeout of "+e.timeout+"ms exceeded":"timeout exceeded";const n=e.transitional||re;e.timeoutErrorMessage&&(t=e.timeoutErrorMessage),r(new q(t,n.clarifyTimeoutError?q.ETIMEDOUT:q.ECONNABORTED,e,l)),l=null},ue.hasStandardBrowserEnv&&(u&&M.isFunction(u)&&(u=u(e)),u||!1!==u&&ke(f))){const t=e.xsrfHeaderName&&e.xsrfCookieName&&Ee.read(e.xsrfCookieName);t&&o.set(e.xsrfHeaderName,t)}void 0===n&&o.setContentType(null),"setRequestHeader"in l&&M.forEach(o.toJSON(),(function(e,t){l.setRequestHeader(t,e)})),M.isUndefined(e.withCredentials)||(l.withCredentials=!!e.withCredentials),s&&"json"!==s&&(l.responseType=e.responseType),"function"==typeof e.onDownloadProgress&&l.addEventListener("progress",Ae(e.onDownloadProgress,!0)),"function"==typeof e.onUploadProgress&&l.upload&&l.upload.addEventListener("progress",Ae(e.onUploadProgress)),(e.cancelToken||e.signal)&&(i=t=>{l&&(r(!t||t.type?new _e(null,e,l):t),l.abort(),l=null)},e.cancelToken&&e.cancelToken.subscribe(i),e.signal&&(e.signal.aborted?i():e.signal.addEventListener("abort",i)));const d=function(e){const t=/^([-+\w]{1,25})(:?\/\/|:)/.exec(e);return t&&t[1]||""}(f);d&&-1===ue.protocols.indexOf(d)?r(new q("Unsupported protocol "+d+":",q.ERR_BAD_REQUEST,e)):l.send(n||null)}))}};M.forEach(xe,((e,t)=>{if(e){try{Object.defineProperty(e,"name",{value:t})}catch(e){}Object.defineProperty(e,"adapterName",{value:t})}}));const Pe=e=>`- ${e}`,Re=e=>M.isFunction(e)||null===e||!1===e,Ie=e=>{e=M.isArray(e)?e:[e];const{length:t}=e;let r,n;const o={};for(let i=0;i<t;i++){let t;if(r=e[i],n=r,!Re(r)&&(n=xe[(t=String(r)).toLowerCase()],void 0===n))throw new q(`Unknown adapter '${t}'`);if(n)break;o[t||"#"+i]=n}if(!n){const e=Object.entries(o).map((([e,t])=>`adapter ${e} `+(!1===t?"is not supported by the environment":"is not available in the build")));let r=t?e.length>1?"since :\n"+e.map(Pe).join("\n"):" "+Pe(e[0]):"as no adapter specified";throw new q("There is no suitable adapter to dispatch the request "+r,"ERR_NOT_SUPPORT")}return n};function Ce(e){if(e.cancelToken&&e.cancelToken.throwIfRequested(),e.signal&&e.signal.aborted)throw new _e(null,e)}function je(e){Ce(e),e.headers=ge.from(e.headers),e.data=be.call(e,e.transformRequest),-1!==["post","put","patch"].indexOf(e.method)&&e.headers.setContentType("application/x-www-form-urlencoded",!1);return Ie(e.adapter||fe.adapter)(e).then((function(t){return Ce(e),t.data=be.call(e,e.transformResponse,t),t.headers=ge.from(t.headers),t}),(function(t){return we(t)||(Ce(e),t&&t.response&&(t.response.data=be.call(e,e.transformResponse,t.response),t.response.headers=ge.from(t.response.headers))),Promise.reject(t)}))}const Be=e=>e instanceof ge?e.toJSON():e;function Le(e,t){t=t||{};const r={};function n(e,t,r){return M.isPlainObject(e)&&M.isPlainObject(t)?M.merge.call({caseless:r},e,t):M.isPlainObject(t)?M.merge({},t):M.isArray(t)?t.slice():t}function o(e,t,r){return M.isUndefined(t)?M.isUndefined(e)?void 0:n(void 0,e,r):n(e,t,r)}function i(e,t){if(!M.isUndefined(t))return n(void 0,t)}function a(e,t){return M.isUndefined(t)?M.isUndefined(e)?void 0:n(void 0,e):n(void 0,t)}function s(r,o,i){return i in t?n(r,o):i in e?n(void 0,r):void 0}const u={url:i,method:i,data:i,baseURL:a,transformRequest:a,transformResponse:a,paramsSerializer:a,timeout:a,timeoutMessage:a,withCredentials:a,withXSRFToken:a,adapter:a,responseType:a,xsrfCookieName:a,xsrfHeaderName:a,onUploadProgress:a,onDownloadProgress:a,decompress:a,maxContentLength:a,maxBodyLength:a,beforeRedirect:a,transport:a,httpAgent:a,httpsAgent:a,cancelToken:a,socketPath:a,responseEncoding:a,validateStatus:s,headers:(e,t)=>o(Be(e),Be(t),!0)};return M.forEach(Object.keys(Object.assign({},e,t)),(function(n){const i=u[n]||o,a=i(e[n],t[n],n);M.isUndefined(a)&&i!==s||(r[n]=a)})),r}const Ne="1.6.5",Ue={};["object","boolean","number","function","string","symbol"].forEach(((e,t)=>{Ue[e]=function(r){return typeof r===e||"a"+(t<1?"n ":" ")+e}}));const Me={};Ue.transitional=function(e,t,r){function n(e,t){return"[Axios v1.6.5] Transitional option '"+e+"'"+t+(r?". "+r:"")}return(r,o,i)=>{if(!1===e)throw new q(n(o," has been removed"+(t?" in "+t:"")),q.ERR_DEPRECATED);return t&&!Me[o]&&(Me[o]=!0,console.warn(n(o," has been deprecated since v"+t+" and will be removed in the near future"))),!e||e(r,o,i)}};const Fe={assertOptions:function(e,t,r){if("object"!=typeof e)throw new q("options must be an object",q.ERR_BAD_OPTION_VALUE);const n=Object.keys(e);let o=n.length;for(;o-- >0;){const i=n[o],a=t[i];if(a){const t=e[i],r=void 0===t||a(t,i,e);if(!0!==r)throw new q("option "+i+" must be "+r,q.ERR_BAD_OPTION_VALUE)}else if(!0!==r)throw new q("Unknown option "+i,q.ERR_BAD_OPTION)}},validators:Ue},De=Fe.validators;class Ve{constructor(e){this.defaults=e,this.interceptors={request:new te,response:new te}}request(e,t){"string"==typeof e?(t=t||{}).url=e:t=e||{},t=Le(this.defaults,t);const{transitional:r,paramsSerializer:n,headers:o}=t;void 0!==r&&Fe.assertOptions(r,{silentJSONParsing:De.transitional(De.boolean),forcedJSONParsing:De.transitional(De.boolean),clarifyTimeoutError:De.transitional(De.boolean)},!1),null!=n&&(M.isFunction(n)?t.paramsSerializer={serialize:n}:Fe.assertOptions(n,{encode:De.function,serialize:De.function},!0)),t.method=(t.method||this.defaults.method||"get").toLowerCase();let i=o&&M.merge(o.common,o[t.method]);o&&M.forEach(["delete","get","head","post","put","patch","common"],(e=>{delete o[e]})),t.headers=ge.concat(i,o);const a=[];let s=!0;this.interceptors.request.forEach((function(e){"function"==typeof e.runWhen&&!1===e.runWhen(t)||(s=s&&e.synchronous,a.unshift(e.fulfilled,e.rejected))}));const u=[];let c;this.interceptors.response.forEach((function(e){u.push(e.fulfilled,e.rejected)}));let l,f=0;if(!s){const e=[je.bind(this),void 0];for(e.unshift.apply(e,a),e.push.apply(e,u),l=e.length,c=Promise.resolve(t);f<l;)c=c.then(e[f++],e[f++]);return c}l=a.length;let p=t;for(f=0;f<l;){const e=a[f++],t=a[f++];try{p=e(p)}catch(e){t.call(this,e);break}}try{c=je.call(this,p)}catch(e){return Promise.reject(e)}for(f=0,l=u.length;f<l;)c=c.then(u[f++],u[f++]);return c}getUri(e){return ee(Te((e=Le(this.defaults,e)).baseURL,e.url),e.params,e.paramsSerializer)}}M.forEach(["delete","get","head","options"],(function(e){Ve.prototype[e]=function(t,r){return this.request(Le(r||{},{method:e,url:t,data:(r||{}).data}))}})),M.forEach(["post","put","patch"],(function(e){function t(t){return function(r,n,o){return this.request(Le(o||{},{method:e,headers:t?{"Content-Type":"multipart/form-data"}:{},url:r,data:n}))}}Ve.prototype[e]=t(),Ve.prototype[e+"Form"]=t(!0)}));const qe=Ve;class Ke{constructor(e){if("function"!=typeof e)throw new TypeError("executor must be a function.");let t;this.promise=new Promise((function(e){t=e}));const r=this;this.promise.then((e=>{if(!r._listeners)return;let t=r._listeners.length;for(;t-- >0;)r._listeners[t](e);r._listeners=null})),this.promise.then=e=>{let t;const n=new Promise((e=>{r.subscribe(e),t=e})).then(e);return n.cancel=function(){r.unsubscribe(t)},n},e((function(e,n,o){r.reason||(r.reason=new _e(e,n,o),t(r.reason))}))}throwIfRequested(){if(this.reason)throw this.reason}subscribe(e){this.reason?e(this.reason):this._listeners?this._listeners.push(e):this._listeners=[e]}unsubscribe(e){if(!this._listeners)return;const t=this._listeners.indexOf(e);-1!==t&&this._listeners.splice(t,1)}static source(){let e;return{token:new Ke((function(t){e=t})),cancel:e}}}const He=Ke;const ze={Continue:100,SwitchingProtocols:101,Processing:102,EarlyHints:103,Ok:200,Created:201,Accepted:202,NonAuthoritativeInformation:203,NoContent:204,ResetContent:205,PartialContent:206,MultiStatus:207,AlreadyReported:208,ImUsed:226,MultipleChoices:300,MovedPermanently:301,Found:302,SeeOther:303,NotModified:304,UseProxy:305,Unused:306,TemporaryRedirect:307,PermanentRedirect:308,BadRequest:400,Unauthorized:401,PaymentRequired:402,Forbidden:403,NotFound:404,MethodNotAllowed:405,NotAcceptable:406,ProxyAuthenticationRequired:407,RequestTimeout:408,Conflict:409,Gone:410,LengthRequired:411,PreconditionFailed:412,PayloadTooLarge:413,UriTooLong:414,UnsupportedMediaType:415,RangeNotSatisfiable:416,ExpectationFailed:417,ImATeapot:418,MisdirectedRequest:421,UnprocessableEntity:422,Locked:423,FailedDependency:424,TooEarly:425,UpgradeRequired:426,PreconditionRequired:428,TooManyRequests:429,RequestHeaderFieldsTooLarge:431,UnavailableForLegalReasons:451,InternalServerError:500,NotImplemented:501,BadGateway:502,ServiceUnavailable:503,GatewayTimeout:504,HttpVersionNotSupported:505,VariantAlsoNegotiates:506,InsufficientStorage:507,LoopDetected:508,NotExtended:510,NetworkAuthenticationRequired:511};Object.entries(ze).forEach((([e,t])=>{ze[t]=e}));const Xe=ze;const $e=function e(t){const r=new qe(t),n=o(qe.prototype.request,r);return M.extend(n,qe.prototype,r,{allOwnKeys:!0}),M.extend(n,r,null,{allOwnKeys:!0}),n.create=function(r){return e(Le(t,r))},n}(fe);$e.Axios=qe,$e.CanceledError=_e,$e.CancelToken=He,$e.isCancel=we,$e.VERSION=Ne,$e.toFormData=W,$e.AxiosError=q,$e.Cancel=$e.CanceledError,$e.all=function(e){return Promise.all(e)},$e.spread=function(e){return function(t){return e.apply(null,t)}},$e.isAxiosError=function(e){return M.isObject(e)&&!0===e.isAxiosError},$e.mergeConfig=Le,$e.AxiosHeaders=ge,$e.formToJSON=e=>ce(M.isHTMLForm(e)?new FormData(e):e),$e.getAdapter=Ie,$e.HttpStatusCode=Xe,$e.default=$e;const We=$e},4147:e=>{"use strict";e.exports={i8:"11.2.1"}}},t={};function r(n){var o=t[n];if(void 0!==o)return o.exports;var i=t[n]={id:n,loaded:!1,exports:{}};return e[n].call(i.exports,i,i.exports,r),i.loaded=!0,i.exports}return r.n=e=>{var t=e&&e.__esModule?()=>e.default:()=>e;return r.d(t,{a:t}),t},r.d=(e,t)=>{for(var n in t)r.o(t,n)&&!r.o(e,n)&&Object.defineProperty(e,n,{enumerable:!0,get:t[n]})},r.g=function(){if("object"==typeof globalThis)return globalThis;try{return this||new Function("return this")()}catch(e){if("object"==typeof window)return window}}(),r.hmd=e=>((e=Object.create(e)).children||(e.children=[]),Object.defineProperty(e,"exports",{enumerable:!0,set:()=>{throw new Error("ES Modules may not assign module.exports or exports.*, Use ESM export syntax, instead: "+e.id)}}),e),r.o=(e,t)=>Object.prototype.hasOwnProperty.call(e,t),r.r=e=>{"undefined"!=typeof Symbol&&Symbol.toStringTag&&Object.defineProperty(e,Symbol.toStringTag,{value:"Module"}),Object.defineProperty(e,"__esModule",{value:!0})},r.nmd=e=>(e.paths=[],e.children||(e.children=[]),e),r(5085)})()));
                                                                                                                                                                                                                                                                                                                                                                                                                                                                                                                                                                                                                                                                                                                                                                                                                                                                                                                                                                                                                                                                                                                                                                                                                            ^

1 error(s), 0 warning(s)
